[  5%] Built target nya-mock-vendor
[  3%] Built target nya-make-test-models
[  7%] Built target nya-mock-missing-vendor
[ 35%] Built target nya-test-config
[ 43%] Built target nya-engine
[ 45%] Built target fyodor-train
[ 49%] Built target nya-server
[ 51%] Built target fyodor-bench
[ 54%] Built target nya-test-vendor
[ 56%] Built target nya-test-generation
[ 59%] Built target nya-test-formats
[ 62%] Built target nya-test-architectures
[ 64%] Built target nya-test-execution
[ 67%] Built target nya-test-training
[ 69%] Built target nya-test-pretraining
[ 72%] Built target nya-test-compute
[ 74%] Built target nya-test-train-runner
[ 77%] Built target nya-test-inference
[ 79%] Built target nya-test-quant-kernels
[ 82%] Built target nya-test-attention
[ 84%] Built target nya-test-kv-precision
[ 88%] Built target nya-test-server
[ 92%] Built target nya-test-api
[ 94%] Built target nya-test-training-device
[ 96%] Building C object CMakeFiles/nya-bench-training-device.dir/benchmarks/training_device_bench.c.obj
[ 98%] Built target fyodor-backend
[100%] Linking C executable nya-bench-training-device.exe
[100%] Built target nya-bench-training-device
