-- Optional ROCm C loader enabled; HIP/rocBLAS are discovered at runtime
-- Optional MLX C loader enabled; MLX C/GPU are discovered at runtime
-- CUDA driver/NVRTC provider enabled (C host compiler; runtime CUDA compilation)
-- CUTLASS: this generator cannot compile CUDA C++; use a standalone CUDA/cutlass build. C/NVRTC build retained
-- Configuring done (0.7s)
-- Generating done (1.1s)
-- Build files have been written to: C:/Users/Colin/fyodor/build-cuda-c23
[  2%] Built target nya-mock-missing-vendor
[  4%] Built target nya-mock-vendor
[  7%] Built target nya-make-test-models
[  8%] Building C object backend/CMakeFiles/nya-engine.dir/__/CUDA/cuda.c.obj
[ 12%] Built target nya-test-config
[ 13%] Linking C static library libnya-engine.a
[ 44%] Built target nya-engine
[ 48%] Built target nya-server
[ 49%] Linking C executable ..\fyodor-train.exe
[ 50%] Linking C executable ..\nya-test-vendor.exe
[ 51%] Linking C executable ..\fyodor-bench.exe
[ 53%] Linking C executable ..\nya-test-formats.exe
[ 54%] Built target fyodor-bench
[ 55%] Built target fyodor-train
[ 56%] Built target nya-test-vendor
[ 58%] Linking C executable ..\nya-test-execution.exe
[ 59%] Linking C executable ..\nya-test-generation.exe
[ 60%] Linking C executable ..\nya-test-architectures.exe
[ 61%] Built target nya-test-formats
[ 62%] Built target nya-test-execution
[ 64%] Built target nya-test-generation
[ 65%] Built target nya-test-architectures
[ 66%] Linking C executable ..\nya-test-training.exe
[ 67%] Linking C executable ..\nya-test-compute.exe
[ 69%] Linking C executable ..\nya-test-train-runner.exe
[ 70%] Linking C executable ..\nya-test-pretraining.exe
[ 71%] Built target nya-test-training
[ 72%] Built target nya-test-pretraining
[ 74%] Built target nya-test-train-runner
[ 75%] Built target nya-test-compute
[ 76%] Linking C executable ..\nya-test-inference.exe
[ 77%] Linking C executable ..\nya-test-quant-kernels.exe
[ 79%] Linking C executable ..\nya-test-kv-precision.exe
[ 80%] Linking C executable ..\nya-test-attention.exe
[ 81%] Built target nya-test-inference
[ 82%] Built target nya-test-quant-kernels
[ 83%] Built target nya-test-kv-precision
[ 85%] Built target nya-test-attention
[ 86%] Linking C executable ..\nya-test-server.exe
[ 87%] Linking C executable ..\nya-test-api.exe
[ 88%] Linking C executable ..\nya-test-training-device.exe
[ 90%] Building C object backend/CMakeFiles/nya-bench-training-device.dir/benchmarks/training_device_bench.c.obj
[ 92%] Built target nya-test-server
[ 93%] Built target nya-test-training-device
[ 96%] Built target nya-test-api
[ 97%] Linking C executable ..\fyodor-backend.exe
[ 98%] Built target fyodor-backend
[100%] Linking C executable ..\nya-bench-training-device.exe
[100%] Built target nya-bench-training-device
