[  2%] Built target nya-mock-vendor
[  4%] Built target nya-mock-missing-vendor
[ 38%] Built target nya-engine
[ 40%] Built target nya-make-test-models
[ 44%] Built target nya-test-config
[ 45%] Linking C executable ..\fyodor-train.exe
[ 50%] Built target nya-server
[ 50%] Linking C executable ..\fyodor-bench.exe
[ 53%] Linking C executable ..\nya-test-formats.exe
[ 53%] Linking C executable ..\nya-test-vendor.exe
[ 54%] Built target fyodor-train
[ 55%] Built target fyodor-bench
[ 56%] Built target nya-test-vendor
[ 58%] Built target nya-test-formats
[ 59%] Linking C executable ..\nya-test-execution.exe
[ 60%] Linking C executable ..\nya-test-generation.exe
[ 61%] Linking C executable ..\nya-test-architectures.exe
[ 62%] Linking C executable ..\nya-test-training.exe
[ 64%] Built target nya-test-execution
[ 65%] Built target nya-test-generation
[ 66%] Built target nya-test-architectures
[ 67%] Built target nya-test-training
[ 69%] Linking C executable ..\nya-test-train-runner.exe
[ 70%] Linking C executable ..\nya-test-pretraining.exe
[ 71%] Linking C executable ..\nya-test-inference.exe
[ 72%] Linking C executable ..\nya-test-compute.exe
[ 75%] Built target nya-test-pretraining
[ 75%] Built target nya-test-train-runner
C:\Users\Colin\fyodor\.tools\w64devkit\bin/ld.exe: cannot open output file ..\nya-test-inference.exe: Permission denied
collect2.exe: error: ld returned 1 exit status
make[2]: *** [backend\CMakeFiles\nya-test-inference.dir\build.make:104: nya-test-inference.exe] Error 1
make[1]: *** [CMakeFiles\Makefile2:1933: backend/CMakeFiles/nya-test-inference.dir/all] Error 2
make[1]: *** Waiting for unfinished jobs....
[ 76%] Built target nya-test-compute
[ 77%] Linking C executable ..\nya-test-quant-kernels.exe
[ 79%] Linking C executable ..\nya-test-attention.exe
[ 80%] Built target nya-test-quant-kernels
[ 81%] Built target nya-test-attention
make: *** [Makefile:100: all] Error 2
