[ 33%] Built target nya-engine
[ 35%] Built target nya-mock-vendor
[ 38%] Built target nya-mock-missing-vendor
[ 40%] Built target nya-make-test-models
[ 44%] Built target nya-test-config
[ 46%] Built target nya-test-formats
[ 49%] Built target nya-test-execution
[ 51%] Built target nya-test-generation
[ 54%] Built target nya-test-architectures
[ 56%] Built target nya-test-training
[ 59%] Built target nya-test-train-runner
[ 61%] Built target nya-test-pretraining
[ 64%] Built target nya-test-compute
[ 65%] Linking C executable ..\nya-test-inference.exe
[ 67%] Built target nya-test-quant-kernels
[ 70%] Built target nya-test-attention
[ 71%] Linking C executable ..\nya-test-kv-precision.exe
[ 72%] Linking C executable ..\nya-test-server.exe
[ 74%] Built target nya-test-inference
[ 75%] Linking C executable ..\nya-test-api.exe
[ 76%] Built target nya-test-kv-precision
[ 77%] Linking C executable ..\nya-test-training-device.exe
[ 80%] Built target nya-test-server
[ 82%] Built target nya-test-api
[ 85%] Built target nya-bench-training-device
[ 86%] Built target nya-test-training-device
[ 90%] Built target nya-server
[ 92%] Built target fyodor-train
[ 95%] Built target fyodor-bench
[ 97%] Built target nya-test-vendor
[ 98%] Linking C executable ..\fyodor-backend.exe
[100%] Built target fyodor-backend
