[  2%] Built target nya-mock-vendor
[ 34%] Built target nya-engine
[ 36%] Built target nya-mock-missing-vendor
[ 39%] Built target nya-make-test-models
[ 43%] Built target nya-test-config
[ 45%] Built target nya-test-formats
[ 48%] Built target nya-test-execution
[ 50%] Built target nya-test-generation
[ 53%] Built target nya-test-training
[ 55%] Built target nya-test-architectures
[ 58%] Built target nya-test-train-runner
[ 60%] Built target nya-test-pretraining
[ 63%] Built target nya-test-compute
[ 65%] Built target nya-test-inference
[ 68%] Built target nya-test-quant-kernels
[ 70%] Built target nya-test-attention
[ 73%] Built target nya-test-kv-precision
[ 77%] Built target nya-test-server
[ 81%] Built target nya-test-api
[ 83%] Built target nya-test-training-device
[ 84%] Building C object backend/CMakeFiles/nya-bench-training-device.dir/benchmarks/training_device_bench.c.obj
[ 88%] Built target nya-server
[ 91%] Built target fyodor-train
[ 93%] Built target fyodor-bench
[ 96%] Built target nya-test-vendor
[ 98%] Built target fyodor-backend
[100%] Linking C executable ..\nya-bench-training-device.exe
[100%] Built target nya-bench-training-device
