-- The C compiler identification is GNU 16.2.0
-- Detecting C compiler ABI info
-- Detecting C compiler ABI info - done
-- Check for working C compiler: C:/Users/Colin/fyodor/.tools/w64devkit/bin/gcc.exe - skipped
-- Detecting C compile features
-- Detecting C compile features - done
-- Performing Test CMAKE_HAVE_LIBC_PTHREAD
-- Performing Test CMAKE_HAVE_LIBC_PTHREAD - Success
-- Found Threads: TRUE
-- Optional ROCm C loader enabled; HIP/rocBLAS are discovered at runtime
-- Optional MLX C loader enabled; MLX C/GPU are discovered at runtime
-- CUDA directory absent: keeping CPU/Vulkan build
-- Configuring done (1.7s)
-- Generating done (0.5s)
-- Build files have been written to: C:/Users/Colin/fyodor/build-cpu/without-cuda-389a842f385a/build
[  1%] Building C object backend/CMakeFiles/nya-engine.dir/core/cpu_backend.c.obj
[  2%] Building C object backend/CMakeFiles/nya-mock-vendor.dir/tests/mock_vendor.c.obj
[  3%] Building C object backend/CMakeFiles/nya-mock-missing-vendor.dir/tests/mock_vendor.c.obj
[  5%] Building C object backend/CMakeFiles/nya-make-test-models.dir/tests/make_test_models.c.obj
[  6%] Linking C executable ..\nya-make-test-models.exe
[  8%] Linking C shared library ..\libnya-mock-vendor.dll
[  8%] Linking C shared library ..\libnya-mock-missing-vendor.dll
[  8%] Built target nya-make-test-models
[  8%] Built target nya-mock-vendor
[  8%] Built target nya-mock-missing-vendor
[ 10%] Building C object backend/CMakeFiles/nya-engine.dir/core/cpu_kernels.c.obj
[ 11%] Building C object backend/CMakeFiles/nya-engine.dir/core/llm_quant.c.obj
[ 12%] Building C object backend/CMakeFiles/nya-test-config.dir/tests/test_config.c.obj
[ 13%] Building C object backend/CMakeFiles/nya-test-config.dir/core/config.c.obj
[ 15%] Building C object backend/CMakeFiles/nya-engine.dir/core/thread.c.obj
[ 16%] Building C object backend/CMakeFiles/nya-engine.dir/core/vendor.c.obj
[ 17%] Linking C executable ..\nya-test-config.exe
[ 17%] Built target nya-test-config
[ 18%] Building C object backend/CMakeFiles/nya-engine.dir/core/compute.c.obj
[ 20%] Building C object backend/CMakeFiles/nya-engine.dir/core/execution.c.obj
[ 21%] Building C object backend/CMakeFiles/nya-engine.dir/core/generation.c.obj
[ 22%] Building C object backend/CMakeFiles/nya-engine.dir/core/file.c.obj
[ 24%] Building C object backend/CMakeFiles/nya-engine.dir/core/format.c.obj
[ 25%] Building C object backend/CMakeFiles/nya-engine.dir/core/format_gguf.c.obj
[ 26%] Building C object backend/CMakeFiles/nya-engine.dir/core/format_onnx.c.obj
[ 27%] Building C object backend/CMakeFiles/nya-engine.dir/core/format_safetensors.c.obj
[ 29%] Building C object backend/CMakeFiles/nya-engine.dir/core/llm_cpu.c.obj
[ 30%] Building C object backend/CMakeFiles/nya-engine.dir/core/llm_gguf.c.obj
[ 31%] Building C object backend/CMakeFiles/nya-engine.dir/core/multimodal.c.obj
[ 32%] Building C object backend/CMakeFiles/nya-engine.dir/core/model.c.obj
[ 34%] Building C object backend/CMakeFiles/nya-engine.dir/core/runtime.c.obj
[ 35%] Building C object backend/CMakeFiles/nya-engine.dir/core/training.c.obj
[ 36%] Building C object backend/CMakeFiles/nya-engine.dir/core/train_executor.c.obj
[ 37%] Building C object backend/CMakeFiles/nya-engine.dir/core/training_device.c.obj
[ 39%] Building C object backend/CMakeFiles/nya-engine.dir/core/pretraining.c.obj
[ 40%] Building C object backend/CMakeFiles/nya-engine.dir/__/rocm/rocm.c.obj
[ 41%] Building C object backend/CMakeFiles/nya-engine.dir/__/mlx/mlx.c.obj
[ 43%] Linking C static library libnya-engine.a
[ 43%] Built target nya-engine
[ 44%] Building C object backend/CMakeFiles/nya-server.dir/core/config.c.obj
[ 45%] Building C object backend/CMakeFiles/fyodor-train.dir/core/train_main.c.obj
[ 46%] Building C object backend/CMakeFiles/fyodor-bench.dir/core/bench_main.c.obj
[ 48%] Building C object backend/CMakeFiles/nya-test-vendor.dir/tests/test_vendor.c.obj
[ 49%] Linking C executable ..\nya-test-vendor.exe
[ 50%] Building C object backend/CMakeFiles/nya-server.dir/core/server.c.obj
[ 50%] Built target nya-test-vendor
[ 51%] Linking C executable ..\fyodor-bench.exe
[ 53%] Building C object backend/CMakeFiles/nya-test-formats.dir/tests/test_formats.c.obj
[ 54%] Linking C executable ..\fyodor-train.exe
[ 54%] Built target fyodor-bench
[ 55%] Building C object backend/CMakeFiles/nya-test-execution.dir/tests/test_execution.c.obj
[ 55%] Built target fyodor-train
[ 56%] Linking C executable ..\nya-test-execution.exe
[ 58%] Building C object backend/CMakeFiles/nya-test-generation.dir/tests/test_generation.c.obj
[ 59%] Linking C executable ..\nya-test-formats.exe
[ 59%] Built target nya-test-execution
[ 60%] Linking C executable ..\nya-test-generation.exe
[ 60%] Built target nya-test-formats
[ 62%] Linking C static library libnya-server.a
[ 63%] Building C object backend/CMakeFiles/nya-test-architectures.dir/tests/test_architectures.c.obj
[ 64%] Building C object backend/CMakeFiles/nya-test-training.dir/tests/test_training.c.obj
[ 64%] Built target nya-test-generation
[ 64%] Built target nya-server
[ 65%] Building C object backend/CMakeFiles/nya-test-train-runner.dir/tests/test_train_runner.c.obj
[ 67%] Building C object backend/CMakeFiles/nya-test-pretraining.dir/tests/test_pretraining.c.obj
[ 68%] Linking C executable ..\nya-test-training.exe
[ 69%] Linking C executable ..\nya-test-train-runner.exe
[ 69%] Built target nya-test-training
[ 69%] Built target nya-test-train-runner
[ 70%] Building C object backend/CMakeFiles/nya-test-compute.dir/tests/test_compute.c.obj
[ 72%] Building C object backend/CMakeFiles/nya-test-inference.dir/tests/test_inference.c.obj
[ 73%] Linking C executable ..\nya-test-compute.exe
[ 74%] Linking C executable ..\nya-test-inference.exe
[ 74%] Built target nya-test-compute
[ 75%] Linking C executable ..\nya-test-architectures.exe
[ 77%] Linking C executable ..\nya-test-pretraining.exe
[ 77%] Built target nya-test-inference
[ 78%] Building C object backend/CMakeFiles/nya-test-quant-kernels.dir/tests/test_quant_kernels.c.obj
[ 78%] Built target nya-test-architectures
[ 79%] Building C object backend/CMakeFiles/nya-test-attention.dir/tests/test_attention.c.obj
[ 79%] Built target nya-test-pretraining
[ 81%] Linking C executable ..\nya-test-quant-kernels.exe
[ 82%] Building C object backend/CMakeFiles/nya-test-kv-precision.dir/tests/test_kv_precision.c.obj
[ 83%] Linking C executable ..\nya-test-attention.exe
[ 84%] Building C object backend/CMakeFiles/nya-test-server.dir/tests/test_server.c.obj
[ 84%] Built target nya-test-quant-kernels
[ 86%] Linking C executable ..\nya-test-kv-precision.exe
[ 87%] Building C object backend/CMakeFiles/nya-test-server.dir/core/config.c.obj
[ 87%] Built target nya-test-attention
[ 87%] Built target nya-test-kv-precision
[ 88%] Building C object backend/CMakeFiles/nya-test-api.dir/tests/test_api.c.obj
[ 89%] Building C object backend/CMakeFiles/nya-test-training-device.dir/tests/test_training_device.c.obj
[ 91%] Building C object backend/CMakeFiles/nya-bench-training-device.dir/benchmarks/training_device_bench.c.obj
[ 92%] Linking C executable ..\nya-test-training-device.exe
[ 92%] Built target nya-test-training-device
[ 93%] Building C object backend/CMakeFiles/nya-test-api.dir/core/config.c.obj
[ 94%] Linking C executable ..\nya-bench-training-device.exe
[ 94%] Built target nya-bench-training-device
[ 96%] Building C object backend/CMakeFiles/fyodor-backend.dir/core/main.c.obj
[ 97%] Linking C executable ..\nya-test-server.exe
[ 98%] Linking C executable ..\fyodor-backend.exe
[ 98%] Built target nya-test-server
[100%] Linking C executable ..\nya-test-api.exe
[100%] Built target fyodor-backend
[100%] Built target nya-test-api
Internal ctest changing into directory: C:/Users/Colin/fyodor/build-cpu/without-cuda-389a842f385a/build
Test project C:/Users/Colin/fyodor/build-cpu/without-cuda-389a842f385a/build
      Start  1: vendor-rocm-failures
 1/52 Test  #1: vendor-rocm-failures .............   Passed    0.03 sec
      Start  2: vendor-rocm-quant
 2/52 Test  #2: vendor-rocm-quant ................   Passed    0.21 sec
      Start 44: train-export-decoder
 3/52 Test #44: train-export-decoder .............   Passed    0.20 sec
      Start  3: vendor-rocm-inference
 4/52 Test  #3: vendor-rocm-inference ............   Passed    0.03 sec
      Start  4: vendor-rocm-gemma
 5/52 Test  #4: vendor-rocm-gemma ................   Passed    0.22 sec
      Start  5: vendor-rocm-api
 6/52 Test  #5: vendor-rocm-api ..................   Passed    0.04 sec
      Start  6: vendor-rocm-missing-library
 7/52 Test  #6: vendor-rocm-missing-library ......   Passed    0.01 sec
      Start  7: vendor-rocm-missing-symbol
 8/52 Test  #7: vendor-rocm-missing-symbol .......   Passed    0.00 sec
      Start  8: vendor-rocm-api-fallback
 9/52 Test  #8: vendor-rocm-api-fallback .........   Passed    0.01 sec
      Start  9: vendor-rocm-invalid-budget
10/52 Test  #9: vendor-rocm-invalid-budget .......   Passed    0.00 sec
      Start 10: hardware-rocm-quant
11/52 Test #10: hardware-rocm-quant ..............***Skipped   0.00 sec
      Start 11: hardware-rocm-inference
12/52 Test #11: hardware-rocm-inference ..........***Skipped   0.00 sec
      Start 12: vendor-rocm-bench
13/52 Test #12: vendor-rocm-bench ................   Passed    0.04 sec
      Start 13: vendor-mlx-failures
14/52 Test #13: vendor-mlx-failures ..............   Passed    0.01 sec
      Start 14: vendor-mlx-quant
15/52 Test #14: vendor-mlx-quant .................   Passed    0.18 sec
      Start 15: vendor-mlx-inference
16/52 Test #15: vendor-mlx-inference .............   Passed    0.01 sec
      Start 16: vendor-mlx-gemma
17/52 Test #16: vendor-mlx-gemma .................   Passed    0.20 sec
      Start 17: vendor-mlx-api
18/52 Test #17: vendor-mlx-api ...................   Passed    0.01 sec
      Start 18: vendor-mlx-missing-library
19/52 Test #18: vendor-mlx-missing-library .......   Passed    0.00 sec
      Start 19: vendor-mlx-missing-symbol
20/52 Test #19: vendor-mlx-missing-symbol ........   Passed    0.00 sec
      Start 20: vendor-mlx-api-fallback
21/52 Test #20: vendor-mlx-api-fallback ..........   Passed    0.01 sec
      Start 21: vendor-mlx-invalid-budget
22/52 Test #21: vendor-mlx-invalid-budget ........   Passed    0.00 sec
      Start 22: hardware-mlx-quant
23/52 Test #22: hardware-mlx-quant ...............***Skipped   0.00 sec
      Start 23: hardware-mlx-inference
24/52 Test #23: hardware-mlx-inference ...........***Skipped   0.00 sec
      Start 24: vendor-mlx-bench
25/52 Test #24: vendor-mlx-bench .................   Passed    0.02 sec
      Start 25: kv-precision
26/52 Test #25: kv-precision .....................   Passed    0.11 sec
      Start 26: quant-kernels-cpu-dot
27/52 Test #26: quant-kernels-cpu-dot ............   Passed    0.16 sec
      Start 27: quant-kernels-scalar
28/52 Test #27: quant-kernels-scalar .............   Passed    0.16 sec
      Start 28: attention-scalar
29/52 Test #28: attention-scalar .................   Passed    0.03 sec
      Start 29: quant-kernels-avx2
30/52 Test #29: quant-kernels-avx2 ...............   Passed    0.15 sec
      Start 30: attention-avx2
31/52 Test #30: attention-avx2 ...................   Passed    0.00 sec
      Start 31: quant-kernels-avx512
32/52 Test #31: quant-kernels-avx512 .............   Passed    0.16 sec
      Start 32: attention-avx512
33/52 Test #32: attention-avx512 .................   Passed    0.00 sec
      Start 33: inference-session-parity
34/52 Test #33: inference-session-parity .........   Passed    0.01 sec
      Start 34: inference-cpu-optimized
35/52 Test #34: inference-cpu-optimized ..........   Passed    0.01 sec
      Start 35: generate-model-fixtures
36/52 Test #35: generate-model-fixtures ..........   Passed    0.04 sec
      Start 36: validate-server-config
37/52 Test #36: validate-server-config ...........   Passed    0.03 sec
      Start 37: inspect-model-formats
38/52 Test #37: inspect-model-formats ............   Passed    0.03 sec
      Start 38: generate-native-gguf
39/52 Test #38: generate-native-gguf .............   Passed    0.14 sec
      Start 39: validate-gemma-graphs
40/52 Test #39: validate-gemma-graphs ............   Passed    0.19 sec
      Start 40: training-device-interface
41/52 Test #40: training-device-interface ........   Passed    0.03 sec
      Start 41: validate-training
42/52 Test #41: validate-training ................   Passed    0.20 sec
      Start 42: train-accumulation
43/52 Test #42: train-accumulation ...............   Passed    0.06 sec
      Start 43: validate-training-scalar
44/52 Test #43: validate-training-scalar .........   Passed    0.22 sec
      Start 45: compatible-rest-apis
45/52 Test #45: compatible-rest-apis .............   Passed    0.01 sec
      Start 46: benchmark-cli
46/52 Test #46: benchmark-cli ....................   Passed    0.05 sec
      Start 47: train-cli-workflows
47/52 Test #47: train-cli-workflows ..............   Passed    0.70 sec
      Start 48: train-stop-workflows
48/52 Test #48: train-stop-workflows .............   Passed    1.06 sec
      Start 49: train-unicode-paths
49/52 Test #49: train-unicode-paths ..............   Passed    0.62 sec
      Start 50: train-evaluation
50/52 Test #50: train-evaluation .................   Passed    0.62 sec
      Start 51: validate-http-protocol
51/52 Test #51: validate-http-protocol ...........   Passed    0.69 sec
      Start 52: validate-compute
52/52 Test #52: validate-compute .................   Passed    0.03 sec

100% tests passed, 0 tests failed out of 52

Total Test time (real) =   6.82 sec

The following tests did not run:
	 10 - hardware-rocm-quant (Skipped)
	 11 - hardware-rocm-inference (Skipped)
	 22 - hardware-mlx-quant (Skipped)
	 23 - hardware-mlx-inference (Skipped)
-- Verified CUDA-free source: C:/Users/Colin/fyodor/build-cpu/without-cuda-389a842f385a/source (Vulkan=OFF)
Built target verify-without-cuda
