-- The C compiler identification is GNU 16.2.0
-- Detecting C compiler ABI info
-- Detecting C compiler ABI info - done
-- Check for working C compiler: C:/Users/Colin/fyodor/.tools/w64devkit/bin/gcc.exe - skipped
-- Detecting C compile features
-- Detecting C compile features - done
-- Performing Test CMAKE_HAVE_LIBC_PTHREAD
-- Performing Test CMAKE_HAVE_LIBC_PTHREAD - Success
-- Found Threads: TRUE
-- Found Vulkan: C:/Windows/System32/vulkan-1.dll (found suitable version "1.4.357", minimum required is "1.3")  missing components: glslc glslangValidator
-- Optional ROCm C loader enabled; HIP/rocBLAS are discovered at runtime
-- Optional MLX C loader enabled; MLX C/GPU are discovered at runtime
-- CUDA driver/NVRTC provider enabled (C host compiler; runtime CUDA compilation)
-- CUDA/cutlass directory absent: retaining native CUDA kernels
-- Configuring done (2.3s)
-- Generating done (0.4s)
-- Build files have been written to: C:/Users/Colin/fyodor/build-cuda/without-cutlass-f2ab696628ba/build
[  1%] Building C object backend/CMakeFiles/nya-engine.dir/core/cpu_backend.c.obj
[  2%] Building C object backend/CMakeFiles/nya-mock-vendor.dir/tests/mock_vendor.c.obj
[  3%] Building C object backend/CMakeFiles/nya-mock-missing-vendor.dir/tests/mock_vendor.c.obj
[  4%] Building C object backend/CMakeFiles/nya-make-test-models.dir/tests/make_test_models.c.obj
[  6%] Linking C executable ..\nya-make-test-models.exe
[  7%] Linking C shared library ..\libnya-mock-missing-vendor.dll
[  8%] Linking C shared library ..\libnya-mock-vendor.dll
[  8%] Built target nya-make-test-models
[  8%] Built target nya-mock-vendor
[  8%] Built target nya-mock-missing-vendor
[  9%] Building C object backend/CMakeFiles/nya-engine.dir/core/cpu_kernels.c.obj
[ 11%] Building C object backend/CMakeFiles/nya-engine.dir/core/llm_quant.c.obj
[ 12%] Building C object backend/CMakeFiles/nya-test-config.dir/tests/test_config.c.obj
[ 13%] Building C object backend/CMakeFiles/nya-test-config.dir/core/config.c.obj
[ 14%] Building C object backend/CMakeFiles/nya-engine.dir/core/thread.c.obj
[ 16%] Building C object backend/CMakeFiles/nya-engine.dir/core/vendor.c.obj
[ 17%] Linking C executable ..\nya-test-config.exe
[ 17%] Built target nya-test-config
[ 18%] Building C object backend/CMakeFiles/nya-engine.dir/core/compute.c.obj
[ 19%] Building C object backend/CMakeFiles/nya-engine.dir/core/execution.c.obj
[ 20%] Building C object backend/CMakeFiles/nya-engine.dir/core/generation.c.obj
[ 22%] Building C object backend/CMakeFiles/nya-engine.dir/core/file.c.obj
[ 23%] Building C object backend/CMakeFiles/nya-engine.dir/core/format.c.obj
[ 24%] Building C object backend/CMakeFiles/nya-engine.dir/core/format_gguf.c.obj
[ 25%] Building C object backend/CMakeFiles/nya-engine.dir/core/format_onnx.c.obj
[ 27%] Building C object backend/CMakeFiles/nya-engine.dir/core/format_safetensors.c.obj
[ 28%] Building C object backend/CMakeFiles/nya-engine.dir/core/llm_cpu.c.obj
[ 29%] Building C object backend/CMakeFiles/nya-engine.dir/core/llm_gguf.c.obj
[ 30%] Building C object backend/CMakeFiles/nya-engine.dir/core/multimodal.c.obj
[ 32%] Building C object backend/CMakeFiles/nya-engine.dir/core/model.c.obj
[ 33%] Building C object backend/CMakeFiles/nya-engine.dir/core/runtime.c.obj
[ 34%] Building C object backend/CMakeFiles/nya-engine.dir/core/training.c.obj
[ 35%] Building C object backend/CMakeFiles/nya-engine.dir/core/train_executor.c.obj
[ 37%] Building C object backend/CMakeFiles/nya-engine.dir/core/training_device.c.obj
[ 38%] Building C object backend/CMakeFiles/nya-engine.dir/core/pretraining.c.obj
[ 39%] Building C object backend/CMakeFiles/nya-engine.dir/vulkan/vulkan.c.obj
[ 40%] Building C object backend/CMakeFiles/nya-engine.dir/__/rocm/rocm.c.obj
[ 41%] Building C object backend/CMakeFiles/nya-engine.dir/__/mlx/mlx.c.obj
[ 43%] Building C object backend/CMakeFiles/nya-engine.dir/__/CUDA/cuda.c.obj
[ 44%] Linking C static library libnya-engine.a
[ 44%] Built target nya-engine
[ 45%] Building C object backend/CMakeFiles/nya-server.dir/core/config.c.obj
[ 46%] Building C object backend/CMakeFiles/fyodor-train.dir/core/train_main.c.obj
[ 48%] Building C object backend/CMakeFiles/fyodor-bench.dir/core/bench_main.c.obj
[ 49%] Building C object backend/CMakeFiles/nya-test-vendor.dir/tests/test_vendor.c.obj
[ 50%] Linking C executable ..\nya-test-vendor.exe
[ 51%] Building C object backend/CMakeFiles/nya-server.dir/core/server.c.obj
[ 51%] Built target nya-test-vendor
[ 53%] Building C object backend/CMakeFiles/nya-test-formats.dir/tests/test_formats.c.obj
[ 54%] Linking C executable ..\fyodor-bench.exe
[ 55%] Linking C executable ..\fyodor-train.exe
[ 55%] Built target fyodor-bench
[ 56%] Building C object backend/CMakeFiles/nya-test-execution.dir/tests/test_execution.c.obj
[ 56%] Built target fyodor-train
[ 58%] Linking C executable ..\nya-test-execution.exe
[ 59%] Linking C executable ..\nya-test-formats.exe
[ 60%] Building C object backend/CMakeFiles/nya-test-generation.dir/tests/test_generation.c.obj
[ 60%] Built target nya-test-execution
[ 60%] Built target nya-test-formats
[ 61%] Linking C executable ..\nya-test-generation.exe
[ 62%] Building C object backend/CMakeFiles/nya-test-architectures.dir/tests/test_architectures.c.obj
[ 64%] Building C object backend/CMakeFiles/nya-test-training.dir/tests/test_training.c.obj
[ 65%] Linking C static library libnya-server.a
[ 65%] Built target nya-test-generation
[ 65%] Built target nya-server
[ 66%] Building C object backend/CMakeFiles/nya-test-train-runner.dir/tests/test_train_runner.c.obj
[ 67%] Building C object backend/CMakeFiles/nya-test-pretraining.dir/tests/test_pretraining.c.obj
[ 69%] Linking C executable ..\nya-test-training.exe
[ 69%] Built target nya-test-training
[ 70%] Building C object backend/CMakeFiles/nya-test-compute.dir/tests/test_compute.c.obj
[ 71%] Linking C executable ..\nya-test-compute.exe
[ 72%] Linking C executable ..\nya-test-train-runner.exe
[ 72%] Built target nya-test-compute
[ 72%] Built target nya-test-train-runner
[ 74%] Building C object backend/CMakeFiles/nya-test-inference.dir/tests/test_inference.c.obj
[ 75%] Building C object backend/CMakeFiles/nya-test-quant-kernels.dir/tests/test_quant_kernels.c.obj
[ 76%] Linking C executable ..\nya-test-inference.exe
[ 77%] Linking C executable ..\nya-test-quant-kernels.exe
[ 77%] Built target nya-test-inference
[ 77%] Built target nya-test-quant-kernels
[ 79%] Building C object backend/CMakeFiles/nya-test-attention.dir/tests/test_attention.c.obj
[ 80%] Building C object backend/CMakeFiles/nya-test-kv-precision.dir/tests/test_kv_precision.c.obj
[ 81%] Linking C executable ..\nya-test-architectures.exe
[ 82%] Linking C executable ..\nya-test-attention.exe
[ 83%] Linking C executable ..\nya-test-pretraining.exe
[ 85%] Linking C executable ..\nya-test-kv-precision.exe
[ 85%] Built target nya-test-architectures
[ 85%] Built target nya-test-attention
[ 85%] Built target nya-test-pretraining
[ 85%] Built target nya-test-kv-precision
[ 86%] Building C object backend/CMakeFiles/nya-test-server.dir/tests/test_server.c.obj
[ 87%] Building C object backend/CMakeFiles/nya-test-api.dir/tests/test_api.c.obj
[ 88%] Building C object backend/CMakeFiles/nya-test-training-device.dir/tests/test_training_device.c.obj
[ 90%] Building C object backend/CMakeFiles/nya-bench-training-device.dir/benchmarks/training_device_bench.c.obj
[ 91%] Linking C executable ..\nya-test-training-device.exe
[ 91%] Built target nya-test-training-device
[ 92%] Building C object backend/CMakeFiles/nya-test-server.dir/core/config.c.obj
[ 93%] Linking C executable ..\nya-bench-training-device.exe
[ 95%] Building C object backend/CMakeFiles/nya-test-api.dir/core/config.c.obj
[ 95%] Built target nya-bench-training-device
[ 96%] Building C object backend/CMakeFiles/fyodor-backend.dir/core/main.c.obj
[ 97%] Linking C executable ..\fyodor-backend.exe
[ 98%] Linking C executable ..\nya-test-api.exe
[100%] Linking C executable ..\nya-test-server.exe
[100%] Built target fyodor-backend
[100%] Built target nya-test-api
[100%] Built target nya-test-server
Test project C:/Users/Colin/fyodor/build-cuda/without-cutlass-f2ab696628ba/build
      Start  1: vendor-rocm-failures
 1/79 Test  #1: vendor-rocm-failures ..................   Passed    0.03 sec
      Start  2: vendor-rocm-quant
 2/79 Test  #2: vendor-rocm-quant .....................   Passed    0.20 sec
      Start 47: train-export-decoder
 3/79 Test #47: train-export-decoder ..................   Passed    0.28 sec
      Start  3: vendor-rocm-inference
 4/79 Test  #3: vendor-rocm-inference .................   Passed    0.03 sec
      Start  4: vendor-rocm-gemma
 5/79 Test  #4: vendor-rocm-gemma .....................   Passed    0.22 sec
      Start  5: vendor-rocm-api
 6/79 Test  #5: vendor-rocm-api .......................   Passed    0.04 sec
      Start  6: vendor-rocm-missing-library
 7/79 Test  #6: vendor-rocm-missing-library ...........   Passed    0.01 sec
      Start  7: vendor-rocm-missing-symbol
 8/79 Test  #7: vendor-rocm-missing-symbol ............   Passed    0.01 sec
      Start  8: vendor-rocm-api-fallback
 9/79 Test  #8: vendor-rocm-api-fallback ..............   Passed    0.01 sec
      Start  9: vendor-rocm-invalid-budget
10/79 Test  #9: vendor-rocm-invalid-budget ............   Passed    0.00 sec
      Start 10: hardware-rocm-quant
11/79 Test #10: hardware-rocm-quant ...................***Skipped   0.00 sec
      Start 11: hardware-rocm-inference
12/79 Test #11: hardware-rocm-inference ...............***Skipped   0.01 sec
      Start 12: vendor-rocm-bench
13/79 Test #12: vendor-rocm-bench .....................   Passed    0.05 sec
      Start 13: vendor-mlx-failures
14/79 Test #13: vendor-mlx-failures ...................   Passed    0.01 sec
      Start 14: vendor-mlx-quant
15/79 Test #14: vendor-mlx-quant ......................   Passed    0.18 sec
      Start 15: vendor-mlx-inference
16/79 Test #15: vendor-mlx-inference ..................   Passed    0.01 sec
      Start 16: vendor-mlx-gemma
17/79 Test #16: vendor-mlx-gemma ......................   Passed    0.18 sec
      Start 17: vendor-mlx-api
18/79 Test #17: vendor-mlx-api ........................   Passed    0.01 sec
      Start 18: vendor-mlx-missing-library
19/79 Test #18: vendor-mlx-missing-library ............   Passed    0.00 sec
      Start 19: vendor-mlx-missing-symbol
20/79 Test #19: vendor-mlx-missing-symbol .............   Passed    0.00 sec
      Start 20: vendor-mlx-api-fallback
21/79 Test #20: vendor-mlx-api-fallback ...............   Passed    0.01 sec
      Start 21: vendor-mlx-invalid-budget
22/79 Test #21: vendor-mlx-invalid-budget .............   Passed    0.00 sec
      Start 22: hardware-mlx-quant
23/79 Test #22: hardware-mlx-quant ....................***Skipped   0.00 sec
      Start 23: hardware-mlx-inference
24/79 Test #23: hardware-mlx-inference ................***Skipped   0.01 sec
      Start 24: vendor-mlx-bench
25/79 Test #24: vendor-mlx-bench ......................   Passed    0.03 sec
      Start 25: kv-precision
26/79 Test #25: kv-precision ..........................   Passed    0.13 sec
      Start 26: quant-kernels-cpu-dot
27/79 Test #26: quant-kernels-cpu-dot .................   Passed    0.16 sec
      Start 27: quant-kernels-scalar
28/79 Test #27: quant-kernels-scalar ..................   Passed    0.17 sec
      Start 28: attention-scalar
29/79 Test #28: attention-scalar ......................   Passed    0.03 sec
      Start 29: quant-kernels-avx2
30/79 Test #29: quant-kernels-avx2 ....................   Passed    0.16 sec
      Start 30: attention-avx2
31/79 Test #30: attention-avx2 ........................   Passed    0.01 sec
      Start 31: quant-kernels-avx512
32/79 Test #31: quant-kernels-avx512 ..................   Passed    0.16 sec
      Start 32: attention-avx512
33/79 Test #32: attention-avx512 ......................   Passed    0.01 sec
      Start 33: inference-session-parity
34/79 Test #33: inference-session-parity ..............   Passed    0.01 sec
      Start 34: inference-cpu-optimized
35/79 Test #34: inference-cpu-optimized ...............   Passed    0.01 sec
      Start 35: generate-model-fixtures
36/79 Test #35: generate-model-fixtures ...............   Passed    0.04 sec
      Start 36: validate-server-config
37/79 Test #36: validate-server-config ................   Passed    0.03 sec
      Start 37: inspect-model-formats
38/79 Test #37: inspect-model-formats .................   Passed    0.03 sec
      Start 38: generate-native-gguf
39/79 Test #38: generate-native-gguf ..................   Passed    0.15 sec
      Start 39: validate-gemma-graphs
40/79 Test #39: validate-gemma-graphs .................   Passed    0.19 sec
      Start 40: training-device-interface
41/79 Test #40: training-device-interface .............   Passed    0.03 sec
      Start 41: training-device-cuda
42/79 Test #41: training-device-cuda ..................   Passed    1.84 sec
      Start 42: training-device-cuda-failure
43/79 Test #42: training-device-cuda-failure ..........   Passed    0.15 sec
      Start 43: training-device-cuda-matrix-failure
44/79 Test #43: training-device-cuda-matrix-failure ...   Passed    0.15 sec
      Start 44: validate-training
45/79 Test #44: validate-training .....................   Passed    0.20 sec
      Start 45: train-accumulation
46/79 Test #45: train-accumulation ....................   Passed    0.06 sec
      Start 46: validate-training-scalar
47/79 Test #46: validate-training-scalar ..............   Passed    0.21 sec
      Start 48: compatible-rest-apis
48/79 Test #48: compatible-rest-apis ..................   Passed    0.01 sec
      Start 49: benchmark-cli
49/79 Test #49: benchmark-cli .........................   Passed    0.05 sec
      Start 50: train-cli-workflows
50/79 Test #50: train-cli-workflows ...................   Passed    0.70 sec
      Start 51: train-stop-workflows
51/79 Test #51: train-stop-workflows ..................   Passed    1.05 sec
      Start 52: train-unicode-paths
52/79 Test #52: train-unicode-paths ...................   Passed    0.56 sec
      Start 53: train-evaluation
53/79 Test #53: train-evaluation ......................   Passed    0.62 sec
      Start 54: validate-http-protocol
54/79 Test #54: validate-http-protocol ................   Passed    0.69 sec
      Start 55: validate-compute
55/79 Test #55: validate-compute ......................   Passed    0.03 sec
      Start 56: validate-vulkan-compute
56/79 Test #56: validate-vulkan-compute ...............   Passed    0.32 sec
      Start 57: generate-native-gguf-vulkan
57/79 Test #57: generate-native-gguf-vulkan ...........   Passed    0.84 sec
      Start 58: inference-vulkan-logits
58/79 Test #58: inference-vulkan-logits ...............   Passed    0.21 sec
      Start 59: inference-cuda-attention-shapes
59/79 Test #59: inference-cuda-attention-shapes .......   Passed   11.95 sec
      Start 60: inference-cuda-attention-unsplit
60/79 Test #60: inference-cuda-attention-unsplit ......   Passed   11.04 sec
      Start 61: inference-cuda-attention-no-graphs
61/79 Test #61: inference-cuda-attention-no-graphs ....   Passed   11.10 sec
      Start 62: inference-cuda-graph-reuse
62/79 Test #62: inference-cuda-graph-reuse ............   Passed    0.30 sec
      Start 63: inference-cuda-graph-reference
63/79 Test #63: inference-cuda-graph-reference ........   Passed    1.83 sec
      Start 64: inference-cuda-blas
64/79 Test #64: inference-cuda-blas ...................   Passed    0.27 sec
      Start 65: quant-kernels-cuda-chunks
65/79 Test #65: quant-kernels-cuda-chunks .............   Passed    3.30 sec
      Start 66: quant-kernels-cuda-legacy-layout
66/79 Test #66: quant-kernels-cuda-legacy-layout ......   Passed    3.48 sec
      Start 67: inference-cuda-blas-unavailable
67/79 Test #67: inference-cuda-blas-unavailable .......   Passed    0.15 sec
      Start 68: quant-kernels-cuda
68/79 Test #68: quant-kernels-cuda ....................   Passed    1.84 sec
      Start 69: quant-kernels-cuda-reference
69/79 Test #69: quant-kernels-cuda-reference ..........   Passed    0.96 sec
      Start 70: quant-kernels-cuda-long-32
70/79 Test #70: quant-kernels-cuda-long-32 ............   Passed    2.63 sec
      Start 71: quant-kernels-cuda-long-64
71/79 Test #71: quant-kernels-cuda-long-64 ............   Passed    2.60 sec
      Start 72: inference-cuda-resident
72/79 Test #72: inference-cuda-resident ...............   Passed    0.30 sec
      Start 73: inference-cuda-memory-fallback
73/79 Test #73: inference-cuda-memory-fallback ........   Passed    0.23 sec
      Start 74: inference-cuda-partial-allocation
74/79 Test #74: inference-cuda-partial-allocation .....   Passed    0.22 sec
      Start 75: inference-cuda-prefix-replay
75/79 Test #75: inference-cuda-prefix-replay ..........   Passed    0.22 sec
      Start 76: inference-cuda-without-graphs
76/79 Test #76: inference-cuda-without-graphs .........   Passed    0.24 sec
      Start 77: validate-cuda-compute
77/79 Test #77: validate-cuda-compute .................   Passed    0.67 sec
      Start 78: validate-cuda-gemma
78/79 Test #78: validate-cuda-gemma ...................   Passed    2.36 sec
      Start 79: generate-native-gguf-cuda
79/79 Test #79: generate-native-gguf-cuda .............   Passed    1.41 sec

100% tests passed out of 79

Total Test time (real) =  67.51 sec

The following tests did not run:
	 10 - hardware-rocm-quant (Skipped)
	 11 - hardware-rocm-inference (Skipped)
	 22 - hardware-mlx-quant (Skipped)
	 23 - hardware-mlx-inference (Skipped)
-- Verified CUDA source with CUTLASS physically absent: C:/Users/Colin/fyodor/build-cuda/without-cutlass-f2ab696628ba/source
Built target verify-without-cutlass
