[  1%] Building C object CMakeFiles/nya-engine.dir/core/training_session.c.obj
[  3%] Built target nya-mock-vendor
[  5%] Built target nya-mock-missing-vendor
[  7%] Built target nya-make-test-models
[ 10%] Built target nya-test-config
[ 11%] Linking C static library libnya-engine.a
[ 38%] Built target nya-engine
[ 39%] Linking C executable fyodor-bench.exe
[ 42%] Built target nya-server
[ 43%] Linking C executable fyodor-train.exe
[ 44%] Linking C executable nya-test-vendor.exe
[ 45%] Linking C executable nya-test-formats.exe
[ 46%] Built target fyodor-train
[ 47%] Built target fyodor-bench
[ 48%] Built target nya-test-vendor
[ 50%] Linking C executable nya-test-execution.exe
[ 50%] Built target nya-test-formats
[ 51%] Linking C executable nya-test-generation.exe
[ 52%] Linking C executable nya-test-architectures.exe
[ 53%] Linking C executable nya-test-training.exe
[ 54%] Built target nya-test-execution
[ 55%] Built target nya-test-generation
[ 56%] Built target nya-test-architectures
[ 57%] Linking C executable nya-test-train-runner.exe
[ 58%] Built target nya-test-training
[ 59%] Linking C executable nya-test-pretraining.exe
[ 60%] Linking C executable nya-test-compute.exe
[ 61%] Linking C executable nya-test-inference.exe
[ 62%] Built target nya-test-train-runner
[ 63%] Built target nya-test-compute
[ 64%] Built target nya-test-pretraining
[ 65%] Linking C executable nya-test-quant-kernels.exe
[ 66%] Linking C executable nya-test-attention.exe
[ 67%] Linking C executable nya-test-kv-precision.exe
[ 68%] Built target nya-test-inference
[ 69%] Built target nya-test-quant-kernels
[ 70%] Built target nya-test-attention
[ 71%] Linking C executable nya-test-server.exe
[ 72%] Built target nya-test-kv-precision
[ 73%] Linking C executable nya-test-api.exe
[ 74%] Linking C executable nya-test-training-device.exe
[ 75%] Linking C executable nya-bench-training-device.exe
[ 77%] Built target nya-test-server
[ 79%] Built target nya-test-api
[ 80%] Built target nya-test-training-device
[ 81%] Linking C executable nya-test-training-elementwise.exe
[ 82%] Built target nya-bench-training-device
[ 83%] Linking C executable nya-test-training-norm.exe
[ 84%] Linking C executable nya-test-training-optimizer.exe
[ 85%] Building C object CMakeFiles/nya-test-training-session.dir/tests/test_training_session.c.obj
[ 86%] Built target nya-test-training-elementwise
[ 87%] Built target nya-test-training-norm
[ 88%] Built target nya-test-training-optimizer
[ 89%] Linking C executable nya-test-training-loss.exe
[ 90%] Linking C executable nya-test-training-attention.exe
[ 91%] Linking C executable nya-test-training-rope.exe
[ 92%] Linking C executable nya-test-training-session.exe
[ 93%] Built target nya-test-training-loss
[ 94%] Built target nya-test-training-attention
[ 95%] Built target nya-test-training-rope
[ 95%] Built target nya-test-training-session
[ 96%] Linking C executable nya-test-training-embedding.exe
[ 97%] Linking C executable fyodor-backend.exe
[ 98%] Built target nya-test-training-embedding
[100%] Built target fyodor-backend
