[  2%] Built target nya-mock-missing-vendor
[  4%] Built target nya-mock-vendor
[  7%] Built target nya-make-test-models
[ 38%] Built target nya-engine
[ 42%] Built target nya-test-config
[ 44%] Built target fyodor-train
[ 49%] Built target fyodor-bench
[ 50%] Built target nya-server
[ 52%] Built target nya-test-vendor
[ 55%] Built target nya-test-execution
[ 57%] Built target nya-test-generation
[ 60%] Built target nya-test-formats
[ 62%] Built target nya-test-architectures
[ 64%] Built target nya-test-training
[ 67%] Built target nya-test-pretraining
[ 69%] Built target nya-test-train-runner
[ 71%] Built target nya-test-compute
[ 74%] Built target nya-test-inference
[ 77%] Built target nya-test-quant-kernels
[ 78%] Built target nya-test-attention
[ 81%] Built target nya-test-kv-precision
[ 83%] Built target nya-test-training-device
[ 87%] Built target nya-test-api
[ 90%] Built target nya-test-server
[ 91%] Building C object backend/CMakeFiles/nya-bench-training-device.dir/benchmarks/training_device_bench.c.obj
[ 94%] Built target nya-test-training-elementwise
[ 96%] Built target fyodor-backend
[ 98%] Built target nya-test-training-norm
[100%] Linking C executable ..\nya-bench-training-device.exe
[100%] Built target nya-bench-training-device
