-- step=1 loss=5.5928645 graph_bytes=83520 tokens_per_second=43739.749 microbatches=1 cpu_threads=6
step=10 loss=2.1709392 graph_bytes=73614 tokens_per_second=48010.974 microbatches=1 cpu_threads=6
step=20 loss=0.2151729 graph_bytes=73614 tokens_per_second=47409.414 microbatches=1 cpu_threads=6
step=30 loss=0.0161402 graph_bytes=73614 tokens_per_second=47377.327 microbatches=1 cpu_threads=6
exported=C:\Users\Colin\fyodor\build-train-profile\installer-training-norm-verified/train-cli-6da8f40315bf/first.gguf

-- step=31 loss=0.0128879 graph_bytes=83520 tokens_per_second=43254.934 microbatches=1 cpu_threads=6
step=40 loss=0.0033762 graph_bytes=73614 tokens_per_second=45662.101 microbatches=1 cpu_threads=6
exported=C:\Users\Colin\fyodor\build-train-profile\installer-training-norm-verified/train-cli-6da8f40315bf/resumed.gguf

-- step=1 loss=5.5928645 graph_bytes=83520 tokens_per_second=45338.623 microbatches=1 cpu_threads=6
step=10 loss=2.1709392 graph_bytes=73614 tokens_per_second=47377.327 microbatches=1 cpu_threads=6
step=20 loss=0.2151729 graph_bytes=73614 tokens_per_second=44052.864 microbatches=1 cpu_threads=6
step=30 loss=0.0161402 graph_bytes=73614 tokens_per_second=44345.898 microbatches=1 cpu_threads=6
step=40 loss=0.0033762 graph_bytes=73614 tokens_per_second=45931.759 microbatches=1 cpu_threads=6
exported=C:\Users\Colin\fyodor\build-train-profile\installer-training-norm-verified/train-cli-6da8f40315bf/continuous.gguf

-- step=1 loss=0.0128879 graph_bytes=83520 tokens_per_second=36388.447 microbatches=1 cpu_threads=6
step=4 loss=0.0118464 graph_bytes=73614 tokens_per_second=47138.046 microbatches=1 cpu_threads=6
exported=C:\Users\Colin\fyodor\build-train-profile\installer-training-norm-verified/train-cli-6da8f40315bf/cpt.gguf

-- step=1 loss=0.0130233 graph_bytes=97518 tokens_per_second=28490.028 microbatches=1 cpu_threads=6
step=4 loss=0.0129508 graph_bytes=97518 tokens_per_second=39656.311 microbatches=1 cpu_threads=6
exported=C:\Users\Colin\fyodor\build-train-profile\installer-training-norm-verified/train-cli-6da8f40315bf/sft.gguf

-- step=1 loss=0.6931472 graph_bytes=194700 tokens_per_second=37232.392 microbatches=1 cpu_threads=6
step=4 loss=0.6861237 graph_bytes=194700 tokens_per_second=42164.441 microbatches=1 cpu_threads=6
exported=C:\Users\Colin\fyodor\build-train-profile\installer-training-norm-verified/train-cli-6da8f40315bf/dpo.gguf

-- step=5 loss=0.6826248 graph_bytes=194700 tokens_per_second=38647.343 microbatches=1 cpu_threads=6
step=6 loss=0.6784949 graph_bytes=194700 tokens_per_second=41450.777 microbatches=1 cpu_threads=6
exported=C:\Users\Colin\fyodor\build-train-profile\installer-training-norm-verified/train-cli-6da8f40315bf/dpo-resumed.gguf

-- step=1 loss=0.6931472 graph_bytes=194700 tokens_per_second=39318.480 microbatches=1 cpu_threads=6
step=6 loss=0.6784949 graph_bytes=194700 tokens_per_second=43041.607 microbatches=1 cpu_threads=6
exported=C:\Users\Colin\fyodor\build-train-profile\installer-training-norm-verified/train-cli-6da8f40315bf/dpo-continuous.gguf

-- step=1 loss=5.5952279 graph_bytes=83704 tokens_per_second=59446.886 microbatches=3 cpu_threads=6
step=2 loss=5.5550786 graph_bytes=83704 tokens_per_second=60489.414 microbatches=3 cpu_threads=6
exported=C:\Users\Colin\fyodor\build-train-profile\installer-training-norm-verified/train-cli-6da8f40315bf/pretrain-acc-first.gguf

-- step=3 loss=5.5107813 graph_bytes=83704 tokens_per_second=59662.776 microbatches=3 cpu_threads=6
step=5 loss=5.4275731 graph_bytes=83704 tokens_per_second=61919.504 microbatches=3 cpu_threads=6
exported=C:\Users\Colin\fyodor\build-train-profile\installer-training-norm-verified/train-cli-6da8f40315bf/pretrain-acc-resume.gguf

-- step=1 loss=5.5952279 graph_bytes=83704 tokens_per_second=58997.050 microbatches=3 cpu_threads=6
step=5 loss=5.4275731 graph_bytes=83704 tokens_per_second=61105.207 microbatches=3 cpu_threads=6
exported=C:\Users\Colin\fyodor\build-train-profile\installer-training-norm-verified/train-cli-6da8f40315bf/pretrain-acc-full.gguf

-- step=1 loss=0.0129367 graph_bytes=239432 tokens_per_second=45338.064 microbatches=3 cpu_threads=6
step=2 loss=0.0129710 graph_bytes=239432 tokens_per_second=50216.845 microbatches=3 cpu_threads=6
exported=C:\Users\Colin\fyodor\build-train-profile\installer-training-norm-verified/train-cli-6da8f40315bf/cpt-acc-first.gguf

-- step=3 loss=0.0128974 graph_bytes=239432 tokens_per_second=45405.192 microbatches=3 cpu_threads=6
step=5 loss=0.0128456 graph_bytes=239432 tokens_per_second=51282.051 microbatches=3 cpu_threads=6
exported=C:\Users\Colin\fyodor\build-train-profile\installer-training-norm-verified/train-cli-6da8f40315bf/cpt-acc-resume.gguf

-- step=1 loss=0.0129367 graph_bytes=239432 tokens_per_second=44668.868 microbatches=3 cpu_threads=6
step=5 loss=0.0128456 graph_bytes=239432 tokens_per_second=38920.382 microbatches=3 cpu_threads=6
exported=C:\Users\Colin\fyodor\build-train-profile\installer-training-norm-verified/train-cli-6da8f40315bf/cpt-acc-full.gguf

-- step=1 loss=0.0129669 graph_bytes=140053 tokens_per_second=39395.929 microbatches=2 cpu_threads=6
step=2 loss=2.7495343 graph_bytes=83617 tokens_per_second=37682.526 microbatches=2 cpu_threads=6
exported=C:\Users\Colin\fyodor\build-train-profile\installer-training-norm-verified/train-cli-6da8f40315bf/sft-acc-first.gguf

-- step=3 loss=1.6530106 graph_bytes=140053 tokens_per_second=37214.247 microbatches=2 cpu_threads=6
step=5 loss=2.7402913 graph_bytes=83617 tokens_per_second=39564.786 microbatches=2 cpu_threads=6
exported=C:\Users\Colin\fyodor\build-train-profile\installer-training-norm-verified/train-cli-6da8f40315bf/sft-acc-resume.gguf

-- step=1 loss=0.0129669 graph_bytes=140053 tokens_per_second=32232.071 microbatches=2 cpu_threads=6
step=5 loss=2.7402913 graph_bytes=83617 tokens_per_second=43126.684 microbatches=2 cpu_threads=6
exported=C:\Users\Colin\fyodor\build-train-profile\installer-training-norm-verified/train-cli-6da8f40315bf/sft-acc-full.gguf

-- step=1 loss=0.6931472 graph_bytes=251336 tokens_per_second=45572.916 microbatches=2 cpu_threads=6
step=2 loss=0.6931368 graph_bytes=152645 tokens_per_second=41322.314 microbatches=2 cpu_threads=6
exported=C:\Users\Colin\fyodor\build-train-profile\installer-training-norm-verified/train-cli-6da8f40315bf/dpo-acc-first.gguf

-- step=3 loss=0.6931969 graph_bytes=251336 tokens_per_second=41897.101 microbatches=2 cpu_threads=6
step=5 loss=0.6923668 graph_bytes=152645 tokens_per_second=39772.728 microbatches=2 cpu_threads=6
exported=C:\Users\Colin\fyodor\build-train-profile\installer-training-norm-verified/train-cli-6da8f40315bf/dpo-acc-resume.gguf

-- step=1 loss=0.6931472 graph_bytes=251336 tokens_per_second=40353.574 microbatches=2 cpu_threads=6
step=5 loss=0.6923668 graph_bytes=152645 tokens_per_second=40229.885 microbatches=2 cpu_threads=6
exported=C:\Users\Colin\fyodor\build-train-profile\installer-training-norm-verified/train-cli-6da8f40315bf/dpo-acc-full.gguf

-- step=1 loss=5.7443851 graph_bytes=2075912 tokens_per_second=20979.365 microbatches=3 cpu_threads=1
step=2 loss=5.2967681 graph_bytes=2075912 tokens_per_second=20521.862 microbatches=3 cpu_threads=1
exported=C:\Users\Colin\fyodor\build-train-profile\installer-training-norm-verified/train-cli-6da8f40315bf/parallel-first.gguf

-- step=3 loss=4.9746747 graph_bytes=2075912 tokens_per_second=24019.967 microbatches=3 cpu_threads=3
step=5 loss=4.5643298 graph_bytes=2075912 tokens_per_second=24949.048 microbatches=3 cpu_threads=3
exported=C:\Users\Colin\fyodor\build-train-profile\installer-training-norm-verified/train-cli-6da8f40315bf/parallel-resumed.gguf

-- step=1 loss=5.7443851 graph_bytes=2075912 tokens_per_second=25400.185 microbatches=3 cpu_threads=6
step=5 loss=4.5643298 graph_bytes=2075912 tokens_per_second=25745.859 microbatches=3 cpu_threads=6
exported=C:\Users\Colin\fyodor\build-train-profile\installer-training-norm-verified/train-cli-6da8f40315bf/parallel-full.gguf

