[ 29%] Built target nya-engine
[ 31%] Built target nya-mock-vendor
[ 34%] Built target nya-mock-missing-vendor
[ 36%] Built target nya-make-test-models
[ 39%] Built target nya-test-config
[ 40%] Linking C executable nya-test-formats.exe
[ 41%] Linking C executable nya-test-execution.exe
[ 42%] Linking C executable nya-test-generation.exe
[ 43%] Linking C executable nya-test-architectures.exe
[ 44%] Built target nya-test-formats
[ 45%] Built target nya-test-execution
[ 46%] Built target nya-test-generation
[ 47%] Built target nya-test-architectures
[ 48%] Linking C executable nya-test-training.exe
[ 50%] Linking C executable nya-test-train-runner.exe
[ 51%] Linking C executable nya-test-pretraining.exe
[ 52%] Linking C executable nya-test-compute.exe
[ 53%] Built target nya-test-training
[ 54%] Built target nya-test-train-runner
[ 55%] Built target nya-test-pretraining
[ 56%] Built target nya-test-compute
[ 57%] Linking C executable nya-test-inference.exe
[ 58%] Linking C executable nya-test-quant-kernels.exe
[ 59%] Linking C executable nya-test-attention.exe
[ 60%] Linking C executable nya-test-kv-precision.exe
[ 61%] Built target nya-test-inference
[ 62%] Built target nya-test-quant-kernels
[ 63%] Built target nya-test-attention
[ 64%] Built target nya-test-kv-precision
[ 65%] Linking C executable nya-test-server.exe
[ 67%] Linking C executable nya-test-api.exe
[ 68%] Building C object CMakeFiles/nya-test-training-device.dir/tests/test_training_device.c.obj
[ 69%] Building C object CMakeFiles/nya-bench-training-device.dir/benchmarks/training_device_bench.c.obj
[ 71%] Built target nya-test-server
[ 73%] Built target nya-test-api
[ 74%] Building C object CMakeFiles/nya-test-training-elementwise.dir/tests/test_training_elementwise.c.obj
[ 75%] Building C object CMakeFiles/nya-test-training-norm.dir/tests/test_training_norm.c.obj
[ 76%] Linking C executable nya-test-training-device.exe
[ 76%] Built target nya-test-training-device
[ 77%] Linking C executable nya-test-training-norm.exe
[ 78%] Linking C executable nya-test-training-elementwise.exe
[ 80%] Built target nya-test-training-loss
[ 80%] Built target nya-test-training-norm
[ 80%] Built target nya-test-training-elementwise
[ 81%] Building C object CMakeFiles/nya-test-training-attention.dir/tests/test_training_attention.c.obj
[ 82%] Building C object CMakeFiles/nya-test-training-rope.dir/tests/test_training_rope.c.obj
[ 84%] Linking C executable nya-bench-training-device.exe
[ 85%] Building C object CMakeFiles/nya-test-training-embedding.dir/tests/test_training_embedding.c.obj
[ 85%] Built target nya-bench-training-device
[ 86%] Linking C executable nya-test-training-attention.exe
[ 87%] Linking C executable nya-test-training-embedding.exe
[ 88%] Linking C executable nya-test-training-rope.exe
[ 91%] Built target nya-server
[ 91%] Built target nya-test-training-attention
[ 91%] Built target nya-test-training-rope
[ 91%] Built target nya-test-training-embedding
[ 92%] Linking C executable fyodor-train.exe
[ 93%] Linking C executable fyodor-bench.exe
[ 94%] Linking C executable nya-test-vendor.exe
[ 95%] Linking C executable fyodor-backend.exe
[ 96%] Built target fyodor-train
[ 97%] Built target fyodor-bench
[ 98%] Built target nya-test-vendor
[100%] Built target fyodor-backend
