[ 29%] Built target nya-engine
[ 31%] Built target nya-mock-vendor
[ 33%] Built target nya-mock-missing-vendor
[ 35%] Built target nya-make-test-models
[ 37%] Linking C executable nya-test-formats.exe
[ 39%] Built target nya-test-config
[ 40%] Linking C executable nya-test-execution.exe
[ 41%] Linking C executable nya-test-generation.exe
[ 42%] Linking C executable nya-test-architectures.exe
[ 43%] Built target nya-test-execution
[ 44%] Built target nya-test-formats
[ 45%] Built target nya-test-generation
[ 46%] Built target nya-test-architectures
[ 47%] Linking C executable nya-test-training.exe
[ 48%] Linking C executable nya-test-train-runner.exe
[ 50%] Linking C executable nya-test-pretraining.exe
[ 51%] Linking C executable nya-test-compute.exe
[ 52%] Built target nya-test-training
[ 53%] Built target nya-test-train-runner
[ 54%] Built target nya-test-pretraining
[ 55%] Built target nya-test-compute
[ 56%] Linking C executable nya-test-inference.exe
[ 57%] Linking C executable nya-test-quant-kernels.exe
[ 58%] Linking C executable nya-test-attention.exe
[ 59%] Linking C executable nya-test-kv-precision.exe
[ 60%] Built target nya-test-inference
[ 61%] Built target nya-test-quant-kernels
[ 62%] Built target nya-test-attention
[ 63%] Built target nya-test-kv-precision
[ 64%] Linking C executable nya-test-server.exe
[ 65%] Linking C executable nya-test-api.exe
[ 67%] Built target nya-test-training-device
[ 69%] Built target nya-bench-training-device
[ 71%] Built target nya-test-server
[ 72%] Building C object CMakeFiles/nya-test-training-elementwise.dir/tests/test_training_elementwise.c.obj
[ 75%] Built target nya-test-api
[ 76%] Building C object CMakeFiles/nya-test-training-norm.dir/tests/test_training_norm.c.obj
[ 78%] Built target nya-test-training-optimizer
[ 79%] Building C object CMakeFiles/nya-test-training-loss.dir/tests/test_training_loss.c.obj
[ 80%] Building C object CMakeFiles/nya-test-training-attention.dir/tests/test_training_attention.c.obj
[ 81%] Linking C executable nya-test-training-elementwise.exe
[ 82%] Linking C executable nya-test-training-norm.exe
[ 82%] Built target nya-test-training-elementwise
[ 83%] Linking C executable nya-test-training-loss.exe
[ 83%] Built target nya-test-training-norm
[ 84%] Building C object CMakeFiles/nya-test-training-rope.dir/tests/test_training_rope.c.obj
[ 85%] Linking C executable nya-test-training-attention.exe
[ 85%] Built target nya-test-training-loss
[ 86%] Building C object CMakeFiles/nya-test-training-embedding.dir/tests/test_training_embedding.c.obj
[ 86%] Built target nya-test-training-attention
[ 89%] Built target nya-server
[ 90%] Linking C executable nya-test-training-rope.exe
[ 91%] Linking C executable nya-test-training-embedding.exe
[ 92%] Linking C executable fyodor-train.exe
[ 93%] Linking C executable fyodor-bench.exe
[ 93%] Built target nya-test-training-rope
[ 93%] Built target nya-test-training-embedding
[ 94%] Built target fyodor-train
[ 95%] Built target fyodor-bench
[ 96%] Linking C executable nya-test-vendor.exe
[ 97%] Linking C executable fyodor-backend.exe
[ 98%] Built target nya-test-vendor
[100%] Built target fyodor-backend
