[ 30%] Built target nya-engine
[ 32%] Built target nya-mock-missing-vendor
[ 34%] Built target nya-mock-vendor
[ 36%] Built target nya-make-test-models
[ 40%] Built target nya-test-config
[ 42%] Linking C executable nya-test-execution.exe
[ 42%] Linking C executable nya-test-formats.exe
[ 43%] Linking C executable nya-test-generation.exe
[ 44%] Linking C executable nya-test-architectures.exe
[ 45%] Built target nya-test-formats
[ 46%] Built target nya-test-execution
[ 47%] Built target nya-test-generation
[ 48%] Linking C executable nya-test-training.exe
[ 50%] Built target nya-test-architectures
[ 51%] Linking C executable nya-test-pretraining.exe
[ 52%] Linking C executable nya-test-train-runner.exe
[ 53%] Linking C executable nya-test-compute.exe
[ 54%] Built target nya-test-training
[ 55%] Built target nya-test-train-runner
[ 56%] Built target nya-test-pretraining
[ 57%] Built target nya-test-compute
[ 58%] Linking C executable nya-test-inference.exe
[ 59%] Linking C executable nya-test-quant-kernels.exe
[ 60%] Linking C executable nya-test-attention.exe
[ 61%] Linking C executable nya-test-kv-precision.exe
[ 63%] Built target nya-test-inference
[ 64%] Built target nya-test-attention
[ 65%] Built target nya-test-quant-kernels
[ 66%] Built target nya-test-kv-precision
[ 67%] Linking C executable nya-test-server.exe
[ 68%] Linking C executable nya-test-api.exe
[ 69%] Building C object CMakeFiles/nya-test-training-device.dir/tests/test_training_device.c.obj
[ 71%] Built target nya-bench-training-device
[ 73%] Built target nya-test-server
[ 76%] Built target nya-test-api
[ 77%] Building C object CMakeFiles/nya-test-training-elementwise.dir/tests/test_training_elementwise.c.obj
[ 78%] Building C object CMakeFiles/nya-test-training-norm.dir/tests/test_training_norm.c.obj
[ 79%] Linking C executable nya-test-training-device.exe
[ 81%] Built target nya-test-training-attention
[ 81%] Built target nya-test-training-device
[ 82%] Building C object CMakeFiles/nya-test-training-rope.dir/tests/test_training_rope.c.obj
[ 83%] Linking C executable nya-test-training-elementwise.exe
[ 84%] Linking C executable nya-test-training-norm.exe
[ 85%] Building C object CMakeFiles/nya-test-training-embedding.dir/tests/test_training_embedding.c.obj
[ 85%] Built target nya-test-training-elementwise
[ 86%] Linking C executable nya-test-training-rope.exe
[ 86%] Built target nya-test-training-norm
[ 88%] Linking C executable nya-test-training-embedding.exe
[ 91%] Built target nya-server
[ 92%] Linking C executable fyodor-train.exe
[ 92%] Built target nya-test-training-rope
[ 92%] Built target nya-test-training-embedding
[ 93%] Linking C executable fyodor-bench.exe
[ 95%] Linking C executable nya-test-vendor.exe
[ 95%] Built target fyodor-train
[ 96%] Linking C executable fyodor-backend.exe
[ 97%] Built target fyodor-bench
[ 98%] Built target nya-test-vendor
[100%] Built target fyodor-backend
