-- step=1 loss=5.5928645 graph_bytes=83520 tokens_per_second=43045.466 microbatches=1 cpu_threads=6
step=10 loss=2.1709392 graph_bytes=73614 tokens_per_second=47554.348 microbatches=1 cpu_threads=6
step=20 loss=0.2151729 graph_bytes=73614 tokens_per_second=47830.540 microbatches=1 cpu_threads=6
step=30 loss=0.0161402 graph_bytes=73614 tokens_per_second=46697.801 microbatches=1 cpu_threads=6
exported=C:\Users\Colin\fyodor\build-train-profile\installer-training-device-verified/train-cli-e108001306b5/first.gguf

-- step=31 loss=0.0128879 graph_bytes=83520 tokens_per_second=45057.731 microbatches=1 cpu_threads=6
step=40 loss=0.0033762 graph_bytes=73614 tokens_per_second=47265.364 microbatches=1 cpu_threads=6
exported=C:\Users\Colin\fyodor\build-train-profile\installer-training-device-verified/train-cli-e108001306b5/resumed.gguf

-- step=1 loss=5.5928645 graph_bytes=83520 tokens_per_second=43431.052 microbatches=1 cpu_threads=6
step=10 loss=2.1709392 graph_bytes=73614 tokens_per_second=40532.714 microbatches=1 cpu_threads=6
step=20 loss=0.2151729 graph_bytes=73614 tokens_per_second=40745.053 microbatches=1 cpu_threads=6
step=30 loss=0.0161402 graph_bytes=73614 tokens_per_second=44219.836 microbatches=1 cpu_threads=6
step=40 loss=0.0033762 graph_bytes=73614 tokens_per_second=44416.246 microbatches=1 cpu_threads=6
exported=C:\Users\Colin\fyodor\build-train-profile\installer-training-device-verified/train-cli-e108001306b5/continuous.gguf

-- step=1 loss=0.0128879 graph_bytes=83520 tokens_per_second=42964.553 microbatches=1 cpu_threads=6
step=4 loss=0.0118464 graph_bytes=73614 tokens_per_second=38002.170 microbatches=1 cpu_threads=6
exported=C:\Users\Colin\fyodor\build-train-profile\installer-training-device-verified/train-cli-e108001306b5/cpt.gguf

-- step=1 loss=0.0130233 graph_bytes=97518 tokens_per_second=25273.799 microbatches=1 cpu_threads=6
step=4 loss=0.0129508 graph_bytes=97518 tokens_per_second=38684.723 microbatches=1 cpu_threads=6
exported=C:\Users\Colin\fyodor\build-train-profile\installer-training-device-verified/train-cli-e108001306b5/sft.gguf

-- step=1 loss=0.6931472 graph_bytes=194700 tokens_per_second=37842.952 microbatches=1 cpu_threads=6
step=4 loss=0.6861237 graph_bytes=194700 tokens_per_second=38058.993 microbatches=1 cpu_threads=6
exported=C:\Users\Colin\fyodor\build-train-profile\installer-training-device-verified/train-cli-e108001306b5/dpo.gguf

-- step=5 loss=0.6826248 graph_bytes=194700 tokens_per_second=29076.811 microbatches=1 cpu_threads=6
step=6 loss=0.6784949 graph_bytes=194700 tokens_per_second=39880.360 microbatches=1 cpu_threads=6
exported=C:\Users\Colin\fyodor\build-train-profile\installer-training-device-verified/train-cli-e108001306b5/dpo-resumed.gguf

-- step=1 loss=0.6931472 graph_bytes=194700 tokens_per_second=37795.275 microbatches=1 cpu_threads=6
step=6 loss=0.6784949 graph_bytes=194700 tokens_per_second=44776.124 microbatches=1 cpu_threads=6
exported=C:\Users\Colin\fyodor\build-train-profile\installer-training-device-verified/train-cli-e108001306b5/dpo-continuous.gguf

-- step=1 loss=5.5952279 graph_bytes=83704 tokens_per_second=56483.300 microbatches=3 cpu_threads=6
step=2 loss=5.5550786 graph_bytes=83704 tokens_per_second=56115.291 microbatches=3 cpu_threads=6
exported=C:\Users\Colin\fyodor\build-train-profile\installer-training-device-verified/train-cli-e108001306b5/pretrain-acc-first.gguf

-- step=3 loss=5.5107813 graph_bytes=83704 tokens_per_second=58029.519 microbatches=3 cpu_threads=6
step=5 loss=5.4275731 graph_bytes=83704 tokens_per_second=61596.143 microbatches=3 cpu_threads=6
exported=C:\Users\Colin\fyodor\build-train-profile\installer-training-device-verified/train-cli-e108001306b5/pretrain-acc-resume.gguf

-- step=1 loss=5.5952279 graph_bytes=83704 tokens_per_second=56351.830 microbatches=3 cpu_threads=6
step=5 loss=5.4275731 graph_bytes=83704 tokens_per_second=61186.484 microbatches=3 cpu_threads=6
exported=C:\Users\Colin\fyodor\build-train-profile\installer-training-device-verified/train-cli-e108001306b5/pretrain-acc-full.gguf

-- step=1 loss=0.0129367 graph_bytes=239432 tokens_per_second=42894.442 microbatches=3 cpu_threads=6
step=2 loss=0.0129710 graph_bytes=239432 tokens_per_second=48198.049 microbatches=3 cpu_threads=6
exported=C:\Users\Colin\fyodor\build-train-profile\installer-training-device-verified/train-cli-e108001306b5/cpt-acc-first.gguf

-- step=3 loss=0.0128974 graph_bytes=239432 tokens_per_second=43176.271 microbatches=3 cpu_threads=6
step=5 loss=0.0128456 graph_bytes=239432 tokens_per_second=47712.893 microbatches=3 cpu_threads=6
exported=C:\Users\Colin\fyodor\build-train-profile\installer-training-device-verified/train-cli-e108001306b5/cpt-acc-resume.gguf

-- step=1 loss=0.0129367 graph_bytes=239432 tokens_per_second=40809.085 microbatches=3 cpu_threads=6
step=5 loss=0.0128456 graph_bytes=239432 tokens_per_second=48754.637 microbatches=3 cpu_threads=6
exported=C:\Users\Colin\fyodor\build-train-profile\installer-training-device-verified/train-cli-e108001306b5/cpt-acc-full.gguf

-- step=1 loss=0.0129669 graph_bytes=140053 tokens_per_second=34532.374 microbatches=2 cpu_threads=6
step=2 loss=2.7495343 graph_bytes=83617 tokens_per_second=31360.252 microbatches=2 cpu_threads=6
exported=C:\Users\Colin\fyodor\build-train-profile\installer-training-device-verified/train-cli-e108001306b5/sft-acc-first.gguf

-- step=3 loss=1.6530106 graph_bytes=140053 tokens_per_second=36373.085 microbatches=2 cpu_threads=6
step=5 loss=2.7402913 graph_bytes=83617 tokens_per_second=39389.463 microbatches=2 cpu_threads=6
exported=C:\Users\Colin\fyodor\build-train-profile\installer-training-device-verified/train-cli-e108001306b5/sft-acc-resume.gguf

-- step=1 loss=0.0129669 graph_bytes=140053 tokens_per_second=35419.124 microbatches=2 cpu_threads=6
step=5 loss=2.7402913 graph_bytes=83617 tokens_per_second=42171.853 microbatches=2 cpu_threads=6
exported=C:\Users\Colin\fyodor\build-train-profile\installer-training-device-verified/train-cli-e108001306b5/sft-acc-full.gguf

-- step=1 loss=0.6931472 graph_bytes=251336 tokens_per_second=42865.891 microbatches=2 cpu_threads=6
step=2 loss=0.6931368 graph_bytes=152645 tokens_per_second=39008.081 microbatches=2 cpu_threads=6
exported=C:\Users\Colin\fyodor\build-train-profile\installer-training-device-verified/train-cli-e108001306b5/dpo-acc-first.gguf

-- step=3 loss=0.6931969 graph_bytes=251336 tokens_per_second=40180.007 microbatches=2 cpu_threads=6
step=5 loss=0.6923668 graph_bytes=152645 tokens_per_second=40840.141 microbatches=2 cpu_threads=6
exported=C:\Users\Colin\fyodor\build-train-profile\installer-training-device-verified/train-cli-e108001306b5/dpo-acc-resume.gguf

-- step=1 loss=0.6931472 graph_bytes=251336 tokens_per_second=21754.895 microbatches=2 cpu_threads=6
step=5 loss=0.6923668 graph_bytes=152645 tokens_per_second=38942.976 microbatches=2 cpu_threads=6
exported=C:\Users\Colin\fyodor\build-train-profile\installer-training-device-verified/train-cli-e108001306b5/dpo-acc-full.gguf

-- step=1 loss=5.7443851 graph_bytes=2075912 tokens_per_second=20469.629 microbatches=3 cpu_threads=1
step=2 loss=5.2967681 graph_bytes=2075912 tokens_per_second=20147.417 microbatches=3 cpu_threads=1
exported=C:\Users\Colin\fyodor\build-train-profile\installer-training-device-verified/train-cli-e108001306b5/parallel-first.gguf

-- step=3 loss=4.9746747 graph_bytes=2075912 tokens_per_second=24415.211 microbatches=3 cpu_threads=3
step=5 loss=4.5643298 graph_bytes=2075912 tokens_per_second=23843.906 microbatches=3 cpu_threads=3
exported=C:\Users\Colin\fyodor\build-train-profile\installer-training-device-verified/train-cli-e108001306b5/parallel-resumed.gguf

-- step=1 loss=5.7443851 graph_bytes=2075912 tokens_per_second=23939.403 microbatches=3 cpu_threads=6
step=5 loss=4.5643298 graph_bytes=2075912 tokens_per_second=22492.912 microbatches=3 cpu_threads=6
exported=C:\Users\Colin\fyodor\build-train-profile\installer-training-device-verified/train-cli-e108001306b5/parallel-full.gguf

