-- Optional ROCm C loader enabled; HIP/rocBLAS are discovered at runtime
-- Optional MLX C loader enabled; MLX C/GPU are discovered at runtime
-- CUDA driver/NVRTC provider enabled (C host compiler; runtime CUDA compilation)
-- CUTLASS: this generator cannot compile CUDA C++; use a standalone CUDA/cutlass build. C/NVRTC build retained
-- Configuring done (0.4s)
-- Generating done (0.3s)
-- Build files have been written to: C:/Users/Colin/fyodor/build-cuda
[  2%] Built target nya-mock-vendor
[  4%] Built target nya-mock-missing-vendor
[  6%] Built target nya-make-test-models
[  7%] Building C object backend/CMakeFiles/nya-engine.dir/__/CUDA/cuda.c.obj
[ 11%] Built target nya-test-config
[ 12%] Linking C static library libnya-engine.a
[ 42%] Built target nya-engine
[ 43%] Linking C executable ..\nya-test-vendor.exe
[ 44%] Linking C executable ..\fyodor-train.exe
[ 45%] Linking C executable ..\fyodor-bench.exe
[ 48%] Built target nya-server
[ 50%] Linking C executable ..\nya-test-formats.exe
[ 51%] Built target nya-test-vendor
[ 52%] Built target fyodor-bench
[ 53%] Built target fyodor-train
[ 54%] Linking C executable ..\nya-test-generation.exe
[ 55%] Linking C executable ..\nya-test-execution.exe
[ 56%] Linking C executable ..\nya-test-architectures.exe
[ 57%] Built target nya-test-formats
[ 59%] Linking C executable ..\nya-test-training.exe
[ 60%] Built target nya-test-generation
[ 62%] Built target nya-test-execution
[ 62%] Built target nya-test-architectures
[ 63%] Linking C executable ..\nya-test-pretraining.exe
[ 64%] Linking C executable ..\nya-test-compute.exe
[ 67%] Built target nya-test-training
[ 67%] Linking C executable ..\nya-test-train-runner.exe
[ 68%] Linking C executable ..\nya-test-inference.exe
[ 69%] Built target nya-test-compute
[ 70%] Built target nya-test-pretraining
[ 71%] Built target nya-test-train-runner
[ 72%] Linking C executable ..\nya-test-quant-kernels.exe
[ 75%] Linking C executable ..\nya-test-kv-precision.exe
[ 75%] Linking C executable ..\nya-test-attention.exe
[ 76%] Built target nya-test-inference
[ 77%] Linking C executable ..\nya-test-server.exe
[ 78%] Built target nya-test-quant-kernels
[ 80%] Built target nya-test-attention
[ 80%] Built target nya-test-kv-precision
[ 81%] Linking C executable ..\nya-test-training-device.exe
[ 82%] Linking C executable ..\nya-test-api.exe
[ 84%] Linking C executable ..\nya-bench-training-device.exe
[ 86%] Built target nya-test-server
[ 87%] Linking C executable ..\nya-test-training-elementwise.exe
[ 88%] Built target nya-test-training-device
[ 90%] Built target nya-test-api
[ 92%] Built target nya-bench-training-device
[ 94%] Linking C executable ..\nya-test-training-norm.exe
[ 94%] Linking C executable ..\nya-test-training-embedding.exe
[ 95%] Linking C executable ..\fyodor-backend.exe
[ 96%] Built target nya-test-training-elementwise
[ 97%] Built target nya-test-training-norm
[ 98%] Built target nya-test-training-embedding
[100%] Built target fyodor-backend
