[  2%] Built target nya-mock-vendor
[  6%] Built target nya-mock-missing-vendor
[  6%] Built target nya-make-test-models
[ 38%] Built target nya-engine
[ 42%] Built target nya-test-config
[ 44%] Built target fyodor-train
[ 47%] Built target nya-server
[ 50%] Built target fyodor-bench
[ 52%] Built target nya-test-vendor
[ 54%] Built target nya-test-execution
[ 56%] Built target nya-test-generation
[ 59%] Built target nya-test-formats
[ 61%] Built target nya-test-architectures
[ 63%] Built target nya-test-training
[ 65%] Built target nya-test-pretraining
[ 68%] Built target nya-test-train-runner
[ 70%] Built target nya-test-compute
[ 72%] Built target nya-test-inference
[ 75%] Built target nya-test-quant-kernels
[ 77%] Built target nya-test-attention
[ 79%] Built target nya-test-kv-precision
[ 81%] Built target nya-test-training-device
[ 85%] Built target nya-test-server
[ 88%] Built target nya-test-api
[ 89%] Building C object backend/CMakeFiles/nya-bench-training-device.dir/benchmarks/training_device_bench.c.obj
[ 92%] Built target nya-test-training-norm
[ 94%] Built target nya-test-training-elementwise
[ 96%] Built target nya-test-training-embedding
[ 98%] Built target fyodor-backend
[100%] Linking C executable ..\nya-bench-training-device.exe
[100%] Built target nya-bench-training-device
