[  2%] Built target nya-mock-vendor
[  4%] Built target nya-mock-missing-vendor
[  6%] Built target nya-make-test-models
[  7%] Building C object backend/CMakeFiles/nya-engine.dir/core/training_device.c.obj
[  9%] Building C object backend/CMakeFiles/nya-engine.dir/core/training_indices.c.obj
[ 10%] Building C object backend/CMakeFiles/nya-engine.dir/__/CUDA/cuda.c.obj
[ 13%] Built target nya-test-config
[ 14%] Linking C static library libnya-engine.a
[ 42%] Built target nya-engine
[ 43%] Linking C executable ..\nya-test-vendor.exe
[ 44%] Linking C executable ..\fyodor-train.exe
[ 47%] Built target nya-server
[ 48%] Linking C executable ..\fyodor-bench.exe
[ 50%] Linking C executable ..\nya-test-formats.exe
[ 51%] Built target nya-test-vendor
[ 52%] Built target fyodor-bench
[ 53%] Built target fyodor-train
[ 54%] Linking C executable ..\nya-test-execution.exe
[ 55%] Linking C executable ..\nya-test-generation.exe
[ 56%] Linking C executable ..\nya-test-architectures.exe
[ 57%] Built target nya-test-formats
[ 59%] Linking C executable ..\nya-test-training.exe
[ 62%] Built target nya-test-generation
[ 62%] Built target nya-test-execution
[ 62%] Built target nya-test-architectures
[ 65%] Linking C executable ..\nya-test-pretraining.exe
[ 65%] Linking C executable ..\nya-test-compute.exe
[ 65%] Built target nya-test-training
[ 67%] Linking C executable ..\nya-test-train-runner.exe
[ 68%] Linking C executable ..\nya-test-inference.exe
[ 69%] Built target nya-test-compute
[ 71%] Built target nya-test-pretraining
[ 71%] Built target nya-test-train-runner
[ 72%] Built target nya-test-inference
[ 73%] Linking C executable ..\nya-test-quant-kernels.exe
[ 75%] Linking C executable ..\nya-test-kv-precision.exe
[ 76%] Linking C executable ..\nya-test-attention.exe
[ 77%] Linking C executable ..\nya-test-server.exe
[ 79%] Built target nya-test-attention
[ 79%] Built target nya-test-quant-kernels
[ 80%] Built target nya-test-kv-precision
[ 82%] Built target nya-test-server
[ 84%] Linking C executable ..\nya-test-training-device.exe
[ 85%] Linking C executable ..\nya-test-api.exe
[ 86%] Linking C executable ..\nya-bench-training-device.exe
[ 87%] Linking C executable ..\nya-test-training-elementwise.exe
[ 88%] Built target nya-bench-training-device
[ 89%] Built target nya-test-training-device
[ 92%] Built target nya-test-api
[ 93%] Built target nya-test-training-elementwise
[ 94%] Linking C executable ..\fyodor-backend.exe
[ 95%] Linking C executable ..\nya-test-training-norm.exe
[ 96%] Building C object backend/CMakeFiles/nya-test-training-embedding.dir/tests/test_training_embedding.c.obj
[ 97%] Built target nya-test-training-norm
[ 98%] Built target fyodor-backend
[100%] Linking C executable ..\nya-test-training-embedding.exe
[100%] Built target nya-test-training-embedding
