-- step=1 loss=5.5928645 graph_bytes=86128 tokens_per_second=37977.688 microbatches=1 cpu_threads=6 compute=cpu
step=10 loss=2.1709392 graph_bytes=76222 tokens_per_second=44871.795 microbatches=1 cpu_threads=6 compute=cpu
step=20 loss=0.2151729 graph_bytes=76222 tokens_per_second=46854.083 microbatches=1 cpu_threads=6 compute=cpu
step=30 loss=0.0161402 graph_bytes=76222 tokens_per_second=46158.919 microbatches=1 cpu_threads=6 compute=cpu
exported=D:\fyodor-validation\resident-training-cli-20261008\installer-training-cli-verified/train-cli-b018d0b4d04f/first.gguf

-- step=31 loss=0.0128879 graph_bytes=86128 tokens_per_second=43208.210 microbatches=1 cpu_threads=6 compute=cpu
step=40 loss=0.0033762 graph_bytes=76222 tokens_per_second=41853.513 microbatches=1 cpu_threads=6 compute=cpu
exported=D:\fyodor-validation\resident-training-cli-20261008\installer-training-cli-verified/train-cli-b018d0b4d04f/resumed.gguf

-- step=1 loss=5.5928645 graph_bytes=86128 tokens_per_second=37995.725 microbatches=1 cpu_threads=6 compute=cpu
step=10 loss=2.1709392 graph_bytes=76222 tokens_per_second=43209.876 microbatches=1 cpu_threads=6 compute=cpu
step=20 loss=0.2151729 graph_bytes=76222 tokens_per_second=21400.184 microbatches=1 cpu_threads=6 compute=cpu
step=30 loss=0.0161402 graph_bytes=76222 tokens_per_second=37796.976 microbatches=1 cpu_threads=6 compute=cpu
step=40 loss=0.0033762 graph_bytes=76222 tokens_per_second=46403.713 microbatches=1 cpu_threads=6 compute=cpu
exported=D:\fyodor-validation\resident-training-cli-20261008\installer-training-cli-verified/train-cli-b018d0b4d04f/continuous.gguf

-- step=1 loss=0.0128879 graph_bytes=86128 tokens_per_second=44028.619 microbatches=1 cpu_threads=6 compute=cpu
step=4 loss=0.0118464 graph_bytes=76222 tokens_per_second=40450.737 microbatches=1 cpu_threads=6 compute=cpu
exported=D:\fyodor-validation\resident-training-cli-20261008\installer-training-cli-verified/train-cli-b018d0b4d04f/cpt.gguf

-- step=1 loss=0.0130233 graph_bytes=103246 tokens_per_second=25985.275 microbatches=1 cpu_threads=6 compute=cpu
step=4 loss=0.0129508 graph_bytes=103246 tokens_per_second=37453.183 microbatches=1 cpu_threads=6 compute=cpu
exported=D:\fyodor-validation\resident-training-cli-20261008\installer-training-cli-verified/train-cli-b018d0b4d04f/sft.gguf

-- step=1 loss=0.6931472 graph_bytes=206188 tokens_per_second=35928.144 microbatches=1 cpu_threads=6 compute=cpu
step=4 loss=0.6861237 graph_bytes=206188 tokens_per_second=35263.003 microbatches=1 cpu_threads=6 compute=cpu
exported=D:\fyodor-validation\resident-training-cli-20261008\installer-training-cli-verified/train-cli-b018d0b4d04f/dpo.gguf

-- step=5 loss=0.6826248 graph_bytes=206188 tokens_per_second=34285.714 microbatches=1 cpu_threads=6 compute=cpu
step=6 loss=0.6784949 graph_bytes=206188 tokens_per_second=38759.690 microbatches=1 cpu_threads=6 compute=cpu
exported=D:\fyodor-validation\resident-training-cli-20261008\installer-training-cli-verified/train-cli-b018d0b4d04f/dpo-resumed.gguf

-- step=1 loss=0.6931472 graph_bytes=206188 tokens_per_second=36485.254 microbatches=1 cpu_threads=6 compute=cpu
step=6 loss=0.6784949 graph_bytes=206188 tokens_per_second=39986.671 microbatches=1 cpu_threads=6 compute=cpu
exported=D:\fyodor-validation\resident-training-cli-20261008\installer-training-cli-verified/train-cli-b018d0b4d04f/dpo-continuous.gguf

-- step=1 loss=5.5952279 graph_bytes=86392 tokens_per_second=56036.058 microbatches=3 cpu_threads=6 compute=cpu
step=2 loss=5.5550786 graph_bytes=86392 tokens_per_second=54394.857 microbatches=3 cpu_threads=6 compute=cpu
exported=D:\fyodor-validation\resident-training-cli-20261008\installer-training-cli-verified/train-cli-b018d0b4d04f/pretrain-acc-first.gguf

-- step=3 loss=5.5107813 graph_bytes=86392 tokens_per_second=57514.379 microbatches=3 cpu_threads=6 compute=cpu
step=5 loss=5.4275731 graph_bytes=86392 tokens_per_second=61711.833 microbatches=3 cpu_threads=6 compute=cpu
exported=D:\fyodor-validation\resident-training-cli-20261008\installer-training-cli-verified/train-cli-b018d0b4d04f/pretrain-acc-resume.gguf

-- step=1 loss=5.5952279 graph_bytes=86392 tokens_per_second=52601.486 microbatches=3 cpu_threads=6 compute=cpu
step=5 loss=5.4275731 graph_bytes=86392 tokens_per_second=61877.858 microbatches=3 cpu_threads=6 compute=cpu
exported=D:\fyodor-validation\resident-training-cli-20261008\installer-training-cli-verified/train-cli-b018d0b4d04f/pretrain-acc-full.gguf

-- step=1 loss=0.0129367 graph_bytes=245240 tokens_per_second=43063.097 microbatches=3 cpu_threads=6 compute=cpu
step=2 loss=0.0129710 graph_bytes=245240 tokens_per_second=49745.619 microbatches=3 cpu_threads=6 compute=cpu
exported=D:\fyodor-validation\resident-training-cli-20261008\installer-training-cli-verified/train-cli-b018d0b4d04f/cpt-acc-first.gguf

-- step=3 loss=0.0128974 graph_bytes=245240 tokens_per_second=38986.355 microbatches=3 cpu_threads=6 compute=cpu
step=5 loss=0.0128456 graph_bytes=245240 tokens_per_second=39819.944 microbatches=3 cpu_threads=6 compute=cpu
exported=D:\fyodor-validation\resident-training-cli-20261008\installer-training-cli-verified/train-cli-b018d0b4d04f/cpt-acc-resume.gguf

-- step=1 loss=0.0129367 graph_bytes=245240 tokens_per_second=29831.388 microbatches=3 cpu_threads=6 compute=cpu
step=5 loss=0.0128456 graph_bytes=245240 tokens_per_second=46064.490 microbatches=3 cpu_threads=6 compute=cpu
exported=D:\fyodor-validation\resident-training-cli-20261008\installer-training-cli-verified/train-cli-b018d0b4d04f/cpt-acc-full.gguf

-- step=1 loss=0.0129669 graph_bytes=145861 tokens_per_second=35842.294 microbatches=2 cpu_threads=6 compute=cpu
step=2 loss=2.7495343 graph_bytes=89425 tokens_per_second=36264.733 microbatches=2 cpu_threads=6 compute=cpu
exported=D:\fyodor-validation\resident-training-cli-20261008\installer-training-cli-verified/train-cli-b018d0b4d04f/sft-acc-first.gguf

-- step=3 loss=1.6530106 graph_bytes=145861 tokens_per_second=35523.979 microbatches=2 cpu_threads=6 compute=cpu
step=5 loss=2.7402913 graph_bytes=89425 tokens_per_second=38684.720 microbatches=2 cpu_threads=6 compute=cpu
exported=D:\fyodor-validation\resident-training-cli-20261008\installer-training-cli-verified/train-cli-b018d0b4d04f/sft-acc-resume.gguf

-- step=1 loss=0.0129669 graph_bytes=145861 tokens_per_second=36220.948 microbatches=2 cpu_threads=6 compute=cpu
step=5 loss=2.7402913 graph_bytes=89425 tokens_per_second=37753.657 microbatches=2 cpu_threads=6 compute=cpu
exported=D:\fyodor-validation\resident-training-cli-20261008\installer-training-cli-verified/train-cli-b018d0b4d04f/sft-acc-full.gguf

-- step=1 loss=0.6931472 graph_bytes=262904 tokens_per_second=36344.756 microbatches=2 cpu_threads=6 compute=cpu
step=2 loss=0.6931368 graph_bytes=164213 tokens_per_second=36842.105 microbatches=2 cpu_threads=6 compute=cpu
exported=D:\fyodor-validation\resident-training-cli-20261008\installer-training-cli-verified/train-cli-b018d0b4d04f/dpo-acc-first.gguf

-- step=3 loss=0.6931969 graph_bytes=262904 tokens_per_second=38580.247 microbatches=2 cpu_threads=6 compute=cpu
step=5 loss=0.6923668 graph_bytes=164213 tokens_per_second=35723.399 microbatches=2 cpu_threads=6 compute=cpu
exported=D:\fyodor-validation\resident-training-cli-20261008\installer-training-cli-verified/train-cli-b018d0b4d04f/dpo-acc-resume.gguf

-- step=1 loss=0.6931472 graph_bytes=262904 tokens_per_second=39069.767 microbatches=2 cpu_threads=6 compute=cpu
step=5 loss=0.6923668 graph_bytes=164213 tokens_per_second=38002.172 microbatches=2 cpu_threads=6 compute=cpu
exported=D:\fyodor-validation\resident-training-cli-20261008\installer-training-cli-verified/train-cli-b018d0b4d04f/dpo-acc-full.gguf

-- step=1 loss=5.7443851 graph_bytes=2078600 tokens_per_second=19225.763 microbatches=3 cpu_threads=1 compute=cpu
step=2 loss=5.2967681 graph_bytes=2078600 tokens_per_second=20172.030 microbatches=3 cpu_threads=1 compute=cpu
exported=D:\fyodor-validation\resident-training-cli-20261008\installer-training-cli-verified/train-cli-b018d0b4d04f/parallel-first.gguf

-- step=3 loss=4.9746747 graph_bytes=2078600 tokens_per_second=22636.971 microbatches=3 cpu_threads=3 compute=cpu
step=5 loss=4.5643298 graph_bytes=2078600 tokens_per_second=22131.135 microbatches=3 cpu_threads=3 compute=cpu
exported=D:\fyodor-validation\resident-training-cli-20261008\installer-training-cli-verified/train-cli-b018d0b4d04f/parallel-resumed.gguf

-- step=1 loss=5.7443851 graph_bytes=2078600 tokens_per_second=23830.062 microbatches=3 cpu_threads=6 compute=cpu
step=5 loss=4.5643298 graph_bytes=2078600 tokens_per_second=23813.517 microbatches=3 cpu_threads=6 compute=cpu
exported=D:\fyodor-validation\resident-training-cli-20261008\installer-training-cli-verified/train-cli-b018d0b4d04f/parallel-full.gguf

