-- Optional ROCm C loader enabled; HIP/rocBLAS are discovered at runtime
-- Optional MLX C loader enabled; MLX C/GPU are discovered at runtime
-- CUDA driver/NVRTC provider enabled (C host compiler; runtime CUDA compilation)
-- CUTLASS: this generator cannot compile CUDA C++; use a standalone CUDA/cutlass build. C/NVRTC build retained
-- Configuring done (0.3s)
-- Generating done (0.2s)
-- Build files have been written to: C:/Users/Colin/fyodor/build-cuda
[  2%] Built target nya-mock-vendor
[  4%] Built target nya-mock-missing-vendor
[  7%] Built target nya-make-test-models
[  8%] Building C object backend/CMakeFiles/nya-engine.dir/__/CUDA/cuda.c.obj
[ 12%] Built target nya-test-config
[ 13%] Linking C static library libnya-engine.a
[ 43%] Built target nya-engine
[ 44%] Linking C executable ..\nya-test-vendor.exe
[ 48%] Built target nya-server
[ 49%] Linking C executable ..\fyodor-train.exe
[ 50%] Linking C executable ..\fyodor-bench.exe
[ 51%] Linking C executable ..\nya-test-formats.exe
[ 53%] Built target nya-test-vendor
[ 54%] Built target fyodor-train
[ 55%] Built target fyodor-bench
[ 57%] Linking C executable ..\nya-test-execution.exe
[ 57%] Linking C executable ..\nya-test-generation.exe
[ 59%] Linking C executable ..\nya-test-architectures.exe
[ 60%] Built target nya-test-formats
[ 61%] Linking C executable ..\nya-test-training.exe
[ 62%] Built target nya-test-generation
[ 63%] Built target nya-test-execution
[ 65%] Built target nya-test-architectures
[ 66%] Built target nya-test-training
[ 68%] Linking C executable ..\nya-test-compute.exe
[ 68%] Linking C executable ..\nya-test-pretraining.exe
[ 69%] Linking C executable ..\nya-test-train-runner.exe
[ 71%] Linking C executable ..\nya-test-inference.exe
[ 72%] Built target nya-test-compute
[ 74%] Built target nya-test-pretraining
[ 74%] Built target nya-test-train-runner
[ 75%] Built target nya-test-inference
[ 78%] Linking C executable ..\nya-test-attention.exe
[ 78%] Linking C executable ..\nya-test-quant-kernels.exe
[ 79%] Linking C executable ..\nya-test-kv-precision.exe
[ 80%] Linking C executable ..\nya-test-server.exe
[ 81%] Built target nya-test-kv-precision
[ 83%] Built target nya-test-quant-kernels
[ 84%] Built target nya-test-attention
[ 86%] Linking C executable ..\nya-test-training-device.exe
[ 87%] Built target nya-test-server
[ 89%] Linking C executable ..\nya-test-api.exe
[ 90%] Linking C executable ..\nya-bench-training-device.exe
[ 91%] Building C object backend/CMakeFiles/nya-test-training-elementwise.dir/tests/test_training_elementwise.c.obj
[ 92%] Built target nya-test-training-device
[ 93%] Built target nya-bench-training-device
[ 96%] Built target nya-test-api
[ 97%] Linking C executable ..\fyodor-backend.exe
[ 98%] Linking C executable ..\nya-test-training-elementwise.exe
[100%] Built target fyodor-backend
[100%] Built target nya-test-training-elementwise
