-- Optional ROCm C loader enabled; HIP/rocBLAS are discovered at runtime
-- Optional MLX C loader enabled; MLX C/GPU are discovered at runtime
-- CUDA driver/NVRTC provider enabled (C host compiler; runtime CUDA compilation)
-- CUTLASS: this generator cannot compile CUDA C++; use a standalone CUDA/cutlass build. C/NVRTC build retained
-- Configuring done (0.3s)
-- Generating done (0.2s)
-- Build files have been written to: C:/Users/Colin/fyodor/build-cuda
[  2%] Built target nya-mock-vendor
[  7%] Built target nya-make-test-models
[  7%] Built target nya-mock-missing-vendor
[  8%] Building C object backend/CMakeFiles/nya-engine.dir/core/training_device.c.obj
[  9%] Building C object backend/CMakeFiles/nya-engine.dir/__/CUDA/cuda.c.obj
[ 13%] Built target nya-test-config
[ 14%] Linking C static library libnya-engine.a
[ 44%] Built target nya-engine
[ 45%] Linking C executable ..\fyodor-train.exe
[ 46%] Linking C executable ..\nya-test-vendor.exe
[ 48%] Linking C executable ..\fyodor-bench.exe
[ 51%] Built target nya-server
[ 53%] Linking C executable ..\nya-test-formats.exe
[ 56%] Built target fyodor-train
[ 56%] Built target fyodor-bench
[ 56%] Built target nya-test-vendor
[ 59%] Linking C executable ..\nya-test-execution.exe
[ 59%] Linking C executable ..\nya-test-generation.exe
[ 60%] Linking C executable ..\nya-test-architectures.exe
[ 61%] Built target nya-test-formats
[ 62%] Linking C executable ..\nya-test-training.exe
[ 64%] Built target nya-test-generation
[ 66%] Built target nya-test-execution
[ 66%] Built target nya-test-architectures
[ 67%] Linking C executable ..\nya-test-pretraining.exe
[ 69%] Built target nya-test-training
[ 70%] Linking C executable ..\nya-test-compute.exe
[ 71%] Linking C executable ..\nya-test-train-runner.exe
[ 72%] Linking C executable ..\nya-test-inference.exe
[ 74%] Built target nya-test-compute
[ 75%] Built target nya-test-pretraining
[ 76%] Built target nya-test-train-runner
[ 80%] Linking C executable ..\nya-test-attention.exe
[ 80%] Linking C executable ..\nya-test-quant-kernels.exe
[ 80%] Built target nya-test-inference
[ 81%] Linking C executable ..\nya-test-kv-precision.exe
[ 82%] Linking C executable ..\nya-test-server.exe
[ 85%] Built target nya-test-quant-kernels
[ 85%] Built target nya-test-kv-precision
[ 86%] Built target nya-test-attention
[ 87%] Building C object backend/CMakeFiles/nya-test-training-device.dir/tests/test_training_device.c.obj
[ 90%] Built target nya-test-server
[ 92%] Building C object backend/CMakeFiles/nya-bench-training-device.dir/benchmarks/training_device_bench.c.obj
[ 92%] Linking C executable ..\nya-test-api.exe
[ 93%] Linking C executable ..\fyodor-backend.exe
[ 96%] Built target nya-test-api
[ 97%] Built target fyodor-backend
[ 98%] Linking C executable ..\nya-test-training-device.exe
[ 98%] Built target nya-test-training-device
[100%] Linking C executable ..\nya-bench-training-device.exe
[100%] Built target nya-bench-training-device
