-- step=1 loss=5.5928645 graph_bytes=83520 tokens_per_second=44605.520 microbatches=1 cpu_threads=6
step=10 loss=2.1709392 graph_bytes=73614 tokens_per_second=47361.299 microbatches=1 cpu_threads=6
step=20 loss=0.2151729 graph_bytes=73614 tokens_per_second=46388.337 microbatches=1 cpu_threads=6
step=30 loss=0.0161402 graph_bytes=73614 tokens_per_second=45841.519 microbatches=1 cpu_threads=6
exported=C:\Users\Colin\fyodor\build-train-profile\installer-training-elementwise-verified/train-cli-cc802fa0feb2/first.gguf

-- step=31 loss=0.0128879 graph_bytes=83520 tokens_per_second=46824.700 microbatches=1 cpu_threads=6
step=40 loss=0.0033762 graph_bytes=73614 tokens_per_second=47928.792 microbatches=1 cpu_threads=6
exported=C:\Users\Colin\fyodor\build-train-profile\installer-training-elementwise-verified/train-cli-cc802fa0feb2/resumed.gguf

-- step=1 loss=5.5928645 graph_bytes=83520 tokens_per_second=44555.833 microbatches=1 cpu_threads=6
step=10 loss=2.1709392 graph_bytes=73614 tokens_per_second=47700.170 microbatches=1 cpu_threads=6
step=20 loss=0.2151729 graph_bytes=73614 tokens_per_second=45676.999 microbatches=1 cpu_threads=6
step=30 loss=0.0161402 graph_bytes=73614 tokens_per_second=43143.298 microbatches=1 cpu_threads=6
step=40 loss=0.0033762 graph_bytes=73614 tokens_per_second=46434.495 microbatches=1 cpu_threads=6
exported=C:\Users\Colin\fyodor\build-train-profile\installer-training-elementwise-verified/train-cli-cc802fa0feb2/continuous.gguf

-- step=1 loss=0.0128879 graph_bytes=83520 tokens_per_second=44580.663 microbatches=1 cpu_threads=6
step=4 loss=0.0118464 graph_bytes=73614 tokens_per_second=47090.481 microbatches=1 cpu_threads=6
exported=C:\Users\Colin\fyodor\build-train-profile\installer-training-elementwise-verified/train-cli-cc802fa0feb2/cpt.gguf

-- step=1 loss=0.0130233 graph_bytes=97518 tokens_per_second=28275.212 microbatches=1 cpu_threads=6
step=4 loss=0.0129508 graph_bytes=97518 tokens_per_second=37174.721 microbatches=1 cpu_threads=6
exported=C:\Users\Colin\fyodor\build-train-profile\installer-training-elementwise-verified/train-cli-cc802fa0feb2/sft.gguf

-- step=1 loss=0.6931472 graph_bytes=194700 tokens_per_second=39254.171 microbatches=1 cpu_threads=6
step=4 loss=0.6861237 graph_bytes=194700 tokens_per_second=40927.694 microbatches=1 cpu_threads=6
exported=C:\Users\Colin\fyodor\build-train-profile\installer-training-elementwise-verified/train-cli-cc802fa0feb2/dpo.gguf

-- step=5 loss=0.6826248 graph_bytes=194700 tokens_per_second=37890.749 microbatches=1 cpu_threads=6
step=6 loss=0.6784949 graph_bytes=194700 tokens_per_second=41637.752 microbatches=1 cpu_threads=6
exported=C:\Users\Colin\fyodor\build-train-profile\installer-training-elementwise-verified/train-cli-cc802fa0feb2/dpo-resumed.gguf

-- step=1 loss=0.6931472 graph_bytes=194700 tokens_per_second=39800.995 microbatches=1 cpu_threads=6
step=6 loss=0.6784949 graph_bytes=194700 tokens_per_second=41710.115 microbatches=1 cpu_threads=6
exported=C:\Users\Colin\fyodor\build-train-profile\installer-training-elementwise-verified/train-cli-cc802fa0feb2/dpo-continuous.gguf

-- step=1 loss=5.5952279 graph_bytes=83704 tokens_per_second=57730.924 microbatches=3 cpu_threads=6
step=2 loss=5.5550786 graph_bytes=83704 tokens_per_second=61504.054 microbatches=3 cpu_threads=6
exported=C:\Users\Colin\fyodor\build-train-profile\installer-training-elementwise-verified/train-cli-cc802fa0feb2/pretrain-acc-first.gguf

-- step=3 loss=5.5107813 graph_bytes=83704 tokens_per_second=40013.918 microbatches=3 cpu_threads=6
step=5 loss=5.4275731 graph_bytes=83704 tokens_per_second=60115.003 microbatches=3 cpu_threads=6
exported=C:\Users\Colin\fyodor\build-train-profile\installer-training-elementwise-verified/train-cli-cc802fa0feb2/pretrain-acc-resume.gguf

-- step=1 loss=5.5952279 graph_bytes=83704 tokens_per_second=58272.105 microbatches=3 cpu_threads=6
step=5 loss=5.4275731 graph_bytes=83704 tokens_per_second=60734.090 microbatches=3 cpu_threads=6
exported=C:\Users\Colin\fyodor\build-train-profile\installer-training-elementwise-verified/train-cli-cc802fa0feb2/pretrain-acc-full.gguf

-- step=1 loss=0.0129367 graph_bytes=239432 tokens_per_second=45080.361 microbatches=3 cpu_threads=6
step=2 loss=0.0129710 graph_bytes=239432 tokens_per_second=50028.425 microbatches=3 cpu_threads=6
exported=C:\Users\Colin\fyodor\build-train-profile\installer-training-elementwise-verified/train-cli-cc802fa0feb2/cpt-acc-first.gguf

-- step=3 loss=0.0128974 graph_bytes=239432 tokens_per_second=45120.157 microbatches=3 cpu_threads=6
step=5 loss=0.0128456 graph_bytes=239432 tokens_per_second=49799.719 microbatches=3 cpu_threads=6
exported=C:\Users\Colin\fyodor\build-train-profile\installer-training-elementwise-verified/train-cli-cc802fa0feb2/cpt-acc-resume.gguf

-- step=1 loss=0.0129367 graph_bytes=239432 tokens_per_second=43486.481 microbatches=3 cpu_threads=6
step=5 loss=0.0128456 graph_bytes=239432 tokens_per_second=50185.468 microbatches=3 cpu_threads=6
exported=C:\Users\Colin\fyodor\build-train-profile\installer-training-elementwise-verified/train-cli-cc802fa0feb2/cpt-acc-full.gguf

-- step=1 loss=0.0129669 graph_bytes=140053 tokens_per_second=35756.853 microbatches=2 cpu_threads=6
step=2 loss=2.7495343 graph_bytes=83617 tokens_per_second=34557.235 microbatches=2 cpu_threads=6
exported=C:\Users\Colin\fyodor\build-train-profile\installer-training-elementwise-verified/train-cli-cc802fa0feb2/sft-acc-first.gguf

-- step=3 loss=1.6530106 graph_bytes=140053 tokens_per_second=34748.077 microbatches=2 cpu_threads=6
step=5 loss=2.7402913 graph_bytes=83617 tokens_per_second=39623.576 microbatches=2 cpu_threads=6
exported=C:\Users\Colin\fyodor\build-train-profile\installer-training-elementwise-verified/train-cli-cc802fa0feb2/sft-acc-resume.gguf

-- step=1 loss=0.0129669 graph_bytes=140053 tokens_per_second=39512.677 microbatches=2 cpu_threads=6
step=5 loss=2.7402913 graph_bytes=83617 tokens_per_second=42895.442 microbatches=2 cpu_threads=6
exported=C:\Users\Colin\fyodor\build-train-profile\installer-training-elementwise-verified/train-cli-cc802fa0feb2/sft-acc-full.gguf

-- step=1 loss=0.6931472 graph_bytes=251336 tokens_per_second=45297.670 microbatches=2 cpu_threads=6
step=2 loss=0.6931368 graph_bytes=152645 tokens_per_second=39226.675 microbatches=2 cpu_threads=6
exported=C:\Users\Colin\fyodor\build-train-profile\installer-training-elementwise-verified/train-cli-cc802fa0feb2/dpo-acc-first.gguf

-- step=3 loss=0.6931969 graph_bytes=251336 tokens_per_second=43813.530 microbatches=2 cpu_threads=6
step=5 loss=0.6923668 graph_bytes=152645 tokens_per_second=40556.199 microbatches=2 cpu_threads=6
exported=C:\Users\Colin\fyodor\build-train-profile\installer-training-elementwise-verified/train-cli-cc802fa0feb2/dpo-acc-resume.gguf

-- step=1 loss=0.6931472 graph_bytes=251336 tokens_per_second=44444.445 microbatches=2 cpu_threads=6
step=5 loss=0.6923668 graph_bytes=152645 tokens_per_second=34013.606 microbatches=2 cpu_threads=6
exported=C:\Users\Colin\fyodor\build-train-profile\installer-training-elementwise-verified/train-cli-cc802fa0feb2/dpo-acc-full.gguf

-- step=1 loss=5.7443851 graph_bytes=2075912 tokens_per_second=19993.127 microbatches=3 cpu_threads=1
step=2 loss=5.2967681 graph_bytes=2075912 tokens_per_second=20688.701 microbatches=3 cpu_threads=1
exported=C:\Users\Colin\fyodor\build-train-profile\installer-training-elementwise-verified/train-cli-cc802fa0feb2/parallel-first.gguf

-- step=3 loss=4.9746747 graph_bytes=2075912 tokens_per_second=23868.722 microbatches=3 cpu_threads=3
step=5 loss=4.5643298 graph_bytes=2075912 tokens_per_second=24239.734 microbatches=3 cpu_threads=3
exported=C:\Users\Colin\fyodor\build-train-profile\installer-training-elementwise-verified/train-cli-cc802fa0feb2/parallel-resumed.gguf

-- step=1 loss=5.7443851 graph_bytes=2075912 tokens_per_second=24796.110 microbatches=3 cpu_threads=6
step=5 loss=4.5643298 graph_bytes=2075912 tokens_per_second=25094.990 microbatches=3 cpu_threads=6
exported=C:\Users\Colin\fyodor\build-train-profile\installer-training-elementwise-verified/train-cli-cc802fa0feb2/parallel-full.gguf

