[ 29%] Built target nya-engine
[ 31%] Built target nya-mock-vendor
[ 33%] Built target nya-mock-missing-vendor
[ 35%] Built target nya-make-test-models
[ 38%] Built target nya-test-config
[ 39%] Linking C executable nya-test-execution.exe
[ 40%] Linking C executable nya-test-formats.exe
[ 41%] Linking C executable nya-test-generation.exe
[ 42%] Linking C executable nya-test-architectures.exe
[ 43%] Built target nya-test-formats
[ 44%] Built target nya-test-execution
[ 45%] Built target nya-test-generation
[ 46%] Built target nya-test-architectures
[ 47%] Linking C executable nya-test-training.exe
[ 48%] Linking C executable nya-test-pretraining.exe
[ 49%] Linking C executable nya-test-train-runner.exe
[ 50%] Linking C executable nya-test-compute.exe
[ 51%] Built target nya-test-training
[ 52%] Built target nya-test-train-runner
[ 53%] Built target nya-test-pretraining
[ 54%] Built target nya-test-compute
[ 55%] Linking C executable nya-test-inference.exe
[ 56%] Linking C executable nya-test-quant-kernels.exe
[ 57%] Linking C executable nya-test-attention.exe
[ 58%] Linking C executable nya-test-kv-precision.exe
[ 59%] Built target nya-test-inference
[ 60%] Built target nya-test-quant-kernels
[ 61%] Built target nya-test-attention
[ 62%] Built target nya-test-kv-precision
[ 63%] Linking C executable nya-test-api.exe
[ 64%] Linking C executable nya-test-server.exe
[ 66%] Built target nya-test-training-device
[ 67%] Building C object CMakeFiles/nya-bench-training-device.dir/benchmarks/training_device_bench.c.obj
[ 68%] Building C object CMakeFiles/nya-test-training-elementwise.dir/tests/test_training_elementwise.c.obj
[ 70%] Built target nya-test-api
[ 72%] Built target nya-test-server
[ 73%] Building C object CMakeFiles/nya-test-training-norm.dir/tests/test_training_norm.c.obj
[ 74%] Building C object CMakeFiles/nya-test-training-optimizer.dir/tests/test_training_optimizer.c.obj
[ 75%] Linking C executable nya-test-training-elementwise.exe
[ 76%] Linking C executable nya-test-training-norm.exe
[ 76%] Built target nya-test-training-elementwise
[ 77%] Linking C executable nya-test-training-optimizer.exe
[ 77%] Built target nya-test-training-norm
[ 78%] Building C object CMakeFiles/nya-test-training-session.dir/tests/test_training_session.c.obj
[ 79%] Linking C executable nya-bench-training-device.exe
[ 79%] Built target nya-test-training-optimizer
[ 81%] Built target nya-test-training-graph
[ 81%] Built target nya-bench-training-device
[ 82%] Building C object CMakeFiles/nya-test-training-loss.dir/tests/test_training_loss.c.obj
[ 83%] Linking C executable nya-test-training-session.exe
[ 84%] Building C object CMakeFiles/nya-test-training-attention.dir/tests/test_training_attention.c.obj
[ 85%] Building C object CMakeFiles/nya-test-training-rope.dir/tests/test_training_rope.c.obj
[ 86%] Linking C executable nya-test-training-loss.exe
[ 86%] Built target nya-test-training-session
[ 87%] Linking C executable nya-test-training-attention.exe
[ 89%] Linking C executable nya-test-training-rope.exe
[ 89%] Building C object CMakeFiles/nya-test-training-embedding.dir/tests/test_training_embedding.c.obj
[ 89%] Built target nya-test-training-loss
[ 89%] Built target nya-test-training-attention
[ 89%] Built target nya-test-training-rope
[ 90%] Linking C executable nya-test-training-embedding.exe
[ 93%] Built target nya-server
[ 94%] Linking C executable fyodor-train.exe
[ 95%] Linking C executable fyodor-bench.exe
[ 95%] Built target nya-test-training-embedding
[ 96%] Linking C executable nya-test-vendor.exe
[ 97%] Built target fyodor-train
[ 98%] Built target fyodor-bench
[ 99%] Linking C executable fyodor-backend.exe
[100%] Built target nya-test-vendor
[100%] Built target fyodor-backend
