[  2%] Built target nya-mock-vendor
[ 35%] Built target nya-engine
[ 38%] Built target nya-mock-missing-vendor
[ 40%] Built target nya-make-test-models
[ 45%] Built target nya-test-config
[ 49%] Built target nya-server
[ 52%] Built target fyodor-train
[ 54%] Built target fyodor-bench
[ 57%] Built target nya-test-vendor
[ 60%] Built target nya-test-formats
[ 63%] Built target nya-test-execution
[ 66%] Built target nya-test-generation
[ 69%] Built target nya-test-architectures
[ 71%] Built target nya-test-training
[ 74%] Built target nya-test-pretraining
[ 77%] Built target nya-test-compute
[ 80%] Built target nya-test-inference
[ 83%] Built target nya-test-quant-kernels
[ 85%] Built target nya-test-attention
[ 88%] Built target nya-test-kv-precision
[ 92%] Built target nya-test-server
[ 97%] Built target nya-test-api
[100%] Built target fyodor-backend
