[  2%] Built target nya-make-test-models
[  8%] Built target nya-mock-missing-vendor
[  8%] Built target nya-mock-vendor
[  9%] Building C object CMakeFiles/nya-engine.dir/core/llm_cpu.c.obj
[ 14%] Built target nya-test-config
[ 15%] Linking C static library libnya-engine.a
[ 45%] Built target nya-engine
[ 49%] Built target nya-server
[ 50%] Linking C executable fyodor-train.exe
[ 52%] Linking C executable nya-test-vendor.exe
[ 53%] Linking C executable fyodor-bench.exe
[ 54%] Linking C executable nya-test-formats.exe
[ 56%] Built target nya-test-vendor
[ 57%] Built target nya-test-formats
[ 60%] Built target fyodor-train
[ 60%] Built target fyodor-bench
[ 61%] Linking C executable nya-test-execution.exe
[ 63%] Linking C executable nya-test-generation.exe
[ 64%] Building C object CMakeFiles/nya-test-architectures.dir/tests/test_architectures.c.obj
[ 66%] Linking C executable nya-test-training.exe
[ 67%] Built target nya-test-execution
[ 69%] Built target nya-test-generation
[ 70%] Built target nya-test-training
[ 71%] Building C object CMakeFiles/nya-test-pretraining.dir/tests/test_pretraining.c.obj
[ 73%] Linking C executable nya-test-compute.exe
[ 74%] Linking C executable nya-test-inference.exe
[ 76%] Linking C executable nya-test-architectures.exe
[ 77%] Built target nya-test-compute
[ 78%] Built target nya-test-inference
[ 78%] Built target nya-test-architectures
[ 80%] Linking C executable nya-test-pretraining.exe
[ 81%] Linking C executable nya-test-quant-kernels.exe
[ 83%] Linking C executable nya-test-attention.exe
[ 84%] Linking C executable nya-test-kv-precision.exe
[ 84%] Built target nya-test-pretraining
[ 87%] Built target nya-test-quant-kernels
[ 87%] Built target nya-test-attention
[ 88%] Linking C executable nya-test-server.exe
[ 90%] Linking C executable nya-test-api.exe
[ 91%] Linking C executable fyodor-backend.exe
[ 92%] Built target nya-test-kv-precision
[ 95%] Built target nya-test-api
[100%] Built target fyodor-backend
[100%] Built target nya-test-server
