-- Optional ROCm C loader enabled; HIP/rocBLAS are discovered at runtime
-- Optional MLX C loader enabled; MLX C/GPU are discovered at runtime
-- Configuring done (0.2s)
-- Generating done (1.0s)
-- Build files have been written to: C:/Users/Colin/fyodor/build-ort
[  2%] Built target nya-mock-vendor
[  5%] Built target nya-mock-missing-vendor
[  8%] Built target nya-make-test-models
[  9%] Building C object CMakeFiles/nya-engine.dir/core/training.c.obj
[ 14%] Built target nya-test-config
[ 15%] Linking C static library libnya-engine.a
[ 45%] Built target nya-engine
[ 46%] Building C object CMakeFiles/fyodor-train.dir/core/train_main.c.obj
[ 50%] Built target nya-server
[ 52%] Linking C executable fyodor-bench.exe
[ 53%] Linking C executable nya-test-vendor.exe
[ 54%] Linking C executable nya-test-formats.exe
[ 56%] Built target fyodor-bench
[ 57%] Built target nya-test-vendor
[ 59%] Linking C executable nya-test-execution.exe
[ 60%] Built target nya-test-formats
[ 61%] Linking C executable nya-test-generation.exe
[ 63%] Linking C executable nya-test-architectures.exe
[ 64%] Built target nya-test-generation
[ 66%] Built target nya-test-execution
[ 67%] Linking C executable fyodor-train.exe
[ 70%] Built target nya-test-architectures
[ 70%] Building C object CMakeFiles/nya-test-training.dir/tests/test_training.c.obj
[ 71%] Linking C executable nya-test-pretraining.exe
[ 73%] Linking C executable nya-test-compute.exe
[ 73%] Built target fyodor-train
[ 74%] Built target nya-test-pretraining
[ 76%] Built target nya-test-compute
[ 77%] Linking C executable nya-test-inference.exe
[ 78%] Linking C executable nya-test-quant-kernels.exe
[ 80%] Linking C executable nya-test-training.exe
[ 81%] Linking C executable nya-test-attention.exe
[ 83%] Built target nya-test-inference
[ 84%] Built target nya-test-quant-kernels
[ 84%] Built target nya-test-training
[ 85%] Built target nya-test-attention
[ 87%] Linking C executable nya-test-kv-precision.exe
[ 88%] Linking C executable nya-test-server.exe
[ 90%] Linking C executable nya-test-api.exe
[ 91%] Linking C executable fyodor-backend.exe
[ 92%] Built target nya-test-kv-precision
[ 95%] Built target nya-test-server
[ 98%] Built target nya-test-api
[100%] Built target fyodor-backend
