-- Optional ROCm C loader enabled; HIP/rocBLAS are discovered at runtime
-- Optional MLX C loader enabled; MLX C/GPU are discovered at runtime
-- Configuring done (0.7s)
-- Generating done (1.1s)
-- Build files have been written to: C:/Users/Colin/fyodor/build-sanitize
[  2%] Built target nya-make-test-models
[  5%] Built target nya-mock-missing-vendor
[  8%] Built target nya-mock-vendor
[ 12%] Built target nya-test-config
[ 14%] Building C object CMakeFiles/nya-engine.dir/core/training.c.obj
[ 15%] Linking C static library libnya-engine.a
[ 45%] Built target nya-engine
[ 46%] Building C object CMakeFiles/fyodor-train.dir/core/train_main.c.obj
[ 47%] Linking C executable nya-test-vendor.exe
[ 49%] Linking C executable fyodor-bench.exe
[ 53%] Built target nya-server
[ 54%] Linking C executable nya-test-formats.exe
[ 56%] Built target nya-test-vendor
[ 59%] Built target fyodor-bench
[ 59%] Built target nya-test-formats
[ 60%] Linking C executable nya-test-execution.exe
[ 63%] Linking C executable nya-test-generation.exe
[ 63%] Linking C executable fyodor-train.exe
[ 64%] Linking C executable nya-test-architectures.exe
[ 64%] Built target fyodor-train
[ 66%] Built target nya-test-execution
[ 67%] Built target nya-test-architectures
[ 69%] Built target nya-test-generation
[ 70%] Building C object CMakeFiles/nya-test-training.dir/tests/test_training.c.obj
[ 71%] Linking C executable nya-test-pretraining.exe
[ 73%] Linking C executable nya-test-compute.exe
[ 74%] Linking C executable nya-test-inference.exe
[ 76%] Linking C executable nya-test-training.exe
[ 77%] Built target nya-test-pretraining
[ 78%] Built target nya-test-compute
[ 80%] Built target nya-test-inference
[ 81%] Linking C executable nya-test-quant-kernels.exe
[ 83%] Linking C executable nya-test-attention.exe
[ 83%] Built target nya-test-training
[ 84%] Linking C executable nya-test-kv-precision.exe
[ 85%] Linking C executable nya-test-server.exe
[ 87%] Built target nya-test-quant-kernels
[ 88%] Built target nya-test-attention
[ 90%] Built target nya-test-kv-precision
[ 91%] Linking C executable nya-test-api.exe
[ 94%] Built target nya-test-server
[ 95%] Linking C executable fyodor-backend.exe
[ 98%] Built target nya-test-api
[100%] Built target fyodor-backend
