[  2%] Built target nya-mock-vendor
[ 36%] Built target nya-engine
[ 39%] Built target nya-mock-missing-vendor
[ 42%] Built target nya-make-test-models
[ 46%] Built target nya-test-config
[ 50%] Built target nya-server
[ 53%] Built target fyodor-train
[ 56%] Built target fyodor-bench
[ 58%] Built target nya-test-vendor
[ 61%] Built target nya-test-formats
[ 64%] Built target nya-test-execution
[ 67%] Built target nya-test-generation
[ 69%] Built target nya-test-architectures
[ 72%] Built target nya-test-training
[ 75%] Built target nya-test-pretraining
[ 78%] Built target nya-test-compute
[ 79%] Linking C executable ..\nya-test-inference.exe
[ 82%] Built target nya-test-quant-kernels
[ 83%] Linking C executable ..\nya-test-attention.exe
[ 84%] Linking C executable ..\nya-test-kv-precision.exe
[ 86%] Linking C executable ..\nya-test-server.exe
[ 87%] Built target nya-test-inference
[ 89%] Built target nya-test-kv-precision
[ 90%] Built target nya-test-attention
[ 93%] Linking C executable ..\nya-test-api.exe
[ 93%] Linking C executable ..\fyodor-backend.exe
[ 95%] Built target nya-test-server
[ 98%] Built target nya-test-api
[100%] Built target fyodor-backend
