[  1%] Building C object backend/CMakeFiles/nya-engine.dir/core/llm_cpu.c.obj
[  4%] Built target nya-mock-vendor
[  7%] Built target nya-mock-missing-vendor
[  9%] Built target nya-make-test-models
[ 14%] Built target nya-test-config
[ 15%] Linking C static library libnya-engine.a
[ 45%] Built target nya-engine
[ 46%] Linking C executable ..\fyodor-train.exe
[ 50%] Built target nya-server
[ 52%] Linking C executable ..\fyodor-bench.exe
[ 53%] Linking C executable ..\nya-test-vendor.exe
[ 54%] Linking C executable ..\nya-test-formats.exe
[ 56%] Built target fyodor-train
[ 57%] Built target fyodor-bench
[ 59%] Built target nya-test-vendor
[ 61%] Linking C executable ..\nya-test-execution.exe
[ 61%] Built target nya-test-formats
[ 64%] Linking C executable ..\nya-test-generation.exe
[ 64%] Building C object backend/CMakeFiles/nya-test-architectures.dir/tests/test_architectures.c.obj
[ 66%] Linking C executable ..\nya-test-training.exe
[ 67%] Built target nya-test-generation
[ 69%] Built target nya-test-execution
[ 70%] Built target nya-test-training
[ 71%] Building C object backend/CMakeFiles/nya-test-pretraining.dir/tests/test_pretraining.c.obj
[ 73%] Linking C executable ..\nya-test-compute.exe
[ 74%] Linking C executable ..\nya-test-inference.exe
[ 76%] Built target nya-test-compute
[ 77%] Built target nya-test-inference
[ 78%] Linking C executable ..\nya-test-quant-kernels.exe
[ 80%] Linking C executable ..\nya-test-attention.exe
[ 81%] Built target nya-test-quant-kernels
[ 83%] Built target nya-test-attention
[ 84%] Linking C executable ..\nya-test-kv-precision.exe
[ 85%] Linking C executable ..\nya-test-server.exe
[ 87%] Built target nya-test-kv-precision
[ 88%] Linking C executable ..\nya-test-api.exe
[ 91%] Built target nya-test-server
[ 92%] Linking C executable ..\fyodor-backend.exe
[ 95%] Built target nya-test-api
[ 97%] Linking C executable ..\nya-test-architectures.exe
[ 98%] Linking C executable ..\nya-test-pretraining.exe
[100%] Built target fyodor-backend
[100%] Built target nya-test-architectures
[100%] Built target nya-test-pretraining
