[  2%] Built target nya-mock-vendor
[  8%] Built target nya-make-test-models
[  8%] Built target nya-mock-missing-vendor
[  9%] Building C object CMakeFiles/nya-engine.dir/core/llm_quant.c.obj
[ 11%] Building C object CMakeFiles/nya-engine.dir/core/training.c.obj
[ 15%] Built target nya-test-config
[ 16%] Linking C static library libnya-engine.a
[ 45%] Built target nya-engine
[ 49%] Built target nya-server
[ 50%] Linking C executable fyodor-bench.exe
[ 53%] Linking C executable fyodor-train.exe
[ 53%] Linking C executable nya-test-vendor.exe
[ 54%] Linking C executable nya-test-formats.exe
[ 56%] Built target nya-test-vendor
[ 57%] Built target fyodor-train
[ 59%] Built target fyodor-bench
[ 60%] Built target nya-test-formats
[ 61%] Linking C executable nya-test-generation.exe
[ 63%] Linking C executable nya-test-execution.exe
[ 64%] Linking C executable nya-test-architectures.exe
[ 66%] Building C object CMakeFiles/nya-test-training.dir/tests/test_training.c.obj
[ 67%] Built target nya-test-execution
[ 69%] Built target nya-test-generation
[ 70%] Built target nya-test-architectures
[ 71%] Linking C executable nya-test-training.exe
[ 73%] Linking C executable nya-test-pretraining.exe
[ 74%] Linking C executable nya-test-compute.exe
[ 76%] Linking C executable nya-test-inference.exe
[ 76%] Built target nya-test-training
[ 77%] Built target nya-test-compute
[ 78%] Built target nya-test-pretraining
[ 81%] Linking C executable nya-test-quant-kernels.exe
[ 81%] Built target nya-test-inference
[ 83%] Linking C executable nya-test-kv-precision.exe
[ 84%] Linking C executable nya-test-attention.exe
[ 85%] Linking C executable nya-test-server.exe
[ 87%] Built target nya-test-quant-kernels
[ 88%] Built target nya-test-attention
[ 90%] Built target nya-test-kv-precision
[ 92%] Built target nya-test-server
[ 94%] Linking C executable nya-test-api.exe
[ 95%] Linking C executable fyodor-backend.exe
[ 98%] Built target nya-test-api
[100%] Built target fyodor-backend
