-- Optional ROCm C loader enabled; HIP/rocBLAS are discovered at runtime
-- Optional MLX C loader enabled; MLX C/GPU are discovered at runtime
-- CUDA driver/NVRTC provider enabled (C host compiler; runtime CUDA compilation)
-- CUTLASS: this generator cannot compile CUDA C++; use a standalone CUDA/cutlass build. C/NVRTC build retained
-- Configuring done (0.3s)
-- Generating done (1.0s)
-- Build files have been written to: C:/Users/Colin/fyodor/build-cuda-c23
[  2%] Built target nya-mock-vendor
[  5%] Built target nya-mock-missing-vendor
[  8%] Built target nya-make-test-models
[  9%] Building C object backend/CMakeFiles/nya-engine.dir/core/llm_cpu.c.obj
[ 10%] Building C object backend/CMakeFiles/nya-engine.dir/__/CUDA/cuda.c.obj
[ 15%] Built target nya-test-config
[ 16%] Linking C static library libnya-engine.a
[ 46%] Built target nya-engine
[ 50%] Built target nya-server
[ 53%] Linking C executable ..\nya-test-vendor.exe
[ 54%] Linking C executable ..\fyodor-bench.exe
[ 54%] Linking C executable ..\fyodor-train.exe
[ 56%] Linking C executable ..\nya-test-formats.exe
[ 57%] Built target nya-test-vendor
[ 58%] Built target fyodor-train
[ 60%] Built target fyodor-bench
[ 61%] Built target nya-test-formats
[ 63%] Linking C executable ..\nya-test-execution.exe
[ 64%] Linking C executable ..\nya-test-generation.exe
[ 65%] Building C object backend/CMakeFiles/nya-test-architectures.dir/tests/test_architectures.c.obj
[ 67%] Linking C executable ..\nya-test-training.exe
[ 68%] Built target nya-test-execution
[ 69%] Built target nya-test-generation
[ 71%] Built target nya-test-training
[ 72%] Building C object backend/CMakeFiles/nya-test-pretraining.dir/tests/test_pretraining.c.obj
[ 73%] Linking C executable ..\nya-test-compute.exe
[ 75%] Linking C executable ..\nya-test-inference.exe
[ 76%] Built target nya-test-compute
[ 78%] Built target nya-test-inference
[ 79%] Linking C executable ..\nya-test-quant-kernels.exe
[ 80%] Linking C executable ..\nya-test-attention.exe
[ 82%] Built target nya-test-quant-kernels
[ 83%] Built target nya-test-attention
[ 84%] Linking C executable ..\nya-test-kv-precision.exe
[ 86%] Linking C executable ..\nya-test-server.exe
[ 87%] Built target nya-test-kv-precision
[ 90%] Built target nya-test-server
[ 91%] Linking C executable ..\nya-test-api.exe
[ 93%] Linking C executable ..\fyodor-backend.exe
[ 95%] Built target nya-test-api
[ 97%] Built target fyodor-backend
[ 98%] Linking C executable ..\nya-test-pretraining.exe
[100%] Linking C executable ..\nya-test-architectures.exe
[100%] Built target nya-test-pretraining
[100%] Built target nya-test-architectures
