-- Optional ROCm C loader enabled; HIP/rocBLAS are discovered at runtime
-- Optional MLX C loader enabled; MLX C/GPU are discovered at runtime
-- CUDA driver/NVRTC provider enabled (C host compiler; runtime CUDA compilation)
-- CUTLASS: this generator cannot compile CUDA C++; use a standalone CUDA/cutlass build. C/NVRTC build retained
-- Configuring done (0.3s)
-- Generating done (1.0s)
-- Build files have been written to: C:/Users/Colin/fyodor/build-cuda-c23
[  2%] Built target nya-mock-vendor
[  5%] Built target nya-make-test-models
[  8%] Built target nya-mock-missing-vendor
[  9%] Building C object backend/CMakeFiles/nya-engine.dir/core/training.c.obj
[ 10%] Building C object backend/CMakeFiles/nya-engine.dir/__/CUDA/cuda.c.obj
[ 15%] Built target nya-test-config
[ 16%] Linking C static library libnya-engine.a
[ 46%] Built target nya-engine
[ 47%] Building C object backend/CMakeFiles/fyodor-train.dir/core/train_main.c.obj
[ 52%] Built target nya-server
[ 54%] Linking C executable ..\nya-test-vendor.exe
[ 54%] Linking C executable ..\fyodor-bench.exe
[ 56%] Built target nya-test-vendor
[ 57%] Linking C executable ..\nya-test-formats.exe
[ 58%] Built target fyodor-bench
[ 60%] Linking C executable ..\nya-test-execution.exe
[ 61%] Linking C executable ..\nya-test-generation.exe
[ 63%] Built target nya-test-formats
[ 64%] Built target nya-test-execution
[ 65%] Built target nya-test-generation
[ 67%] Linking C executable ..\nya-test-architectures.exe
[ 68%] Linking C executable ..\fyodor-train.exe
[ 69%] Linking C executable ..\nya-test-pretraining.exe
[ 71%] Building C object backend/CMakeFiles/nya-test-training.dir/tests/test_training.c.obj
[ 72%] Built target nya-test-architectures
[ 72%] Built target fyodor-train
[ 73%] Built target nya-test-pretraining
[ 75%] Linking C executable ..\nya-test-compute.exe
[ 76%] Linking C executable ..\nya-test-inference.exe
[ 78%] Linking C executable ..\nya-test-quant-kernels.exe
[ 79%] Linking C executable ..\nya-test-training.exe
[ 80%] Built target nya-test-compute
[ 82%] Built target nya-test-inference
[ 83%] Built target nya-test-quant-kernels
[ 83%] Built target nya-test-training
[ 84%] Linking C executable ..\nya-test-attention.exe
[ 86%] Linking C executable ..\nya-test-kv-precision.exe
[ 87%] Linking C executable ..\nya-test-server.exe
[ 89%] Linking C executable ..\nya-test-api.exe
[ 90%] Built target nya-test-kv-precision
[ 91%] Built target nya-test-attention
[ 94%] Built target nya-test-server
[ 95%] Linking C executable ..\fyodor-backend.exe
[ 98%] Built target nya-test-api
[100%] Built target fyodor-backend
