[  2%] Built target nya-mock-vendor
[  5%] Built target nya-mock-missing-vendor
[  9%] Built target nya-make-test-models
[  9%] Building C object backend/CMakeFiles/nya-engine.dir/core/llm_quant.c.obj
[ 10%] Building C object backend/CMakeFiles/nya-engine.dir/core/training.c.obj
[ 15%] Built target nya-test-config
[ 16%] Linking C static library libnya-engine.a
[ 46%] Built target nya-engine
[ 47%] Linking C executable ..\fyodor-train.exe
[ 52%] Built target nya-server
[ 53%] Linking C executable ..\nya-test-vendor.exe
[ 54%] Linking C executable ..\fyodor-bench.exe
[ 56%] Linking C executable ..\nya-test-formats.exe
[ 57%] Built target fyodor-train
[ 58%] Built target nya-test-vendor
[ 60%] Built target fyodor-bench
[ 61%] Linking C executable ..\nya-test-execution.exe
[ 63%] Linking C executable ..\nya-test-generation.exe
[ 64%] Linking C executable ..\nya-test-architectures.exe
[ 65%] Built target nya-test-formats
[ 67%] Building C object backend/CMakeFiles/nya-test-training.dir/tests/test_training.c.obj
[ 68%] Built target nya-test-execution
[ 69%] Built target nya-test-architectures
[ 71%] Built target nya-test-generation
[ 72%] Linking C executable ..\nya-test-compute.exe
[ 73%] Linking C executable ..\nya-test-pretraining.exe
[ 75%] Linking C executable ..\nya-test-inference.exe
[ 76%] Built target nya-test-compute
[ 78%] Built target nya-test-pretraining
[ 79%] Built target nya-test-inference
[ 80%] Linking C executable ..\nya-test-training.exe
[ 82%] Linking C executable ..\nya-test-quant-kernels.exe
[ 83%] Linking C executable ..\nya-test-attention.exe
[ 84%] Linking C executable ..\nya-test-kv-precision.exe
[ 84%] Built target nya-test-training
[ 86%] Built target nya-test-quant-kernels
[ 87%] Built target nya-test-attention
[ 89%] Built target nya-test-kv-precision
[ 90%] Linking C executable ..\nya-test-server.exe
[ 91%] Linking C executable ..\fyodor-backend.exe
[ 93%] Linking C executable ..\nya-test-api.exe
[ 94%] Built target fyodor-backend
[ 97%] Built target nya-test-server
[100%] Built target nya-test-api
