-- Optional ROCm C loader enabled; HIP/rocBLAS are discovered at runtime
-- Optional MLX C loader enabled; MLX C/GPU are discovered at runtime
-- CUDA driver/NVRTC provider enabled (C host compiler; runtime CUDA compilation)
-- CUTLASS: this generator cannot compile CUDA C++; use a standalone CUDA/cutlass build. C/NVRTC build retained
-- Configuring done (0.1s)
-- Generating done (0.6s)
-- Build files have been written to: C:/Users/Colin/fyodor/build-cuda
[  2%] Built target nya-mock-vendor
[  5%] Building C object backend/CMakeFiles/nya-engine.dir/__/CUDA/cuda.c.obj
[  6%] Built target nya-mock-missing-vendor
[  9%] Built target nya-make-test-models
[ 13%] Built target nya-test-config
[ 15%] Linking C static library libnya-engine.a
[ 46%] Built target nya-engine
[ 50%] Built target nya-server
[ 52%] Linking C executable ..\fyodor-train.exe
[ 54%] Linking C executable ..\fyodor-bench.exe
[ 54%] Linking C executable ..\nya-test-vendor.exe
[ 56%] Linking C executable ..\nya-test-formats.exe
[ 57%] Built target fyodor-bench
[ 58%] Built target fyodor-train
[ 60%] Built target nya-test-vendor
[ 61%] Linking C executable ..\nya-test-execution.exe
[ 63%] Built target nya-test-formats
[ 64%] Linking C executable ..\nya-test-architectures.exe
[ 65%] Linking C executable ..\nya-test-generation.exe
[ 67%] Linking C executable ..\nya-test-training.exe
[ 68%] Built target nya-test-execution
[ 69%] Built target nya-test-generation
[ 71%] Built target nya-test-architectures
[ 72%] Linking C executable ..\nya-test-pretraining.exe
[ 73%] Built target nya-test-training
[ 75%] Linking C executable ..\nya-test-compute.exe
[ 76%] Linking C executable ..\nya-test-inference.exe
C:\Users\Colin\fyodor\.tools\w64devkit\bin/ld.exe: cannot open output file ..\nya-test-inference.exe: Permission denied
collect2.exe: error: ld returned 1 exit status
[ 78%] Linking C executable ..\nya-test-quant-kernels.exe
make[2]: *** [backend\CMakeFiles\nya-test-inference.dir\build.make:104: nya-test-inference.exe] Error 1
make[1]: *** [CMakeFiles\Makefile2:1892: backend/CMakeFiles/nya-test-inference.dir/all] Error 2
make[1]: *** Waiting for unfinished jobs....
[ 79%] Built target nya-test-pretraining
[ 80%] Built target nya-test-compute
[ 82%] Built target nya-test-quant-kernels
make: *** [Makefile:100: all] Error 2
