-- Optional ROCm C loader enabled; HIP/rocBLAS are discovered at runtime
-- Optional MLX C loader enabled; MLX C/GPU are discovered at runtime
-- CUDA driver/NVRTC provider enabled (C host compiler; runtime CUDA compilation)
-- CUTLASS: this generator cannot compile CUDA C++; use a standalone CUDA/cutlass build. C/NVRTC build retained
-- Configuring done (0.3s)
-- Generating done (0.7s)
-- Build files have been written to: C:/Users/Colin/fyodor/build-cuda
[  2%] Built target nya-mock-vendor
[  5%] Built target nya-mock-missing-vendor
[  6%] Building C object backend/CMakeFiles/nya-engine.dir/__/CUDA/cuda.c.obj
[  9%] Built target nya-make-test-models
[ 13%] Built target nya-test-config
[ 15%] Linking C static library libnya-engine.a
[ 46%] Built target nya-engine
[ 47%] Linking C executable ..\fyodor-train.exe
[ 52%] Built target nya-server
[ 53%] Linking C executable ..\fyodor-bench.exe
[ 54%] Linking C executable ..\nya-test-vendor.exe
[ 56%] Linking C executable ..\nya-test-formats.exe
[ 57%] Built target fyodor-train
[ 58%] Built target fyodor-bench
[ 60%] Built target nya-test-vendor
[ 61%] Linking C executable ..\nya-test-execution.exe
[ 63%] Built target nya-test-formats
[ 64%] Linking C executable ..\nya-test-generation.exe
[ 65%] Linking C executable ..\nya-test-architectures.exe
[ 67%] Linking C executable ..\nya-test-training.exe
[ 68%] Built target nya-test-execution
[ 69%] Built target nya-test-architectures
[ 71%] Built target nya-test-generation
[ 72%] Linking C executable ..\nya-test-pretraining.exe
[ 73%] Built target nya-test-training
[ 75%] Linking C executable ..\nya-test-compute.exe
[ 76%] Linking C executable ..\nya-test-inference.exe
[ 78%] Linking C executable ..\nya-test-quant-kernels.exe
[ 79%] Built target nya-test-pretraining
[ 80%] Built target nya-test-compute
[ 82%] Built target nya-test-inference
[ 83%] Built target nya-test-quant-kernels
[ 84%] Linking C executable ..\nya-test-attention.exe
[ 86%] Linking C executable ..\nya-test-kv-precision.exe
[ 87%] Linking C executable ..\nya-test-server.exe
[ 89%] Linking C executable ..\nya-test-api.exe
[ 90%] Built target nya-test-attention
[ 91%] Built target nya-test-kv-precision
[ 94%] Built target nya-test-server
[ 97%] Built target nya-test-api
[ 98%] Linking C executable ..\fyodor-backend.exe
[100%] Built target fyodor-backend
