[  1%] Building C object backend/CMakeFiles/nya-mock-vendor.dir/tests/mock_vendor.c.obj
[  2%] Building C object backend/CMakeFiles/nya-engine.dir/core/cpu_backend.c.obj
[  4%] Building C object backend/CMakeFiles/nya-mock-missing-vendor.dir/tests/mock_vendor.c.obj
[  5%] Building C object backend/CMakeFiles/nya-make-test-models.dir/tests/make_test_models.c.obj
[  6%] Linking C executable ..\nya-make-test-models.exe
[  8%] Linking C shared library ..\libnya-mock-vendor.dll
[  9%] Linking C shared library ..\libnya-mock-missing-vendor.dll
[  9%] Built target nya-make-test-models
[  9%] Built target nya-mock-missing-vendor
[  9%] Built target nya-mock-vendor
[ 10%] Building C object backend/CMakeFiles/nya-engine.dir/core/cpu_kernels.c.obj
[ 12%] Building C object backend/CMakeFiles/nya-engine.dir/core/llm_quant.c.obj
[ 13%] Building C object backend/CMakeFiles/nya-engine.dir/core/thread.c.obj
[ 15%] Building C object backend/CMakeFiles/nya-engine.dir/core/vendor.c.obj
[ 16%] Building C object backend/CMakeFiles/nya-test-config.dir/tests/test_config.c.obj
[ 17%] Building C object backend/CMakeFiles/nya-test-config.dir/core/config.c.obj
[ 19%] Building C object backend/CMakeFiles/nya-engine.dir/core/compute.c.obj
[ 20%] Linking C executable ..\nya-test-config.exe
[ 21%] Building C object backend/CMakeFiles/nya-engine.dir/core/execution.c.obj
[ 23%] Building C object backend/CMakeFiles/nya-engine.dir/core/generation.c.obj
[ 24%] Building C object backend/CMakeFiles/nya-engine.dir/core/file.c.obj
[ 24%] Built target nya-test-config
[ 26%] Building C object backend/CMakeFiles/nya-engine.dir/core/format.c.obj
[ 27%] Building C object backend/CMakeFiles/nya-engine.dir/core/format_gguf.c.obj
[ 28%] Building C object backend/CMakeFiles/nya-engine.dir/core/format_onnx.c.obj
[ 30%] Building C object backend/CMakeFiles/nya-engine.dir/core/format_safetensors.c.obj
[ 31%] Building C object backend/CMakeFiles/nya-engine.dir/core/llm_cpu.c.obj
[ 32%] Building C object backend/CMakeFiles/nya-engine.dir/core/llm_gguf.c.obj
[ 34%] Building C object backend/CMakeFiles/nya-engine.dir/core/multimodal.c.obj
[ 35%] Building C object backend/CMakeFiles/nya-engine.dir/core/model.c.obj
[ 36%] Building C object backend/CMakeFiles/nya-engine.dir/core/runtime.c.obj
[ 38%] Building C object backend/CMakeFiles/nya-engine.dir/core/training.c.obj
[ 39%] Building C object backend/CMakeFiles/nya-engine.dir/core/pretraining.c.obj
[ 41%] Building C object backend/CMakeFiles/nya-engine.dir/vulkan/vulkan.c.obj
[ 42%] Building C object backend/CMakeFiles/nya-engine.dir/__/rocm/rocm.c.obj
[ 43%] Building C object backend/CMakeFiles/nya-engine.dir/__/mlx/mlx.c.obj
[ 45%] Building C object backend/CMakeFiles/nya-engine.dir/__/CUDA/cuda.c.obj
[ 46%] Linking C static library libnya-engine.a
[ 46%] Built target nya-engine
[ 47%] Building C object backend/CMakeFiles/nya-server.dir/core/config.c.obj
[ 49%] Building C object backend/CMakeFiles/fyodor-train.dir/core/train_main.c.obj
[ 50%] Building C object backend/CMakeFiles/fyodor-bench.dir/core/bench_main.c.obj
[ 52%] Building C object backend/CMakeFiles/nya-test-vendor.dir/tests/test_vendor.c.obj
[ 53%] Linking C executable ..\nya-test-vendor.exe
[ 54%] Building C object backend/CMakeFiles/nya-server.dir/core/server.c.obj
[ 54%] Built target nya-test-vendor
[ 56%] Building C object backend/CMakeFiles/nya-test-formats.dir/tests/test_formats.c.obj
[ 57%] Linking C executable ..\fyodor-bench.exe
[ 58%] Linking C executable ..\fyodor-train.exe
[ 58%] Built target fyodor-bench
[ 58%] Built target fyodor-train
[ 60%] Building C object backend/CMakeFiles/nya-test-execution.dir/tests/test_execution.c.obj
[ 61%] Building C object backend/CMakeFiles/nya-test-generation.dir/tests/test_generation.c.obj
[ 63%] Linking C executable ..\nya-test-execution.exe
[ 64%] Linking C executable ..\nya-test-formats.exe
[ 64%] Built target nya-test-execution
[ 65%] Linking C executable ..\nya-test-generation.exe
[ 65%] Built target nya-test-formats
[ 67%] Linking C static library libnya-server.a
[ 68%] Building C object backend/CMakeFiles/nya-test-architectures.dir/tests/test_architectures.c.obj
[ 69%] Building C object backend/CMakeFiles/nya-test-training.dir/tests/test_training.c.obj
[ 69%] Built target nya-test-generation
[ 69%] Built target nya-server
[ 71%] Building C object backend/CMakeFiles/nya-test-pretraining.dir/tests/test_pretraining.c.obj
[ 72%] Building C object backend/CMakeFiles/nya-test-compute.dir/tests/test_compute.c.obj
[ 73%] Linking C executable ..\nya-test-training.exe
[ 75%] Linking C executable ..\nya-test-compute.exe
[ 75%] Built target nya-test-training
[ 75%] Built target nya-test-compute
[ 76%] Building C object backend/CMakeFiles/nya-test-inference.dir/tests/test_inference.c.obj
[ 78%] Building C object backend/CMakeFiles/nya-test-quant-kernels.dir/tests/test_quant_kernels.c.obj
[ 79%] Linking C executable ..\nya-test-inference.exe
[ 80%] Linking C executable ..\nya-test-quant-kernels.exe
[ 80%] Built target nya-test-inference
[ 80%] Built target nya-test-quant-kernels
[ 82%] Building C object backend/CMakeFiles/nya-test-attention.dir/tests/test_attention.c.obj
[ 83%] Building C object backend/CMakeFiles/nya-test-kv-precision.dir/tests/test_kv_precision.c.obj
[ 84%] Linking C executable ..\nya-test-attention.exe
[ 86%] Linking C executable ..\nya-test-kv-precision.exe
[ 86%] Built target nya-test-attention
[ 86%] Built target nya-test-kv-precision
[ 87%] Building C object backend/CMakeFiles/nya-test-server.dir/tests/test_server.c.obj
[ 89%] Building C object backend/CMakeFiles/nya-test-api.dir/tests/test_api.c.obj
[ 90%] Linking C executable ..\nya-test-pretraining.exe
[ 91%] Linking C executable ..\nya-test-architectures.exe
[ 91%] Built target nya-test-pretraining
[ 91%] Built target nya-test-architectures
[ 93%] Building C object backend/CMakeFiles/nya-test-server.dir/core/config.c.obj
[ 94%] Building C object backend/CMakeFiles/nya-test-api.dir/core/config.c.obj
[ 95%] Building C object backend/CMakeFiles/fyodor-backend.dir/core/main.c.obj
[ 97%] Linking C executable ..\fyodor-backend.exe
[ 97%] Built target fyodor-backend
[100%] Linking C executable ..\nya-test-api.exe
[100%] Linking C executable ..\nya-test-server.exe
[100%] Built target nya-test-api
[100%] Built target nya-test-server
