[  2%] Built target nya-mock-vendor
[  5%] Built target nya-mock-missing-vendor
[  6%] Building C object backend/CMakeFiles/nya-engine.dir/core/llm_cpu.c.obj
[  9%] Built target nya-make-test-models
[ 13%] Built target nya-test-config
[ 15%] Linking C static library libnya-engine.a
[ 46%] Built target nya-engine
[ 47%] Linking C executable ..\fyodor-train.exe
[ 52%] Built target nya-server
[ 54%] Linking C executable ..\nya-test-vendor.exe
[ 54%] Linking C executable ..\fyodor-bench.exe
[ 56%] Linking C executable ..\nya-test-formats.exe
[ 57%] Built target fyodor-train
[ 58%] Built target fyodor-bench
[ 60%] Built target nya-test-vendor
[ 61%] Linking C executable ..\nya-test-execution.exe
[ 63%] Built target nya-test-formats
[ 64%] Linking C executable ..\nya-test-generation.exe
[ 65%] Building C object backend/CMakeFiles/nya-test-architectures.dir/tests/test_architectures.c.obj
[ 67%] Linking C executable ..\nya-test-training.exe
[ 68%] Built target nya-test-execution
[ 69%] Built target nya-test-generation
[ 71%] Building C object backend/CMakeFiles/nya-test-pretraining.dir/tests/test_pretraining.c.obj
[ 72%] Built target nya-test-training
[ 73%] Linking C executable ..\nya-test-compute.exe
[ 75%] Linking C executable ..\nya-test-inference.exe
[ 76%] Built target nya-test-compute
[ 78%] Built target nya-test-inference
[ 79%] Linking C executable ..\nya-test-quant-kernels.exe
[ 80%] Linking C executable ..\nya-test-attention.exe
[ 82%] Built target nya-test-quant-kernels
[ 83%] Linking C executable ..\nya-test-kv-precision.exe
[ 84%] Built target nya-test-attention
[ 86%] Linking C executable ..\nya-test-server.exe
[ 87%] Built target nya-test-kv-precision
[ 89%] Linking C executable ..\nya-test-api.exe
[ 91%] Built target nya-test-server
[ 93%] Linking C executable ..\fyodor-backend.exe
[ 95%] Built target nya-test-api
[ 97%] Built target fyodor-backend
[ 98%] Linking C executable ..\nya-test-pretraining.exe
[100%] Linking C executable ..\nya-test-architectures.exe
[100%] Built target nya-test-pretraining
[100%] Built target nya-test-architectures
