**********************************************************************
** Visual Studio 2022 Developer Command Prompt v17.0
** Copyright (c) 2025 Microsoft Corporation
**********************************************************************
        Info Looking up installed tauri packages to check mismatched versions...
     Running beforeBuildCommand `npm run build`

> fyodor-desktop@0.3.0 build
> vite build

vite v8.2.2 building client environment for production...
transforming...
✓ 18 modules transformed.
rendering chunks...
computing gzip size...
dist/index.html                   0.42 kB │ gzip:  0.28 kB
dist/assets/index-GjqRm19f.css   24.30 kB │ gzip:  5.76 kB
dist/assets/core-CwxXejkd.js      0.13 kB │ gzip:  0.14 kB │ map:  13.64 kB
dist/assets/dist-js-4GMe4_eA.js   1.29 kB │ gzip:  0.52 kB │ map:   8.56 kB
dist/assets/index-D_H6V_8V.js    57.44 kB │ gzip: 19.29 kB │ map: 112.59 kB

✓ built in 66ms
   Compiling vswhom-sys v0.1.3
   Compiling vswhom v0.1.0
   Compiling embed-resource v3.0.11
   Compiling tauri-winres v0.3.6
   Compiling tauri-build v2.6.3
   Compiling tauri v2.11.5
   Compiling fyodor-desktop v0.3.0 (C:\Users\Colin\fyodor\frontend\src-tauri)
   Compiling tauri-plugin-fs v2.5.2
   Compiling tauri-plugin-dialog v2.7.3
    Finished `release` profile [optimized] target(s) in 42.37s
       Built application at: C:\Users\Colin\fyodor\frontend\src-tauri\target\release\fyodor-desktop.exe
        Info Patching C:\Users\Colin\fyodor\frontend\src-tauri\target\release\fyodor-desktop.exe with bundle type information: nsis
        Info Target: x64
     Running makensis to produce C:\Users\Colin\fyodor\frontend\src-tauri\target\release\bundle\nsis\Fyodor_0.3.0_x64-setup.exe
    Finished 1 bundle at:
        C:\Users\Colin\fyodor\frontend\src-tauri\target\release\bundle\nsis\Fyodor_0.3.0_x64-setup.exe

