[  1%] Building C object backend/CMakeFiles/nya-engine.dir/core/llm_quant.c.obj
[  4%] Built target nya-mock-vendor
[  7%] Built target nya-mock-missing-vendor
[  9%] Built target nya-make-test-models
[ 11%] Building C object backend/CMakeFiles/nya-engine.dir/core/training.c.obj
[ 15%] Built target nya-test-config
[ 16%] Linking C static library libnya-engine.a
[ 45%] Built target nya-engine
[ 46%] Linking C executable ..\fyodor-bench.exe
[ 52%] Built target nya-server
[ 52%] Linking C executable ..\fyodor-train.exe
[ 53%] Linking C executable ..\nya-test-vendor.exe
[ 54%] Linking C executable ..\nya-test-formats.exe
[ 56%] Built target fyodor-bench
[ 57%] Built target fyodor-train
[ 59%] Built target nya-test-vendor
[ 60%] Linking C executable ..\nya-test-execution.exe
[ 61%] Linking C executable ..\nya-test-generation.exe
[ 63%] Built target nya-test-formats
[ 64%] Linking C executable ..\nya-test-architectures.exe
[ 66%] Building C object backend/CMakeFiles/nya-test-training.dir/tests/test_training.c.obj
[ 67%] Built target nya-test-execution
[ 69%] Built target nya-test-generation
[ 70%] Built target nya-test-architectures
[ 71%] Linking C executable ..\nya-test-pretraining.exe
[ 73%] Linking C executable ..\nya-test-compute.exe
[ 74%] Linking C executable ..\nya-test-inference.exe
[ 76%] Built target nya-test-pretraining
[ 77%] Built target nya-test-compute
[ 78%] Built target nya-test-inference
[ 80%] Linking C executable ..\nya-test-training.exe
[ 81%] Linking C executable ..\nya-test-quant-kernels.exe
[ 83%] Linking C executable ..\nya-test-attention.exe
[ 84%] Linking C executable ..\nya-test-kv-precision.exe
[ 84%] Built target nya-test-training
[ 85%] Built target nya-test-quant-kernels
[ 87%] Built target nya-test-attention
[ 88%] Built target nya-test-kv-precision
[ 90%] Linking C executable ..\nya-test-server.exe
[ 91%] Linking C executable ..\nya-test-api.exe
[ 92%] Linking C executable ..\fyodor-backend.exe
[ 95%] Built target nya-test-server
[ 98%] Built target nya-test-api
[100%] Built target fyodor-backend
