[  1%] Building C object backend/CMakeFiles/nya-engine.dir/core/training.c.obj
[  4%] Built target nya-mock-vendor
[  7%] Built target nya-mock-missing-vendor
[  9%] Built target nya-make-test-models
[ 14%] Built target nya-test-config
[ 15%] Linking C static library libnya-engine.a
[ 45%] Built target nya-engine
[ 46%] Building C object backend/CMakeFiles/fyodor-train.dir/core/train_main.c.obj
[ 52%] Built target nya-server
[ 52%] Linking C executable ..\nya-test-vendor.exe
[ 53%] Linking C executable ..\fyodor-bench.exe
[ 54%] Linking C executable ..\nya-test-formats.exe
[ 56%] Linking C executable ..\nya-test-execution.exe
[ 57%] Linking C executable ..\nya-test-generation.exe
[ 59%] Built target nya-test-vendor
[ 60%] Built target fyodor-bench
[ 61%] Built target nya-test-formats
[ 63%] Built target nya-test-execution
[ 64%] Built target nya-test-generation
[ 66%] Linking C executable ..\nya-test-architectures.exe
[ 67%] Building C object backend/CMakeFiles/nya-test-training.dir/tests/test_training.c.obj
[ 69%] Linking C executable ..\nya-test-pretraining.exe
[ 70%] Linking C executable ..\nya-test-compute.exe
[ 71%] Linking C executable ..\fyodor-train.exe
[ 73%] Linking C executable ..\nya-test-inference.exe
[ 74%] Built target nya-test-architectures
[ 76%] Built target nya-test-pretraining
[ 77%] Built target nya-test-compute
[ 78%] Linking C executable ..\nya-test-training.exe
[ 78%] Built target fyodor-train
[ 80%] Built target nya-test-inference
[ 81%] Linking C executable ..\nya-test-kv-precision.exe
[ 83%] Linking C executable ..\nya-test-quant-kernels.exe
[ 84%] Linking C executable ..\nya-test-attention.exe
[ 84%] Built target nya-test-training
[ 85%] Linking C executable ..\nya-test-server.exe
[ 87%] Linking C executable ..\nya-test-api.exe
[ 88%] Built target nya-test-kv-precision
[ 90%] Built target nya-test-quant-kernels
[ 91%] Built target nya-test-attention
[ 92%] Linking C executable ..\fyodor-backend.exe
[ 95%] Built target nya-test-server
[ 98%] Built target nya-test-api
[100%] Built target fyodor-backend
