-- The C compiler identification is GNU 16.2.0
-- Detecting C compiler ABI info
-- Detecting C compiler ABI info - done
-- Check for working C compiler: C:/Users/Colin/fyodor/.tools/w64devkit/bin/gcc.exe - skipped
-- Detecting C compile features
-- Detecting C compile features - done
-- Performing Test CMAKE_HAVE_LIBC_PTHREAD
-- Performing Test CMAKE_HAVE_LIBC_PTHREAD - Success
-- Found Threads: TRUE
-- Found Vulkan: C:/Windows/System32/vulkan-1.dll (found suitable version "1.4.357", minimum required is "1.3")  missing components: glslc glslangValidator
-- Optional ROCm C loader enabled; HIP/rocBLAS are discovered at runtime
-- Optional MLX C loader enabled; MLX C/GPU are discovered at runtime
-- CUDA driver/NVRTC provider enabled (C host compiler; runtime CUDA compilation)
-- CUDA/cutlass directory absent: retaining native CUDA kernels
-- Configuring done (1.6s)
-- Generating done (0.4s)
-- Build files have been written to: C:/Users/Colin/fyodor/build-cuda/without-cutlass-3ea92f0c47b6/build
[  1%] Building C object backend/CMakeFiles/nya-engine.dir/core/cpu_backend.c.obj
[  2%] Building C object backend/CMakeFiles/nya-mock-vendor.dir/tests/mock_vendor.c.obj
[  4%] Building C object backend/CMakeFiles/nya-mock-missing-vendor.dir/tests/mock_vendor.c.obj
[  5%] Building C object backend/CMakeFiles/nya-make-test-models.dir/tests/make_test_models.c.obj
[  6%] Linking C executable ..\nya-make-test-models.exe
[  8%] Linking C shared library ..\libnya-mock-vendor.dll
[  9%] Linking C shared library ..\libnya-mock-missing-vendor.dll
[  9%] Built target nya-make-test-models
[  9%] Built target nya-mock-vendor
[  9%] Built target nya-mock-missing-vendor
[ 10%] Building C object backend/CMakeFiles/nya-engine.dir/core/cpu_kernels.c.obj
[ 12%] Building C object backend/CMakeFiles/nya-engine.dir/core/llm_quant.c.obj
[ 13%] Building C object backend/CMakeFiles/nya-engine.dir/core/thread.c.obj
[ 15%] Building C object backend/CMakeFiles/nya-engine.dir/core/vendor.c.obj
[ 16%] Building C object backend/CMakeFiles/nya-test-config.dir/tests/test_config.c.obj
[ 17%] Building C object backend/CMakeFiles/nya-test-config.dir/core/config.c.obj
[ 19%] Building C object backend/CMakeFiles/nya-engine.dir/core/compute.c.obj
[ 20%] Linking C executable ..\nya-test-config.exe
[ 21%] Building C object backend/CMakeFiles/nya-engine.dir/core/execution.c.obj
[ 23%] Building C object backend/CMakeFiles/nya-engine.dir/core/generation.c.obj
[ 23%] Built target nya-test-config
[ 24%] Building C object backend/CMakeFiles/nya-engine.dir/core/file.c.obj
[ 26%] Building C object backend/CMakeFiles/nya-engine.dir/core/format.c.obj
[ 27%] Building C object backend/CMakeFiles/nya-engine.dir/core/format_gguf.c.obj
[ 28%] Building C object backend/CMakeFiles/nya-engine.dir/core/format_onnx.c.obj
[ 30%] Building C object backend/CMakeFiles/nya-engine.dir/core/format_safetensors.c.obj
[ 31%] Building C object backend/CMakeFiles/nya-engine.dir/core/llm_cpu.c.obj
[ 32%] Building C object backend/CMakeFiles/nya-engine.dir/core/llm_gguf.c.obj
[ 34%] Building C object backend/CMakeFiles/nya-engine.dir/core/multimodal.c.obj
[ 35%] Building C object backend/CMakeFiles/nya-engine.dir/core/model.c.obj
[ 36%] Building C object backend/CMakeFiles/nya-engine.dir/core/runtime.c.obj
[ 38%] Building C object backend/CMakeFiles/nya-engine.dir/core/training.c.obj
[ 39%] Building C object backend/CMakeFiles/nya-engine.dir/core/pretraining.c.obj
[ 41%] Building C object backend/CMakeFiles/nya-engine.dir/vulkan/vulkan.c.obj
[ 42%] Building C object backend/CMakeFiles/nya-engine.dir/__/rocm/rocm.c.obj
[ 43%] Building C object backend/CMakeFiles/nya-engine.dir/__/mlx/mlx.c.obj
[ 45%] Building C object backend/CMakeFiles/nya-engine.dir/__/CUDA/cuda.c.obj
[ 46%] Linking C static library libnya-engine.a
[ 46%] Built target nya-engine
[ 47%] Building C object backend/CMakeFiles/nya-server.dir/core/config.c.obj
[ 49%] Building C object backend/CMakeFiles/fyodor-train.dir/core/train_main.c.obj
[ 50%] Building C object backend/CMakeFiles/fyodor-bench.dir/core/bench_main.c.obj
[ 52%] Building C object backend/CMakeFiles/nya-test-vendor.dir/tests/test_vendor.c.obj
[ 53%] Linking C executable ..\nya-test-vendor.exe
[ 54%] Building C object backend/CMakeFiles/nya-server.dir/core/server.c.obj
[ 54%] Built target nya-test-vendor
[ 56%] Building C object backend/CMakeFiles/nya-test-formats.dir/tests/test_formats.c.obj
[ 57%] Linking C executable ..\fyodor-bench.exe
[ 58%] Linking C executable ..\fyodor-train.exe
[ 58%] Built target fyodor-bench
[ 58%] Built target fyodor-train
[ 60%] Building C object backend/CMakeFiles/nya-test-execution.dir/tests/test_execution.c.obj
[ 61%] Building C object backend/CMakeFiles/nya-test-generation.dir/tests/test_generation.c.obj
[ 63%] Linking C executable ..\nya-test-execution.exe
[ 64%] Linking C executable ..\nya-test-formats.exe
[ 64%] Built target nya-test-formats
[ 64%] Built target nya-test-execution
[ 65%] Linking C executable ..\nya-test-generation.exe
[ 67%] Linking C static library libnya-server.a
[ 68%] Building C object backend/CMakeFiles/nya-test-architectures.dir/tests/test_architectures.c.obj
[ 69%] Building C object backend/CMakeFiles/nya-test-training.dir/tests/test_training.c.obj
[ 69%] Built target nya-test-generation
[ 69%] Built target nya-server
[ 71%] Building C object backend/CMakeFiles/nya-test-pretraining.dir/tests/test_pretraining.c.obj
[ 72%] Building C object backend/CMakeFiles/nya-test-compute.dir/tests/test_compute.c.obj
[ 73%] Linking C executable ..\nya-test-training.exe
[ 75%] Linking C executable ..\nya-test-compute.exe
[ 75%] Built target nya-test-training
[ 75%] Built target nya-test-compute
[ 76%] Building C object backend/CMakeFiles/nya-test-inference.dir/tests/test_inference.c.obj
[ 78%] Building C object backend/CMakeFiles/nya-test-quant-kernels.dir/tests/test_quant_kernels.c.obj
[ 79%] Linking C executable ..\nya-test-inference.exe
[ 80%] Linking C executable ..\nya-test-quant-kernels.exe
[ 80%] Built target nya-test-inference
[ 80%] Built target nya-test-quant-kernels
[ 82%] Building C object backend/CMakeFiles/nya-test-attention.dir/tests/test_attention.c.obj
[ 83%] Building C object backend/CMakeFiles/nya-test-kv-precision.dir/tests/test_kv_precision.c.obj
[ 84%] Linking C executable ..\nya-test-attention.exe
[ 86%] Linking C executable ..\nya-test-kv-precision.exe
[ 86%] Built target nya-test-attention
[ 86%] Built target nya-test-kv-precision
[ 87%] Building C object backend/CMakeFiles/nya-test-server.dir/tests/test_server.c.obj
[ 89%] Building C object backend/CMakeFiles/nya-test-api.dir/tests/test_api.c.obj
[ 90%] Linking C executable ..\nya-test-pretraining.exe
[ 91%] Linking C executable ..\nya-test-architectures.exe
[ 91%] Built target nya-test-pretraining
[ 93%] Building C object backend/CMakeFiles/nya-test-server.dir/core/config.c.obj
[ 93%] Built target nya-test-architectures
[ 94%] Building C object backend/CMakeFiles/nya-test-api.dir/core/config.c.obj
[ 95%] Building C object backend/CMakeFiles/fyodor-backend.dir/core/main.c.obj
[ 97%] Linking C executable ..\fyodor-backend.exe
[ 97%] Built target fyodor-backend
[100%] Linking C executable ..\nya-test-server.exe
[100%] Linking C executable ..\nya-test-api.exe
[100%] Built target nya-test-api
[100%] Built target nya-test-server
Test project C:/Users/Colin/fyodor/build-cuda/without-cutlass-3ea92f0c47b6/build
      Start  1: vendor-rocm-failures
 1/67 Test  #1: vendor-rocm-failures ................   Passed    0.03 sec
      Start  2: vendor-rocm-quant
 2/67 Test  #2: vendor-rocm-quant ...................   Passed    0.25 sec
      Start 42: train-export-decoder
 3/67 Test #42: train-export-decoder ................   Passed    0.17 sec
      Start  3: vendor-rocm-inference
 4/67 Test  #3: vendor-rocm-inference ...............   Passed    0.03 sec
      Start  4: vendor-rocm-gemma
 5/67 Test  #4: vendor-rocm-gemma ...................   Passed    0.21 sec
      Start  5: vendor-rocm-api
 6/67 Test  #5: vendor-rocm-api .....................   Passed    0.04 sec
      Start  6: vendor-rocm-missing-library
 7/67 Test  #6: vendor-rocm-missing-library .........   Passed    0.01 sec
      Start  7: vendor-rocm-missing-symbol
 8/67 Test  #7: vendor-rocm-missing-symbol ..........   Passed    0.01 sec
      Start  8: vendor-rocm-api-fallback
 9/67 Test  #8: vendor-rocm-api-fallback ............   Passed    0.01 sec
      Start  9: vendor-rocm-invalid-budget
10/67 Test  #9: vendor-rocm-invalid-budget ..........   Passed    0.01 sec
      Start 10: hardware-rocm-quant
11/67 Test #10: hardware-rocm-quant .................***Skipped   0.01 sec
      Start 11: hardware-rocm-inference
12/67 Test #11: hardware-rocm-inference .............***Skipped   0.01 sec
      Start 12: vendor-rocm-bench
13/67 Test #12: vendor-rocm-bench ...................   Passed    0.06 sec
      Start 13: vendor-mlx-failures
14/67 Test #13: vendor-mlx-failures .................   Passed    0.02 sec
      Start 14: vendor-mlx-quant
15/67 Test #14: vendor-mlx-quant ....................   Passed    0.19 sec
      Start 15: vendor-mlx-inference
16/67 Test #15: vendor-mlx-inference ................   Passed    0.01 sec
      Start 16: vendor-mlx-gemma
17/67 Test #16: vendor-mlx-gemma ....................   Passed    0.19 sec
      Start 17: vendor-mlx-api
18/67 Test #17: vendor-mlx-api ......................   Passed    0.01 sec
      Start 18: vendor-mlx-missing-library
19/67 Test #18: vendor-mlx-missing-library ..........   Passed    0.01 sec
      Start 19: vendor-mlx-missing-symbol
20/67 Test #19: vendor-mlx-missing-symbol ...........   Passed    0.01 sec
      Start 20: vendor-mlx-api-fallback
21/67 Test #20: vendor-mlx-api-fallback .............   Passed    0.01 sec
      Start 21: vendor-mlx-invalid-budget
22/67 Test #21: vendor-mlx-invalid-budget ...........   Passed    0.01 sec
      Start 22: hardware-mlx-quant
23/67 Test #22: hardware-mlx-quant ..................***Skipped   0.00 sec
      Start 23: hardware-mlx-inference
24/67 Test #23: hardware-mlx-inference ..............***Skipped   0.01 sec
      Start 24: vendor-mlx-bench
25/67 Test #24: vendor-mlx-bench ....................   Passed    0.03 sec
      Start 25: kv-precision
26/67 Test #25: kv-precision ........................   Passed    0.12 sec
      Start 26: quant-kernels-cpu-dot
27/67 Test #26: quant-kernels-cpu-dot ...............   Passed    0.15 sec
      Start 27: quant-kernels-scalar
28/67 Test #27: quant-kernels-scalar ................   Passed    0.16 sec
      Start 28: attention-scalar
29/67 Test #28: attention-scalar ....................   Passed    0.03 sec
      Start 29: quant-kernels-avx2
30/67 Test #29: quant-kernels-avx2 ..................   Passed    0.16 sec
      Start 30: attention-avx2
31/67 Test #30: attention-avx2 ......................   Passed    0.01 sec
      Start 31: quant-kernels-avx512
32/67 Test #31: quant-kernels-avx512 ................   Passed    0.16 sec
      Start 32: attention-avx512
33/67 Test #32: attention-avx512 ....................   Passed    0.01 sec
      Start 33: inference-session-parity
34/67 Test #33: inference-session-parity ............   Passed    0.01 sec
      Start 34: inference-cpu-optimized
35/67 Test #34: inference-cpu-optimized .............   Passed    0.01 sec
      Start 35: generate-model-fixtures
36/67 Test #35: generate-model-fixtures .............   Passed    0.04 sec
      Start 36: validate-server-config
37/67 Test #36: validate-server-config ..............   Passed    0.03 sec
      Start 37: inspect-model-formats
38/67 Test #37: inspect-model-formats ...............   Passed    0.04 sec
      Start 38: generate-native-gguf
39/67 Test #38: generate-native-gguf ................   Passed    0.15 sec
      Start 39: validate-gemma-graphs
40/67 Test #39: validate-gemma-graphs ...............   Passed    0.19 sec
      Start 40: validate-training
41/67 Test #40: validate-training ...................   Passed    0.04 sec
      Start 41: validate-training-scalar
42/67 Test #41: validate-training-scalar ............   Passed    0.02 sec
      Start 43: compatible-rest-apis
43/67 Test #43: compatible-rest-apis ................   Passed    0.01 sec
      Start 44: benchmark-cli
44/67 Test #44: benchmark-cli .......................   Passed    0.07 sec
      Start 45: train-cli-workflows
45/67 Test #45: train-cli-workflows .................   Passed    0.24 sec
      Start 46: validate-http-protocol
46/67 Test #46: validate-http-protocol ..............   Passed    0.69 sec
      Start 47: validate-compute
47/67 Test #47: validate-compute ....................   Passed    0.03 sec
      Start 48: validate-vulkan-compute
48/67 Test #48: validate-vulkan-compute .............   Passed    0.31 sec
      Start 49: generate-native-gguf-vulkan
49/67 Test #49: generate-native-gguf-vulkan .........   Passed    0.84 sec
      Start 50: inference-vulkan-logits
50/67 Test #50: inference-vulkan-logits .............   Passed    0.23 sec
      Start 51: inference-cuda-attention-shapes
51/67 Test #51: inference-cuda-attention-shapes .....   Passed    7.29 sec
      Start 52: inference-cuda-graph-reuse
52/67 Test #52: inference-cuda-graph-reuse ..........   Passed    0.29 sec
      Start 53: inference-cuda-graph-reference
53/67 Test #53: inference-cuda-graph-reference ......   Passed    1.87 sec
      Start 54: inference-cuda-blas
54/67 Test #54: inference-cuda-blas .................   Passed    0.28 sec
      Start 55: quant-kernels-cuda-chunks
55/67 Test #55: quant-kernels-cuda-chunks ...........   Passed    3.06 sec
      Start 56: quant-kernels-cuda-legacy-layout
56/67 Test #56: quant-kernels-cuda-legacy-layout ....   Passed    3.04 sec
      Start 57: inference-cuda-blas-unavailable
57/67 Test #57: inference-cuda-blas-unavailable .....   Passed    0.15 sec
      Start 58: quant-kernels-cuda
58/67 Test #58: quant-kernels-cuda ..................   Passed    1.83 sec
      Start 59: quant-kernels-cuda-reference
59/67 Test #59: quant-kernels-cuda-reference ........   Passed    0.90 sec
      Start 60: inference-cuda-resident
60/67 Test #60: inference-cuda-resident .............   Passed    0.28 sec
      Start 61: inference-cuda-memory-fallback
61/67 Test #61: inference-cuda-memory-fallback ......   Passed    0.22 sec
      Start 62: inference-cuda-partial-allocation
62/67 Test #62: inference-cuda-partial-allocation ...   Passed    0.22 sec
      Start 63: inference-cuda-prefix-replay
63/67 Test #63: inference-cuda-prefix-replay ........   Passed    0.23 sec
      Start 64: inference-cuda-without-graphs
64/67 Test #64: inference-cuda-without-graphs .......   Passed    0.23 sec
      Start 65: validate-cuda-compute
65/67 Test #65: validate-cuda-compute ...............   Passed    0.65 sec
      Start 66: validate-cuda-gemma
66/67 Test #66: validate-cuda-gemma .................   Passed    2.38 sec
      Start 67: generate-native-gguf-cuda
67/67 Test #67: generate-native-gguf-cuda ...........   Passed    1.39 sec

100% tests passed out of 67

Total Test time (real) =  29.43 sec

The following tests did not run:
	 10 - hardware-rocm-quant (Skipped)
	 11 - hardware-rocm-inference (Skipped)
	 22 - hardware-mlx-quant (Skipped)
	 23 - hardware-mlx-inference (Skipped)
-- Verified CUDA source with CUTLASS physically absent: C:/Users/Colin/fyodor/build-cuda/without-cutlass-3ea92f0c47b6/source
Built target verify-without-cutlass
