[ 29%] Built target nya-engine
[ 31%] Built target nya-mock-missing-vendor
[ 35%] Built target nya-mock-vendor
[ 35%] Built target nya-make-test-models
[ 38%] Built target nya-test-config
[ 39%] Linking C executable nya-test-execution.exe
[ 40%] Linking C executable nya-test-generation.exe
[ 41%] Linking C executable nya-test-formats.exe
[ 42%] Linking C executable nya-test-architectures.exe
[ 43%] Built target nya-test-formats
[ 45%] Built target nya-test-generation
[ 45%] Built target nya-test-execution
[ 46%] Built target nya-test-architectures
[ 47%] Linking C executable nya-test-training.exe
[ 48%] Linking C executable nya-test-pretraining.exe
[ 49%] Building C object CMakeFiles/nya-test-train-runner.dir/tests/test_train_runner.c.obj
[ 50%] Linking C executable nya-test-compute.exe
[ 51%] Built target nya-test-training
[ 52%] Built target nya-test-pretraining
[ 54%] Linking C executable nya-test-inference.exe
[ 54%] Built target nya-test-compute
[ 55%] Linking C executable nya-test-quant-kernels.exe
[ 56%] Linking C executable nya-test-attention.exe
[ 57%] Built target nya-test-inference
[ 58%] Built target nya-test-quant-kernels
[ 59%] Linking C executable nya-test-train-runner.exe
[ 60%] Built target nya-test-attention
[ 61%] Linking C executable nya-test-kv-precision.exe
[ 62%] Linking C executable nya-test-server.exe
[ 62%] Built target nya-test-train-runner
[ 64%] Linking C executable nya-test-api.exe
[ 64%] Built target nya-test-kv-precision
[ 66%] Built target nya-test-server
[ 67%] Building C object CMakeFiles/nya-test-training-device.dir/tests/test_training_device.c.obj
[ 68%] Building C object CMakeFiles/nya-bench-training-device.dir/benchmarks/training_device_bench.c.obj
[ 70%] Built target nya-test-api
[ 71%] Building C object CMakeFiles/nya-test-training-elementwise.dir/tests/test_training_elementwise.c.obj
[ 72%] Building C object CMakeFiles/nya-test-training-norm.dir/tests/test_training_norm.c.obj
[ 73%] Linking C executable nya-test-training-device.exe
[ 74%] Linking C executable nya-test-training-elementwise.exe
[ 75%] Linking C executable nya-test-training-norm.exe
[ 75%] Built target nya-test-training-device
[ 75%] Built target nya-test-training-elementwise
[ 75%] Built target nya-test-training-norm
[ 76%] Building C object CMakeFiles/nya-test-training-optimizer.dir/tests/test_training_optimizer.c.obj
[ 77%] Building C object CMakeFiles/nya-test-training-session.dir/tests/test_training_session.c.obj
[ 78%] Linking C executable nya-bench-training-device.exe
[ 80%] Built target nya-test-training-graph
[ 81%] Linking C executable nya-test-training-session.exe
[ 82%] Building C object CMakeFiles/nya-test-training-loss.dir/tests/test_training_loss.c.obj
[ 82%] Built target nya-bench-training-device
[ 83%] Linking C executable nya-test-training-optimizer.exe
[ 84%] Building C object CMakeFiles/nya-test-training-attention.dir/tests/test_training_attention.c.obj
[ 84%] Built target nya-test-training-session
[ 84%] Built target nya-test-training-optimizer
[ 85%] Linking C executable nya-test-training-loss.exe
[ 86%] Building C object CMakeFiles/nya-test-training-rope.dir/tests/test_training_rope.c.obj
[ 87%] Building C object CMakeFiles/nya-test-training-embedding.dir/tests/test_training_embedding.c.obj
[ 88%] Linking C executable nya-test-training-attention.exe
[ 88%] Built target nya-test-training-loss
[ 89%] Linking C executable nya-test-training-rope.exe
[ 90%] Linking C executable nya-test-training-embedding.exe
[ 91%] Built target nya-test-training-attention
[ 93%] Built target nya-server
[ 95%] Built target fyodor-train
[ 96%] Linking C executable fyodor-bench.exe
[ 96%] Built target nya-test-training-rope
[ 96%] Built target nya-test-training-embedding
[ 97%] Linking C executable nya-test-vendor.exe
[ 98%] Linking C executable fyodor-backend.exe
[ 99%] Built target fyodor-bench
[100%] Built target nya-test-vendor
[100%] Built target fyodor-backend
