[ 31%] Built target nya-engine
[ 34%] Built target nya-mock-vendor
[ 36%] Built target nya-mock-missing-vendor
[ 39%] Built target nya-make-test-models
[ 46%] Built target nya-test-config
[ 46%] Built target nya-test-formats
[ 49%] Built target nya-test-execution
[ 52%] Built target nya-test-generation
[ 54%] Built target nya-test-architectures
[ 57%] Built target nya-test-training
[ 60%] Built target nya-test-train-runner
[ 63%] Built target nya-test-pretraining
[ 65%] Built target nya-test-compute
[ 68%] Built target nya-test-inference
[ 71%] Built target nya-test-quant-kernels
[ 73%] Built target nya-test-attention
[ 76%] Built target nya-test-kv-precision
[ 80%] Built target nya-test-server
[ 84%] Built target nya-test-api
[ 89%] Built target nya-server
[ 91%] Built target fyodor-train
[ 94%] Built target fyodor-bench
[ 97%] Built target nya-test-vendor
[100%] Built target fyodor-backend
