-- The C compiler identification is GNU 16.2.0
-- Detecting C compiler ABI info
-- Detecting C compiler ABI info - done
-- Check for working C compiler: C:/Users/Colin/fyodor/.tools/w64devkit/bin/gcc.exe - skipped
-- Detecting C compile features
-- Detecting C compile features - done
-- Performing Test CMAKE_HAVE_LIBC_PTHREAD
-- Performing Test CMAKE_HAVE_LIBC_PTHREAD - Success
-- Found Threads: TRUE
-- Found Vulkan: C:/Windows/System32/vulkan-1.dll (found suitable version "1.4.357", minimum required is "1.3")  missing components: glslc glslangValidator
-- Optional ROCm C loader enabled; HIP/rocBLAS are discovered at runtime
-- Optional MLX C loader enabled; MLX C/GPU are discovered at runtime
-- CUDA driver/NVRTC provider enabled (C host compiler; runtime CUDA compilation)
-- CUDA/cutlass directory absent: retaining native CUDA kernels
-- Configuring done (2.2s)
-- Generating done (0.4s)
-- Build files have been written to: C:/Users/Colin/fyodor/build-cuda/without-cutlass-29e037b2e40c/build
[  1%] Building C object backend/CMakeFiles/nya-engine.dir/core/cpu_backend.c.obj
[  2%] Building C object backend/CMakeFiles/nya-mock-vendor.dir/tests/mock_vendor.c.obj
[  4%] Building C object backend/CMakeFiles/nya-mock-missing-vendor.dir/tests/mock_vendor.c.obj
[  5%] Building C object backend/CMakeFiles/nya-make-test-models.dir/tests/make_test_models.c.obj
[  6%] Linking C executable ..\nya-make-test-models.exe
[  8%] Linking C shared library ..\libnya-mock-missing-vendor.dll
[  9%] Linking C shared library ..\libnya-mock-vendor.dll
[  9%] Built target nya-make-test-models
[  9%] Built target nya-mock-missing-vendor
[  9%] Built target nya-mock-vendor
[ 10%] Building C object backend/CMakeFiles/nya-engine.dir/core/cpu_kernels.c.obj
[ 12%] Building C object backend/CMakeFiles/nya-engine.dir/core/llm_quant.c.obj
[ 13%] Building C object backend/CMakeFiles/nya-test-config.dir/tests/test_config.c.obj
[ 14%] Building C object backend/CMakeFiles/nya-engine.dir/core/thread.c.obj
[ 16%] Building C object backend/CMakeFiles/nya-test-config.dir/core/config.c.obj
[ 17%] Building C object backend/CMakeFiles/nya-engine.dir/core/vendor.c.obj
[ 18%] Linking C executable ..\nya-test-config.exe
[ 18%] Built target nya-test-config
[ 20%] Building C object backend/CMakeFiles/nya-engine.dir/core/compute.c.obj
[ 21%] Building C object backend/CMakeFiles/nya-engine.dir/core/execution.c.obj
[ 22%] Building C object backend/CMakeFiles/nya-engine.dir/core/generation.c.obj
[ 24%] Building C object backend/CMakeFiles/nya-engine.dir/core/file.c.obj
[ 25%] Building C object backend/CMakeFiles/nya-engine.dir/core/format.c.obj
[ 26%] Building C object backend/CMakeFiles/nya-engine.dir/core/format_gguf.c.obj
[ 28%] Building C object backend/CMakeFiles/nya-engine.dir/core/format_onnx.c.obj
[ 29%] Building C object backend/CMakeFiles/nya-engine.dir/core/format_safetensors.c.obj
[ 30%] Building C object backend/CMakeFiles/nya-engine.dir/core/llm_cpu.c.obj
[ 32%] Building C object backend/CMakeFiles/nya-engine.dir/core/llm_gguf.c.obj
[ 33%] Building C object backend/CMakeFiles/nya-engine.dir/core/multimodal.c.obj
[ 34%] Building C object backend/CMakeFiles/nya-engine.dir/core/model.c.obj
[ 36%] Building C object backend/CMakeFiles/nya-engine.dir/core/runtime.c.obj
[ 37%] Building C object backend/CMakeFiles/nya-engine.dir/core/training.c.obj
[ 38%] Building C object backend/CMakeFiles/nya-engine.dir/core/pretraining.c.obj
[ 40%] Building C object backend/CMakeFiles/nya-engine.dir/vulkan/vulkan.c.obj
[ 41%] Building C object backend/CMakeFiles/nya-engine.dir/__/rocm/rocm.c.obj
[ 42%] Building C object backend/CMakeFiles/nya-engine.dir/__/mlx/mlx.c.obj
[ 44%] Building C object backend/CMakeFiles/nya-engine.dir/__/CUDA/cuda.c.obj
[ 45%] Linking C static library libnya-engine.a
[ 45%] Built target nya-engine
[ 46%] Building C object backend/CMakeFiles/nya-server.dir/core/config.c.obj
[ 48%] Building C object backend/CMakeFiles/fyodor-train.dir/core/train_main.c.obj
[ 49%] Building C object backend/CMakeFiles/fyodor-bench.dir/core/bench_main.c.obj
[ 50%] Building C object backend/CMakeFiles/nya-test-vendor.dir/tests/test_vendor.c.obj
[ 52%] Linking C executable ..\nya-test-vendor.exe
[ 53%] Building C object backend/CMakeFiles/nya-server.dir/core/server.c.obj
[ 53%] Built target nya-test-vendor
[ 54%] Building C object backend/CMakeFiles/nya-test-formats.dir/tests/test_formats.c.obj
[ 56%] Linking C executable ..\fyodor-bench.exe
[ 57%] Linking C executable ..\fyodor-train.exe
[ 57%] Built target fyodor-bench
[ 57%] Built target fyodor-train
[ 58%] Building C object backend/CMakeFiles/nya-test-execution.dir/tests/test_execution.c.obj
[ 60%] Linking C executable ..\nya-test-execution.exe
[ 61%] Building C object backend/CMakeFiles/nya-test-generation.dir/tests/test_generation.c.obj
[ 62%] Linking C executable ..\nya-test-formats.exe
[ 62%] Built target nya-test-execution
[ 62%] Built target nya-test-formats
[ 64%] Linking C executable ..\nya-test-generation.exe
[ 66%] Linking C static library libnya-server.a
[ 66%] Building C object backend/CMakeFiles/nya-test-architectures.dir/tests/test_architectures.c.obj
[ 68%] Building C object backend/CMakeFiles/nya-test-training.dir/tests/test_training.c.obj
[ 68%] Built target nya-test-generation
[ 68%] Built target nya-server
[ 69%] Building C object backend/CMakeFiles/nya-test-train-runner.dir/tests/test_train_runner.c.obj
[ 70%] Building C object backend/CMakeFiles/nya-test-pretraining.dir/tests/test_pretraining.c.obj
[ 72%] Linking C executable ..\nya-test-training.exe
[ 72%] Built target nya-test-training
[ 73%] Building C object backend/CMakeFiles/nya-test-compute.dir/tests/test_compute.c.obj
[ 74%] Linking C executable ..\nya-test-compute.exe
[ 76%] Linking C executable ..\nya-test-train-runner.exe
[ 76%] Built target nya-test-compute
[ 76%] Built target nya-test-train-runner
[ 77%] Building C object backend/CMakeFiles/nya-test-inference.dir/tests/test_inference.c.obj
[ 78%] Building C object backend/CMakeFiles/nya-test-quant-kernels.dir/tests/test_quant_kernels.c.obj
[ 80%] Linking C executable ..\nya-test-inference.exe
[ 81%] Linking C executable ..\nya-test-quant-kernels.exe
[ 81%] Built target nya-test-inference
[ 81%] Built target nya-test-quant-kernels
[ 82%] Building C object backend/CMakeFiles/nya-test-attention.dir/tests/test_attention.c.obj
[ 85%] Building C object backend/CMakeFiles/nya-test-kv-precision.dir/tests/test_kv_precision.c.obj
[ 85%] Linking C executable ..\nya-test-architectures.exe
[ 86%] Linking C executable ..\nya-test-pretraining.exe
[ 88%] Linking C executable ..\nya-test-kv-precision.exe
[ 89%] Linking C executable ..\nya-test-attention.exe
[ 89%] Built target nya-test-architectures
[ 89%] Built target nya-test-pretraining
[ 89%] Built target nya-test-kv-precision
[ 89%] Built target nya-test-attention
[ 90%] Building C object backend/CMakeFiles/nya-test-server.dir/tests/test_server.c.obj
[ 93%] Building C object backend/CMakeFiles/nya-test-server.dir/core/config.c.obj
[ 93%] Building C object backend/CMakeFiles/nya-test-api.dir/tests/test_api.c.obj
[ 94%] Building C object backend/CMakeFiles/fyodor-backend.dir/core/main.c.obj
[ 96%] Building C object backend/CMakeFiles/nya-test-api.dir/core/config.c.obj
[ 97%] Linking C executable ..\fyodor-backend.exe
[ 97%] Built target fyodor-backend
[ 98%] Linking C executable ..\nya-test-api.exe
[100%] Linking C executable ..\nya-test-server.exe
[100%] Built target nya-test-server
[100%] Built target nya-test-api
Test project C:/Users/Colin/fyodor/build-cuda/without-cutlass-29e037b2e40c/build
      Start  1: vendor-rocm-failures
 1/69 Test  #1: vendor-rocm-failures ................   Passed    0.03 sec
      Start  2: vendor-rocm-quant
 2/69 Test  #2: vendor-rocm-quant ...................   Passed    0.20 sec
      Start 43: train-export-decoder
 3/69 Test #43: train-export-decoder ................   Passed    0.16 sec
      Start  3: vendor-rocm-inference
 4/69 Test  #3: vendor-rocm-inference ...............   Passed    0.03 sec
      Start  4: vendor-rocm-gemma
 5/69 Test  #4: vendor-rocm-gemma ...................   Passed    0.22 sec
      Start  5: vendor-rocm-api
 6/69 Test  #5: vendor-rocm-api .....................   Passed    0.04 sec
      Start  6: vendor-rocm-missing-library
 7/69 Test  #6: vendor-rocm-missing-library .........   Passed    0.01 sec
      Start  7: vendor-rocm-missing-symbol
 8/69 Test  #7: vendor-rocm-missing-symbol ..........   Passed    0.00 sec
      Start  8: vendor-rocm-api-fallback
 9/69 Test  #8: vendor-rocm-api-fallback ............   Passed    0.01 sec
      Start  9: vendor-rocm-invalid-budget
10/69 Test  #9: vendor-rocm-invalid-budget ..........   Passed    0.01 sec
      Start 10: hardware-rocm-quant
11/69 Test #10: hardware-rocm-quant .................***Skipped   0.00 sec
      Start 11: hardware-rocm-inference
12/69 Test #11: hardware-rocm-inference .............***Skipped   0.01 sec
      Start 12: vendor-rocm-bench
13/69 Test #12: vendor-rocm-bench ...................   Passed    0.06 sec
      Start 13: vendor-mlx-failures
14/69 Test #13: vendor-mlx-failures .................   Passed    0.02 sec
      Start 14: vendor-mlx-quant
15/69 Test #14: vendor-mlx-quant ....................   Passed    0.18 sec
      Start 15: vendor-mlx-inference
16/69 Test #15: vendor-mlx-inference ................   Passed    0.01 sec
      Start 16: vendor-mlx-gemma
17/69 Test #16: vendor-mlx-gemma ....................   Passed    0.18 sec
      Start 17: vendor-mlx-api
18/69 Test #17: vendor-mlx-api ......................   Passed    0.01 sec
      Start 18: vendor-mlx-missing-library
19/69 Test #18: vendor-mlx-missing-library ..........   Passed    0.01 sec
      Start 19: vendor-mlx-missing-symbol
20/69 Test #19: vendor-mlx-missing-symbol ...........   Passed    0.01 sec
      Start 20: vendor-mlx-api-fallback
21/69 Test #20: vendor-mlx-api-fallback .............   Passed    0.01 sec
      Start 21: vendor-mlx-invalid-budget
22/69 Test #21: vendor-mlx-invalid-budget ...........   Passed    0.01 sec
      Start 22: hardware-mlx-quant
23/69 Test #22: hardware-mlx-quant ..................***Skipped   0.00 sec
      Start 23: hardware-mlx-inference
24/69 Test #23: hardware-mlx-inference ..............***Skipped   0.01 sec
      Start 24: vendor-mlx-bench
25/69 Test #24: vendor-mlx-bench ....................   Passed    0.03 sec
      Start 25: kv-precision
26/69 Test #25: kv-precision ........................   Passed    0.12 sec
      Start 26: quant-kernels-cpu-dot
27/69 Test #26: quant-kernels-cpu-dot ...............   Passed    0.16 sec
      Start 27: quant-kernels-scalar
28/69 Test #27: quant-kernels-scalar ................   Passed    0.16 sec
      Start 28: attention-scalar
29/69 Test #28: attention-scalar ....................   Passed    0.03 sec
      Start 29: quant-kernels-avx2
30/69 Test #29: quant-kernels-avx2 ..................   Passed    0.16 sec
      Start 30: attention-avx2
31/69 Test #30: attention-avx2 ......................   Passed    0.01 sec
      Start 31: quant-kernels-avx512
32/69 Test #31: quant-kernels-avx512 ................   Passed    0.16 sec
      Start 32: attention-avx512
33/69 Test #32: attention-avx512 ....................   Passed    0.01 sec
      Start 33: inference-session-parity
34/69 Test #33: inference-session-parity ............   Passed    0.01 sec
      Start 34: inference-cpu-optimized
35/69 Test #34: inference-cpu-optimized .............   Passed    0.01 sec
      Start 35: generate-model-fixtures
36/69 Test #35: generate-model-fixtures .............   Passed    0.04 sec
      Start 36: validate-server-config
37/69 Test #36: validate-server-config ..............   Passed    0.10 sec
      Start 37: inspect-model-formats
38/69 Test #37: inspect-model-formats ...............   Passed    0.04 sec
      Start 38: generate-native-gguf
39/69 Test #38: generate-native-gguf ................   Passed    0.15 sec
      Start 39: validate-gemma-graphs
40/69 Test #39: validate-gemma-graphs ...............   Passed    0.19 sec
      Start 40: validate-training
41/69 Test #40: validate-training ...................   Passed    0.04 sec
      Start 41: train-accumulation
42/69 Test #41: train-accumulation ..................   Passed    0.04 sec
      Start 42: validate-training-scalar
43/69 Test #42: validate-training-scalar ............   Passed    0.02 sec
      Start 44: compatible-rest-apis
44/69 Test #44: compatible-rest-apis ................   Passed    0.01 sec
      Start 45: benchmark-cli
45/69 Test #45: benchmark-cli .......................   Passed    0.06 sec
      Start 46: train-cli-workflows
46/69 Test #46: train-cli-workflows .................   Passed    0.49 sec
      Start 47: train-stop-workflows
47/69 Test #47: train-stop-workflows ................   Passed    1.11 sec
      Start 48: validate-http-protocol
48/69 Test #48: validate-http-protocol ..............   Passed    0.69 sec
      Start 49: validate-compute
49/69 Test #49: validate-compute ....................   Passed    0.03 sec
      Start 50: validate-vulkan-compute
50/69 Test #50: validate-vulkan-compute .............   Passed    0.31 sec
      Start 51: generate-native-gguf-vulkan
51/69 Test #51: generate-native-gguf-vulkan .........   Passed    0.83 sec
      Start 52: inference-vulkan-logits
52/69 Test #52: inference-vulkan-logits .............   Passed    0.22 sec
      Start 53: inference-cuda-attention-shapes
53/69 Test #53: inference-cuda-attention-shapes .....   Passed    7.34 sec
      Start 54: inference-cuda-graph-reuse
54/69 Test #54: inference-cuda-graph-reuse ..........   Passed    0.29 sec
      Start 55: inference-cuda-graph-reference
55/69 Test #55: inference-cuda-graph-reference ......   Passed    1.85 sec
      Start 56: inference-cuda-blas
56/69 Test #56: inference-cuda-blas .................   Passed    0.27 sec
      Start 57: quant-kernels-cuda-chunks
57/69 Test #57: quant-kernels-cuda-chunks ...........   Passed    3.07 sec
      Start 58: quant-kernels-cuda-legacy-layout
58/69 Test #58: quant-kernels-cuda-legacy-layout ....   Passed    3.15 sec
      Start 59: inference-cuda-blas-unavailable
59/69 Test #59: inference-cuda-blas-unavailable .....   Passed    0.16 sec
      Start 60: quant-kernels-cuda
60/69 Test #60: quant-kernels-cuda ..................   Passed    1.82 sec
      Start 61: quant-kernels-cuda-reference
61/69 Test #61: quant-kernels-cuda-reference ........   Passed    0.91 sec
      Start 62: inference-cuda-resident
62/69 Test #62: inference-cuda-resident .............   Passed    0.27 sec
      Start 63: inference-cuda-memory-fallback
63/69 Test #63: inference-cuda-memory-fallback ......   Passed    0.22 sec
      Start 64: inference-cuda-partial-allocation
64/69 Test #64: inference-cuda-partial-allocation ...   Passed    0.22 sec
      Start 65: inference-cuda-prefix-replay
65/69 Test #65: inference-cuda-prefix-replay ........   Passed    0.22 sec
      Start 66: inference-cuda-without-graphs
66/69 Test #66: inference-cuda-without-graphs .......   Passed    0.24 sec
      Start 67: validate-cuda-compute
67/69 Test #67: validate-cuda-compute ...............   Passed    0.65 sec
      Start 68: validate-cuda-gemma
68/69 Test #68: validate-cuda-gemma .................   Passed    2.35 sec
      Start 69: generate-native-gguf-cuda
69/69 Test #69: generate-native-gguf-cuda ...........   Passed    1.39 sec

100% tests passed out of 69

Total Test time (real) =  30.94 sec

The following tests did not run:
	 10 - hardware-rocm-quant (Skipped)
	 11 - hardware-rocm-inference (Skipped)
	 22 - hardware-mlx-quant (Skipped)
	 23 - hardware-mlx-inference (Skipped)
-- Verified CUDA source with CUTLASS physically absent: C:/Users/Colin/fyodor/build-cuda/without-cutlass-29e037b2e40c/source
Built target verify-without-cutlass
