[ 34%] Built target nya-engine
[ 36%] Built target nya-mock-vendor
[ 39%] Built target nya-make-test-models
[ 42%] Built target nya-mock-missing-vendor
[ 46%] Linking C executable ..\nya-test-execution.exe
[ 47%] Built target nya-test-config
[ 48%] Linking C executable ..\nya-test-generation.exe
[ 50%] Linking C executable ..\nya-test-formats.exe
[ 51%] Linking C executable ..\nya-test-architectures.exe
[ 52%] Built target nya-test-execution
[ 53%] Built target nya-test-generation
[ 55%] Built target nya-test-formats
[ 56%] Linking C executable ..\nya-test-training.exe
[ 57%] Built target nya-test-architectures
[ 59%] Linking C executable ..\nya-test-train-runner.exe
[ 60%] Linking C executable ..\nya-test-pretraining.exe
[ 61%] Linking C executable ..\nya-test-compute.exe
[ 63%] Built target nya-test-training
[ 64%] Built target nya-test-train-runner
[ 65%] Built target nya-test-pretraining
[ 68%] Built target nya-test-inference
[ 71%] Built target nya-test-quant-kernels
[ 72%] Built target nya-test-compute
[ 73%] Linking C executable ..\nya-test-attention.exe
[ 75%] Linking C executable ..\nya-test-kv-precision.exe
[ 76%] Linking C executable ..\nya-test-server.exe
[ 77%] Linking C executable ..\nya-test-api.exe
[ 78%] Built target nya-test-attention
[ 80%] Built target nya-test-kv-precision
[ 82%] Built target nya-test-server
[ 85%] Built target nya-test-api
[ 89%] Built target nya-server
[ 90%] Linking C executable ..\fyodor-train.exe
[ 93%] Built target fyodor-bench
[ 94%] Linking C executable ..\nya-test-vendor.exe
[ 96%] Linking C executable ..\fyodor-backend.exe
[ 97%] Built target fyodor-train
[ 98%] Built target nya-test-vendor
[100%] Built target fyodor-backend
