-- Optional ROCm C loader enabled; HIP/rocBLAS are discovered at runtime
-- Optional MLX C loader enabled; MLX C/GPU are discovered at runtime
-- CUDA driver/NVRTC provider enabled (C host compiler; runtime CUDA compilation)
-- CUTLASS: this generator cannot compile CUDA C++; use a standalone CUDA/cutlass build. C/NVRTC build retained
-- Configuring done (0.7s)
-- Generating done (0.7s)
-- Build files have been written to: C:/Users/Colin/fyodor/build-cuda-c23
[  1%] Building C object backend/CMakeFiles/nya-engine.dir/__/CUDA/cuda.c.obj
[  3%] Built target nya-mock-vendor
[  6%] Built target nya-mock-missing-vendor
[  9%] Built target nya-make-test-models
[ 13%] Built target nya-test-config
[ 14%] Linking C static library libnya-engine.a
[ 46%] Built target nya-engine
[ 47%] Linking C executable ..\nya-test-vendor.exe
[ 48%] Linking C executable ..\fyodor-train.exe
[ 52%] Built target nya-server
[ 53%] Linking C executable ..\fyodor-bench.exe
[ 55%] Linking C executable ..\nya-test-formats.exe
[ 56%] Built target nya-test-vendor
[ 59%] Built target fyodor-train
[ 59%] Built target fyodor-bench
[ 60%] Linking C executable ..\nya-test-execution.exe
[ 61%] Linking C executable ..\nya-test-generation.exe
[ 63%] Linking C executable ..\nya-test-architectures.exe
[ 64%] Built target nya-test-formats
[ 65%] Built target nya-test-execution
[ 67%] Built target nya-test-generation
[ 68%] Linking C executable ..\nya-test-training.exe
[ 69%] Built target nya-test-architectures
[ 71%] Linking C executable ..\nya-test-pretraining.exe
[ 72%] Linking C executable ..\nya-test-train-runner.exe
[ 73%] Linking C executable ..\nya-test-compute.exe
[ 75%] Built target nya-test-training
[ 76%] Built target nya-test-train-runner
[ 77%] Built target nya-test-pretraining
[ 78%] Built target nya-test-compute
[ 80%] Linking C executable ..\nya-test-inference.exe
[ 81%] Building C object backend/CMakeFiles/nya-test-quant-kernels.dir/tests/test_quant_kernels.c.obj
[ 82%] Linking C executable ..\nya-test-attention.exe
[ 84%] Linking C executable ..\nya-test-kv-precision.exe
[ 85%] Built target nya-test-inference
[ 86%] Built target nya-test-attention
[ 88%] Built target nya-test-kv-precision
[ 89%] Linking C executable ..\nya-test-quant-kernels.exe
[ 90%] Linking C executable ..\nya-test-server.exe
[ 92%] Linking C executable ..\nya-test-api.exe
[ 93%] Linking C executable ..\fyodor-backend.exe
[ 93%] Built target nya-test-quant-kernels
[ 96%] Built target nya-test-server
[ 98%] Built target nya-test-api
[100%] Built target fyodor-backend
