-- Optional ROCm C loader enabled; HIP/rocBLAS are discovered at runtime
-- Optional MLX C loader enabled; MLX C/GPU are discovered at runtime
-- Configuring done (0.4s)
-- Generating done (0.9s)
-- Build files have been written to: C:/Users/Colin/fyodor/build-ort
[  2%] Built target nya-mock-missing-vendor
[  5%] Built target nya-mock-vendor
[  8%] Built target nya-make-test-models
[ 40%] Built target nya-engine
[ 44%] Built target nya-test-config
[ 48%] Built target nya-server
[ 51%] Built target fyodor-train
[ 54%] Built target fyodor-bench
[ 56%] Built target nya-test-vendor
[ 59%] Built target nya-test-formats
[ 62%] Built target nya-test-execution
[ 67%] Built target nya-test-architectures
[ 67%] Built target nya-test-generation
[ 70%] Built target nya-test-training
[ 72%] Built target nya-test-train-runner
[ 75%] Built target nya-test-pretraining
[ 78%] Built target nya-test-compute
[ 81%] Built target nya-test-inference
[ 82%] Building C object CMakeFiles/nya-test-quant-kernels.dir/tests/test_quant_kernels.c.obj
[ 85%] Built target nya-test-attention
[ 87%] Built target nya-test-kv-precision
[ 91%] Built target nya-test-server
[ 94%] Built target fyodor-backend
[ 98%] Built target nya-test-api
[100%] Linking C executable nya-test-quant-kernels.exe
[100%] Built target nya-test-quant-kernels
