-- Optional ROCm C loader enabled; HIP/rocBLAS are discovered at runtime
-- Optional MLX C loader enabled; MLX C/GPU are discovered at runtime
-- Configuring done (0.7s)
-- Generating done (1.0s)
-- Build files have been written to: C:/Users/Colin/fyodor/build-sanitize
[  2%] Built target nya-mock-vendor
[  5%] Built target nya-mock-missing-vendor
[  8%] Built target nya-make-test-models
[ 40%] Built target nya-engine
[ 44%] Built target nya-test-config
[ 47%] Built target nya-test-vendor
[ 54%] Built target nya-server
[ 54%] Built target fyodor-bench
[ 56%] Built target fyodor-train
[ 59%] Built target nya-test-formats
[ 62%] Built target nya-test-execution
[ 64%] Built target nya-test-generation
[ 67%] Built target nya-test-architectures
[ 70%] Built target nya-test-training
[ 72%] Built target nya-test-train-runner
[ 77%] Built target nya-test-compute
[ 78%] Built target nya-test-pretraining
[ 81%] Building C object CMakeFiles/nya-test-quant-kernels.dir/tests/test_quant_kernels.c.obj
[ 82%] Built target nya-test-inference
[ 85%] Built target nya-test-kv-precision
[ 87%] Built target nya-test-attention
[ 91%] Built target nya-test-server
[ 95%] Built target nya-test-api
[ 98%] Built target fyodor-backend
[100%] Linking C executable nya-test-quant-kernels.exe
[100%] Built target nya-test-quant-kernels
