-- Optional ROCm C loader enabled; HIP/rocBLAS are discovered at runtime
-- Optional MLX C loader enabled; MLX C/GPU are discovered at runtime
-- CUDA driver/NVRTC provider enabled (C host compiler; runtime CUDA compilation)
-- CUTLASS: this generator cannot compile CUDA C++; use a standalone CUDA/cutlass build. C/NVRTC build retained
-- Configuring done (0.7s)
-- Generating done (1.0s)
-- Build files have been written to: C:/Users/Colin/fyodor/build-cuda-c23
[  2%] Built target nya-mock-missing-vendor
[  5%] Built target nya-mock-vendor
[  7%] Built target nya-make-test-models
[  9%] Building C object backend/CMakeFiles/nya-engine.dir/__/CUDA/cuda.c.obj
[ 13%] Built target nya-test-config
[ 14%] Linking C static library libnya-engine.a
[ 46%] Built target nya-engine
[ 47%] Linking C executable ..\fyodor-train.exe
[ 51%] Built target nya-server
[ 52%] Linking C executable ..\nya-test-vendor.exe
[ 53%] Linking C executable ..\fyodor-bench.exe
[ 55%] Linking C executable ..\nya-test-formats.exe
[ 56%] Built target nya-test-vendor
[ 57%] Built target fyodor-train
[ 59%] Built target fyodor-bench
[ 60%] Linking C executable ..\nya-test-execution.exe
[ 61%] Built target nya-test-formats
[ 63%] Linking C executable ..\nya-test-generation.exe
[ 64%] Linking C executable ..\nya-test-architectures.exe
[ 65%] Linking C executable ..\nya-test-training.exe
[ 67%] Built target nya-test-execution
[ 68%] Built target nya-test-generation
[ 69%] Built target nya-test-architectures
[ 72%] Linking C executable ..\nya-test-train-runner.exe
[ 72%] Linking C executable ..\nya-test-pretraining.exe
[ 73%] Built target nya-test-training
[ 75%] Linking C executable ..\nya-test-compute.exe
[ 76%] Building C object backend/CMakeFiles/nya-test-inference.dir/tests/test_inference.c.obj
[ 77%] Built target nya-test-compute
[ 78%] Built target nya-test-train-runner
[ 80%] Built target nya-test-pretraining
[ 81%] Linking C executable ..\nya-test-quant-kernels.exe
[ 82%] Linking C executable ..\nya-test-attention.exe
[ 84%] Linking C executable ..\nya-test-inference.exe
[ 85%] Linking C executable ..\nya-test-kv-precision.exe
[ 86%] Built target nya-test-quant-kernels
[ 86%] Built target nya-test-inference
[ 88%] Built target nya-test-attention
[ 89%] Built target nya-test-kv-precision
[ 90%] Linking C executable ..\nya-test-api.exe
[ 92%] Linking C executable ..\nya-test-server.exe
[ 93%] Linking C executable ..\fyodor-backend.exe
[ 94%] Built target fyodor-backend
[ 97%] Built target nya-test-server
[100%] Built target nya-test-api
