-- Optional ROCm C loader enabled; HIP/rocBLAS are discovered at runtime
-- Optional MLX C loader enabled; MLX C/GPU are discovered at runtime
-- Configuring done (0.4s)
-- Generating done (0.7s)
-- Build files have been written to: C:/Users/Colin/fyodor/build-ort
[  1%] Building C object CMakeFiles/nya-engine.dir/core/file.c.obj
[  4%] Built target nya-mock-vendor
[  6%] Built target nya-mock-missing-vendor
[  9%] Built target nya-make-test-models
[ 10%] Building C object CMakeFiles/nya-engine.dir/core/format.c.obj
[ 12%] Building C object CMakeFiles/nya-engine.dir/core/model.c.obj
[ 16%] Built target nya-test-config
[ 17%] Linking C static library libnya-engine.a
[ 43%] Built target nya-engine
[ 49%] Building C object CMakeFiles/fyodor-train.dir/core/train_main.c.obj
[ 49%] Built target nya-server
[ 50%] Building C object CMakeFiles/fyodor-bench.dir/core/bench_main.c.obj
[ 52%] Linking C executable nya-test-vendor.exe
[ 53%] Linking C executable nya-test-formats.exe
[ 54%] Built target nya-test-vendor
[ 56%] Built target nya-test-formats
[ 57%] Linking C executable nya-test-execution.exe
[ 58%] Linking C executable nya-test-generation.exe
[ 60%] Linking C executable fyodor-bench.exe
[ 61%] Built target nya-test-execution
[ 63%] Built target nya-test-generation
[ 64%] Built target fyodor-bench
[ 64%] Linking C executable fyodor-train.exe
[ 65%] Linking C executable nya-test-architectures.exe
[ 67%] Linking C executable nya-test-training.exe
[ 68%] Building C object CMakeFiles/nya-test-train-runner.dir/tests/test_train_runner.c.obj
[ 69%] Built target nya-test-architectures
[ 69%] Built target fyodor-train
[ 71%] Built target nya-test-training
[ 72%] Linking C executable nya-test-pretraining.exe
[ 73%] Linking C executable nya-test-compute.exe
[ 75%] Building C object CMakeFiles/nya-test-inference.dir/tests/test_inference.c.obj
[ 76%] Built target nya-test-pretraining
[ 78%] Built target nya-test-compute
[ 79%] Linking C executable nya-test-inference.exe
[ 80%] Linking C executable nya-test-quant-kernels.exe
[ 82%] Linking C executable nya-test-attention.exe
[ 82%] Built target nya-test-inference
[ 83%] Built target nya-test-quant-kernels
[ 84%] Built target nya-test-attention
[ 86%] Linking C executable nya-test-train-runner.exe
[ 87%] Linking C executable nya-test-kv-precision.exe
[ 89%] Linking C executable nya-test-server.exe
[ 90%] Linking C executable nya-test-api.exe
[ 90%] Built target nya-test-train-runner
[ 91%] Built target nya-test-kv-precision
[ 94%] Built target nya-test-server
[ 97%] Built target nya-test-api
[ 98%] Linking C executable fyodor-backend.exe
[100%] Built target fyodor-backend
