-- Optional ROCm C loader enabled; HIP/rocBLAS are discovered at runtime
-- Optional MLX C loader enabled; MLX C/GPU are discovered at runtime
-- Configuring done (0.4s)
-- Generating done (0.7s)
-- Build files have been written to: C:/Users/Colin/fyodor/build-sanitize
[  2%] Built target nya-mock-vendor
[  6%] Built target nya-make-test-models
[  8%] Built target nya-mock-missing-vendor
[  9%] Building C object CMakeFiles/nya-engine.dir/core/file.c.obj
[ 12%] Building C object CMakeFiles/nya-engine.dir/core/model.c.obj
[ 12%] Building C object CMakeFiles/nya-engine.dir/core/format.c.obj
[ 16%] Built target nya-test-config
[ 17%] Linking C static library libnya-engine.a
[ 43%] Built target nya-engine
[ 45%] Linking C executable nya-test-vendor.exe
[ 46%] Building C object CMakeFiles/fyodor-train.dir/core/train_main.c.obj
[ 49%] Building C object CMakeFiles/fyodor-bench.dir/core/bench_main.c.obj
[ 52%] Built target nya-server
[ 53%] Linking C executable nya-test-formats.exe
[ 54%] Built target nya-test-vendor
[ 56%] Linking C executable nya-test-execution.exe
[ 57%] Built target nya-test-formats
[ 58%] Linking C executable fyodor-train.exe
[ 60%] Linking C executable fyodor-bench.exe
[ 61%] Linking C executable nya-test-generation.exe
[ 63%] Built target nya-test-execution
[ 63%] Built target fyodor-train
[ 63%] Built target fyodor-bench
[ 64%] Linking C executable nya-test-architectures.exe
[ 65%] Built target nya-test-generation
[ 67%] Linking C executable nya-test-training.exe
[ 68%] Building C object CMakeFiles/nya-test-train-runner.dir/tests/test_train_runner.c.obj
[ 69%] Linking C executable nya-test-pretraining.exe
[ 71%] Built target nya-test-architectures
[ 72%] Built target nya-test-training
[ 73%] Linking C executable nya-test-compute.exe
[ 75%] Built target nya-test-pretraining
[ 76%] Building C object CMakeFiles/nya-test-inference.dir/tests/test_inference.c.obj
[ 78%] Linking C executable nya-test-quant-kernels.exe
[ 79%] Linking C executable nya-test-inference.exe
[ 80%] Linking C executable nya-test-train-runner.exe
[ 82%] Built target nya-test-compute
[ 83%] Linking C executable nya-test-attention.exe
[ 84%] Built target nya-test-quant-kernels
[ 84%] Built target nya-test-inference
[ 84%] Built target nya-test-train-runner
[ 86%] Linking C executable nya-test-kv-precision.exe
[ 87%] Linking C executable nya-test-server.exe
[ 89%] Linking C executable nya-test-api.exe
[ 90%] Built target nya-test-attention
[ 91%] Linking C executable fyodor-backend.exe
[ 94%] Built target nya-test-server
[ 95%] Built target nya-test-kv-precision
[ 98%] Built target nya-test-api
[100%] Built target fyodor-backend
