[ 31%] Built target nya-engine
[ 34%] Built target nya-mock-vendor
[ 36%] Built target nya-mock-missing-vendor
[ 39%] Built target nya-make-test-models
[ 43%] Built target nya-test-config
[ 45%] Linking C executable ..\nya-test-formats.exe
[ 46%] Linking C executable ..\nya-test-execution.exe
[ 47%] Linking C executable ..\nya-test-generation.exe
[ 49%] Linking C executable ..\nya-test-architectures.exe
[ 50%] Built target nya-test-formats
[ 52%] Built target nya-test-execution
[ 53%] Built target nya-test-generation
[ 54%] Linking C executable ..\nya-test-training.exe
[ 56%] Built target nya-test-architectures
[ 57%] Linking C executable ..\nya-test-pretraining.exe
[ 60%] Built target nya-test-train-runner
[ 61%] Linking C executable ..\nya-test-compute.exe
[ 63%] Building C object backend/CMakeFiles/nya-test-inference.dir/tests/test_inference.c.obj
[ 64%] Built target nya-test-training
[ 65%] Built target nya-test-pretraining
[ 67%] Built target nya-test-compute
[ 68%] Linking C executable ..\nya-test-quant-kernels.exe
[ 69%] Linking C executable ..\nya-test-attention.exe
[ 71%] Linking C executable ..\nya-test-inference.exe
[ 72%] Linking C executable ..\nya-test-kv-precision.exe
[ 73%] Built target nya-test-quant-kernels
[ 75%] Built target nya-test-attention
[ 75%] Built target nya-test-inference
[ 76%] Built target nya-test-kv-precision
[ 78%] Linking C executable ..\nya-test-server.exe
[ 79%] Linking C executable ..\nya-test-api.exe
[ 83%] Built target nya-server
[ 86%] Built target fyodor-train
[ 89%] Built target nya-test-server
[ 91%] Built target nya-test-api
[ 93%] Building C object backend/CMakeFiles/fyodor-bench.dir/core/bench_main.c.obj
[ 94%] Linking C executable ..\nya-test-vendor.exe
[ 95%] Linking C executable ..\fyodor-backend.exe
[ 97%] Built target nya-test-vendor
[ 98%] Built target fyodor-backend
[100%] Linking C executable ..\fyodor-bench.exe
[100%] Built target fyodor-bench
