-- Optional ROCm C loader enabled; HIP/rocBLAS are discovered at runtime
-- Optional MLX C loader enabled; MLX C/GPU are discovered at runtime
-- CUDA driver/NVRTC provider enabled (C host compiler; runtime CUDA compilation)
-- CUTLASS: this generator cannot compile CUDA C++; use a standalone CUDA/cutlass build. C/NVRTC build retained
-- Configuring done (0.5s)
-- Generating done (0.8s)
-- Build files have been written to: C:/Users/Colin/fyodor/build-cuda-c23
[  2%] Built target nya-mock-vendor
[  4%] Building C object backend/CMakeFiles/nya-engine.dir/core/file.c.obj
[  6%] Built target nya-mock-missing-vendor
[  9%] Built target nya-make-test-models
[ 10%] Building C object backend/CMakeFiles/nya-engine.dir/core/format.c.obj
[ 12%] Building C object backend/CMakeFiles/nya-engine.dir/core/model.c.obj
[ 16%] Built target nya-test-config
[ 17%] Building C object backend/CMakeFiles/nya-engine.dir/__/CUDA/cuda.c.obj
[ 18%] Linking C static library libnya-engine.a
[ 45%] Built target nya-engine
[ 49%] Built target nya-server
[ 50%] Building C object backend/CMakeFiles/fyodor-train.dir/core/train_main.c.obj
[ 52%] Linking C executable ..\nya-test-vendor.exe
[ 53%] Building C object backend/CMakeFiles/fyodor-bench.dir/core/bench_main.c.obj
[ 54%] Linking C executable ..\nya-test-formats.exe
[ 56%] Built target nya-test-vendor
[ 57%] Linking C executable ..\nya-test-execution.exe
[ 58%] Built target nya-test-formats
[ 60%] Linking C executable ..\nya-test-generation.exe
[ 61%] Built target nya-test-execution
[ 62%] Linking C executable ..\fyodor-bench.exe
[ 64%] Linking C executable ..\nya-test-architectures.exe
[ 65%] Built target nya-test-generation
[ 66%] Linking C executable ..\fyodor-train.exe
[ 66%] Built target fyodor-bench
[ 68%] Linking C executable ..\nya-test-training.exe
[ 69%] Built target nya-test-architectures
[ 69%] Built target fyodor-train
[ 70%] Building C object backend/CMakeFiles/nya-test-train-runner.dir/tests/test_train_runner.c.obj
[ 72%] Built target nya-test-training
[ 73%] Linking C executable ..\nya-test-pretraining.exe
[ 74%] Linking C executable ..\nya-test-compute.exe
[ 76%] Building C object backend/CMakeFiles/nya-test-inference.dir/tests/test_inference.c.obj
[ 77%] Built target nya-test-pretraining
[ 78%] Built target nya-test-compute
[ 80%] Linking C executable ..\nya-test-quant-kernels.exe
[ 81%] Linking C executable ..\nya-test-inference.exe
[ 82%] Linking C executable ..\nya-test-attention.exe
[ 84%] Built target nya-test-quant-kernels
[ 84%] Built target nya-test-inference
[ 85%] Built target nya-test-attention
[ 86%] Linking C executable ..\nya-test-kv-precision.exe
[ 88%] Linking C executable ..\nya-test-server.exe
[ 89%] Linking C executable ..\nya-test-api.exe
[ 90%] Linking C executable ..\nya-test-train-runner.exe
[ 92%] Built target nya-test-kv-precision
[ 94%] Built target nya-test-server
[ 97%] Built target nya-test-api
[ 97%] Built target nya-test-train-runner
[ 98%] Linking C executable ..\fyodor-backend.exe
[100%] Built target fyodor-backend
