-- The C compiler identification is GNU 16.2.0
-- Detecting C compiler ABI info
-- Detecting C compiler ABI info - done
-- Check for working C compiler: C:/Users/Colin/fyodor/.tools/w64devkit/bin/gcc.exe - skipped
-- Detecting C compile features
-- Detecting C compile features - done
-- Performing Test CMAKE_HAVE_LIBC_PTHREAD
-- Performing Test CMAKE_HAVE_LIBC_PTHREAD - Success
-- Found Threads: TRUE
-- Optional ROCm C loader enabled; HIP/rocBLAS are discovered at runtime
-- Optional MLX C loader enabled; MLX C/GPU are discovered at runtime
-- CUDA directory absent: keeping CPU/Vulkan build
-- Configuring done (1.8s)
-- Generating done (0.5s)
-- Build files have been written to: C:/Users/Colin/fyodor/build-cpu/without-cuda-3f3b16f17062/build
[  1%] Building C object backend/CMakeFiles/nya-engine.dir/core/cpu_backend.c.obj
[  2%] Building C object backend/CMakeFiles/nya-mock-vendor.dir/tests/mock_vendor.c.obj
[  4%] Building C object backend/CMakeFiles/nya-mock-missing-vendor.dir/tests/mock_vendor.c.obj
[  5%] Building C object backend/CMakeFiles/nya-make-test-models.dir/tests/make_test_models.c.obj
[  6%] Linking C executable ..\nya-make-test-models.exe
[  8%] Linking C shared library ..\libnya-mock-vendor.dll
[  9%] Linking C shared library ..\libnya-mock-missing-vendor.dll
[  9%] Built target nya-make-test-models
[  9%] Built target nya-mock-vendor
[  9%] Built target nya-mock-missing-vendor
[ 10%] Building C object backend/CMakeFiles/nya-engine.dir/core/cpu_kernels.c.obj
[ 12%] Building C object backend/CMakeFiles/nya-engine.dir/core/llm_quant.c.obj
[ 13%] Building C object backend/CMakeFiles/nya-engine.dir/core/thread.c.obj
[ 15%] Building C object backend/CMakeFiles/nya-engine.dir/core/vendor.c.obj
[ 16%] Building C object backend/CMakeFiles/nya-test-config.dir/tests/test_config.c.obj
[ 17%] Building C object backend/CMakeFiles/nya-test-config.dir/core/config.c.obj
[ 19%] Building C object backend/CMakeFiles/nya-engine.dir/core/compute.c.obj
[ 20%] Linking C executable ..\nya-test-config.exe
[ 21%] Building C object backend/CMakeFiles/nya-engine.dir/core/execution.c.obj
[ 23%] Building C object backend/CMakeFiles/nya-engine.dir/core/generation.c.obj
[ 23%] Built target nya-test-config
[ 24%] Building C object backend/CMakeFiles/nya-engine.dir/core/file.c.obj
[ 26%] Building C object backend/CMakeFiles/nya-engine.dir/core/format.c.obj
[ 27%] Building C object backend/CMakeFiles/nya-engine.dir/core/format_gguf.c.obj
[ 28%] Building C object backend/CMakeFiles/nya-engine.dir/core/format_onnx.c.obj
[ 30%] Building C object backend/CMakeFiles/nya-engine.dir/core/format_safetensors.c.obj
[ 31%] Building C object backend/CMakeFiles/nya-engine.dir/core/llm_cpu.c.obj
[ 32%] Building C object backend/CMakeFiles/nya-engine.dir/core/llm_gguf.c.obj
[ 34%] Building C object backend/CMakeFiles/nya-engine.dir/core/multimodal.c.obj
[ 35%] Building C object backend/CMakeFiles/nya-engine.dir/core/model.c.obj
[ 36%] Building C object backend/CMakeFiles/nya-engine.dir/core/runtime.c.obj
[ 38%] Building C object backend/CMakeFiles/nya-engine.dir/core/training.c.obj
[ 39%] Building C object backend/CMakeFiles/nya-engine.dir/core/pretraining.c.obj
[ 41%] Building C object backend/CMakeFiles/nya-engine.dir/__/rocm/rocm.c.obj
[ 42%] Building C object backend/CMakeFiles/nya-engine.dir/__/mlx/mlx.c.obj
[ 43%] Linking C static library libnya-engine.a
[ 43%] Built target nya-engine
[ 45%] Building C object backend/CMakeFiles/nya-server.dir/core/config.c.obj
[ 46%] Building C object backend/CMakeFiles/fyodor-train.dir/core/train_main.c.obj
[ 47%] Building C object backend/CMakeFiles/fyodor-bench.dir/core/bench_main.c.obj
[ 49%] Building C object backend/CMakeFiles/nya-test-vendor.dir/tests/test_vendor.c.obj
[ 50%] Linking C executable ..\nya-test-vendor.exe
[ 52%] Building C object backend/CMakeFiles/nya-server.dir/core/server.c.obj
[ 52%] Built target nya-test-vendor
[ 53%] Building C object backend/CMakeFiles/nya-test-formats.dir/tests/test_formats.c.obj
[ 54%] Linking C executable ..\fyodor-bench.exe
[ 56%] Linking C executable ..\fyodor-train.exe
[ 56%] Built target fyodor-bench
[ 56%] Built target fyodor-train
[ 57%] Building C object backend/CMakeFiles/nya-test-execution.dir/tests/test_execution.c.obj
[ 58%] Linking C executable ..\nya-test-execution.exe
[ 60%] Building C object backend/CMakeFiles/nya-test-generation.dir/tests/test_generation.c.obj
[ 61%] Linking C executable ..\nya-test-formats.exe
[ 61%] Built target nya-test-execution
[ 61%] Built target nya-test-formats
[ 63%] Linking C executable ..\nya-test-generation.exe
[ 64%] Building C object backend/CMakeFiles/nya-test-architectures.dir/tests/test_architectures.c.obj
[ 65%] Building C object backend/CMakeFiles/nya-test-training.dir/tests/test_training.c.obj
[ 67%] Linking C static library libnya-server.a
[ 67%] Built target nya-test-generation
[ 67%] Built target nya-server
[ 68%] Building C object backend/CMakeFiles/nya-test-train-runner.dir/tests/test_train_runner.c.obj
[ 69%] Building C object backend/CMakeFiles/nya-test-pretraining.dir/tests/test_pretraining.c.obj
[ 71%] Linking C executable ..\nya-test-training.exe
[ 71%] Built target nya-test-training
[ 72%] Building C object backend/CMakeFiles/nya-test-compute.dir/tests/test_compute.c.obj
[ 73%] Linking C executable ..\nya-test-compute.exe
[ 75%] Linking C executable ..\nya-test-train-runner.exe
[ 75%] Built target nya-test-compute
[ 75%] Built target nya-test-train-runner
[ 76%] Building C object backend/CMakeFiles/nya-test-inference.dir/tests/test_inference.c.obj
[ 78%] Building C object backend/CMakeFiles/nya-test-quant-kernels.dir/tests/test_quant_kernels.c.obj
[ 79%] Linking C executable ..\nya-test-inference.exe
[ 80%] Linking C executable ..\nya-test-quant-kernels.exe
[ 80%] Built target nya-test-inference
[ 80%] Built target nya-test-quant-kernels
[ 82%] Building C object backend/CMakeFiles/nya-test-attention.dir/tests/test_attention.c.obj
[ 83%] Building C object backend/CMakeFiles/nya-test-kv-precision.dir/tests/test_kv_precision.c.obj
[ 84%] Linking C executable ..\nya-test-attention.exe
[ 86%] Linking C executable ..\nya-test-architectures.exe
[ 87%] Linking C executable ..\nya-test-kv-precision.exe
[ 89%] Linking C executable ..\nya-test-pretraining.exe
[ 89%] Built target nya-test-attention
[ 89%] Built target nya-test-architectures
[ 89%] Built target nya-test-kv-precision
[ 90%] Building C object backend/CMakeFiles/nya-test-server.dir/tests/test_server.c.obj
[ 90%] Built target nya-test-pretraining
[ 91%] Building C object backend/CMakeFiles/nya-test-api.dir/tests/test_api.c.obj
[ 93%] Building C object backend/CMakeFiles/nya-test-server.dir/core/config.c.obj
[ 94%] Building C object backend/CMakeFiles/fyodor-backend.dir/core/main.c.obj
[ 95%] Linking C executable ..\fyodor-backend.exe
[ 97%] Building C object backend/CMakeFiles/nya-test-api.dir/core/config.c.obj
[ 97%] Built target fyodor-backend
[ 98%] Linking C executable ..\nya-test-api.exe
[100%] Linking C executable ..\nya-test-server.exe
[100%] Built target nya-test-api
[100%] Built target nya-test-server
Internal ctest changing into directory: C:/Users/Colin/fyodor/build-cpu/without-cuda-3f3b16f17062/build
Test project C:/Users/Colin/fyodor/build-cpu/without-cuda-3f3b16f17062/build
      Start  1: vendor-rocm-failures
 1/50 Test  #1: vendor-rocm-failures .............   Passed    0.03 sec
      Start  2: vendor-rocm-quant
 2/50 Test  #2: vendor-rocm-quant ................   Passed    0.20 sec
      Start 43: train-export-decoder
 3/50 Test #43: train-export-decoder .............   Passed    0.15 sec
      Start  3: vendor-rocm-inference
 4/50 Test  #3: vendor-rocm-inference ............   Passed    0.03 sec
      Start  4: vendor-rocm-gemma
 5/50 Test  #4: vendor-rocm-gemma ................   Passed    0.21 sec
      Start  5: vendor-rocm-api
 6/50 Test  #5: vendor-rocm-api ..................   Passed    0.04 sec
      Start  6: vendor-rocm-missing-library
 7/50 Test  #6: vendor-rocm-missing-library ......   Passed    0.01 sec
      Start  7: vendor-rocm-missing-symbol
 8/50 Test  #7: vendor-rocm-missing-symbol .......   Passed    0.00 sec
      Start  8: vendor-rocm-api-fallback
 9/50 Test  #8: vendor-rocm-api-fallback .........   Passed    0.01 sec
      Start  9: vendor-rocm-invalid-budget
10/50 Test  #9: vendor-rocm-invalid-budget .......   Passed    0.00 sec
      Start 10: hardware-rocm-quant
11/50 Test #10: hardware-rocm-quant ..............***Skipped   0.00 sec
      Start 11: hardware-rocm-inference
12/50 Test #11: hardware-rocm-inference ..........***Skipped   0.00 sec
      Start 12: vendor-rocm-bench
13/50 Test #12: vendor-rocm-bench ................   Passed    0.05 sec
      Start 13: vendor-mlx-failures
14/50 Test #13: vendor-mlx-failures ..............   Passed    0.01 sec
      Start 14: vendor-mlx-quant
15/50 Test #14: vendor-mlx-quant .................   Passed    0.18 sec
      Start 15: vendor-mlx-inference
16/50 Test #15: vendor-mlx-inference .............   Passed    0.01 sec
      Start 16: vendor-mlx-gemma
17/50 Test #16: vendor-mlx-gemma .................   Passed    0.18 sec
      Start 17: vendor-mlx-api
18/50 Test #17: vendor-mlx-api ...................   Passed    0.01 sec
      Start 18: vendor-mlx-missing-library
19/50 Test #18: vendor-mlx-missing-library .......   Passed    0.00 sec
      Start 19: vendor-mlx-missing-symbol
20/50 Test #19: vendor-mlx-missing-symbol ........   Passed    0.00 sec
      Start 20: vendor-mlx-api-fallback
21/50 Test #20: vendor-mlx-api-fallback ..........   Passed    0.01 sec
      Start 21: vendor-mlx-invalid-budget
22/50 Test #21: vendor-mlx-invalid-budget ........   Passed    0.00 sec
      Start 22: hardware-mlx-quant
23/50 Test #22: hardware-mlx-quant ...............***Skipped   0.00 sec
      Start 23: hardware-mlx-inference
24/50 Test #23: hardware-mlx-inference ...........***Skipped   0.00 sec
      Start 24: vendor-mlx-bench
25/50 Test #24: vendor-mlx-bench .................   Passed    0.03 sec
      Start 25: kv-precision
26/50 Test #25: kv-precision .....................   Passed    0.12 sec
      Start 26: quant-kernels-cpu-dot
27/50 Test #26: quant-kernels-cpu-dot ............   Passed    0.15 sec
      Start 27: quant-kernels-scalar
28/50 Test #27: quant-kernels-scalar .............   Passed    0.16 sec
      Start 28: attention-scalar
29/50 Test #28: attention-scalar .................   Passed    0.03 sec
      Start 29: quant-kernels-avx2
30/50 Test #29: quant-kernels-avx2 ...............   Passed    0.15 sec
      Start 30: attention-avx2
31/50 Test #30: attention-avx2 ...................   Passed    0.01 sec
      Start 31: quant-kernels-avx512
32/50 Test #31: quant-kernels-avx512 .............   Passed    0.16 sec
      Start 32: attention-avx512
33/50 Test #32: attention-avx512 .................   Passed    0.00 sec
      Start 33: inference-session-parity
34/50 Test #33: inference-session-parity .........   Passed    0.01 sec
      Start 34: inference-cpu-optimized
35/50 Test #34: inference-cpu-optimized ..........   Passed    0.01 sec
      Start 35: generate-model-fixtures
36/50 Test #35: generate-model-fixtures ..........   Passed    0.04 sec
      Start 36: validate-server-config
37/50 Test #36: validate-server-config ...........   Passed    0.03 sec
      Start 37: inspect-model-formats
38/50 Test #37: inspect-model-formats ............   Passed    0.03 sec
      Start 38: generate-native-gguf
39/50 Test #38: generate-native-gguf .............   Passed    0.14 sec
      Start 39: validate-gemma-graphs
40/50 Test #39: validate-gemma-graphs ............   Passed    0.19 sec
      Start 40: validate-training
41/50 Test #40: validate-training ................   Passed    0.04 sec
      Start 41: train-accumulation
42/50 Test #41: train-accumulation ...............   Passed    0.04 sec
      Start 42: validate-training-scalar
43/50 Test #42: validate-training-scalar .........   Passed    0.02 sec
      Start 44: compatible-rest-apis
44/50 Test #44: compatible-rest-apis .............   Passed    0.01 sec
      Start 45: benchmark-cli
45/50 Test #45: benchmark-cli ....................   Passed    0.06 sec
      Start 46: train-cli-workflows
46/50 Test #46: train-cli-workflows ..............   Passed    0.44 sec
      Start 47: train-stop-workflows
47/50 Test #47: train-stop-workflows .............   Passed    1.08 sec
      Start 48: train-unicode-paths
48/50 Test #48: train-unicode-paths ..............   Passed    0.57 sec
      Start 49: validate-http-protocol
49/50 Test #49: validate-http-protocol ...........   Passed    0.67 sec
      Start 50: validate-compute
50/50 Test #50: validate-compute .................   Passed    0.03 sec

100% tests passed, 0 tests failed out of 50

Total Test time (real) =   5.40 sec

The following tests did not run:
	 10 - hardware-rocm-quant (Skipped)
	 11 - hardware-rocm-inference (Skipped)
	 22 - hardware-mlx-quant (Skipped)
	 23 - hardware-mlx-inference (Skipped)
-- Verified CUDA-free source: C:/Users/Colin/fyodor/build-cpu/without-cuda-3f3b16f17062/source (Vulkan=OFF)
Built target verify-without-cuda
