[  2%] Built target nya-mock-vendor
[  6%] Built target nya-make-test-models
[  7%] Built target nya-mock-missing-vendor
[ 40%] Built target nya-engine
[ 44%] Built target nya-test-config
[ 48%] Built target nya-server
[ 50%] Built target fyodor-train
[ 53%] Built target fyodor-bench
[ 55%] Built target nya-test-vendor
[ 58%] Built target nya-test-execution
[ 60%] Built target nya-test-generation
[ 62%] Built target nya-test-formats
[ 65%] Built target nya-test-architectures
[ 67%] Built target nya-test-training
[ 70%] Built target nya-test-pretraining
[ 72%] Built target nya-test-train-runner
[ 75%] Built target nya-test-compute
[ 77%] Built target nya-test-inference
[ 80%] Built target nya-test-attention
[ 82%] Built target nya-test-quant-kernels
[ 85%] Built target nya-test-kv-precision
[ 87%] Built target nya-test-training-device
[ 95%] Built target nya-test-server
[ 95%] Built target nya-test-api
[ 97%] Built target nya-bench-training-device
[100%] Built target fyodor-backend
