-- Optional ROCm C loader enabled; HIP/rocBLAS are discovered at runtime
-- Optional MLX C loader enabled; MLX C/GPU are discovered at runtime
-- Configuring done (0.4s)
-- Generating done (0.3s)
-- Build files have been written to: C:/Users/Colin/fyodor/build-cpu
[  2%] Built target nya-make-test-models
[  5%] Built target nya-mock-vendor
[  7%] Built target nya-mock-missing-vendor
[  8%] Building C object backend/CMakeFiles/nya-engine.dir/core/training_device.c.obj
[ 12%] Built target nya-test-config
[ 13%] Linking C static library libnya-engine.a
[ 43%] Built target nya-engine
[ 44%] Linking C executable ..\nya-test-vendor.exe
[ 45%] Linking C executable ..\fyodor-train.exe
[ 46%] Linking C executable ..\fyodor-bench.exe
[ 50%] Built target nya-server
[ 51%] Built target nya-test-vendor
[ 53%] Linking C executable ..\nya-test-formats.exe
[ 54%] Built target fyodor-train
[ 55%] Built target fyodor-bench
[ 56%] Linking C executable ..\nya-test-execution.exe
[ 58%] Linking C executable ..\nya-test-generation.exe
[ 59%] Linking C executable ..\nya-test-architectures.exe
[ 60%] Built target nya-test-formats
[ 62%] Built target nya-test-execution
[ 63%] Linking C executable ..\nya-test-training.exe
[ 64%] Built target nya-test-generation
[ 65%] Built target nya-test-architectures
[ 67%] Linking C executable ..\nya-test-train-runner.exe
[ 68%] Linking C executable ..\nya-test-compute.exe
[ 69%] Linking C executable ..\nya-test-pretraining.exe
[ 70%] Built target nya-test-training
[ 72%] Linking C executable ..\nya-test-inference.exe
[ 73%] Built target nya-test-train-runner
[ 74%] Built target nya-test-compute
[ 75%] Built target nya-test-pretraining
[ 78%] Linking C executable ..\nya-test-quant-kernels.exe
[ 78%] Linking C executable ..\nya-test-attention.exe
[ 79%] Linking C executable ..\nya-test-kv-precision.exe
[ 81%] Built target nya-test-inference
[ 84%] Linking C executable ..\nya-test-server.exe
[ 84%] Built target nya-test-quant-kernels
[ 84%] Built target nya-test-attention
[ 86%] Built target nya-test-kv-precision
[ 87%] Building C object backend/CMakeFiles/nya-test-training-device.dir/tests/test_training_device.c.obj
[ 88%] Linking C executable ..\nya-test-api.exe
[ 89%] Building C object backend/CMakeFiles/nya-bench-training-device.dir/benchmarks/training_device_bench.c.obj
[ 92%] Built target nya-test-server
[ 93%] Linking C executable ..\fyodor-backend.exe
[ 96%] Built target nya-test-api
[ 97%] Built target fyodor-backend
[ 98%] Linking C executable ..\nya-test-training-device.exe
[ 98%] Built target nya-test-training-device
[100%] Linking C executable ..\nya-bench-training-device.exe
[100%] Built target nya-bench-training-device
