-- The C compiler identification is GNU 16.2.0
-- Detecting C compiler ABI info
-- Detecting C compiler ABI info - done
-- Check for working C compiler: C:/Users/Colin/fyodor/.tools/w64devkit/bin/gcc.exe - skipped
-- Detecting C compile features
-- Detecting C compile features - done
-- Performing Test CMAKE_HAVE_LIBC_PTHREAD
-- Performing Test CMAKE_HAVE_LIBC_PTHREAD - Success
-- Found Threads: TRUE
-- Found Vulkan: C:/Windows/System32/vulkan-1.dll (found suitable version "1.4.357", minimum required is "1.3")  missing components: glslc glslangValidator
-- Optional ROCm C loader enabled; HIP/rocBLAS are discovered at runtime
-- Optional MLX C loader enabled; MLX C/GPU are discovered at runtime
-- CUDA driver/NVRTC provider enabled (C host compiler; runtime CUDA compilation)
-- CUDA/cutlass directory absent: retaining native CUDA kernels
-- Configuring done (1.0s)
-- Generating done (0.3s)
-- Build files have been written to: C:/Users/Colin/fyodor/build-cuda/without-cutlass-11da56cc2325/build
[  2%] Building C object backend/CMakeFiles/nya-engine.dir/core/cpu_backend.c.obj
[  2%] Building C object backend/CMakeFiles/nya-mock-vendor.dir/tests/mock_vendor.c.obj
[  3%] Building C object backend/CMakeFiles/nya-mock-missing-vendor.dir/tests/mock_vendor.c.obj
[  4%] Building C object backend/CMakeFiles/nya-make-test-models.dir/tests/make_test_models.c.obj
[  6%] Linking C executable ..\nya-make-test-models.exe
[  8%] Linking C shared library ..\libnya-mock-vendor.dll
[  8%] Linking C shared library ..\libnya-mock-missing-vendor.dll
[  8%] Built target nya-make-test-models
[  9%] Building C object backend/CMakeFiles/nya-engine.dir/core/cpu_kernels.c.obj
[  9%] Built target nya-mock-missing-vendor
[  9%] Built target nya-mock-vendor
[ 11%] Building C object backend/CMakeFiles/nya-engine.dir/core/llm_quant.c.obj
[ 12%] Building C object backend/CMakeFiles/nya-engine.dir/core/thread.c.obj
[ 13%] Building C object backend/CMakeFiles/nya-test-config.dir/tests/test_config.c.obj
[ 14%] Building C object backend/CMakeFiles/nya-test-config.dir/core/config.c.obj
[ 16%] Building C object backend/CMakeFiles/nya-engine.dir/core/vendor.c.obj
[ 17%] Linking C executable ..\nya-test-config.exe
[ 18%] Building C object backend/CMakeFiles/nya-engine.dir/core/compute.c.obj
[ 18%] Built target nya-test-config
[ 19%] Building C object backend/CMakeFiles/nya-engine.dir/core/execution.c.obj
[ 20%] Building C object backend/CMakeFiles/nya-engine.dir/core/generation.c.obj
[ 22%] Building C object backend/CMakeFiles/nya-engine.dir/core/file.c.obj
[ 23%] Building C object backend/CMakeFiles/nya-engine.dir/core/format.c.obj
[ 25%] Building C object backend/CMakeFiles/nya-engine.dir/core/format_gguf.c.obj
[ 25%] Building C object backend/CMakeFiles/nya-engine.dir/core/format_onnx.c.obj
[ 27%] Building C object backend/CMakeFiles/nya-engine.dir/core/format_safetensors.c.obj
[ 28%] Building C object backend/CMakeFiles/nya-engine.dir/core/llm_cpu.c.obj
[ 29%] Building C object backend/CMakeFiles/nya-engine.dir/core/llm_gguf.c.obj
[ 30%] Building C object backend/CMakeFiles/nya-engine.dir/core/multimodal.c.obj
[ 32%] Building C object backend/CMakeFiles/nya-engine.dir/core/model.c.obj
[ 33%] Building C object backend/CMakeFiles/nya-engine.dir/core/runtime.c.obj
[ 34%] Building C object backend/CMakeFiles/nya-engine.dir/core/training.c.obj
[ 35%] Building C object backend/CMakeFiles/nya-engine.dir/core/train_executor.c.obj
[ 37%] Building C object backend/CMakeFiles/nya-engine.dir/core/training_device.c.obj
[ 38%] Building C object backend/CMakeFiles/nya-engine.dir/core/pretraining.c.obj
[ 39%] Building C object backend/CMakeFiles/nya-engine.dir/vulkan/vulkan.c.obj
[ 40%] Building C object backend/CMakeFiles/nya-engine.dir/__/rocm/rocm.c.obj
[ 41%] Building C object backend/CMakeFiles/nya-engine.dir/__/mlx/mlx.c.obj
[ 43%] Building C object backend/CMakeFiles/nya-engine.dir/__/CUDA/cuda.c.obj
[ 44%] Linking C static library libnya-engine.a
[ 44%] Built target nya-engine
[ 45%] Building C object backend/CMakeFiles/nya-server.dir/core/config.c.obj
[ 46%] Building C object backend/CMakeFiles/fyodor-train.dir/core/train_main.c.obj
[ 49%] Building C object backend/CMakeFiles/fyodor-bench.dir/core/bench_main.c.obj
[ 49%] Building C object backend/CMakeFiles/nya-test-vendor.dir/tests/test_vendor.c.obj
[ 50%] Linking C executable ..\nya-test-vendor.exe
[ 51%] Building C object backend/CMakeFiles/nya-server.dir/core/server.c.obj
[ 51%] Built target nya-test-vendor
[ 53%] Building C object backend/CMakeFiles/nya-test-formats.dir/tests/test_formats.c.obj
[ 54%] Linking C executable ..\fyodor-bench.exe
[ 54%] Built target fyodor-bench
[ 55%] Linking C executable ..\fyodor-train.exe
[ 56%] Building C object backend/CMakeFiles/nya-test-execution.dir/tests/test_execution.c.obj
[ 58%] Linking C executable ..\nya-test-execution.exe
[ 59%] Linking C executable ..\nya-test-formats.exe
[ 59%] Built target fyodor-train
[ 60%] Building C object backend/CMakeFiles/nya-test-generation.dir/tests/test_generation.c.obj
[ 60%] Built target nya-test-execution
[ 60%] Built target nya-test-formats
[ 61%] Building C object backend/CMakeFiles/nya-test-architectures.dir/tests/test_architectures.c.obj
[ 62%] Building C object backend/CMakeFiles/nya-test-training.dir/tests/test_training.c.obj
[ 64%] Linking C executable ..\nya-test-generation.exe
[ 64%] Built target nya-test-generation
[ 65%] Linking C static library libnya-server.a
[ 66%] Building C object backend/CMakeFiles/nya-test-train-runner.dir/tests/test_train_runner.c.obj
[ 66%] Built target nya-server
[ 69%] Linking C executable ..\nya-test-training.exe
[ 69%] Building C object backend/CMakeFiles/nya-test-pretraining.dir/tests/test_pretraining.c.obj
[ 69%] Built target nya-test-training
[ 70%] Building C object backend/CMakeFiles/nya-test-compute.dir/tests/test_compute.c.obj
[ 71%] Linking C executable ..\nya-test-compute.exe
[ 71%] Built target nya-test-compute
[ 72%] Building C object backend/CMakeFiles/nya-test-inference.dir/tests/test_inference.c.obj
[ 74%] Linking C executable ..\nya-test-train-runner.exe
[ 75%] Linking C executable ..\nya-test-inference.exe
[ 75%] Built target nya-test-train-runner
[ 75%] Built target nya-test-inference
[ 76%] Building C object backend/CMakeFiles/nya-test-quant-kernels.dir/tests/test_quant_kernels.c.obj
[ 77%] Building C object backend/CMakeFiles/nya-test-attention.dir/tests/test_attention.c.obj
[ 79%] Linking C executable ..\nya-test-attention.exe
[ 80%] Linking C executable ..\nya-test-quant-kernels.exe
[ 80%] Built target nya-test-attention
[ 80%] Built target nya-test-quant-kernels
[ 81%] Building C object backend/CMakeFiles/nya-test-kv-precision.dir/tests/test_kv_precision.c.obj
[ 82%] Building C object backend/CMakeFiles/nya-test-server.dir/tests/test_server.c.obj
[ 83%] Linking C executable ..\nya-test-kv-precision.exe
[ 83%] Built target nya-test-kv-precision
[ 85%] Building C object backend/CMakeFiles/nya-test-server.dir/core/config.c.obj
[ 86%] Linking C executable ..\nya-test-architectures.exe
[ 86%] Built target nya-test-architectures
[ 87%] Linking C executable ..\nya-test-pretraining.exe
[ 88%] Building C object backend/CMakeFiles/nya-test-api.dir/tests/test_api.c.obj
[ 90%] Building C object backend/CMakeFiles/nya-test-training-device.dir/tests/test_training_device.c.obj
[ 90%] Built target nya-test-pretraining
[ 91%] Building C object backend/CMakeFiles/nya-test-api.dir/core/config.c.obj
[ 93%] Building C object backend/CMakeFiles/nya-bench-training-device.dir/benchmarks/training_device_bench.c.obj
[ 93%] Linking C executable ..\nya-test-training-device.exe
[ 93%] Built target nya-test-training-device
[ 95%] Building C object backend/CMakeFiles/fyodor-backend.dir/core/main.c.obj
[ 96%] Linking C executable ..\fyodor-backend.exe
[ 97%] Linking C executable ..\nya-test-server.exe
[ 97%] Built target fyodor-backend
[ 98%] Linking C executable ..\nya-bench-training-device.exe
[ 98%] Built target nya-test-server
[ 98%] Built target nya-bench-training-device
[100%] Linking C executable ..\nya-test-api.exe
[100%] Built target nya-test-api
Test project C:/Users/Colin/fyodor/build-cuda/without-cutlass-11da56cc2325/build
      Start  1: vendor-rocm-failures
 1/80 Test  #1: vendor-rocm-failures ..................   Passed    0.01 sec
      Start  2: vendor-rocm-quant
 2/80 Test  #2: vendor-rocm-quant .....................   Passed    0.18 sec
      Start 48: train-export-decoder
 3/80 Test #48: train-export-decoder ..................   Passed    0.14 sec
      Start  3: vendor-rocm-inference
 4/80 Test  #3: vendor-rocm-inference .................   Passed    0.01 sec
      Start  4: vendor-rocm-gemma
 5/80 Test  #4: vendor-rocm-gemma .....................   Passed    0.12 sec
      Start  5: vendor-rocm-api
 6/80 Test  #5: vendor-rocm-api .......................   Passed    0.02 sec
      Start  6: vendor-rocm-missing-library
 7/80 Test  #6: vendor-rocm-missing-library ...........   Passed    0.01 sec
      Start  7: vendor-rocm-missing-symbol
 8/80 Test  #7: vendor-rocm-missing-symbol ............   Passed    0.00 sec
      Start  8: vendor-rocm-api-fallback
 9/80 Test  #8: vendor-rocm-api-fallback ..............   Passed    0.01 sec
      Start  9: vendor-rocm-invalid-budget
10/80 Test  #9: vendor-rocm-invalid-budget ............   Passed    0.00 sec
      Start 10: hardware-rocm-quant
11/80 Test #10: hardware-rocm-quant ...................***Skipped   0.00 sec
      Start 11: hardware-rocm-inference
12/80 Test #11: hardware-rocm-inference ...............***Skipped   0.00 sec
      Start 12: vendor-rocm-bench
13/80 Test #12: vendor-rocm-bench .....................   Passed    0.02 sec
      Start 13: vendor-mlx-failures
14/80 Test #13: vendor-mlx-failures ...................   Passed    0.01 sec
      Start 14: vendor-mlx-quant
15/80 Test #14: vendor-mlx-quant ......................   Passed    0.18 sec
      Start 15: vendor-mlx-inference
16/80 Test #15: vendor-mlx-inference ..................   Passed    0.01 sec
      Start 16: vendor-mlx-gemma
17/80 Test #16: vendor-mlx-gemma ......................   Passed    0.11 sec
      Start 17: vendor-mlx-api
18/80 Test #17: vendor-mlx-api ........................   Passed    0.01 sec
      Start 18: vendor-mlx-missing-library
19/80 Test #18: vendor-mlx-missing-library ............   Passed    0.00 sec
      Start 19: vendor-mlx-missing-symbol
20/80 Test #19: vendor-mlx-missing-symbol .............   Passed    0.00 sec
      Start 20: vendor-mlx-api-fallback
21/80 Test #20: vendor-mlx-api-fallback ...............   Passed    0.01 sec
      Start 21: vendor-mlx-invalid-budget
22/80 Test #21: vendor-mlx-invalid-budget .............   Passed    0.00 sec
      Start 22: hardware-mlx-quant
23/80 Test #22: hardware-mlx-quant ....................***Skipped   0.00 sec
      Start 23: hardware-mlx-inference
24/80 Test #23: hardware-mlx-inference ................***Skipped   0.00 sec
      Start 24: vendor-mlx-bench
25/80 Test #24: vendor-mlx-bench ......................   Passed    0.02 sec
      Start 25: kv-precision
26/80 Test #25: kv-precision ..........................   Passed    0.01 sec
      Start 26: quant-kernels-cpu-dot
27/80 Test #26: quant-kernels-cpu-dot .................   Passed    0.15 sec
      Start 27: quant-kernels-scalar
28/80 Test #27: quant-kernels-scalar ..................   Passed    0.16 sec
      Start 28: attention-scalar
29/80 Test #28: attention-scalar ......................   Passed    0.01 sec
      Start 29: quant-kernels-avx2
30/80 Test #29: quant-kernels-avx2 ....................   Passed    0.15 sec
      Start 30: attention-avx2
31/80 Test #30: attention-avx2 ........................   Passed    0.00 sec
      Start 31: quant-kernels-avx512
32/80 Test #31: quant-kernels-avx512 ..................   Passed    0.15 sec
      Start 32: attention-avx512
33/80 Test #32: attention-avx512 ......................   Passed    0.01 sec
      Start 33: inference-session-parity
34/80 Test #33: inference-session-parity ..............   Passed    0.01 sec
      Start 34: inference-cpu-optimized
35/80 Test #34: inference-cpu-optimized ...............   Passed    0.01 sec
      Start 35: generate-model-fixtures
36/80 Test #35: generate-model-fixtures ...............   Passed    0.01 sec
      Start 36: validate-server-config
37/80 Test #36: validate-server-config ................   Passed    0.01 sec
      Start 37: inspect-model-formats
38/80 Test #37: inspect-model-formats .................   Passed    0.01 sec
      Start 38: generate-native-gguf
39/80 Test #38: generate-native-gguf ..................   Passed    0.07 sec
      Start 39: validate-gemma-graphs
40/80 Test #39: validate-gemma-graphs .................   Passed    0.12 sec
      Start 40: training-device-interface
41/80 Test #40: training-device-interface .............   Passed    0.01 sec
      Start 41: training-device-cuda
42/80 Test #41: training-device-cuda ..................   Passed    2.26 sec
      Start 42: training-device-cuda-failure
43/80 Test #42: training-device-cuda-failure ..........   Passed    0.14 sec
      Start 43: training-device-cuda-matrix-failure
44/80 Test #43: training-device-cuda-matrix-failure ...   Passed    0.14 sec
      Start 44: training-device-cuda-finite-failure
45/80 Test #44: training-device-cuda-finite-failure ...   Passed    0.14 sec
      Start 45: validate-training
46/80 Test #45: validate-training .....................   Passed    0.15 sec
      Start 46: train-accumulation
47/80 Test #46: train-accumulation ....................   Passed    0.03 sec
      Start 47: validate-training-scalar
48/80 Test #47: validate-training-scalar ..............   Passed    0.20 sec
      Start 49: compatible-rest-apis
49/80 Test #49: compatible-rest-apis ..................   Passed    0.01 sec
      Start 50: benchmark-cli
50/80 Test #50: benchmark-cli .........................   Passed    0.04 sec
      Start 51: train-cli-workflows
51/80 Test #51: train-cli-workflows ...................   Passed    0.52 sec
      Start 52: train-stop-workflows
52/80 Test #52: train-stop-workflows ..................   Passed    0.67 sec
      Start 53: train-unicode-paths
53/80 Test #53: train-unicode-paths ...................   Passed    0.32 sec
      Start 54: train-evaluation
54/80 Test #54: train-evaluation ......................   Passed    0.40 sec
      Start 55: validate-http-protocol
55/80 Test #55: validate-http-protocol ................   Passed    0.65 sec
      Start 56: validate-compute
56/80 Test #56: validate-compute ......................   Passed    0.01 sec
      Start 57: validate-vulkan-compute
57/80 Test #57: validate-vulkan-compute ...............   Passed    0.29 sec
      Start 58: generate-native-gguf-vulkan
58/80 Test #58: generate-native-gguf-vulkan ...........   Passed    0.72 sec
      Start 59: inference-vulkan-logits
59/80 Test #59: inference-vulkan-logits ...............   Passed    0.20 sec
      Start 60: inference-cuda-attention-shapes
60/80 Test #60: inference-cuda-attention-shapes .......   Passed   11.60 sec
      Start 61: inference-cuda-attention-unsplit
61/80 Test #61: inference-cuda-attention-unsplit ......   Passed   10.29 sec
      Start 62: inference-cuda-attention-no-graphs
62/80 Test #62: inference-cuda-attention-no-graphs ....   Passed   10.69 sec
      Start 63: inference-cuda-graph-reuse
63/80 Test #63: inference-cuda-graph-reuse ............   Passed    0.27 sec
      Start 64: inference-cuda-graph-reference
64/80 Test #64: inference-cuda-graph-reference ........   Passed    1.75 sec
      Start 65: inference-cuda-blas
65/80 Test #65: inference-cuda-blas ...................   Passed    0.26 sec
      Start 66: quant-kernels-cuda-chunks
66/80 Test #66: quant-kernels-cuda-chunks .............   Passed    3.02 sec
      Start 67: quant-kernels-cuda-legacy-layout
67/80 Test #67: quant-kernels-cuda-legacy-layout ......   Passed    3.04 sec
      Start 68: inference-cuda-blas-unavailable
68/80 Test #68: inference-cuda-blas-unavailable .......   Passed    0.14 sec
      Start 69: quant-kernels-cuda
69/80 Test #69: quant-kernels-cuda ....................   Passed    1.69 sec
      Start 70: quant-kernels-cuda-reference
70/80 Test #70: quant-kernels-cuda-reference ..........   Passed    0.83 sec
      Start 71: quant-kernels-cuda-long-32
71/80 Test #71: quant-kernels-cuda-long-32 ............   Passed    2.39 sec
      Start 72: quant-kernels-cuda-long-64
72/80 Test #72: quant-kernels-cuda-long-64 ............   Passed    2.40 sec
      Start 73: inference-cuda-resident
73/80 Test #73: inference-cuda-resident ...............   Passed    0.25 sec
      Start 74: inference-cuda-memory-fallback
74/80 Test #74: inference-cuda-memory-fallback ........   Passed    0.21 sec
      Start 75: inference-cuda-partial-allocation
75/80 Test #75: inference-cuda-partial-allocation .....   Passed    0.21 sec
      Start 76: inference-cuda-prefix-replay
76/80 Test #76: inference-cuda-prefix-replay ..........   Passed    0.21 sec
      Start 77: inference-cuda-without-graphs
77/80 Test #77: inference-cuda-without-graphs .........   Passed    0.22 sec
      Start 78: validate-cuda-compute
78/80 Test #78: validate-cuda-compute .................   Passed    0.60 sec
      Start 79: validate-cuda-gemma
79/80 Test #79: validate-cuda-gemma ...................   Passed    2.08 sec
      Start 80: generate-native-gguf-cuda
80/80 Test #80: generate-native-gguf-cuda .............   Passed    1.21 sec

100% tests passed out of 80

Total Test time (real) =  62.09 sec

The following tests did not run:
	 10 - hardware-rocm-quant (Skipped)
	 11 - hardware-rocm-inference (Skipped)
	 22 - hardware-mlx-quant (Skipped)
	 23 - hardware-mlx-inference (Skipped)
-- Verified CUDA source with CUTLASS physically absent: C:/Users/Colin/fyodor/build-cuda/without-cutlass-11da56cc2325/source
Built target verify-without-cutlass
