**********************************************************************
** Visual Studio 2022 Developer Command Prompt v17.14.39
** Copyright (c) 2025 Microsoft Corporation
**********************************************************************
[vcvarsall.bat] Environment initialized for: 'x64'
-- Looking for a CUDA compiler
-- Looking for a CUDA compiler - C:/Users/Colin/fyodor/.tools/cuda-toolkit/bin/nvcc.exe
-- The CUDA compiler identification is NVIDIA 13.1.115 with host compiler MSVC 19.44.35228.0
-- Detecting CUDA compiler ABI info
-- Detecting CUDA compiler ABI info - done
-- Check for working CUDA compiler: C:/Users/Colin/fyodor/.tools/cuda-toolkit/bin/nvcc.exe - skipped
-- Detecting CUDA compile features
-- Detecting CUDA compile features - done
-- Optional CUTLASS bridge enabled; portable core remains C
-- Configuring done (4.5s)
-- Generating done (0.0s)
-- Build files have been written to: C:/Users/Colin/fyodor/build-cutlass-64x64x32
[ 50%] Building CUDA object CMakeFiles/fyodor-cutlass.dir/gemm.cu.obj
MSVC/cl.exe with traditional preprocessor is used. This may lead to unexpected compilation errors. Please switch to the standard conforming preprocessor by passing `/Zc:preprocessor` to cl.exe. You can define CCCL_IGNORE_MSVC_TRADITIONAL_PREPROCESSOR_WARNING to suppress this warning.
gemm.cu
tmpxft_00000ac0_00000000-7_gemm.cudafe1.cpp
[100%] Linking CUDA shared library fyodor-cutlass.dll
[100%] Built target fyodor-cutlass
