[  1%] Building C object CMakeFiles/nya-engine.dir/core/training_device.c.obj
[  3%] Built target nya-mock-vendor
[  6%] Built target nya-mock-missing-vendor
[  8%] Built target nya-make-test-models
[ 10%] Linking C static library libnya-engine.a
[ 13%] Built target nya-test-config
[ 43%] Built target nya-engine
[ 44%] Linking C executable fyodor-train.exe
[ 48%] Built target nya-server
[ 49%] Linking C executable fyodor-bench.exe
[ 50%] Linking C executable nya-test-vendor.exe
[ 51%] Linking C executable nya-test-formats.exe
[ 53%] Built target fyodor-bench
[ 54%] Built target nya-test-vendor
[ 55%] Built target fyodor-train
[ 56%] Built target nya-test-formats
[ 58%] Linking C executable nya-test-execution.exe
[ 59%] Linking C executable nya-test-generation.exe
[ 60%] Linking C executable nya-test-architectures.exe
[ 62%] Linking C executable nya-test-training.exe
[ 63%] Built target nya-test-generation
[ 64%] Built target nya-test-execution
[ 65%] Built target nya-test-architectures
[ 67%] Built target nya-test-training
[ 68%] Linking C executable nya-test-train-runner.exe
[ 69%] Linking C executable nya-test-pretraining.exe
[ 70%] Linking C executable nya-test-compute.exe
[ 72%] Built target nya-test-compute
[ 73%] Linking C executable nya-test-inference.exe
[ 74%] Built target nya-test-train-runner
[ 75%] Built target nya-test-pretraining
[ 77%] Linking C executable nya-test-quant-kernels.exe
[ 78%] Built target nya-test-inference
[ 79%] Linking C executable nya-test-attention.exe
[ 81%] Linking C executable nya-test-kv-precision.exe
[ 82%] Built target nya-test-quant-kernels
[ 83%] Linking C executable nya-test-server.exe
[ 84%] Built target nya-test-attention
[ 86%] Built target nya-test-kv-precision
[ 87%] Linking C executable nya-test-api.exe
[ 88%] Building C object CMakeFiles/nya-test-training-device.dir/tests/test_training_device.c.obj
[ 91%] Built target nya-test-server
[ 92%] Building C object CMakeFiles/nya-bench-training-device.dir/benchmarks/training_device_bench.c.obj
[ 94%] Built target nya-test-api
[ 96%] Linking C executable fyodor-backend.exe
[ 97%] Linking C executable nya-test-training-device.exe
[ 98%] Built target fyodor-backend
[ 98%] Built target nya-test-training-device
[100%] Linking C executable nya-bench-training-device.exe
[100%] Built target nya-bench-training-device
