[ 33%] Built target nya-engine
[ 35%] Built target nya-mock-vendor
[ 38%] Built target nya-mock-missing-vendor
[ 40%] Built target nya-make-test-models
[ 44%] Built target nya-test-config
[ 46%] Built target nya-test-formats
[ 49%] Built target nya-test-execution
[ 51%] Built target nya-test-generation
[ 54%] Built target nya-test-architectures
[ 56%] Built target nya-test-training
[ 59%] Built target nya-test-pretraining
[ 61%] Built target nya-test-train-runner
[ 64%] Built target nya-test-compute
[ 66%] Built target nya-test-inference
[ 69%] Built target nya-test-quant-kernels
[ 71%] Built target nya-test-attention
[ 74%] Built target nya-test-kv-precision
[ 77%] Built target nya-test-server
[ 81%] Built target nya-test-api
[ 83%] Built target nya-test-training-device
[ 87%] Built target nya-server
[ 90%] Built target nya-bench-training-device
[ 92%] Built target fyodor-train
[ 95%] Built target fyodor-bench
[ 97%] Built target nya-test-vendor
[100%] Built target fyodor-backend
