[  2%] Building C object backend/CMakeFiles/nya-engine.dir/core/training_device.c.obj
[  3%] Built target nya-mock-vendor
[  6%] Built target nya-mock-missing-vendor
[  8%] Built target nya-make-test-models
[ 10%] Linking C static library libnya-engine.a
[ 13%] Built target nya-test-config
[ 43%] Built target nya-engine
[ 44%] Linking C executable ..\fyodor-train.exe
[ 48%] Built target nya-server
[ 49%] Linking C executable ..\fyodor-bench.exe
[ 50%] Linking C executable ..\nya-test-vendor.exe
[ 51%] Linking C executable ..\nya-test-formats.exe
[ 53%] Built target fyodor-bench
[ 54%] Built target fyodor-train
[ 55%] Built target nya-test-vendor
[ 56%] Linking C executable ..\nya-test-execution.exe
[ 58%] Built target nya-test-formats
[ 59%] Linking C executable ..\nya-test-generation.exe
[ 60%] Linking C executable ..\nya-test-architectures.exe
[ 62%] Linking C executable ..\nya-test-training.exe
[ 63%] Built target nya-test-generation
[ 64%] Built target nya-test-execution
[ 65%] Built target nya-test-architectures
[ 67%] Built target nya-test-training
[ 68%] Linking C executable ..\nya-test-train-runner.exe
[ 69%] Linking C executable ..\nya-test-compute.exe
[ 70%] Linking C executable ..\nya-test-pretraining.exe
[ 72%] Linking C executable ..\nya-test-inference.exe
[ 73%] Built target nya-test-train-runner
[ 74%] Built target nya-test-compute
[ 75%] Built target nya-test-pretraining
[ 77%] Built target nya-test-inference
[ 78%] Linking C executable ..\nya-test-quant-kernels.exe
[ 79%] Linking C executable ..\nya-test-attention.exe
[ 81%] Linking C executable ..\nya-test-kv-precision.exe
[ 82%] Linking C executable ..\nya-test-server.exe
[ 83%] Built target nya-test-quant-kernels
[ 84%] Built target nya-test-attention
[ 86%] Built target nya-test-kv-precision
[ 88%] Built target nya-test-server
[ 89%] Linking C executable ..\nya-test-api.exe
[ 91%] Building C object backend/CMakeFiles/nya-test-training-device.dir/tests/test_training_device.c.obj
[ 92%] Building C object backend/CMakeFiles/nya-bench-training-device.dir/benchmarks/training_device_bench.c.obj
[ 93%] Linking C executable ..\fyodor-backend.exe
[ 96%] Built target nya-test-api
[ 97%] Built target fyodor-backend
[ 98%] Linking C executable ..\nya-test-training-device.exe
[ 98%] Built target nya-test-training-device
[100%] Linking C executable ..\nya-bench-training-device.exe
[100%] Built target nya-bench-training-device
