[  1%] Building C object backend/CMakeFiles/nya-engine.dir/__/CUDA/cuda.c.obj
[  3%] Built target nya-mock-vendor
[  6%] Built target nya-mock-missing-vendor
[  9%] Built target nya-make-test-models
[ 13%] Built target nya-test-config
[ 14%] Linking C static library libnya-engine.a
[ 46%] Built target nya-engine
[ 50%] Built target nya-server
[ 51%] Linking C executable ..\fyodor-train.exe
[ 53%] Linking C executable ..\nya-test-vendor.exe
[ 53%] Linking C executable ..\fyodor-bench.exe
[ 55%] Linking C executable ..\nya-test-formats.exe
[ 56%] Built target fyodor-bench
[ 57%] Built target fyodor-train
[ 59%] Built target nya-test-vendor
[ 60%] Linking C executable ..\nya-test-execution.exe
[ 61%] Linking C executable ..\nya-test-generation.exe
[ 63%] Linking C executable ..\nya-test-architectures.exe
[ 64%] Built target nya-test-formats
[ 65%] Built target nya-test-execution
[ 67%] Built target nya-test-generation
[ 68%] Built target nya-test-architectures
[ 69%] Linking C executable ..\nya-test-training.exe
[ 71%] Linking C executable ..\nya-test-train-runner.exe
[ 72%] Linking C executable ..\nya-test-pretraining.exe
[ 73%] Linking C executable ..\nya-test-compute.exe
[ 75%] Built target nya-test-training
[ 76%] Built target nya-test-train-runner
[ 77%] Built target nya-test-compute
[ 78%] Built target nya-test-pretraining
[ 80%] Linking C executable ..\nya-test-inference.exe
[ 81%] Linking C executable ..\nya-test-quant-kernels.exe
[ 82%] Linking C executable ..\nya-test-attention.exe
[ 84%] Linking C executable ..\nya-test-kv-precision.exe
[ 85%] Built target nya-test-inference
[ 86%] Built target nya-test-quant-kernels
[ 89%] Built target nya-test-attention
[ 89%] Built target nya-test-kv-precision
[ 90%] Linking C executable ..\nya-test-server.exe
[ 92%] Linking C executable ..\fyodor-backend.exe
[ 93%] Linking C executable ..\nya-test-api.exe
[ 96%] Built target nya-test-server
[ 98%] Built target nya-test-api
[100%] Built target fyodor-backend
