-- Optional ROCm C loader enabled; HIP/rocBLAS are discovered at runtime
-- Optional MLX C loader enabled; MLX C/GPU are discovered at runtime
-- Configuring done (0.6s)
-- Generating done (0.8s)
-- Build files have been written to: C:/Users/Colin/fyodor/build-sanitize
[  5%] Built target nya-mock-vendor
[  5%] Built target nya-make-test-models
[  8%] Built target nya-mock-missing-vendor
[ 40%] Built target nya-engine
[ 44%] Built target nya-test-config
[ 47%] Built target fyodor-bench
[ 50%] Built target fyodor-train
[ 54%] Built target nya-test-vendor
[ 56%] Built target nya-server
[ 59%] Built target nya-test-architectures
[ 62%] Built target nya-test-execution
[ 64%] Built target nya-test-formats
[ 67%] Built target nya-test-generation
[ 70%] Built target nya-test-training
[ 72%] Built target nya-test-compute
[ 78%] Built target nya-test-pretraining
[ 78%] Built target nya-test-train-runner
[ 81%] Building C object CMakeFiles/nya-test-inference.dir/tests/test_inference.c.obj
[ 82%] Built target nya-test-attention
[ 86%] Built target nya-test-kv-precision
[ 87%] Built target nya-test-quant-kernels
[ 91%] Built target fyodor-backend
[ 94%] Built target nya-test-server
[ 98%] Built target nya-test-api
[100%] Linking C executable nya-test-inference.exe
[100%] Built target nya-test-inference
