-- Optional ROCm C loader enabled; HIP/rocBLAS are discovered at runtime
-- Optional MLX C loader enabled; MLX C/GPU are discovered at runtime
-- Configuring done (0.4s)
-- Generating done (0.9s)
-- Build files have been written to: C:/Users/Colin/fyodor/build-cpu
[  2%] Built target nya-mock-vendor
[  5%] Built target nya-mock-missing-vendor
[  8%] Built target nya-make-test-models
[ 40%] Built target nya-engine
[ 44%] Built target nya-test-config
[ 47%] Built target fyodor-train
[ 51%] Built target nya-server
[ 54%] Built target fyodor-bench
[ 56%] Built target nya-test-vendor
[ 59%] Built target nya-test-execution
[ 62%] Built target nya-test-formats
[ 64%] Built target nya-test-generation
[ 67%] Built target nya-test-training
[ 70%] Built target nya-test-architectures
[ 72%] Built target nya-test-pretraining
[ 75%] Built target nya-test-train-runner
[ 77%] Building C object backend/CMakeFiles/nya-test-inference.dir/tests/test_inference.c.obj
[ 79%] Built target nya-test-compute
[ 82%] Built target nya-test-quant-kernels
[ 85%] Built target nya-test-attention
[ 87%] Built target nya-test-kv-precision
[ 94%] Built target nya-test-api
[ 95%] Built target nya-test-server
[ 97%] Linking C executable ..\nya-test-inference.exe
[100%] Built target fyodor-backend
[100%] Built target nya-test-inference
