-- Optional ROCm C loader enabled; HIP/rocBLAS are discovered at runtime
-- Optional MLX C loader enabled; MLX C/GPU are discovered at runtime
-- CUDA driver/NVRTC provider enabled (C host compiler; runtime CUDA compilation)
-- CUTLASS: this generator cannot compile CUDA C++; use a standalone CUDA/cutlass build. C/NVRTC build retained
-- Configuring done (0.7s)
-- Generating done (1.2s)
-- Build files have been written to: C:/Users/Colin/fyodor/build-cuda
[  2%] Built target nya-mock-vendor
[  5%] Built target nya-mock-missing-vendor
[  7%] Built target nya-make-test-models
[  9%] Building C object backend/CMakeFiles/nya-engine.dir/core/training.c.obj
[ 10%] Building C object backend/CMakeFiles/nya-engine.dir/core/train_executor.c.obj
[ 11%] Building C object backend/CMakeFiles/nya-engine.dir/core/pretraining.c.obj
[ 15%] Built target nya-test-config
[ 17%] Building C object backend/CMakeFiles/nya-engine.dir/__/CUDA/cuda.c.obj
[ 18%] Linking C static library libnya-engine.a
[ 46%] Built target nya-engine
[ 50%] Building C object backend/CMakeFiles/fyodor-train.dir/core/train_main.c.obj
[ 51%] Built target nya-server
[ 52%] Linking C executable ..\nya-test-vendor.exe
[ 53%] Linking C executable ..\fyodor-bench.exe
[ 55%] Linking C executable ..\nya-test-formats.exe
[ 57%] Built target fyodor-bench
[ 57%] Built target nya-test-vendor
[ 59%] Built target nya-test-formats
[ 60%] Linking C executable ..\nya-test-execution.exe
[ 61%] Linking C executable ..\nya-test-generation.exe
[ 63%] Linking C executable ..\fyodor-train.exe
[ 64%] Building C object backend/CMakeFiles/nya-test-architectures.dir/tests/test_architectures.c.obj
[ 65%] Built target nya-test-execution
[ 67%] Built target nya-test-generation
[ 67%] Built target fyodor-train
[ 68%] Building C object backend/CMakeFiles/nya-test-train-runner.dir/tests/test_train_runner.c.obj
[ 71%] Building C object backend/CMakeFiles/nya-test-pretraining.dir/tests/test_pretraining.c.obj
[ 71%] Building C object backend/CMakeFiles/nya-test-training.dir/tests/test_training.c.obj
[ 72%] Linking C executable ..\nya-test-training.exe
[ 72%] Built target nya-test-training
[ 73%] Linking C executable ..\nya-test-train-runner.exe
[ 75%] Linking C executable ..\nya-test-compute.exe
[ 75%] Built target nya-test-train-runner
[ 76%] Building C object backend/CMakeFiles/nya-test-inference.dir/tests/test_inference.c.obj
[ 77%] Built target nya-test-compute
[ 78%] Linking C executable ..\nya-test-inference.exe
[ 80%] Linking C executable ..\nya-test-quant-kernels.exe
[ 81%] Linking C executable ..\nya-test-architectures.exe
[ 81%] Built target nya-test-inference
[ 82%] Built target nya-test-quant-kernels
[ 82%] Built target nya-test-architectures
[ 84%] Linking C executable ..\nya-test-attention.exe
[ 85%] Linking C executable ..\nya-test-kv-precision.exe
[ 86%] Linking C executable ..\nya-test-pretraining.exe
[ 88%] Linking C executable ..\nya-test-server.exe
[ 89%] Built target nya-test-attention
[ 89%] Built target nya-test-pretraining
[ 90%] Built target nya-test-kv-precision
[ 93%] Built target nya-test-server
[ 94%] Linking C executable ..\nya-test-api.exe
[ 96%] Linking C executable ..\fyodor-backend.exe
[ 98%] Built target nya-test-api
[100%] Built target fyodor-backend
