-- Optional ROCm C loader enabled; HIP/rocBLAS are discovered at runtime
-- Optional MLX C loader enabled; MLX C/GPU are discovered at runtime
-- Configuring done (0.7s)
-- Generating done (1.0s)
-- Build files have been written to: C:/Users/Colin/fyodor/build-sanitize
[  2%] Built target nya-mock-vendor
[  5%] Built target nya-mock-missing-vendor
[  8%] Built target nya-make-test-models
[ 12%] Built target nya-test-config
[ 13%] Building C object CMakeFiles/nya-engine.dir/core/training.c.obj
[ 14%] Building C object CMakeFiles/nya-engine.dir/core/train_executor.c.obj
[ 16%] Building C object CMakeFiles/nya-engine.dir/core/pretraining.c.obj
[ 17%] Linking C static library libnya-engine.a
[ 44%] Built target nya-engine
[ 45%] Linking C executable nya-test-vendor.exe
[ 47%] Building C object CMakeFiles/fyodor-train.dir/core/train_main.c.obj
[ 48%] Linking C executable fyodor-bench.exe
[ 52%] Built target nya-server
[ 54%] Linking C executable nya-test-formats.exe
[ 55%] Built target nya-test-vendor
[ 56%] Built target fyodor-bench
[ 58%] Built target nya-test-formats
[ 59%] Linking C executable nya-test-execution.exe
[ 60%] Linking C executable nya-test-generation.exe
[ 62%] Building C object CMakeFiles/nya-test-architectures.dir/tests/test_architectures.c.obj
[ 63%] Linking C executable fyodor-train.exe
[ 64%] Built target nya-test-execution
[ 66%] Built target nya-test-generation
[ 67%] Built target fyodor-train
[ 67%] Building C object CMakeFiles/nya-test-training.dir/tests/test_training.c.obj
[ 68%] Building C object CMakeFiles/nya-test-train-runner.dir/tests/test_train_runner.c.obj
[ 70%] Linking C executable nya-test-architectures.exe
[ 71%] Building C object CMakeFiles/nya-test-pretraining.dir/tests/test_pretraining.c.obj
[ 72%] Linking C executable nya-test-training.exe
[ 72%] Built target nya-test-architectures
[ 74%] Linking C executable nya-test-compute.exe
[ 74%] Built target nya-test-training
[ 75%] Linking C executable nya-test-pretraining.exe
[ 77%] Linking C executable nya-test-train-runner.exe
[ 78%] Building C object CMakeFiles/nya-test-inference.dir/tests/test_inference.c.obj
[ 79%] Built target nya-test-compute
[ 81%] Linking C executable nya-test-inference.exe
[ 81%] Built target nya-test-pretraining
[ 82%] Linking C executable nya-test-quant-kernels.exe
[ 82%] Built target nya-test-train-runner
[ 83%] Linking C executable nya-test-attention.exe
[ 85%] Linking C executable nya-test-kv-precision.exe
[ 85%] Built target nya-test-inference
[ 86%] Built target nya-test-quant-kernels
[ 87%] Built target nya-test-attention
[ 89%] Linking C executable nya-test-server.exe
[ 90%] Linking C executable nya-test-api.exe
[ 91%] Built target nya-test-kv-precision
[ 93%] Linking C executable fyodor-backend.exe
[ 95%] Built target nya-test-api
[ 98%] Built target nya-test-server
[100%] Built target fyodor-backend
