[  2%] Built target nya-mock-vendor
[ 35%] Built target nya-engine
[ 37%] Built target nya-mock-missing-vendor
[ 40%] Built target nya-make-test-models
[ 44%] Built target nya-test-config
[ 48%] Built target nya-server
[ 51%] Built target fyodor-train
[ 52%] Linking C executable ..\fyodor-bench.exe
[ 54%] Linking C executable ..\nya-test-vendor.exe
[ 56%] Linking C executable ..\nya-test-formats.exe
[ 55%] Linking C executable ..\nya-test-execution.exe
[ 58%] Built target fyodor-bench
[ 59%] Built target nya-test-vendor
[ 60%] Built target nya-test-formats
[ 62%] Built target nya-test-execution
[ 63%] Linking C executable ..\nya-test-generation.exe
[ 64%] Building C object backend/CMakeFiles/nya-test-architectures.dir/tests/test_architectures.c.obj
[ 68%] Built target nya-test-training
[ 68%] Building C object backend/CMakeFiles/nya-test-train-runner.dir/tests/test_train_runner.c.obj
[ 70%] Built target nya-test-generation
[ 71%] Building C object backend/CMakeFiles/nya-test-pretraining.dir/tests/test_pretraining.c.obj
[ 72%] Linking C executable ..\nya-test-compute.exe
[ 74%] Built target nya-test-compute
[ 75%] Building C object backend/CMakeFiles/nya-test-inference.dir/tests/test_inference.c.obj
[ 77%] Linking C executable ..\nya-test-inference.exe
[ 77%] Built target nya-test-inference
[ 78%] Linking C executable ..\nya-test-quant-kernels.exe
[ 79%] Built target nya-test-quant-kernels
[ 81%] Linking C executable ..\nya-test-attention.exe
[ 82%] Linking C executable ..\nya-test-pretraining.exe
[ 83%] Built target nya-test-attention
[ 85%] Linking C executable ..\nya-test-kv-precision.exe
[ 85%] Built target nya-test-pretraining
[ 86%] Linking C executable ..\nya-test-train-runner.exe
[ 87%] Linking C executable ..\nya-test-architectures.exe
[ 87%] Built target nya-test-train-runner
[ 89%] Built target nya-test-kv-precision
[ 90%] Linking C executable ..\nya-test-server.exe
[ 90%] Built target nya-test-architectures
[ 91%] Linking C executable ..\nya-test-api.exe
[ 93%] Linking C executable ..\fyodor-backend.exe
[ 95%] Built target nya-test-server
[ 98%] Built target nya-test-api
[100%] Built target fyodor-backend
