{
  "unicode_test_command": [
    "C:\\Users\\Colin\\AppData\\Local\\Python\\pythoncore-3.14-64\\python.exe",
    "C:\\Users\\Colin\\fyodor\\backend\\tests\\train_paths.py",
    "C:\\Users\\Colin\\fyodor\\build-train-profile\\installer-executor-verified\\backend\\fyodor-train.exe",
    "--evidence",
    "C:\\Users\\Colin\\fyodor\\backend\\benchmarks\\training-execution-20260925\\packaged-paths.json"
  ],
  "unicode_test_stdout": "Unicode training paths: 24 native process runs passed.\n",
  "installer": "C:\\Users\\Colin\\fyodor\\frontend\\src-tauri\\target\\release\\bundle\\nsis\\Fyodor_0.3.0_x64-setup.exe",
  "bytes": 406297247,
  "sha256": "1e936807270bd1106759cd02ef6931721a78c98201f4e790f5e1d1acb87754ca",
  "verified_contents_sha256": {
    "backend/cublas64_13.dll": "f1d500d0cd892f5b8c6b6cdbffd82d0c55d5f5427215668e7ceb55aeeccc1b63",
    "backend/cublasLt64_13.dll": "b592cd016d7673e9cb97716a22b27c4010ee635377a3ba28f37070a9bdb76a68",
    "backend/CUDA-LICENSE.txt": "72c22161fc1ebf242443d45158a7dd382d68597b00eeb7a7f539be5c6114be33",
    "backend/CUTLASS-LICENSE.txt": "10e174914fb737aec2d32762bd2e45861acb5ebf1656bee6cf575a6019a08cf0",
    "backend/fyodor-backend.exe": "65228f78664acdcb0e4022efb76bf233d9f62e5dc04b1b453bc6840aecefb1f6",
    "backend/fyodor-cutlass.dll": "21cebb262893695de7e7a1620c453eae15cc7533a92ed9ad682edb357f32affa",
    "backend/fyodor-train.exe": "2596d365cdab7f480c9a6fbba19731cda41fc5429e7486bb1ee34e93e80d5c9b",
    "backend/nvrtc-builtins64_131.dll": "7869f703c1b22c41b21d9865105ea973b7d2c144c0c79364d3eb2ec051d4d8bc",
    "backend/nvrtc64_130_0.dll": "3e2371db636d41af6ae4bfe73cd315b8415190b6129ce6d3416909e22802b4e7",
    "fyodor-desktop.exe": "2b0bb52e0f19bae3e5203b45ac961b106c61eb18484fe7103d43816f50224d3b"
  },
  "extraction_command": [
    "C:/Program Files/7-Zip/7z.exe",
    "x",
    "C:\\Users\\Colin\\fyodor\\frontend\\src-tauri\\target\\release\\bundle\\nsis\\Fyodor_0.3.0_x64-setup.exe",
    "-oC:\\Users\\Colin\\fyodor\\build-train-profile\\installer-executor-verified",
    "-y"
  ],
  "desktop_comparison": "Identical after the single expected Tauri UNK -> NSS bundle marker replacement.",
  "test_command": [
    "C:\\Users\\Colin\\AppData\\Local\\Python\\pythoncore-3.14-64\\python.exe",
    "C:\\Users\\Colin\\fyodor\\backend\\tests\\train_stop.py",
    "C:\\Users\\Colin\\fyodor\\build-train-profile\\installer-executor-verified\\backend\\fyodor-train.exe",
    "--evidence",
    "C:\\Users\\Colin\\fyodor\\backend\\benchmarks\\training-execution-20260925\\packaged-stop-workflows.json"
  ],
  "test_stdout": "Safe stop: 54 process runs passed; exact checkpoints, exports and losses.\n",
  "installed": false,
  "cli_command": [
    "C:\\Users\\Colin\\fyodor\\.tools\\w64devkit\\bin\\cmake.exe",
    "-DTRAINER=C:\\Users\\Colin\\fyodor\\build-train-profile\\installer-executor-verified\\backend\\fyodor-train.exe",
    "-DFIXTURES=C:\\Users\\Colin\\fyodor\\build-train-profile\\installer-executor-verified",
    "-P",
    "C:\\Users\\Colin\\fyodor\\backend\\tests\\TrainCli.cmake"
  ],
  "cli_exit_code": 0
}
