-- step=1 loss=5.5928645 graph_bytes=83512 tokens_per_second=28954.035 microbatches=1 cpu_threads=6
step=10 loss=2.1709392 graph_bytes=73606 tokens_per_second=45871.560 microbatches=1 cpu_threads=6
step=20 loss=0.2151729 graph_bytes=73606 tokens_per_second=43370.508 microbatches=1 cpu_threads=6
step=30 loss=0.0161402 graph_bytes=73606 tokens_per_second=45454.546 microbatches=1 cpu_threads=6
exported=C:\Users\Colin\fyodor\build-train-profile\installer-executor-check/train-cli-32fbecd7cab1/first.gguf

-- step=31 loss=0.0128879 graph_bytes=83512 tokens_per_second=24806.202 microbatches=1 cpu_threads=6
step=40 loss=0.0033762 graph_bytes=73606 tokens_per_second=47879.617 microbatches=1 cpu_threads=6
exported=C:\Users\Colin\fyodor\build-train-profile\installer-executor-check/train-cli-32fbecd7cab1/resumed.gguf

-- step=1 loss=5.5928645 graph_bytes=83512 tokens_per_second=42451.579 microbatches=1 cpu_threads=6
step=10 loss=2.1709392 graph_bytes=73606 tokens_per_second=45841.519 microbatches=1 cpu_threads=6
step=20 loss=0.2151729 graph_bytes=73606 tokens_per_second=45454.546 microbatches=1 cpu_threads=6
step=30 loss=0.0161402 graph_bytes=73606 tokens_per_second=44685.605 microbatches=1 cpu_threads=6
step=40 loss=0.0033762 graph_bytes=73606 tokens_per_second=44205.873 microbatches=1 cpu_threads=6
exported=C:\Users\Colin\fyodor\build-train-profile\installer-executor-check/train-cli-32fbecd7cab1/continuous.gguf

-- step=1 loss=0.0128879 graph_bytes=83512 tokens_per_second=43126.685 microbatches=1 cpu_threads=6
step=4 loss=0.0118464 graph_bytes=73606 tokens_per_second=46589.018 microbatches=1 cpu_threads=6
exported=C:\Users\Colin\fyodor\build-train-profile\installer-executor-check/train-cli-32fbecd7cab1/cpt.gguf

-- step=1 loss=0.0130233 graph_bytes=97510 tokens_per_second=27560.864 microbatches=1 cpu_threads=6
step=4 loss=0.0129508 graph_bytes=97510 tokens_per_second=41237.113 microbatches=1 cpu_threads=6
exported=C:\Users\Colin\fyodor\build-train-profile\installer-executor-check/train-cli-32fbecd7cab1/sft.gguf

-- step=1 loss=0.6931472 graph_bytes=194692 tokens_per_second=38647.343 microbatches=1 cpu_threads=6
step=4 loss=0.6861237 graph_bytes=194692 tokens_per_second=40214.477 microbatches=1 cpu_threads=6
exported=C:\Users\Colin\fyodor\build-train-profile\installer-executor-check/train-cli-32fbecd7cab1/dpo.gguf

-- step=5 loss=0.6826248 graph_bytes=194692 tokens_per_second=34732.272 microbatches=1 cpu_threads=6
step=6 loss=0.6784949 graph_bytes=194692 tokens_per_second=39800.995 microbatches=1 cpu_threads=6
exported=C:\Users\Colin\fyodor\build-train-profile\installer-executor-check/train-cli-32fbecd7cab1/dpo-resumed.gguf

-- step=1 loss=0.6931472 graph_bytes=194692 tokens_per_second=35534.498 microbatches=1 cpu_threads=6
step=6 loss=0.6784949 graph_bytes=194692 tokens_per_second=41972.718 microbatches=1 cpu_threads=6
exported=C:\Users\Colin\fyodor\build-train-profile\installer-executor-check/train-cli-32fbecd7cab1/dpo-continuous.gguf

-- step=1 loss=5.5952279 graph_bytes=83696 tokens_per_second=57164.161 microbatches=3 cpu_threads=6
step=2 loss=5.5550786 graph_bytes=83696 tokens_per_second=46340.179 microbatches=3 cpu_threads=6
exported=C:\Users\Colin\fyodor\build-train-profile\installer-executor-check/train-cli-32fbecd7cab1/pretrain-acc-first.gguf

-- step=3 loss=5.5107813 graph_bytes=83696 tokens_per_second=56881.415 microbatches=3 cpu_threads=6
step=5 loss=5.4275731 graph_bytes=83696 tokens_per_second=60438.839 microbatches=3 cpu_threads=6
exported=C:\Users\Colin\fyodor\build-train-profile\installer-executor-check/train-cli-32fbecd7cab1/pretrain-acc-resume.gguf

-- step=1 loss=5.5952279 graph_bytes=83696 tokens_per_second=49563.625 microbatches=3 cpu_threads=6
step=5 loss=5.4275731 graph_bytes=83696 tokens_per_second=54547.611 microbatches=3 cpu_threads=6
exported=C:\Users\Colin\fyodor\build-train-profile\installer-executor-check/train-cli-32fbecd7cab1/pretrain-acc-full.gguf

-- step=1 loss=0.0129367 graph_bytes=239424 tokens_per_second=41901.986 microbatches=3 cpu_threads=6
step=2 loss=0.0129710 graph_bytes=239424 tokens_per_second=38247.566 microbatches=3 cpu_threads=6
exported=C:\Users\Colin\fyodor\build-train-profile\installer-executor-check/train-cli-32fbecd7cab1/cpt-acc-first.gguf

-- step=3 loss=0.0128974 graph_bytes=239424 tokens_per_second=32927.702 microbatches=3 cpu_threads=6
step=5 loss=0.0128456 graph_bytes=239424 tokens_per_second=40031.329 microbatches=3 cpu_threads=6
exported=C:\Users\Colin\fyodor\build-train-profile\installer-executor-check/train-cli-32fbecd7cab1/cpt-acc-resume.gguf

-- step=1 loss=0.0129367 graph_bytes=239424 tokens_per_second=41685.546 microbatches=3 cpu_threads=6
step=5 loss=0.0128456 graph_bytes=239424 tokens_per_second=50081.655 microbatches=3 cpu_threads=6
exported=C:\Users\Colin\fyodor\build-train-profile\installer-executor-check/train-cli-32fbecd7cab1/cpt-acc-full.gguf

-- step=1 loss=0.0129669 graph_bytes=140045 tokens_per_second=35502.959 microbatches=2 cpu_threads=6
step=2 loss=2.7495343 graph_bytes=83609 tokens_per_second=19370.460 microbatches=2 cpu_threads=6
exported=C:\Users\Colin\fyodor\build-train-profile\installer-executor-check/train-cli-32fbecd7cab1/sft-acc-first.gguf

-- step=3 loss=1.6530106 graph_bytes=140045 tokens_per_second=32310.178 microbatches=2 cpu_threads=6
step=5 loss=2.7402913 graph_bytes=83609 tokens_per_second=40080.160 microbatches=2 cpu_threads=6
exported=C:\Users\Colin\fyodor\build-train-profile\installer-executor-check/train-cli-32fbecd7cab1/sft-acc-resume.gguf

-- step=1 loss=0.0129669 graph_bytes=140045 tokens_per_second=27573.529 microbatches=2 cpu_threads=6
step=5 loss=2.7402913 graph_bytes=83609 tokens_per_second=42194.093 microbatches=2 cpu_threads=6
exported=C:\Users\Colin\fyodor\build-train-profile\installer-executor-check/train-cli-32fbecd7cab1/sft-acc-full.gguf

-- step=1 loss=0.6931472 graph_bytes=251328 tokens_per_second=41281.698 microbatches=2 cpu_threads=6
step=2 loss=0.6931368 graph_bytes=152637 tokens_per_second=34322.138 microbatches=2 cpu_threads=6
exported=C:\Users\Colin\fyodor\build-train-profile\installer-executor-check/train-cli-32fbecd7cab1/dpo-acc-first.gguf

-- step=3 loss=0.6931969 graph_bytes=251328 tokens_per_second=44185.224 microbatches=2 cpu_threads=6
step=5 loss=0.6923668 graph_bytes=152637 tokens_per_second=41878.552 microbatches=2 cpu_threads=6
exported=C:\Users\Colin\fyodor\build-train-profile\installer-executor-check/train-cli-32fbecd7cab1/dpo-acc-resume.gguf

-- step=1 loss=0.6931472 graph_bytes=251328 tokens_per_second=40099.293 microbatches=2 cpu_threads=6
step=5 loss=0.6923668 graph_bytes=152637 tokens_per_second=42347.247 microbatches=2 cpu_threads=6
exported=C:\Users\Colin\fyodor\build-train-profile\installer-executor-check/train-cli-32fbecd7cab1/dpo-acc-full.gguf

-- step=1 loss=5.7443851 graph_bytes=2075904 tokens_per_second=15633.906 microbatches=3 cpu_threads=1
step=2 loss=5.2967681 graph_bytes=2075904 tokens_per_second=17049.070 microbatches=3 cpu_threads=1
exported=C:\Users\Colin\fyodor\build-train-profile\installer-executor-check/train-cli-32fbecd7cab1/parallel-first.gguf

-- step=3 loss=4.9746747 graph_bytes=2075904 tokens_per_second=22758.657 microbatches=3 cpu_threads=3
step=5 loss=4.5643298 graph_bytes=2075904 tokens_per_second=22967.312 microbatches=3 cpu_threads=3
exported=C:\Users\Colin\fyodor\build-train-profile\installer-executor-check/train-cli-32fbecd7cab1/parallel-resumed.gguf

-- step=1 loss=5.7443851 graph_bytes=2075904 tokens_per_second=21409.814 microbatches=3 cpu_threads=6
step=5 loss=4.5643298 graph_bytes=2075904 tokens_per_second=4193.287 microbatches=3 cpu_threads=6
exported=C:\Users\Colin\fyodor\build-train-profile\installer-executor-check/train-cli-32fbecd7cab1/parallel-full.gguf

CMake Error: Could not find CMAKE_ROOT !!!
CMake has most likely not been installed correctly.
Modules directory not found in
C:/Program Files/CMake/share/cmake-4.2
