-- step=1 loss=5.5928645 graph_bytes=83512 tokens_per_second=38938.915 microbatches=1 cpu_threads=6
step=10 loss=2.1709392 graph_bytes=73606 tokens_per_second=47441.545 microbatches=1 cpu_threads=6
step=20 loss=0.2151729 graph_bytes=73606 tokens_per_second=46760.187 microbatches=1 cpu_threads=6
step=30 loss=0.0161402 graph_bytes=73606 tokens_per_second=44699.872 microbatches=1 cpu_threads=6
exported=C:\Users\Colin\fyodor\build-train-profile\installer-executor-verified/train-cli-918d45d22fde/first.gguf

-- step=31 loss=0.0128879 graph_bytes=83512 tokens_per_second=43525.571 microbatches=1 cpu_threads=6
step=40 loss=0.0033762 graph_bytes=73606 tokens_per_second=47457.627 microbatches=1 cpu_threads=6
exported=C:\Users\Colin\fyodor\build-train-profile\installer-executor-verified/train-cli-918d45d22fde/resumed.gguf

-- step=1 loss=5.5928645 graph_bytes=83512 tokens_per_second=39721.946 microbatches=1 cpu_threads=6
step=10 loss=2.1709392 graph_bytes=73606 tokens_per_second=48644.892 microbatches=1 cpu_threads=6
step=20 loss=0.2151729 graph_bytes=73606 tokens_per_second=37513.398 microbatches=1 cpu_threads=6
step=30 loss=0.0161402 graph_bytes=73606 tokens_per_second=48426.150 microbatches=1 cpu_threads=6
step=40 loss=0.0033762 graph_bytes=73606 tokens_per_second=47928.792 microbatches=1 cpu_threads=6
exported=C:\Users\Colin\fyodor\build-train-profile\installer-executor-verified/train-cli-918d45d22fde/continuous.gguf

-- step=1 loss=0.0128879 graph_bytes=83512 tokens_per_second=44321.330 microbatches=1 cpu_threads=6
step=4 loss=0.0118464 graph_bytes=73606 tokens_per_second=47409.414 microbatches=1 cpu_threads=6
exported=C:\Users\Colin\fyodor\build-train-profile\installer-executor-verified/train-cli-918d45d22fde/cpt.gguf

-- step=1 loss=0.0130233 graph_bytes=97510 tokens_per_second=26513.478 microbatches=1 cpu_threads=6
step=4 loss=0.0129508 graph_bytes=97510 tokens_per_second=39682.539 microbatches=1 cpu_threads=6
exported=C:\Users\Colin\fyodor\build-train-profile\installer-executor-verified/train-cli-918d45d22fde/sft.gguf

-- step=1 loss=0.6931472 graph_bytes=194692 tokens_per_second=40000.000 microbatches=1 cpu_threads=6
step=4 loss=0.6861237 graph_bytes=194692 tokens_per_second=42826.552 microbatches=1 cpu_threads=6
exported=C:\Users\Colin\fyodor\build-train-profile\installer-executor-verified/train-cli-918d45d22fde/dpo.gguf

-- step=5 loss=0.6826248 graph_bytes=194692 tokens_per_second=37795.276 microbatches=1 cpu_threads=6
step=6 loss=0.6784949 graph_bytes=194692 tokens_per_second=16036.349 microbatches=1 cpu_threads=6
exported=C:\Users\Colin\fyodor\build-train-profile\installer-executor-verified/train-cli-918d45d22fde/dpo-resumed.gguf

-- step=1 loss=0.6931472 graph_bytes=194692 tokens_per_second=37267.081 microbatches=1 cpu_threads=6
step=6 loss=0.6784949 graph_bytes=194692 tokens_per_second=40281.974 microbatches=1 cpu_threads=6
exported=C:\Users\Colin\fyodor\build-train-profile\installer-executor-verified/train-cli-918d45d22fde/dpo-continuous.gguf

-- step=1 loss=5.5952279 graph_bytes=83696 tokens_per_second=57868.914 microbatches=3 cpu_threads=6
step=2 loss=5.5550786 graph_bytes=83696 tokens_per_second=60472.787 microbatches=3 cpu_threads=6
exported=C:\Users\Colin\fyodor\build-train-profile\installer-executor-verified/train-cli-918d45d22fde/pretrain-acc-first.gguf

-- step=3 loss=5.5107813 graph_bytes=83696 tokens_per_second=47145.639 microbatches=3 cpu_threads=6
step=5 loss=5.4275731 graph_bytes=83696 tokens_per_second=62103.416 microbatches=3 cpu_threads=6
exported=C:\Users\Colin\fyodor\build-train-profile\installer-executor-verified/train-cli-918d45d22fde/pretrain-acc-resume.gguf

-- step=1 loss=5.5952279 graph_bytes=83696 tokens_per_second=55852.355 microbatches=3 cpu_threads=6
step=5 loss=5.4275731 graph_bytes=83696 tokens_per_second=55548.847 microbatches=3 cpu_threads=6
exported=C:\Users\Colin\fyodor\build-train-profile\installer-executor-verified/train-cli-918d45d22fde/pretrain-acc-full.gguf

-- step=1 loss=0.0129367 graph_bytes=239424 tokens_per_second=40503.654 microbatches=3 cpu_threads=6
step=2 loss=0.0129710 graph_bytes=239424 tokens_per_second=47301.656 microbatches=3 cpu_threads=6
exported=C:\Users\Colin\fyodor\build-train-profile\installer-executor-verified/train-cli-918d45d22fde/cpt-acc-first.gguf

-- step=3 loss=0.0128974 graph_bytes=239424 tokens_per_second=43859.649 microbatches=3 cpu_threads=6
step=5 loss=0.0128456 graph_bytes=239424 tokens_per_second=47179.487 microbatches=3 cpu_threads=6
exported=C:\Users\Colin\fyodor\build-train-profile\installer-executor-verified/train-cli-918d45d22fde/cpt-acc-resume.gguf

-- step=1 loss=0.0129367 graph_bytes=239424 tokens_per_second=43083.263 microbatches=3 cpu_threads=6
step=5 loss=0.0128456 graph_bytes=239424 tokens_per_second=50372.317 microbatches=3 cpu_threads=6
exported=C:\Users\Colin\fyodor\build-train-profile\installer-executor-verified/train-cli-918d45d22fde/cpt-acc-full.gguf

-- step=1 loss=0.0129669 graph_bytes=140045 tokens_per_second=36563.071 microbatches=2 cpu_threads=6
step=2 loss=2.7495343 graph_bytes=83609 tokens_per_second=38797.284 microbatches=2 cpu_threads=6
exported=C:\Users\Colin\fyodor\build-train-profile\installer-executor-verified/train-cli-918d45d22fde/sft-acc-first.gguf

-- step=3 loss=1.6530106 graph_bytes=140045 tokens_per_second=36813.042 microbatches=2 cpu_threads=6
step=5 loss=2.7402913 graph_bytes=83609 tokens_per_second=39215.686 microbatches=2 cpu_threads=6
exported=C:\Users\Colin\fyodor\build-train-profile\installer-executor-verified/train-cli-918d45d22fde/sft-acc-resume.gguf

-- step=1 loss=0.0129669 graph_bytes=140045 tokens_per_second=34423.408 microbatches=2 cpu_threads=6
step=5 loss=2.7402913 graph_bytes=83609 tokens_per_second=41025.641 microbatches=2 cpu_threads=6
exported=C:\Users\Colin\fyodor\build-train-profile\installer-executor-verified/train-cli-918d45d22fde/sft-acc-full.gguf

-- step=1 loss=0.6931472 graph_bytes=251328 tokens_per_second=47095.761 microbatches=2 cpu_threads=6
step=2 loss=0.6931368 graph_bytes=152637 tokens_per_second=38997.214 microbatches=2 cpu_threads=6
exported=C:\Users\Colin\fyodor\build-train-profile\installer-executor-verified/train-cli-918d45d22fde/dpo-acc-first.gguf

-- step=3 loss=0.6931969 graph_bytes=251328 tokens_per_second=43088.590 microbatches=2 cpu_threads=6
step=5 loss=0.6923668 graph_bytes=152637 tokens_per_second=37184.595 microbatches=2 cpu_threads=6
exported=C:\Users\Colin\fyodor\build-train-profile\installer-executor-verified/train-cli-918d45d22fde/dpo-acc-resume.gguf

-- step=1 loss=0.6931472 graph_bytes=251328 tokens_per_second=42219.542 microbatches=2 cpu_threads=6
step=5 loss=0.6923668 graph_bytes=152637 tokens_per_second=38856.509 microbatches=2 cpu_threads=6
exported=C:\Users\Colin\fyodor\build-train-profile\installer-executor-verified/train-cli-918d45d22fde/dpo-acc-full.gguf

-- step=1 loss=5.7443851 graph_bytes=2075904 tokens_per_second=19662.662 microbatches=3 cpu_threads=1
step=2 loss=5.2967681 graph_bytes=2075904 tokens_per_second=19359.764 microbatches=3 cpu_threads=1
exported=C:\Users\Colin\fyodor\build-train-profile\installer-executor-verified/train-cli-918d45d22fde/parallel-first.gguf

-- step=3 loss=4.9746747 graph_bytes=2075904 tokens_per_second=22905.135 microbatches=3 cpu_threads=3
step=5 loss=4.5643298 graph_bytes=2075904 tokens_per_second=21873.075 microbatches=3 cpu_threads=3
exported=C:\Users\Colin\fyodor\build-train-profile\installer-executor-verified/train-cli-918d45d22fde/parallel-resumed.gguf

-- step=1 loss=5.7443851 graph_bytes=2075904 tokens_per_second=21739.130 microbatches=3 cpu_threads=6
step=5 loss=4.5643298 graph_bytes=2075904 tokens_per_second=22099.276 microbatches=3 cpu_threads=6
exported=C:\Users\Colin\fyodor\build-train-profile\installer-executor-verified/train-cli-918d45d22fde/parallel-full.gguf

