[0/1] C:\WINDOWS\system32\cmd.exe /C "cd /D C:\Users\Colin\fyodor\build-staged-training\build\backend && C:\Users\Colin\fyodor\.tools\w64devkit\bin\cmake.exe -DNYA_EXCLUDE=optcpp -DNYA_SOURCE_ROOT=C:/Users/Colin/fyodor/build-staged-training/source/backend/.. -DNYA_VERIFY_PARENT=C:/Users/Colin/fyodor/build-staged-training/build -DNYA_GENERATOR=Ninja -DNYA_GENERATOR_PLATFORM= -DNYA_COMPILER=C:/Users/Colin/fyodor/.tools/w64devkit/bin/cc.exe -DNYA_MAKE_PROGRAM=C:/Users/Colin/fyodor/.tools/w64devkit/bin/ninja.exe -DNYA_STANDARD=17 -DNYA_CUDA=OFF -DNYA_CUDA_INCLUDE= -DNYA_NVRTC_INCLUDE= -DNYA_NVRTC_LIBRARY= -DNYA_VULKAN=OFF -DNYA_VULKAN_INCLUDE= -DNYA_VULKAN_LIBRARY= -DNYA_BASELINE_BENCH=C:/Users/Colin/fyodor/build-staged-training/build/fyodor-bench.exe -DNYA_VERIFY_MODEL= -DNYA_SUFFIX=.exe -P C:/Users/Colin/fyodor/build-staged-training/source/backend/cmake/VerifyWithoutOptional.cmake"
-- The C compiler identification is GNU 16.2.0
-- Detecting C compiler ABI info
-- Detecting C compiler ABI info - done
-- Check for working C compiler: C:/Users/Colin/fyodor/.tools/w64devkit/bin/cc.exe - skipped
-- Detecting C compile features
-- Detecting C compile features - done
-- Performing Test CMAKE_HAVE_LIBC_PTHREAD
-- Performing Test CMAKE_HAVE_LIBC_PTHREAD - Success
-- Found Threads: TRUE
-- Configuring done (1.3s)
-- Generating done (0.1s)
CMake Warning (unused-cli):
  Manually-specified variables were not used by the project:

    NYA_ENABLE_MLX
    NYA_ENABLE_ROCM


-- Build files have been written to: C:/Users/Colin/fyodor/build-staged-training/build/without-optcpp-f6f001b88993/build
[1/65] Building C object backend/CMakeFiles/nya-engine.dir/core/llm_quant.c.obj
[2/65] Building C object backend/CMakeFiles/nya-engine.dir/core/thread.c.obj
[3/65] Building C object backend/CMakeFiles/nya-engine.dir/core/cpu_backend.c.obj
[4/65] Building C object backend/CMakeFiles/nya-engine.dir/core/compute.c.obj
[5/65] Building C object backend/CMakeFiles/nya-engine.dir/core/execution.c.obj
[6/65] Building C object backend/CMakeFiles/nya-engine.dir/core/generation.c.obj
[7/65] Building C object backend/CMakeFiles/nya-engine.dir/core/cpu_kernels.c.obj
[8/65] Building C object backend/CMakeFiles/nya-engine.dir/core/format_gguf.c.obj
[9/65] Building C object backend/CMakeFiles/nya-engine.dir/core/format.c.obj
[10/65] Building C object backend/CMakeFiles/nya-engine.dir/core/format_onnx.c.obj
[11/65] Building C object backend/CMakeFiles/nya-engine.dir/core/format_safetensors.c.obj
[12/65] Building C object backend/CMakeFiles/nya-engine.dir/core/file.c.obj
[13/65] Building C object backend/CMakeFiles/nya-engine.dir/core/model.c.obj
[14/65] Building C object backend/CMakeFiles/nya-engine.dir/core/multimodal.c.obj
[15/65] Building C object backend/CMakeFiles/nya-engine.dir/core/runtime.c.obj
[16/65] Building C object backend/CMakeFiles/nya-engine.dir/core/llm_gguf.c.obj
[17/65] Building C object backend/CMakeFiles/nya-engine.dir/core/llm_cpu.c.obj
[18/65] Building C object backend/CMakeFiles/nya-engine.dir/core/pretraining.c.obj
[19/65] Building C object backend/CMakeFiles/nya-engine.dir/core/train_executor.c.obj
[20/65] Building C object backend/CMakeFiles/nya-server.dir/core/config.c.obj
[21/65] Building C object backend/CMakeFiles/fyodor-backend.dir/core/main.c.obj
[22/65] Building C object backend/CMakeFiles/nya-engine.dir/core/training.c.obj
[23/65] Linking C static library backend\libnya-engine.a
[24/65] Building C object backend/CMakeFiles/nya-make-test-models.dir/tests/make_test_models.c.obj
[25/65] Building C object backend/CMakeFiles/fyodor-bench.dir/core/bench_main.c.obj
[26/65] Building C object backend/CMakeFiles/nya-test-config.dir/tests/test_config.c.obj
[27/65] Building C object backend/CMakeFiles/fyodor-train.dir/core/train_main.c.obj
[28/65] Building C object backend/CMakeFiles/nya-test-config.dir/core/config.c.obj
[29/65] Building C object backend/CMakeFiles/nya-test-execution.dir/tests/test_execution.c.obj
[30/65] Building C object backend/CMakeFiles/nya-server.dir/core/server.c.obj
[31/65] Building C object backend/CMakeFiles/nya-test-generation.dir/tests/test_generation.c.obj
[32/65] Linking C static library backend\libnya-server.a
[33/65] Building C object backend/CMakeFiles/nya-test-formats.dir/tests/test_formats.c.obj
[34/65] Building C object backend/CMakeFiles/nya-test-training.dir/tests/test_training.c.obj
[35/65] Building C object backend/CMakeFiles/nya-test-compute.dir/tests/test_compute.c.obj
[36/65] Building C object backend/CMakeFiles/nya-test-train-runner.dir/tests/test_train_runner.c.obj
[37/65] Building C object backend/CMakeFiles/nya-test-inference.dir/tests/test_inference.c.obj
[38/65] Building C object backend/CMakeFiles/nya-test-quant-kernels.dir/tests/test_quant_kernels.c.obj
[39/65] Building C object backend/CMakeFiles/nya-test-attention.dir/tests/test_attention.c.obj
[40/65] Building C object backend/CMakeFiles/nya-test-kv-precision.dir/tests/test_kv_precision.c.obj
[41/65] Building C object backend/CMakeFiles/nya-test-server.dir/core/config.c.obj
[42/65] Building C object backend/CMakeFiles/nya-test-pretraining.dir/tests/test_pretraining.c.obj
[43/65] Building C object backend/CMakeFiles/nya-test-architectures.dir/tests/test_architectures.c.obj
[44/65] Building C object backend/CMakeFiles/nya-test-api.dir/core/config.c.obj
[45/65] Linking C executable fyodor-backend.exe
[46/65] Building C object backend/CMakeFiles/nya-test-server.dir/tests/test_server.c.obj
[47/65] Linking C executable fyodor-train.exe
[48/65] Linking C executable fyodor-bench.exe
[49/65] Linking C executable nya-make-test-models.exe
[50/65] Linking C executable nya-test-config.exe
[51/65] Building C object backend/CMakeFiles/nya-test-api.dir/tests/test_api.c.obj
[52/65] Linking C executable nya-test-formats.exe
[53/65] Linking C executable nya-test-execution.exe
[54/65] Linking C executable nya-test-generation.exe
[55/65] Linking C executable nya-test-architectures.exe
[56/65] Linking C executable nya-test-training.exe
[57/65] Linking C executable nya-test-train-runner.exe
[58/65] Linking C executable nya-test-pretraining.exe
[59/65] Linking C executable nya-test-compute.exe
[60/65] Linking C executable nya-test-inference.exe
[61/65] Linking C executable nya-test-attention.exe
[62/65] Linking C executable nya-test-kv-precision.exe
[63/65] Linking C executable nya-test-quant-kernels.exe
[64/65] Linking C executable nya-test-api.exe
[65/65] Linking C executable nya-test-server.exe
Test project C:/Users/Colin/fyodor/build-staged-training/build/without-optcpp-f6f001b88993/build
      Start  1: kv-precision
 1/26 Test  #1: kv-precision .....................   Passed    0.13 sec
      Start  2: quant-kernels-cpu-dot
 2/26 Test  #2: quant-kernels-cpu-dot ............   Passed    0.20 sec
      Start  3: quant-kernels-scalar
 3/26 Test  #3: quant-kernels-scalar .............   Passed    0.18 sec
      Start  4: attention-scalar
 4/26 Test  #4: attention-scalar .................   Passed    0.04 sec
      Start  5: quant-kernels-avx2
 5/26 Test  #5: quant-kernels-avx2 ...............   Passed    0.17 sec
      Start  6: attention-avx2
 6/26 Test  #6: attention-avx2 ...................   Passed    0.01 sec
      Start  7: quant-kernels-avx512
 7/26 Test  #7: quant-kernels-avx512 .............   Passed    0.18 sec
      Start  8: attention-avx512
 8/26 Test  #8: attention-avx512 .................   Passed    0.01 sec
      Start 19: train-export-decoder
 9/26 Test #19: train-export-decoder .............   Passed    0.25 sec
      Start  9: inference-session-parity
10/26 Test  #9: inference-session-parity .........   Passed    0.03 sec
      Start 10: inference-cpu-optimized
11/26 Test #10: inference-cpu-optimized ..........   Passed    0.01 sec
      Start 11: generate-model-fixtures
12/26 Test #11: generate-model-fixtures ..........   Passed    0.04 sec
      Start 12: validate-server-config
13/26 Test #12: validate-server-config ...........   Passed    0.03 sec
      Start 13: inspect-model-formats
14/26 Test #13: inspect-model-formats ............   Passed    0.08 sec
      Start 14: generate-native-gguf
15/26 Test #14: generate-native-gguf .............   Passed    0.16 sec
      Start 15: validate-gemma-graphs
16/26 Test #15: validate-gemma-graphs ............   Passed    0.23 sec
      Start 16: validate-training
17/26 Test #16: validate-training ................   Passed    0.22 sec
      Start 17: train-accumulation
18/26 Test #17: train-accumulation ...............   Passed    0.04 sec
      Start 18: validate-training-scalar
19/26 Test #18: validate-training-scalar .........   Passed    0.25 sec
      Start 20: compatible-rest-apis
20/26 Test #20: compatible-rest-apis .............   Passed    0.05 sec
      Start 21: benchmark-cli
21/26 Test #21: benchmark-cli ....................   Passed    0.09 sec
      Start 22: train-cli-workflows
22/26 Test #22: train-cli-workflows ..............   Passed    0.85 sec
      Start 23: train-stop-workflows
23/26 Test #23: train-stop-workflows .............   Passed    1.22 sec
      Start 24: train-unicode-paths
24/26 Test #24: train-unicode-paths ..............   Passed    0.61 sec
      Start 25: validate-http-protocol
25/26 Test #25: validate-http-protocol ...........   Passed    0.68 sec
      Start 26: validate-compute
26/26 Test #26: validate-compute .................   Passed    0.03 sec

100% tests passed out of 26

Total Test time (real) =   5.81 sec
-- CPU pp8 before=808178.77099999995, after=816360.53000000003; tg8 before=379146.92200000002, after=379146.91899999999 tokens/s
-- Verified without optcpp: C:/Users/Colin/fyodor/build-staged-training/build/without-optcpp-f6f001b88993; benchmark JSON retained
