[1/67] Building C object backend/CMakeFiles/nya-engine.dir/core/llm_quant.c.obj
[2/67] Building C object backend/CMakeFiles/nya-engine.dir/core/compute.c.obj
[3/67] Building C object backend/CMakeFiles/nya-engine.dir/core/thread.c.obj
[4/67] Building C object backend/CMakeFiles/nya-engine.dir/core/execution.c.obj
[5/67] Building C object backend/CMakeFiles/nya-engine.dir/core/generation.c.obj
[6/67] Building C object backend/CMakeFiles/nya-engine.dir/core/cpu_backend.c.obj
[7/67] Building C object backend/CMakeFiles/nya-engine.dir/core/format.c.obj
[8/67] Building C object backend/CMakeFiles/nya-engine.dir/core/format_onnx.c.obj
[9/67] Building C object backend/CMakeFiles/nya-engine.dir/core/format_gguf.c.obj
[10/67] Building C object backend/CMakeFiles/nya-engine.dir/core/cpu_kernels.c.obj
[11/67] Building C object backend/CMakeFiles/nya-engine.dir/core/file.c.obj
[12/67] Building C object backend/CMakeFiles/nya-engine.dir/core/format_safetensors.c.obj
[13/67] Building C object backend/CMakeFiles/nya-engine.dir/core/multimodal.c.obj
[14/67] Building C object backend/CMakeFiles/nya-engine.dir/core/model.c.obj
[15/67] Building C object backend/CMakeFiles/nya-engine.dir/core/runtime.c.obj
[16/67] Building C object backend/CMakeFiles/nya-engine.dir/core/llm_gguf.c.obj
[17/67] Building C object backend/CMakeFiles/nya-engine.dir/core/train_executor.c.obj
[18/67] Building C object backend/CMakeFiles/nya-engine.dir/core/pretraining.c.obj
[19/67] Building C object backend/CMakeFiles/nya-engine.dir/vulkan/vulkan.c.obj
[20/67] Building C object backend/CMakeFiles/nya-engine.dir/core/llm_cpu.c.obj
[21/67] Building C object backend/CMakeFiles/nya-engine.dir/core/training.c.obj
[22/67] Building C object backend/CMakeFiles/nya-server.dir/core/config.c.obj
[23/67] Building C object backend/CMakeFiles/fyodor-backend.dir/core/main.c.obj
[24/67] Building C object backend/CMakeFiles/fyodor-bench.dir/core/bench_main.c.obj
[25/67] Building C object backend/CMakeFiles/fyodor-train.dir/core/train_main.c.obj
[26/67] Building C object backend/CMakeFiles/nya-test-config.dir/tests/test_config.c.obj
[27/67] Building C object backend/CMakeFiles/nya-engine.dir/__/CUDA/cuda.c.obj
[28/67] Building C object backend/CMakeFiles/nya-make-test-models.dir/tests/make_test_models.c.obj
[29/67] Linking C static library backend\libnya-engine.a
[30/67] Building C object backend/CMakeFiles/nya-test-execution.dir/tests/test_execution.c.obj
[31/67] Building C object backend/CMakeFiles/nya-test-config.dir/core/config.c.obj
[32/67] Building C object backend/CMakeFiles/nya-server.dir/core/server.c.obj
[33/67] Building C object backend/CMakeFiles/nya-test-generation.dir/tests/test_generation.c.obj
[34/67] Linking C static library backend\libnya-server.a
[35/67] Building C object backend/CMakeFiles/nya-test-formats.dir/tests/test_formats.c.obj
[36/67] Building C object backend/CMakeFiles/nya-test-training.dir/tests/test_training.c.obj
[37/67] Building C object backend/CMakeFiles/nya-test-compute.dir/tests/test_compute.c.obj
[38/67] Building C object backend/CMakeFiles/nya-test-inference.dir/tests/test_inference.c.obj
[39/67] Building C object backend/CMakeFiles/nya-test-train-runner.dir/tests/test_train_runner.c.obj
[40/67] Building C object backend/CMakeFiles/nya-test-attention.dir/tests/test_attention.c.obj
[41/67] Building C object backend/CMakeFiles/nya-test-quant-kernels.dir/tests/test_quant_kernels.c.obj
[42/67] Building C object backend/CMakeFiles/nya-test-kv-precision.dir/tests/test_kv_precision.c.obj
[43/67] Building C object backend/CMakeFiles/nya-test-server.dir/core/config.c.obj
[44/67] Building C object backend/CMakeFiles/nya-test-architectures.dir/tests/test_architectures.c.obj
[45/67] Building C object backend/CMakeFiles/nya-test-pretraining.dir/tests/test_pretraining.c.obj
[46/67] Building C object backend/CMakeFiles/nya-test-api.dir/core/config.c.obj
[47/67] Linking C executable fyodor-backend.exe
[48/67] Linking C executable fyodor-train.exe
[49/67] Linking C executable nya-make-test-models.exe
[50/67] Linking C executable fyodor-bench.exe
[51/67] Linking C executable nya-test-config.exe
[52/67] Building C object backend/CMakeFiles/nya-test-server.dir/tests/test_server.c.obj
[53/67] Linking C executable nya-test-formats.exe
[54/67] Linking C executable nya-test-generation.exe
[55/67] Linking C executable nya-test-execution.exe
[56/67] Linking C executable nya-test-architectures.exe
[57/67] Building C object backend/CMakeFiles/nya-test-api.dir/tests/test_api.c.obj
[58/67] Linking C executable nya-test-training.exe
[59/67] Linking C executable nya-test-train-runner.exe
[60/67] Linking C executable nya-test-pretraining.exe
[61/67] Linking C executable nya-test-compute.exe
[62/67] Linking C executable nya-test-inference.exe
[63/67] Linking C executable nya-test-quant-kernels.exe
[64/67] Linking C executable nya-test-kv-precision.exe
[65/67] Linking C executable nya-test-attention.exe
[66/67] Linking C executable nya-test-server.exe
[67/67] Linking C executable nya-test-api.exe
