[1/65] Building C object backend/CMakeFiles/nya-engine.dir/core/llm_quant.c.obj
[2/65] Building C object backend/CMakeFiles/nya-engine.dir/core/compute.c.obj
[3/65] Building C object backend/CMakeFiles/nya-engine.dir/core/cpu_backend.c.obj
[4/65] Building C object backend/CMakeFiles/nya-engine.dir/core/thread.c.obj
[5/65] Building C object backend/CMakeFiles/nya-engine.dir/core/generation.c.obj
[6/65] Building C object backend/CMakeFiles/nya-engine.dir/core/execution.c.obj
[7/65] Building C object backend/CMakeFiles/nya-engine.dir/core/format_gguf.c.obj
[8/65] Building C object backend/CMakeFiles/nya-engine.dir/core/format.c.obj
[9/65] Building C object backend/CMakeFiles/nya-engine.dir/core/cpu_kernels.c.obj
[10/65] Building C object backend/CMakeFiles/nya-engine.dir/core/format_onnx.c.obj
[11/65] Building C object backend/CMakeFiles/nya-engine.dir/core/file.c.obj
[12/65] Building C object backend/CMakeFiles/nya-engine.dir/core/format_safetensors.c.obj
[13/65] Building C object backend/CMakeFiles/nya-engine.dir/core/multimodal.c.obj
[14/65] Building C object backend/CMakeFiles/nya-engine.dir/core/model.c.obj
[15/65] Building C object backend/CMakeFiles/nya-engine.dir/core/runtime.c.obj
[16/65] Building C object backend/CMakeFiles/nya-engine.dir/core/llm_gguf.c.obj
[17/65] Building C object backend/CMakeFiles/nya-engine.dir/core/llm_cpu.c.obj
[18/65] Building C object backend/CMakeFiles/nya-engine.dir/core/train_executor.c.obj
[19/65] Building C object backend/CMakeFiles/nya-engine.dir/core/pretraining.c.obj
[20/65] Building C object backend/CMakeFiles/nya-server.dir/core/config.c.obj
[21/65] Building C object backend/CMakeFiles/nya-engine.dir/core/training.c.obj
[22/65] Building C object backend/CMakeFiles/fyodor-backend.dir/core/main.c.obj
[23/65] Linking C static library backend\libnya-engine.a
[24/65] Building C object backend/CMakeFiles/nya-make-test-models.dir/tests/make_test_models.c.obj
[25/65] Building C object backend/CMakeFiles/nya-test-config.dir/tests/test_config.c.obj
[26/65] Building C object backend/CMakeFiles/fyodor-train.dir/core/train_main.c.obj
[27/65] Building C object backend/CMakeFiles/fyodor-bench.dir/core/bench_main.c.obj
[28/65] Building C object backend/CMakeFiles/nya-test-config.dir/core/config.c.obj
[29/65] Building C object backend/CMakeFiles/nya-test-execution.dir/tests/test_execution.c.obj
[30/65] Building C object backend/CMakeFiles/nya-server.dir/core/server.c.obj
[31/65] Building C object backend/CMakeFiles/nya-test-generation.dir/tests/test_generation.c.obj
[32/65] Linking C static library backend\libnya-server.a
[33/65] Building C object backend/CMakeFiles/nya-test-formats.dir/tests/test_formats.c.obj
[34/65] Building C object backend/CMakeFiles/nya-test-training.dir/tests/test_training.c.obj
[35/65] Building C object backend/CMakeFiles/nya-test-compute.dir/tests/test_compute.c.obj
[36/65] Building C object backend/CMakeFiles/nya-test-inference.dir/tests/test_inference.c.obj
[37/65] Building C object backend/CMakeFiles/nya-test-train-runner.dir/tests/test_train_runner.c.obj
[38/65] Building C object backend/CMakeFiles/nya-test-quant-kernels.dir/tests/test_quant_kernels.c.obj
[39/65] Building C object backend/CMakeFiles/nya-test-attention.dir/tests/test_attention.c.obj
[40/65] Building C object backend/CMakeFiles/nya-test-kv-precision.dir/tests/test_kv_precision.c.obj
[41/65] Building C object backend/CMakeFiles/nya-test-server.dir/core/config.c.obj
[42/65] Building C object backend/CMakeFiles/nya-test-architectures.dir/tests/test_architectures.c.obj
[43/65] Building C object backend/CMakeFiles/nya-test-pretraining.dir/tests/test_pretraining.c.obj
[44/65] Building C object backend/CMakeFiles/nya-test-api.dir/core/config.c.obj
[45/65] Linking C executable fyodor-backend.exe
[46/65] Linking C executable fyodor-train.exe
[47/65] Building C object backend/CMakeFiles/nya-test-server.dir/tests/test_server.c.obj
[48/65] Linking C executable nya-make-test-models.exe
[49/65] Linking C executable fyodor-bench.exe
[50/65] Linking C executable nya-test-formats.exe
[51/65] Linking C executable nya-test-config.exe
[52/65] Linking C executable nya-test-execution.exe
[53/65] Linking C executable nya-test-generation.exe
[54/65] Linking C executable nya-test-architectures.exe
[55/65] Building C object backend/CMakeFiles/nya-test-api.dir/tests/test_api.c.obj
[56/65] Linking C executable nya-test-training.exe
[57/65] Linking C executable nya-test-compute.exe
[58/65] Linking C executable nya-test-train-runner.exe
[59/65] Linking C executable nya-test-pretraining.exe
[60/65] Linking C executable nya-test-inference.exe
[61/65] Linking C executable nya-test-quant-kernels.exe
[62/65] Linking C executable nya-test-server.exe
[63/65] Linking C executable nya-test-attention.exe
[64/65] Linking C executable nya-test-kv-precision.exe
[65/65] Linking C executable nya-test-api.exe
