-- The C compiler identification is GNU 16.2.0
-- Detecting C compiler ABI info
-- Detecting C compiler ABI info - done
-- Check for working C compiler: C:/Users/Colin/fyodor/.tools/w64devkit/bin/gcc.exe - skipped
-- Detecting C compile features
-- Detecting C compile features - done
-- Performing Test CMAKE_HAVE_LIBC_PTHREAD
-- Performing Test CMAKE_HAVE_LIBC_PTHREAD - Success
-- Found Threads: TRUE
-- Found Vulkan: C:/Windows/System32/vulkan-1.dll (found suitable version "1.4.357", minimum required is "1.3")  missing components: glslc glslangValidator
-- Optional ROCm C loader enabled; HIP/rocBLAS are discovered at runtime
-- Optional MLX C loader enabled; MLX C/GPU are discovered at runtime
-- CUDA driver/NVRTC provider enabled (C host compiler; runtime CUDA compilation)
-- CUDA/cutlass directory absent: retaining native CUDA kernels
-- Configuring done (2.4s)
-- Generating done (0.4s)
-- Build files have been written to: C:/Users/Colin/fyodor/build-cuda/without-cutlass-ebb60970be0c/build
[  1%] Building C object backend/CMakeFiles/nya-engine.dir/core/cpu_backend.c.obj
[  2%] Building C object backend/CMakeFiles/nya-mock-vendor.dir/tests/mock_vendor.c.obj
[  3%] Building C object backend/CMakeFiles/nya-make-test-models.dir/tests/make_test_models.c.obj
[  5%] Building C object backend/CMakeFiles/nya-mock-missing-vendor.dir/tests/mock_vendor.c.obj
[  6%] Linking C executable ..\nya-make-test-models.exe
[  7%] Linking C shared library ..\libnya-mock-vendor.dll
[  9%] Linking C shared library ..\libnya-mock-missing-vendor.dll
[  9%] Built target nya-make-test-models
[  9%] Built target nya-mock-missing-vendor
[  9%] Built target nya-mock-vendor
[ 10%] Building C object backend/CMakeFiles/nya-engine.dir/core/cpu_kernels.c.obj
[ 11%] Building C object backend/CMakeFiles/nya-engine.dir/core/llm_quant.c.obj
[ 13%] Building C object backend/CMakeFiles/nya-engine.dir/core/thread.c.obj
[ 14%] Building C object backend/CMakeFiles/nya-engine.dir/core/vendor.c.obj
[ 15%] Building C object backend/CMakeFiles/nya-test-config.dir/tests/test_config.c.obj
[ 17%] Building C object backend/CMakeFiles/nya-test-config.dir/core/config.c.obj
[ 18%] Building C object backend/CMakeFiles/nya-engine.dir/core/compute.c.obj
[ 19%] Linking C executable ..\nya-test-config.exe
[ 21%] Building C object backend/CMakeFiles/nya-engine.dir/core/execution.c.obj
[ 22%] Building C object backend/CMakeFiles/nya-engine.dir/core/generation.c.obj
[ 23%] Building C object backend/CMakeFiles/nya-engine.dir/core/file.c.obj
[ 23%] Built target nya-test-config
[ 25%] Building C object backend/CMakeFiles/nya-engine.dir/core/format.c.obj
[ 26%] Building C object backend/CMakeFiles/nya-engine.dir/core/format_gguf.c.obj
[ 27%] Building C object backend/CMakeFiles/nya-engine.dir/core/format_onnx.c.obj
[ 28%] Building C object backend/CMakeFiles/nya-engine.dir/core/format_safetensors.c.obj
[ 30%] Building C object backend/CMakeFiles/nya-engine.dir/core/llm_cpu.c.obj
[ 31%] Building C object backend/CMakeFiles/nya-engine.dir/core/llm_gguf.c.obj
[ 32%] Building C object backend/CMakeFiles/nya-engine.dir/core/multimodal.c.obj
[ 34%] Building C object backend/CMakeFiles/nya-engine.dir/core/model.c.obj
[ 35%] Building C object backend/CMakeFiles/nya-engine.dir/core/runtime.c.obj
[ 36%] Building C object backend/CMakeFiles/nya-engine.dir/core/training.c.obj
[ 38%] Building C object backend/CMakeFiles/nya-engine.dir/core/train_executor.c.obj
[ 39%] Building C object backend/CMakeFiles/nya-engine.dir/core/pretraining.c.obj
[ 40%] Building C object backend/CMakeFiles/nya-engine.dir/vulkan/vulkan.c.obj
[ 42%] Building C object backend/CMakeFiles/nya-engine.dir/__/rocm/rocm.c.obj
[ 43%] Building C object backend/CMakeFiles/nya-engine.dir/__/mlx/mlx.c.obj
[ 44%] Building C object backend/CMakeFiles/nya-engine.dir/__/CUDA/cuda.c.obj
[ 46%] Linking C static library libnya-engine.a
[ 46%] Built target nya-engine
[ 47%] Building C object backend/CMakeFiles/fyodor-train.dir/core/train_main.c.obj
[ 48%] Building C object backend/CMakeFiles/nya-server.dir/core/config.c.obj
[ 51%] Building C object backend/CMakeFiles/fyodor-bench.dir/core/bench_main.c.obj
[ 51%] Building C object backend/CMakeFiles/nya-test-vendor.dir/tests/test_vendor.c.obj
[ 52%] Linking C executable ..\nya-test-vendor.exe
[ 53%] Building C object backend/CMakeFiles/nya-server.dir/core/server.c.obj
[ 53%] Built target nya-test-vendor
[ 55%] Building C object backend/CMakeFiles/nya-test-formats.dir/tests/test_formats.c.obj
[ 56%] Linking C executable ..\fyodor-bench.exe
[ 57%] Linking C executable ..\fyodor-train.exe
[ 57%] Built target fyodor-bench
[ 57%] Built target fyodor-train
[ 59%] Building C object backend/CMakeFiles/nya-test-execution.dir/tests/test_execution.c.obj
[ 60%] Linking C executable ..\nya-test-formats.exe
[ 61%] Building C object backend/CMakeFiles/nya-test-generation.dir/tests/test_generation.c.obj
[ 63%] Linking C executable ..\nya-test-execution.exe
[ 63%] Built target nya-test-formats
[ 63%] Built target nya-test-execution
[ 64%] Linking C static library libnya-server.a
[ 65%] Linking C executable ..\nya-test-generation.exe
[ 67%] Building C object backend/CMakeFiles/nya-test-architectures.dir/tests/test_architectures.c.obj
[ 68%] Building C object backend/CMakeFiles/nya-test-training.dir/tests/test_training.c.obj
[ 68%] Built target nya-server
[ 68%] Built target nya-test-generation
[ 69%] Building C object backend/CMakeFiles/nya-test-train-runner.dir/tests/test_train_runner.c.obj
[ 71%] Building C object backend/CMakeFiles/nya-test-pretraining.dir/tests/test_pretraining.c.obj
[ 72%] Linking C executable ..\nya-test-training.exe
[ 72%] Built target nya-test-training
[ 73%] Building C object backend/CMakeFiles/nya-test-compute.dir/tests/test_compute.c.obj
[ 75%] Linking C executable ..\nya-test-compute.exe
[ 76%] Linking C executable ..\nya-test-train-runner.exe
[ 76%] Built target nya-test-compute
[ 76%] Built target nya-test-train-runner
[ 77%] Building C object backend/CMakeFiles/nya-test-inference.dir/tests/test_inference.c.obj
[ 78%] Building C object backend/CMakeFiles/nya-test-quant-kernels.dir/tests/test_quant_kernels.c.obj
[ 80%] Linking C executable ..\nya-test-inference.exe
[ 81%] Linking C executable ..\nya-test-quant-kernels.exe
[ 81%] Built target nya-test-inference
[ 81%] Built target nya-test-quant-kernels
[ 82%] Linking C executable ..\nya-test-architectures.exe
[ 84%] Building C object backend/CMakeFiles/nya-test-attention.dir/tests/test_attention.c.obj
[ 85%] Building C object backend/CMakeFiles/nya-test-kv-precision.dir/tests/test_kv_precision.c.obj
[ 86%] Linking C executable ..\nya-test-pretraining.exe
[ 88%] Linking C executable ..\nya-test-kv-precision.exe
[ 88%] Built target nya-test-architectures
[ 89%] Linking C executable ..\nya-test-attention.exe
[ 89%] Built target nya-test-pretraining
[ 90%] Building C object backend/CMakeFiles/nya-test-server.dir/tests/test_server.c.obj
[ 90%] Built target nya-test-attention
[ 92%] Building C object backend/CMakeFiles/nya-test-api.dir/tests/test_api.c.obj
[ 92%] Built target nya-test-kv-precision
[ 93%] Building C object backend/CMakeFiles/nya-test-server.dir/core/config.c.obj
[ 94%] Building C object backend/CMakeFiles/fyodor-backend.dir/core/main.c.obj
[ 96%] Building C object backend/CMakeFiles/nya-test-api.dir/core/config.c.obj
[ 97%] Linking C executable ..\fyodor-backend.exe
[ 97%] Built target fyodor-backend
[ 98%] Linking C executable ..\nya-test-server.exe
[100%] Linking C executable ..\nya-test-api.exe
[100%] Built target nya-test-server
[100%] Built target nya-test-api
Test project C:/Users/Colin/fyodor/build-cuda/without-cutlass-ebb60970be0c/build
      Start  1: vendor-rocm-failures
 1/70 Test  #1: vendor-rocm-failures ................   Passed    0.03 sec
      Start  2: vendor-rocm-quant
 2/70 Test  #2: vendor-rocm-quant ...................   Passed    0.21 sec
      Start 43: train-export-decoder
 3/70 Test #43: train-export-decoder ................   Passed    0.17 sec
      Start  3: vendor-rocm-inference
 4/70 Test  #3: vendor-rocm-inference ...............   Passed    0.04 sec
      Start  4: vendor-rocm-gemma
 5/70 Test  #4: vendor-rocm-gemma ...................   Passed    0.28 sec
      Start  5: vendor-rocm-api
 6/70 Test  #5: vendor-rocm-api .....................   Passed    0.05 sec
      Start  6: vendor-rocm-missing-library
 7/70 Test  #6: vendor-rocm-missing-library .........   Passed    0.01 sec
      Start  7: vendor-rocm-missing-symbol
 8/70 Test  #7: vendor-rocm-missing-symbol ..........   Passed    0.01 sec
      Start  8: vendor-rocm-api-fallback
 9/70 Test  #8: vendor-rocm-api-fallback ............   Passed    0.01 sec
      Start  9: vendor-rocm-invalid-budget
10/70 Test  #9: vendor-rocm-invalid-budget ..........   Passed    0.01 sec
      Start 10: hardware-rocm-quant
11/70 Test #10: hardware-rocm-quant .................***Skipped   0.01 sec
      Start 11: hardware-rocm-inference
12/70 Test #11: hardware-rocm-inference .............***Skipped   0.01 sec
      Start 12: vendor-rocm-bench
13/70 Test #12: vendor-rocm-bench ...................   Passed    0.06 sec
      Start 13: vendor-mlx-failures
14/70 Test #13: vendor-mlx-failures .................   Passed    0.02 sec
      Start 14: vendor-mlx-quant
15/70 Test #14: vendor-mlx-quant ....................   Passed    0.18 sec
      Start 15: vendor-mlx-inference
16/70 Test #15: vendor-mlx-inference ................   Passed    0.01 sec
      Start 16: vendor-mlx-gemma
17/70 Test #16: vendor-mlx-gemma ....................   Passed    0.20 sec
      Start 17: vendor-mlx-api
18/70 Test #17: vendor-mlx-api ......................   Passed    0.02 sec
      Start 18: vendor-mlx-missing-library
19/70 Test #18: vendor-mlx-missing-library ..........   Passed    0.01 sec
      Start 19: vendor-mlx-missing-symbol
20/70 Test #19: vendor-mlx-missing-symbol ...........   Passed    0.01 sec
      Start 20: vendor-mlx-api-fallback
21/70 Test #20: vendor-mlx-api-fallback .............   Passed    0.01 sec
      Start 21: vendor-mlx-invalid-budget
22/70 Test #21: vendor-mlx-invalid-budget ...........   Passed    0.01 sec
      Start 22: hardware-mlx-quant
23/70 Test #22: hardware-mlx-quant ..................***Skipped   0.01 sec
      Start 23: hardware-mlx-inference
24/70 Test #23: hardware-mlx-inference ..............***Skipped   0.01 sec
      Start 24: vendor-mlx-bench
25/70 Test #24: vendor-mlx-bench ....................   Passed    0.03 sec
      Start 25: kv-precision
26/70 Test #25: kv-precision ........................   Passed    0.12 sec
      Start 26: quant-kernels-cpu-dot
27/70 Test #26: quant-kernels-cpu-dot ...............   Passed    0.16 sec
      Start 27: quant-kernels-scalar
28/70 Test #27: quant-kernels-scalar ................   Passed    0.16 sec
      Start 28: attention-scalar
29/70 Test #28: attention-scalar ....................   Passed    0.04 sec
      Start 29: quant-kernels-avx2
30/70 Test #29: quant-kernels-avx2 ..................   Passed    0.16 sec
      Start 30: attention-avx2
31/70 Test #30: attention-avx2 ......................   Passed    0.01 sec
      Start 31: quant-kernels-avx512
32/70 Test #31: quant-kernels-avx512 ................   Passed    0.16 sec
      Start 32: attention-avx512
33/70 Test #32: attention-avx512 ....................   Passed    0.01 sec
      Start 33: inference-session-parity
34/70 Test #33: inference-session-parity ............   Passed    0.01 sec
      Start 34: inference-cpu-optimized
35/70 Test #34: inference-cpu-optimized .............   Passed    0.01 sec
      Start 35: generate-model-fixtures
36/70 Test #35: generate-model-fixtures .............   Passed    0.05 sec
      Start 36: validate-server-config
37/70 Test #36: validate-server-config ..............   Passed    0.03 sec
      Start 37: inspect-model-formats
38/70 Test #37: inspect-model-formats ...............   Passed    0.04 sec
      Start 38: generate-native-gguf
39/70 Test #38: generate-native-gguf ................   Passed    0.23 sec
      Start 39: validate-gemma-graphs
40/70 Test #39: validate-gemma-graphs ...............   Passed    0.22 sec
      Start 40: validate-training
41/70 Test #40: validate-training ...................   Passed    0.31 sec
      Start 41: train-accumulation
42/70 Test #41: train-accumulation ..................   Passed    0.07 sec
      Start 42: validate-training-scalar
43/70 Test #42: validate-training-scalar ............   Passed    0.26 sec
      Start 44: compatible-rest-apis
44/70 Test #44: compatible-rest-apis ................   Passed    0.01 sec
      Start 45: benchmark-cli
45/70 Test #45: benchmark-cli .......................   Passed    0.07 sec
      Start 46: train-cli-workflows
46/70 Test #46: train-cli-workflows .................   Passed    0.98 sec
      Start 47: train-stop-workflows
47/70 Test #47: train-stop-workflows ................   Passed    1.37 sec
      Start 48: train-unicode-paths
48/70 Test #48: train-unicode-paths .................   Passed    0.80 sec
      Start 49: validate-http-protocol
49/70 Test #49: validate-http-protocol ..............   Passed    0.68 sec
      Start 50: validate-compute
50/70 Test #50: validate-compute ....................   Passed    0.04 sec
      Start 51: validate-vulkan-compute
51/70 Test #51: validate-vulkan-compute .............   Passed    0.33 sec
      Start 52: generate-native-gguf-vulkan
52/70 Test #52: generate-native-gguf-vulkan .........   Passed    1.01 sec
      Start 53: inference-vulkan-logits
53/70 Test #53: inference-vulkan-logits .............   Passed    0.24 sec
      Start 54: inference-cuda-attention-shapes
54/70 Test #54: inference-cuda-attention-shapes .....   Passed    8.31 sec
      Start 55: inference-cuda-graph-reuse
55/70 Test #55: inference-cuda-graph-reuse ..........   Passed    0.33 sec
      Start 56: inference-cuda-graph-reference
56/70 Test #56: inference-cuda-graph-reference ......   Passed    2.18 sec
      Start 57: inference-cuda-blas
57/70 Test #57: inference-cuda-blas .................   Passed    0.36 sec
      Start 58: quant-kernels-cuda-chunks
58/70 Test #58: quant-kernels-cuda-chunks ...........   Passed    3.30 sec
      Start 59: quant-kernels-cuda-legacy-layout
59/70 Test #59: quant-kernels-cuda-legacy-layout ....   Passed    3.65 sec
      Start 60: inference-cuda-blas-unavailable
60/70 Test #60: inference-cuda-blas-unavailable .....   Passed    0.16 sec
      Start 61: quant-kernels-cuda
61/70 Test #61: quant-kernels-cuda ..................   Passed    2.09 sec
      Start 62: quant-kernels-cuda-reference
62/70 Test #62: quant-kernels-cuda-reference ........   Passed    0.99 sec
      Start 63: inference-cuda-resident
63/70 Test #63: inference-cuda-resident .............   Passed    0.28 sec
      Start 64: inference-cuda-memory-fallback
64/70 Test #64: inference-cuda-memory-fallback ......   Passed    0.24 sec
      Start 65: inference-cuda-partial-allocation
65/70 Test #65: inference-cuda-partial-allocation ...   Passed    0.23 sec
      Start 66: inference-cuda-prefix-replay
66/70 Test #66: inference-cuda-prefix-replay ........   Passed    0.23 sec
      Start 67: inference-cuda-without-graphs
67/70 Test #67: inference-cuda-without-graphs .......   Passed    0.25 sec
      Start 68: validate-cuda-compute
68/70 Test #68: validate-cuda-compute ...............   Passed    0.74 sec
      Start 69: validate-cuda-gemma
69/70 Test #69: validate-cuda-gemma .................   Passed    6.06 sec
      Start 70: generate-native-gguf-cuda
70/70 Test #70: generate-native-gguf-cuda ...........   Passed    4.93 sec

100% tests passed out of 70

Total Test time (real) =  43.31 sec

The following tests did not run:
	 10 - hardware-rocm-quant (Skipped)
	 11 - hardware-rocm-inference (Skipped)
	 22 - hardware-mlx-quant (Skipped)
	 23 - hardware-mlx-inference (Skipped)
-- Verified CUDA source with CUTLASS physically absent: C:/Users/Colin/fyodor/build-cuda/without-cutlass-ebb60970be0c/source
Built target verify-without-cutlass
