-- step=1 loss=5.5928645 graph_bytes=83520 tokens_per_second=43763.676 microbatches=1 cpu_threads=6
step=10 loss=2.1709392 graph_bytes=73614 tokens_per_second=47586.675 microbatches=1 cpu_threads=6
step=20 loss=0.2151729 graph_bytes=73614 tokens_per_second=45425.049 microbatches=1 cpu_threads=6
step=30 loss=0.0161402 graph_bytes=73614 tokens_per_second=46901.173 microbatches=1 cpu_threads=6
exported=C:\Users\Colin\fyodor\build-train-profile\installer-training-finite-verified/train-cli-31c77026bcd0/first.gguf

-- step=31 loss=0.0128879 graph_bytes=83520 tokens_per_second=45467.462 microbatches=1 cpu_threads=6
step=40 loss=0.0033762 graph_bytes=73614 tokens_per_second=47635.250 microbatches=1 cpu_threads=6
exported=C:\Users\Colin\fyodor\build-train-profile\installer-training-finite-verified/train-cli-31c77026bcd0/resumed.gguf

-- step=1 loss=5.5928645 graph_bytes=83520 tokens_per_second=46323.104 microbatches=1 cpu_threads=6
step=10 loss=2.1709392 graph_bytes=73614 tokens_per_second=47912.388 microbatches=1 cpu_threads=6
step=20 loss=0.2151729 graph_bytes=73614 tokens_per_second=45146.727 microbatches=1 cpu_threads=6
step=30 loss=0.0161402 graph_bytes=73614 tokens_per_second=37543.578 microbatches=1 cpu_threads=6
step=40 loss=0.0033762 graph_bytes=73614 tokens_per_second=47106.326 microbatches=1 cpu_threads=6
exported=C:\Users\Colin\fyodor\build-train-profile\installer-training-finite-verified/train-cli-31c77026bcd0/continuous.gguf

-- step=1 loss=0.0128879 graph_bytes=83520 tokens_per_second=45377.198 microbatches=1 cpu_threads=6
step=4 loss=0.0118464 graph_bytes=73614 tokens_per_second=46357.616 microbatches=1 cpu_threads=6
exported=C:\Users\Colin\fyodor\build-train-profile\installer-training-finite-verified/train-cli-31c77026bcd0/cpt.gguf

-- step=1 loss=0.0130233 graph_bytes=97518 tokens_per_second=28585.040 microbatches=1 cpu_threads=6
step=4 loss=0.0129508 graph_bytes=97518 tokens_per_second=41095.891 microbatches=1 cpu_threads=6
exported=C:\Users\Colin\fyodor\build-train-profile\installer-training-finite-verified/train-cli-31c77026bcd0/sft.gguf

-- step=1 loss=0.6931472 graph_bytes=194700 tokens_per_second=38897.893 microbatches=1 cpu_threads=6
step=4 loss=0.6861237 graph_bytes=194700 tokens_per_second=42704.626 microbatches=1 cpu_threads=6
exported=C:\Users\Colin\fyodor\build-train-profile\installer-training-finite-verified/train-cli-31c77026bcd0/dpo.gguf

-- step=5 loss=0.6826248 graph_bytes=194700 tokens_per_second=38083.148 microbatches=1 cpu_threads=6
step=6 loss=0.6784949 graph_bytes=194700 tokens_per_second=40927.694 microbatches=1 cpu_threads=6
exported=C:\Users\Colin\fyodor\build-train-profile\installer-training-finite-verified/train-cli-31c77026bcd0/dpo-resumed.gguf

-- step=1 loss=0.6931472 graph_bytes=194700 tokens_per_second=39202.875 microbatches=1 cpu_threads=6
step=6 loss=0.6784949 graph_bytes=194700 tokens_per_second=41826.421 microbatches=1 cpu_threads=6
exported=C:\Users\Colin\fyodor\build-train-profile\installer-training-finite-verified/train-cli-31c77026bcd0/dpo-continuous.gguf

-- step=1 loss=5.5952279 graph_bytes=83704 tokens_per_second=58906.390 microbatches=3 cpu_threads=6
step=2 loss=5.5550786 graph_bytes=83704 tokens_per_second=60790.274 microbatches=3 cpu_threads=6
exported=C:\Users\Colin\fyodor\build-train-profile\installer-training-finite-verified/train-cli-31c77026bcd0/pretrain-acc-first.gguf

-- step=3 loss=5.5107813 graph_bytes=83704 tokens_per_second=59895.833 microbatches=3 cpu_threads=6
step=5 loss=5.4275731 graph_bytes=83704 tokens_per_second=63527.137 microbatches=3 cpu_threads=6
exported=C:\Users\Colin\fyodor\build-train-profile\installer-training-finite-verified/train-cli-31c77026bcd0/pretrain-acc-resume.gguf

-- step=1 loss=5.5952279 graph_bytes=83704 tokens_per_second=58464.667 microbatches=3 cpu_threads=6
step=5 loss=5.4275731 graph_bytes=83704 tokens_per_second=60099.294 microbatches=3 cpu_threads=6
exported=C:\Users\Colin\fyodor\build-train-profile\installer-training-finite-verified/train-cli-31c77026bcd0/pretrain-acc-full.gguf

-- step=1 loss=0.0129367 graph_bytes=239432 tokens_per_second=44392.974 microbatches=3 cpu_threads=6
step=2 loss=0.0129710 graph_bytes=239432 tokens_per_second=49937.578 microbatches=3 cpu_threads=6
exported=C:\Users\Colin\fyodor\build-train-profile\installer-training-finite-verified/train-cli-31c77026bcd0/cpt-acc-first.gguf

-- step=3 loss=0.0128974 graph_bytes=239432 tokens_per_second=44768.857 microbatches=3 cpu_threads=6
step=5 loss=0.0128456 graph_bytes=239432 tokens_per_second=50577.240 microbatches=3 cpu_threads=6
exported=C:\Users\Colin\fyodor\build-train-profile\installer-training-finite-verified/train-cli-31c77026bcd0/cpt-acc-resume.gguf

-- step=1 loss=0.0129367 graph_bytes=239432 tokens_per_second=44543.430 microbatches=3 cpu_threads=6
step=5 loss=0.0128456 graph_bytes=239432 tokens_per_second=48770.144 microbatches=3 cpu_threads=6
exported=C:\Users\Colin\fyodor\build-train-profile\installer-training-finite-verified/train-cli-31c77026bcd0/cpt-acc-full.gguf

-- step=1 loss=0.0129669 graph_bytes=140053 tokens_per_second=37735.849 microbatches=2 cpu_threads=6
step=2 loss=2.7495343 graph_bytes=83617 tokens_per_second=36680.422 microbatches=2 cpu_threads=6
exported=C:\Users\Colin\fyodor\build-train-profile\installer-training-finite-verified/train-cli-31c77026bcd0/sft-acc-first.gguf

-- step=3 loss=1.6530106 graph_bytes=140053 tokens_per_second=38398.245 microbatches=2 cpu_threads=6
step=5 loss=2.7402913 graph_bytes=83617 tokens_per_second=38967.365 microbatches=2 cpu_threads=6
exported=C:\Users\Colin\fyodor\build-train-profile\installer-training-finite-verified/train-cli-31c77026bcd0/sft-acc-resume.gguf

-- step=1 loss=0.0129669 graph_bytes=140053 tokens_per_second=36330.608 microbatches=2 cpu_threads=6
step=5 loss=2.7402913 graph_bytes=83617 tokens_per_second=42507.970 microbatches=2 cpu_threads=6
exported=C:\Users\Colin\fyodor\build-train-profile\installer-training-finite-verified/train-cli-31c77026bcd0/sft-acc-full.gguf

-- step=1 loss=0.6931472 graph_bytes=251336 tokens_per_second=40045.767 microbatches=2 cpu_threads=6
step=2 loss=0.6931368 graph_bytes=152645 tokens_per_second=39248.669 microbatches=2 cpu_threads=6
exported=C:\Users\Colin\fyodor\build-train-profile\installer-training-finite-verified/train-cli-31c77026bcd0/dpo-acc-first.gguf

-- step=3 loss=0.6931969 graph_bytes=251336 tokens_per_second=44138.418 microbatches=2 cpu_threads=6
step=5 loss=0.6923668 graph_bytes=152645 tokens_per_second=40218.328 microbatches=2 cpu_threads=6
exported=C:\Users\Colin\fyodor\build-train-profile\installer-training-finite-verified/train-cli-31c77026bcd0/dpo-acc-resume.gguf

-- step=1 loss=0.6931472 graph_bytes=251336 tokens_per_second=41916.168 microbatches=2 cpu_threads=6
step=5 loss=0.6923668 graph_bytes=152645 tokens_per_second=43397.396 microbatches=2 cpu_threads=6
exported=C:\Users\Colin\fyodor\build-train-profile\installer-training-finite-verified/train-cli-31c77026bcd0/dpo-acc-full.gguf

-- step=1 loss=5.7443851 graph_bytes=2075912 tokens_per_second=21055.171 microbatches=3 cpu_threads=1
step=2 loss=5.2967681 graph_bytes=2075912 tokens_per_second=21454.850 microbatches=3 cpu_threads=1
exported=C:\Users\Colin\fyodor\build-train-profile\installer-training-finite-verified/train-cli-31c77026bcd0/parallel-first.gguf

-- step=3 loss=4.9746747 graph_bytes=2075912 tokens_per_second=24379.404 microbatches=3 cpu_threads=3
step=5 loss=4.5643298 graph_bytes=2075912 tokens_per_second=24899.394 microbatches=3 cpu_threads=3
exported=C:\Users\Colin\fyodor\build-train-profile\installer-training-finite-verified/train-cli-31c77026bcd0/parallel-resumed.gguf

-- step=1 loss=5.7443851 graph_bytes=2075912 tokens_per_second=24920.016 microbatches=3 cpu_threads=6
step=5 loss=4.5643298 graph_bytes=2075912 tokens_per_second=24688.997 microbatches=3 cpu_threads=6
exported=C:\Users\Colin\fyodor\build-train-profile\installer-training-finite-verified/train-cli-31c77026bcd0/parallel-full.gguf

