-- step=1 loss=5.5928645 graph_bytes=86128 tokens_per_second=33684.210 microbatches=1 cpu_threads=6
step=10 loss=2.1709392 graph_bytes=76222 tokens_per_second=46885.466 microbatches=1 cpu_threads=6
step=20 loss=0.2151729 graph_bytes=76222 tokens_per_second=46342.272 microbatches=1 cpu_threads=6
step=30 loss=0.0161402 graph_bytes=76222 tokens_per_second=47185.710 microbatches=1 cpu_threads=6
exported=D:\fyodor-validation\resident-training-graph-20261007\installer-training-graph-verified/train-cli-33332e524f48/first.gguf

-- step=31 loss=0.0128879 graph_bytes=86128 tokens_per_second=29191.753 microbatches=1 cpu_threads=6
step=40 loss=0.0033762 graph_bytes=76222 tokens_per_second=42787.286 microbatches=1 cpu_threads=6
exported=D:\fyodor-validation\resident-training-graph-20261007\installer-training-graph-verified/train-cli-33332e524f48/resumed.gguf

-- step=1 loss=5.5928645 graph_bytes=86128 tokens_per_second=35834.267 microbatches=1 cpu_threads=6
step=10 loss=2.1709392 graph_bytes=76222 tokens_per_second=27456.364 microbatches=1 cpu_threads=6
step=20 loss=0.2151729 graph_bytes=76222 tokens_per_second=31496.063 microbatches=1 cpu_threads=6
step=30 loss=0.0161402 graph_bytes=76222 tokens_per_second=45103.093 microbatches=1 cpu_threads=6
step=40 loss=0.0033762 graph_bytes=76222 tokens_per_second=41518.387 microbatches=1 cpu_threads=6
exported=D:\fyodor-validation\resident-training-graph-20261007\installer-training-graph-verified/train-cli-33332e524f48/continuous.gguf

-- step=1 loss=0.0128879 graph_bytes=86128 tokens_per_second=42666.666 microbatches=1 cpu_threads=6
step=4 loss=0.0118464 graph_bytes=76222 tokens_per_second=45161.290 microbatches=1 cpu_threads=6
exported=D:\fyodor-validation\resident-training-graph-20261007\installer-training-graph-verified/train-cli-33332e524f48/cpt.gguf

-- step=1 loss=0.0130233 graph_bytes=103246 tokens_per_second=21590.500 microbatches=1 cpu_threads=6
step=4 loss=0.0129508 graph_bytes=103246 tokens_per_second=37105.751 microbatches=1 cpu_threads=6
exported=D:\fyodor-validation\resident-training-graph-20261007\installer-training-graph-verified/train-cli-33332e524f48/sft.gguf

-- step=1 loss=0.6931472 graph_bytes=206188 tokens_per_second=36832.413 microbatches=1 cpu_threads=6
step=4 loss=0.6861237 graph_bytes=206188 tokens_per_second=39643.211 microbatches=1 cpu_threads=6
exported=D:\fyodor-validation\resident-training-graph-20261007\installer-training-graph-verified/train-cli-33332e524f48/dpo.gguf

-- step=5 loss=0.6826248 graph_bytes=206188 tokens_per_second=13383.895 microbatches=1 cpu_threads=6
step=6 loss=0.6784949 graph_bytes=206188 tokens_per_second=5928.561 microbatches=1 cpu_threads=6
exported=D:\fyodor-validation\resident-training-graph-20261007\installer-training-graph-verified/train-cli-33332e524f48/dpo-resumed.gguf

-- step=1 loss=0.6931472 graph_bytes=206188 tokens_per_second=19509.023 microbatches=1 cpu_threads=6
step=6 loss=0.6784949 graph_bytes=206188 tokens_per_second=25257.840 microbatches=1 cpu_threads=6
exported=D:\fyodor-validation\resident-training-graph-20261007\installer-training-graph-verified/train-cli-33332e524f48/dpo-continuous.gguf

-- step=1 loss=5.5952279 graph_bytes=86392 tokens_per_second=56923.648 microbatches=3 cpu_threads=6
step=2 loss=5.5550786 graph_bytes=86392 tokens_per_second=55639.858 microbatches=3 cpu_threads=6
exported=D:\fyodor-validation\resident-training-graph-20261007\installer-training-graph-verified/train-cli-33332e524f48/pretrain-acc-first.gguf

-- step=3 loss=5.5107813 graph_bytes=86392 tokens_per_second=51408.136 microbatches=3 cpu_threads=6
step=5 loss=5.4275731 graph_bytes=86392 tokens_per_second=54277.286 microbatches=3 cpu_threads=6
exported=D:\fyodor-validation\resident-training-graph-20261007\installer-training-graph-verified/train-cli-33332e524f48/pretrain-acc-resume.gguf

-- step=1 loss=5.5952279 graph_bytes=86392 tokens_per_second=53320.969 microbatches=3 cpu_threads=6
step=5 loss=5.4275731 graph_bytes=86392 tokens_per_second=58936.579 microbatches=3 cpu_threads=6
exported=D:\fyodor-validation\resident-training-graph-20261007\installer-training-graph-verified/train-cli-33332e524f48/pretrain-acc-full.gguf

-- step=1 loss=0.0129367 graph_bytes=245240 tokens_per_second=42225.078 microbatches=3 cpu_threads=6
step=2 loss=0.0129710 graph_bytes=245240 tokens_per_second=47210.300 microbatches=3 cpu_threads=6
exported=D:\fyodor-validation\resident-training-graph-20261007\installer-training-graph-verified/train-cli-33332e524f48/cpt-acc-first.gguf

-- step=3 loss=0.0128974 graph_bytes=245240 tokens_per_second=42834.528 microbatches=3 cpu_threads=6
step=5 loss=0.0128456 graph_bytes=245240 tokens_per_second=47836.938 microbatches=3 cpu_threads=6
exported=D:\fyodor-validation\resident-training-graph-20261007\installer-training-graph-verified/train-cli-33332e524f48/cpt-acc-resume.gguf

-- step=1 loss=0.0129367 graph_bytes=245240 tokens_per_second=43204.659 microbatches=3 cpu_threads=6
step=5 loss=0.0128456 graph_bytes=245240 tokens_per_second=49670.662 microbatches=3 cpu_threads=6
exported=D:\fyodor-validation\resident-training-graph-20261007\installer-training-graph-verified/train-cli-33332e524f48/cpt-acc-full.gguf

-- step=1 loss=0.0129669 graph_bytes=145861 tokens_per_second=35703.660 microbatches=2 cpu_threads=6
step=2 loss=2.7495343 graph_bytes=89425 tokens_per_second=35634.744 microbatches=2 cpu_threads=6
exported=D:\fyodor-validation\resident-training-graph-20261007\installer-training-graph-verified/train-cli-33332e524f48/sft-acc-first.gguf

-- step=3 loss=1.6530106 graph_bytes=145861 tokens_per_second=37164.853 microbatches=2 cpu_threads=6
step=5 loss=2.7402913 graph_bytes=89425 tokens_per_second=36052.276 microbatches=2 cpu_threads=6
exported=D:\fyodor-validation\resident-training-graph-20261007\installer-training-graph-verified/train-cli-33332e524f48/sft-acc-resume.gguf

-- step=1 loss=0.0129669 graph_bytes=145861 tokens_per_second=36220.947 microbatches=2 cpu_threads=6
step=5 loss=2.7402913 graph_bytes=89425 tokens_per_second=38572.806 microbatches=2 cpu_threads=6
exported=D:\fyodor-validation\resident-training-graph-20261007\installer-training-graph-verified/train-cli-33332e524f48/sft-acc-full.gguf

-- step=1 loss=0.6931472 graph_bytes=262904 tokens_per_second=35989.717 microbatches=2 cpu_threads=6
step=2 loss=0.6931368 graph_bytes=164213 tokens_per_second=37858.302 microbatches=2 cpu_threads=6
exported=D:\fyodor-validation\resident-training-graph-20261007\installer-training-graph-verified/train-cli-33332e524f48/dpo-acc-first.gguf

-- step=3 loss=0.6931969 graph_bytes=262904 tokens_per_second=39961.636 microbatches=2 cpu_threads=6
step=5 loss=0.6923668 graph_bytes=164213 tokens_per_second=39942.939 microbatches=2 cpu_threads=6
exported=D:\fyodor-validation\resident-training-graph-20261007\installer-training-graph-verified/train-cli-33332e524f48/dpo-acc-resume.gguf

-- step=1 loss=0.6931472 graph_bytes=262904 tokens_per_second=39735.099 microbatches=2 cpu_threads=6
step=5 loss=0.6923668 graph_bytes=164213 tokens_per_second=38095.238 microbatches=2 cpu_threads=6
exported=D:\fyodor-validation\resident-training-graph-20261007\installer-training-graph-verified/train-cli-33332e524f48/dpo-acc-full.gguf

-- step=1 loss=5.7443851 graph_bytes=2078600 tokens_per_second=18405.702 microbatches=3 cpu_threads=1
step=2 loss=5.2967681 graph_bytes=2078600 tokens_per_second=19895.897 microbatches=3 cpu_threads=1
exported=D:\fyodor-validation\resident-training-graph-20261007\installer-training-graph-verified/train-cli-33332e524f48/parallel-first.gguf

-- step=3 loss=4.9746747 graph_bytes=2078600 tokens_per_second=23585.920 microbatches=3 cpu_threads=3
step=5 loss=4.5643298 graph_bytes=2078600 tokens_per_second=23493.986 microbatches=3 cpu_threads=3
exported=D:\fyodor-validation\resident-training-graph-20261007\installer-training-graph-verified/train-cli-33332e524f48/parallel-resumed.gguf

-- step=1 loss=5.7443851 graph_bytes=2078600 tokens_per_second=21930.576 microbatches=3 cpu_threads=6
step=5 loss=4.5643298 graph_bytes=2078600 tokens_per_second=23817.111 microbatches=3 cpu_threads=6
exported=D:\fyodor-validation\resident-training-graph-20261007\installer-training-graph-verified/train-cli-33332e524f48/parallel-full.gguf

