--- before/nya_train_zero
+++ training/nya_train_zero
@@ -15,11 +15,11 @@
 	cvt.u64.u32 	%rd5, %r2;
 	add.s64 	%rd1, %rd4, %rd5;
 	setp.ge.u64 	%p1, %rd1, %rd3;
-	@%p1 bra 	$L__BB48_2;
+	@%p1 bra 	$L__BB36_2;
 	cvta.to.global.u64 	%rd6, %rd2;
 	add.s64 	%rd7, %rd6, %rd1;
 	st.global.b8 	[%rd7], 0;
-$L__BB48_2:
+$L__BB36_2:
 	ret;
 
 }--- before/nya_train_dx_0
+++ training/nya_train_dx_0
@@ -24,7 +24,7 @@
 	mov.b32 	%r459, %r454;
 	mov.b32 	%r460, %r454;
 	mov.b32 	%r461, %r454;
-	@%p1 bra 	$L__BB49_23;
+	@%p1 bra 	$L__BB37_23;
 	ld.param.b64 	%rd117, [nya_train_dx_0_param_1];
 	ld.param.b64 	%rd116, [nya_train_dx_0_param_0];
 	cvta.to.global.u64 	%rd31, %rd117;
@@ -74,7 +74,7 @@
 	add.s64 	%rd133, %rd31, %rd44;
 	mov.b64 	%rd138, 0;
 	mov.b32 	%r454, 0f00000000;
-$L__BB49_2:
+$L__BB37_2:
 	ld.param.b64 	%rd119, [nya_train_dx_0_param_3];
 	mov.u32 	%r73, %ctaid.x;
 	mul.wide.u32 	%rd45, %r73, 32;
@@ -84,10 +84,10 @@
 	or.b64 	%rd47, %rd45, %rd46;
 	setp.ge.u64 	%p2, %rd47, %rd119;
 	mov.b32 	%r446, 0f00000000;
-	@%p2 bra 	$L__BB49_5;
+	@%p2 bra 	$L__BB37_5;
 	add.s64 	%rd48, %rd3, %rd138;
 	setp.ge.u64 	%p3, %rd48, %rd1;
-	@%p3 bra 	$L__BB49_5;
+	@%p3 bra 	$L__BB37_5;
 	ld.param.b64 	%rd128, [nya_train_dx_0_param_4];
 	mov.u32 	%r77, %ctaid.x;
 	mul.wide.u32 	%rd49, %r77, 128;
@@ -99,7 +99,7 @@
 	add.s64 	%rd53, %rd50, %rd52;
 	add.s64 	%rd54, %rd137, %rd53;
 	ld.global.b32 	%r446, [%rd54];
-$L__BB49_5:
+$L__BB37_5:
 	ld.param.b32 	%r426, [nya_train_dx_0_param_6];
 	cvt.u64.u32 	%rd55, %r75;
 	add.s64 	%rd56, %rd55, %rd138;
@@ -108,9 +108,9 @@
 	st.shared.b32 	[%r3], %r446;
 	mov.b32 	%r447, 0f00000000;
 	or.pred 	%p6, %p5, %p4;
-	@%p6 bra 	$L__BB49_7;
+	@%p6 bra 	$L__BB37_7;
 	ld.global.b32 	%r447, [%rd136];
-$L__BB49_7:
+$L__BB37_7:
 	ld.param.b64 	%rd120, [nya_train_dx_0_param_3];
 	mov.u32 	%r85, %ctaid.x;
 	mul.wide.u32 	%rd58, %r85, 32;
@@ -121,10 +121,10 @@
 	setp.ge.u64 	%p7, %rd60, %rd120;
 	st.shared.b32 	[%r5], %r447;
 	mov.b32 	%r448, 0f00000000;
-	@%p7 bra 	$L__BB49_10;
+	@%p7 bra 	$L__BB37_10;
 	add.s64 	%rd61, %rd4, %rd138;
 	setp.ge.u64 	%p8, %rd61, %rd1;
-	@%p8 bra 	$L__BB49_10;
+	@%p8 bra 	$L__BB37_10;
 	ld.param.b64 	%rd129, [nya_train_dx_0_param_4];
 	mov.u32 	%r89, %ctaid.x;
 	mul.wide.u32 	%rd62, %r89, 128;
@@ -136,7 +136,7 @@
 	add.s64 	%rd66, %rd63, %rd65;
 	add.s64 	%rd67, %rd137, %rd66;
 	ld.global.b32 	%r448, [%rd67];
-$L__BB49_10:
+$L__BB37_10:
 	ld.param.b32 	%r427, [nya_train_dx_0_param_6];
 	cvt.u64.u32 	%rd68, %r87;
 	add.s64 	%rd69, %rd68, %rd138;
@@ -146,9 +146,9 @@
 	st.shared.b32 	[%r3+32], %r448;
 	mov.b32 	%r449, 0f00000000;
 	or.pred 	%p11, %p10, %p9;
-	@%p11 bra 	$L__BB49_12;
+	@%p11 bra 	$L__BB37_12;
 	ld.global.b32 	%r449, [%rd135];
-$L__BB49_12:
+$L__BB37_12:
 	ld.param.b64 	%rd121, [nya_train_dx_0_param_3];
 	mov.u32 	%r98, %ctaid.x;
 	mul.wide.u32 	%rd71, %r98, 32;
@@ -159,10 +159,10 @@
 	setp.ge.u64 	%p12, %rd73, %rd121;
 	st.shared.b32 	[%r5+1056], %r449;
 	mov.b32 	%r450, 0f00000000;
-	@%p12 bra 	$L__BB49_15;
+	@%p12 bra 	$L__BB37_15;
 	add.s64 	%rd74, %rd5, %rd138;
 	setp.ge.u64 	%p13, %rd74, %rd1;
-	@%p13 bra 	$L__BB49_15;
+	@%p13 bra 	$L__BB37_15;
 	ld.param.b64 	%rd130, [nya_train_dx_0_param_4];
 	mov.u32 	%r102, %ctaid.x;
 	mul.wide.u32 	%rd75, %r102, 128;
@@ -174,7 +174,7 @@
 	add.s64 	%rd79, %rd76, %rd78;
 	add.s64 	%rd80, %rd137, %rd79;
 	ld.global.b32 	%r450, [%rd80];
-$L__BB49_15:
+$L__BB37_15:
 	ld.param.b32 	%r428, [nya_train_dx_0_param_6];
 	cvt.u64.u32 	%rd81, %r100;
 	add.s64 	%rd82, %rd81, %rd138;
@@ -184,9 +184,9 @@
 	st.shared.b32 	[%r3+64], %r450;
 	mov.b32 	%r451, 0f00000000;
 	or.pred 	%p16, %p15, %p14;
-	@%p16 bra 	$L__BB49_17;
+	@%p16 bra 	$L__BB37_17;
 	ld.global.b32 	%r451, [%rd134];
-$L__BB49_17:
+$L__BB37_17:
 	ld.param.b64 	%rd122, [nya_train_dx_0_param_3];
 	mov.u32 	%r111, %ctaid.x;
 	mul.wide.u32 	%rd84, %r111, 32;
@@ -197,10 +197,10 @@
 	setp.ge.u64 	%p17, %rd86, %rd122;
 	st.shared.b32 	[%r5+2112], %r451;
 	mov.b32 	%r452, 0f00000000;
-	@%p17 bra 	$L__BB49_20;
+	@%p17 bra 	$L__BB37_20;
 	add.s64 	%rd87, %rd6, %rd138;
 	setp.ge.u64 	%p18, %rd87, %rd1;
-	@%p18 bra 	$L__BB49_20;
+	@%p18 bra 	$L__BB37_20;
 	ld.param.b64 	%rd131, [nya_train_dx_0_param_4];
 	mov.u32 	%r115, %ctaid.x;
 	mul.wide.u32 	%rd88, %r115, 128;
@@ -212,7 +212,7 @@
 	add.s64 	%rd92, %rd89, %rd91;
 	add.s64 	%rd93, %rd137, %rd92;
 	ld.global.b32 	%r452, [%rd93];
-$L__BB49_20:
+$L__BB37_20:
 	ld.param.b32 	%r429, [nya_train_dx_0_param_6];
 	cvt.u64.u32 	%rd94, %r113;
 	add.s64 	%rd95, %rd94, %rd138;
@@ -222,9 +222,9 @@
 	st.shared.b32 	[%r3+96], %r452;
 	mov.b32 	%r453, 0f00000000;
 	or.pred 	%p21, %p20, %p19;
-	@%p21 bra 	$L__BB49_22;
+	@%p21 bra 	$L__BB37_22;
 	ld.global.b32 	%r453, [%rd133];
-$L__BB49_22:
+$L__BB37_22:
 	ld.param.b64 	%rd132, [nya_train_dx_0_param_4];
 	st.shared.b32 	[%r5+3168], %r453;
 	bar.sync 	0;
@@ -531,8 +531,8 @@
 	add.s64 	%rd134, %rd134, 128;
 	add.s64 	%rd133, %rd133, 128;
 	setp.lt.u64 	%p22, %rd138, %rd1;
-	@%p22 bra 	$L__BB49_2;
-$L__BB49_23:
+	@%p22 bra 	$L__BB37_2;
+$L__BB37_23:
 	ld.param.b64 	%rd123, [nya_train_dx_0_param_3];
 	mov.u32 	%r409, %ctaid.x;
 	mul.wide.u32 	%rd98, %r409, 32;
@@ -540,7 +540,7 @@
 	cvt.u64.u32 	%rd99, %r410;
 	add.s64 	%rd23, %rd98, %rd99;
 	setp.ge.u64 	%p23, %rd23, %rd123;
-	@%p23 bra 	$L__BB49_32;
+	@%p23 bra 	$L__BB37_32;
 	ld.param.b32 	%r430, [nya_train_dx_0_param_6];
 	ld.param.b64 	%rd118, [nya_train_dx_0_param_2];
 	cvta.to.global.u64 	%rd24, %rd118;
@@ -549,7 +549,7 @@
 	mov.u32 	%r413, %tid.y;
 	add.s32 	%r46, %r412, %r413;
 	setp.ge.u32 	%p24, %r46, %r430;
-	@%p24 bra 	$L__BB49_26;
+	@%p24 bra 	$L__BB37_26;
 	ld.param.b64 	%rd124, [nya_train_dx_0_param_3];
 	add.f32 	%r414, %r461, %r460;
 	cvt.u64.u32 	%rd100, %r46;
@@ -559,11 +559,11 @@
 	ld.global.b32 	%r415, [%rd103];
 	add.f32 	%r416, %r415, %r414;
 	st.global.b32 	[%rd103], %r416;
-$L__BB49_26:
+$L__BB37_26:
 	ld.param.b32 	%r431, [nya_train_dx_0_param_6];
 	add.s32 	%r47, %r46, 8;
 	setp.ge.u32 	%p25, %r47, %r431;
-	@%p25 bra 	$L__BB49_28;
+	@%p25 bra 	$L__BB37_28;
 	ld.param.b64 	%rd125, [nya_train_dx_0_param_3];
 	add.f32 	%r417, %r459, %r458;
 	cvt.u64.u32 	%rd104, %r47;
@@ -573,11 +573,11 @@
 	ld.global.b32 	%r418, [%rd107];
 	add.f32 	%r419, %r418, %r417;
 	st.global.b32 	[%rd107], %r419;
-$L__BB49_28:
+$L__BB37_28:
 	ld.param.b32 	%r432, [nya_train_dx_0_param_6];
 	add.s32 	%r48, %r47, 8;
 	setp.ge.u32 	%p26, %r48, %r432;
-	@%p26 bra 	$L__BB49_30;
+	@%p26 bra 	$L__BB37_30;
 	ld.param.b64 	%rd126, [nya_train_dx_0_param_3];
 	add.f32 	%r420, %r457, %r456;
 	cvt.u64.u32 	%rd108, %r48;
@@ -587,11 +587,11 @@
 	ld.global.b32 	%r421, [%rd111];
 	add.f32 	%r422, %r421, %r420;
 	st.global.b32 	[%rd111], %r422;
-$L__BB49_30:
+$L__BB37_30:
 	ld.param.b32 	%r433, [nya_train_dx_0_param_6];
 	add.s32 	%r49, %r47, 16;
 	setp.ge.u32 	%p27, %r49, %r433;
-	@%p27 bra 	$L__BB49_32;
+	@%p27 bra 	$L__BB37_32;
 	ld.param.b64 	%rd127, [nya_train_dx_0_param_3];
 	add.f32 	%r423, %r455, %r454;
 	cvt.u64.u32 	%rd112, %r49;
@@ -601,7 +601,7 @@
 	ld.global.b32 	%r424, [%rd115];
 	add.f32 	%r425, %r424, %r423;
 	st.global.b32 	[%rd115], %r425;
-$L__BB49_32:
+$L__BB37_32:
 	ret;
 
 }--- before/nya_train_dx_1
+++ training/nya_train_dx_1
@@ -38,7 +38,7 @@
 	mov.b32 	%r427, %r422;
 	mov.b32 	%r428, %r422;
 	mov.b32 	%r429, %r422;
-	@%p1 bra 	$L__BB50_23;
+	@%p1 bra 	$L__BB38_23;
 	ld.param.b64 	%rd87, [nya_train_dx_1_param_4];
 	cvta.to.global.u64 	%rd40, %rd34;
 	and.b32 	%r60, %r2, 31;
@@ -97,14 +97,14 @@
 	add.s64 	%rd89, %rd40, %rd57;
 	mov.b64 	%rd94, 0;
 	mov.b32 	%r422, 0f00000000;
-$L__BB50_2:
+$L__BB38_2:
 	setp.ge.u64 	%p2, %rd6, %rd35;
 	add.s64 	%rd26, %rd5, %rd94;
 	mov.b32 	%r414, 0f00000000;
-	@%p2 bra 	$L__BB50_5;
+	@%p2 bra 	$L__BB38_5;
 	add.s64 	%rd58, %rd7, %rd94;
 	setp.ge.u64 	%p3, %rd58, %rd4;
-	@%p3 bra 	$L__BB50_5;
+	@%p3 bra 	$L__BB38_5;
 	add.s64 	%rd59, %rd93, %rd18;
 	ld.global.b8 	%r78, [%rd59+-1];
 	ld.global.b8 	%r79, [%rd59];
@@ -114,21 +114,21 @@
 	// begin inline asm
 	cvt.f32.f16 %r414, %rs1;
 	// end inline asm
-$L__BB50_5:
+$L__BB38_5:
 	setp.ge.u64 	%p4, %rd26, %rd4;
 	setp.ge.u32 	%p5, %r7, %r55;
 	st.shared.b32 	[%r6], %r414;
 	mov.b32 	%r415, 0f00000000;
 	or.pred 	%p6, %p5, %p4;
-	@%p6 bra 	$L__BB50_7;
+	@%p6 bra 	$L__BB38_7;
 	ld.global.b32 	%r415, [%rd89];
-$L__BB50_7:
+$L__BB38_7:
 	st.shared.b32 	[%r8], %r415;
 	mov.b32 	%r416, 0f00000000;
-	@%p2 bra 	$L__BB50_10;
+	@%p2 bra 	$L__BB38_10;
 	add.s64 	%rd61, %rd8, %rd94;
 	setp.ge.u64 	%p8, %rd61, %rd4;
-	@%p8 bra 	$L__BB50_10;
+	@%p8 bra 	$L__BB38_10;
 	add.s64 	%rd62, %rd93, %rd16;
 	ld.global.b8 	%r86, [%rd62];
 	ld.global.b8 	%r87, [%rd62+1];
@@ -138,20 +138,20 @@
 	// begin inline asm
 	cvt.f32.f16 %r416, %rs2;
 	// end inline asm
-$L__BB50_10:
+$L__BB38_10:
 	setp.ge.u32 	%p10, %r9, %r55;
 	st.shared.b32 	[%r6+32], %r416;
 	mov.b32 	%r417, 0f00000000;
 	or.pred 	%p11, %p10, %p4;
-	@%p11 bra 	$L__BB50_12;
+	@%p11 bra 	$L__BB38_12;
 	ld.global.b32 	%r417, [%rd90];
-$L__BB50_12:
+$L__BB38_12:
 	st.shared.b32 	[%r8+1056], %r417;
 	mov.b32 	%r418, 0f00000000;
-	@%p2 bra 	$L__BB50_15;
+	@%p2 bra 	$L__BB38_15;
 	add.s64 	%rd64, %rd9, %rd94;
 	setp.ge.u64 	%p13, %rd64, %rd4;
-	@%p13 bra 	$L__BB50_15;
+	@%p13 bra 	$L__BB38_15;
 	add.s64 	%rd65, %rd93, %rd14;
 	ld.global.b8 	%r94, [%rd65];
 	ld.global.b8 	%r95, [%rd65+1];
@@ -161,20 +161,20 @@
 	// begin inline asm
 	cvt.f32.f16 %r418, %rs3;
 	// end inline asm
-$L__BB50_15:
+$L__BB38_15:
 	setp.ge.u32 	%p15, %r10, %r55;
 	st.shared.b32 	[%r6+64], %r418;
 	mov.b32 	%r419, 0f00000000;
 	or.pred 	%p16, %p15, %p4;
-	@%p16 bra 	$L__BB50_17;
+	@%p16 bra 	$L__BB38_17;
 	ld.global.b32 	%r419, [%rd91];
-$L__BB50_17:
+$L__BB38_17:
 	st.shared.b32 	[%r8+2112], %r419;
 	mov.b32 	%r420, 0f00000000;
-	@%p2 bra 	$L__BB50_20;
+	@%p2 bra 	$L__BB38_20;
 	add.s64 	%rd67, %rd10, %rd94;
 	setp.ge.u64 	%p18, %rd67, %rd4;
-	@%p18 bra 	$L__BB50_20;
+	@%p18 bra 	$L__BB38_20;
 	add.s64 	%rd68, %rd93, %rd11;
 	ld.global.b8 	%r102, [%rd68];
 	ld.global.b8 	%r103, [%rd68+1];
@@ -184,14 +184,14 @@
 	// begin inline asm
 	cvt.f32.f16 %r420, %rs4;
 	// end inline asm
-$L__BB50_20:
+$L__BB38_20:
 	setp.ge.u32 	%p20, %r11, %r55;
 	st.shared.b32 	[%r6+96], %r420;
 	mov.b32 	%r421, 0f00000000;
 	or.pred 	%p21, %p20, %p4;
-	@%p21 bra 	$L__BB50_22;
+	@%p21 bra 	$L__BB38_22;
 	ld.global.b32 	%r421, [%rd92];
-$L__BB50_22:
+$L__BB38_22:
 	ld.param.b64 	%rd88, [nya_train_dx_1_param_4];
 	st.shared.b32 	[%r8+3168], %r421;
 	bar.sync 	0;
@@ -495,12 +495,12 @@
 	add.s64 	%rd90, %rd90, 128;
 	add.s64 	%rd89, %rd89, 128;
 	setp.lt.u64 	%p22, %rd94, %rd4;
-	@%p22 bra 	$L__BB50_2;
-$L__BB50_23:
+	@%p22 bra 	$L__BB38_2;
+$L__BB38_23:
 	setp.ge.u64 	%p23, %rd3, %rd35;
-	@%p23 bra 	$L__BB50_32;
+	@%p23 bra 	$L__BB38_32;
 	setp.ge.u32 	%p24, %r4, %r55;
-	@%p24 bra 	$L__BB50_26;
+	@%p24 bra 	$L__BB38_26;
 	add.f32 	%r390, %r429, %r428;
 	cvt.u64.u32 	%rd71, %r4;
 	mad.lo.s64 	%rd72, %rd35, %rd71, %rd3;
@@ -509,10 +509,10 @@
 	ld.global.b32 	%r391, [%rd74];
 	add.f32 	%r392, %r391, %r390;
 	st.global.b32 	[%rd74], %r392;
-$L__BB50_26:
+$L__BB38_26:
 	add.s32 	%r52, %r4, 8;
 	setp.ge.u32 	%p25, %r52, %r55;
-	@%p25 bra 	$L__BB50_28;
+	@%p25 bra 	$L__BB38_28;
 	add.f32 	%r393, %r427, %r426;
 	cvt.u64.u32 	%rd75, %r52;
 	mad.lo.s64 	%rd76, %rd35, %rd75, %rd3;
@@ -521,10 +521,10 @@
 	ld.global.b32 	%r394, [%rd78];
 	add.f32 	%r395, %r394, %r393;
 	st.global.b32 	[%rd78], %r395;
-$L__BB50_28:
+$L__BB38_28:
 	add.s32 	%r53, %r52, 8;
 	setp.ge.u32 	%p26, %r53, %r55;
-	@%p26 bra 	$L__BB50_30;
+	@%p26 bra 	$L__BB38_30;
 	add.f32 	%r396, %r425, %r424;
 	cvt.u64.u32 	%rd79, %r53;
 	mad.lo.s64 	%rd80, %rd35, %rd79, %rd3;
@@ -533,10 +533,10 @@
 	ld.global.b32 	%r397, [%rd82];
 	add.f32 	%r398, %r397, %r396;
 	st.global.b32 	[%rd82], %r398;
-$L__BB50_30:
+$L__BB38_30:
 	add.s32 	%r54, %r52, 16;
 	setp.ge.u32 	%p27, %r54, %r55;
-	@%p27 bra 	$L__BB50_32;
+	@%p27 bra 	$L__BB38_32;
 	add.f32 	%r399, %r423, %r422;
 	cvt.u64.u32 	%rd83, %r54;
 	mad.lo.s64 	%rd84, %rd35, %rd83, %rd3;
@@ -545,7 +545,7 @@
 	ld.global.b32 	%r400, [%rd86];
 	add.f32 	%r401, %r400, %r399;
 	st.global.b32 	[%rd86], %r401;
-$L__BB50_32:
+$L__BB38_32:
 	ret;
 
 }--- before/nya_train_dx_2
+++ training/nya_train_dx_2
@@ -36,7 +36,7 @@
 	mov.b32 	%r449, %r444;
 	mov.b32 	%r450, %r444;
 	mov.b32 	%r451, %r444;
-	@%p1 bra 	$L__BB51_23;
+	@%p1 bra 	$L__BB39_23;
 	ld.param.b64 	%rd105, [nya_train_dx_2_param_4];
 	ld.param.b64 	%rd104, [nya_train_dx_2_param_1];
 	ld.param.b64 	%rd103, [nya_train_dx_2_param_0];
@@ -93,13 +93,13 @@
 	add.s64 	%rd107, %rd39, %rd53;
 	mov.b64 	%rd112, 0;
 	mov.b32 	%r444, 0f00000000;
-$L__BB51_2:
+$L__BB39_2:
 	setp.ge.u64 	%p2, %rd6, %rd34;
 	mov.b32 	%r436, 0f00000000;
-	@%p2 bra 	$L__BB51_5;
+	@%p2 bra 	$L__BB39_5;
 	add.s64 	%rd54, %rd7, %rd112;
 	setp.ge.u64 	%p3, %rd54, %rd4;
-	@%p3 bra 	$L__BB51_5;
+	@%p3 bra 	$L__BB39_5;
 	add.s64 	%rd55, %rd111, %rd17;
 	and.b64 	%rd56, %rd5, 15;
 	add.s64 	%rd57, %rd17, %rd56;
@@ -118,22 +118,22 @@
 	// end inline asm
 	cvt.rn.f32.s32 	%r85, %r80;
 	mul.f32 	%r436, %r76, %r85;
-$L__BB51_5:
+$L__BB39_5:
 	add.s64 	%rd60, %rd5, %rd112;
 	setp.ge.u64 	%p4, %rd60, %rd4;
 	setp.ge.u32 	%p5, %r6, %r54;
 	st.shared.b32 	[%r5], %r436;
 	mov.b32 	%r437, 0f00000000;
 	or.pred 	%p6, %p5, %p4;
-	@%p6 bra 	$L__BB51_7;
+	@%p6 bra 	$L__BB39_7;
 	ld.global.b32 	%r437, [%rd107];
-$L__BB51_7:
+$L__BB39_7:
 	st.shared.b32 	[%r7], %r437;
 	mov.b32 	%r438, 0f00000000;
-	@%p2 bra 	$L__BB51_10;
+	@%p2 bra 	$L__BB39_10;
 	add.s64 	%rd62, %rd8, %rd112;
 	setp.ge.u64 	%p8, %rd62, %rd4;
-	@%p8 bra 	$L__BB51_10;
+	@%p8 bra 	$L__BB39_10;
 	add.s64 	%rd63, %rd111, %rd15;
 	and.b64 	%rd64, %rd5, 15;
 	add.s64 	%rd65, %rd15, %rd64;
@@ -152,22 +152,22 @@
 	// end inline asm
 	cvt.rn.f32.s32 	%r98, %r93;
 	mul.f32 	%r438, %r89, %r98;
-$L__BB51_10:
+$L__BB39_10:
 	add.s64 	%rd68, %rd5, %rd112;
 	setp.ge.u64 	%p9, %rd68, %rd4;
 	setp.ge.u32 	%p10, %r8, %r54;
 	st.shared.b32 	[%r5+32], %r438;
 	mov.b32 	%r439, 0f00000000;
 	or.pred 	%p11, %p10, %p9;
-	@%p11 bra 	$L__BB51_12;
+	@%p11 bra 	$L__BB39_12;
 	ld.global.b32 	%r439, [%rd108];
-$L__BB51_12:
+$L__BB39_12:
 	st.shared.b32 	[%r7+1056], %r439;
 	mov.b32 	%r440, 0f00000000;
-	@%p2 bra 	$L__BB51_15;
+	@%p2 bra 	$L__BB39_15;
 	add.s64 	%rd70, %rd9, %rd112;
 	setp.ge.u64 	%p13, %rd70, %rd4;
-	@%p13 bra 	$L__BB51_15;
+	@%p13 bra 	$L__BB39_15;
 	add.s64 	%rd71, %rd111, %rd13;
 	and.b64 	%rd72, %rd5, 15;
 	add.s64 	%rd73, %rd13, %rd72;
@@ -186,22 +186,22 @@
 	// end inline asm
 	cvt.rn.f32.s32 	%r111, %r106;
 	mul.f32 	%r440, %r102, %r111;
-$L__BB51_15:
+$L__BB39_15:
 	add.s64 	%rd76, %rd5, %rd112;
 	setp.ge.u64 	%p14, %rd76, %rd4;
 	setp.ge.u32 	%p15, %r9, %r54;
 	st.shared.b32 	[%r5+64], %r440;
 	mov.b32 	%r441, 0f00000000;
 	or.pred 	%p16, %p15, %p14;
-	@%p16 bra 	$L__BB51_17;
+	@%p16 bra 	$L__BB39_17;
 	ld.global.b32 	%r441, [%rd109];
-$L__BB51_17:
+$L__BB39_17:
 	st.shared.b32 	[%r7+2112], %r441;
 	mov.b32 	%r442, 0f00000000;
-	@%p2 bra 	$L__BB51_20;
+	@%p2 bra 	$L__BB39_20;
 	add.s64 	%rd78, %rd10, %rd112;
 	setp.ge.u64 	%p18, %rd78, %rd4;
-	@%p18 bra 	$L__BB51_20;
+	@%p18 bra 	$L__BB39_20;
 	add.s64 	%rd79, %rd111, %rd11;
 	and.b64 	%rd80, %rd5, 15;
 	add.s64 	%rd81, %rd11, %rd80;
@@ -220,16 +220,16 @@
 	// end inline asm
 	cvt.rn.f32.s32 	%r124, %r119;
 	mul.f32 	%r442, %r115, %r124;
-$L__BB51_20:
+$L__BB39_20:
 	add.s64 	%rd84, %rd5, %rd112;
 	setp.ge.u64 	%p19, %rd84, %rd4;
 	setp.ge.u32 	%p20, %r10, %r54;
 	st.shared.b32 	[%r5+96], %r442;
 	mov.b32 	%r443, 0f00000000;
 	or.pred 	%p21, %p20, %p19;
-	@%p21 bra 	$L__BB51_22;
+	@%p21 bra 	$L__BB39_22;
 	ld.global.b32 	%r443, [%rd110];
-$L__BB51_22:
+$L__BB39_22:
 	ld.param.b64 	%rd106, [nya_train_dx_2_param_4];
 	st.shared.b32 	[%r7+3168], %r443;
 	bar.sync 	0;
@@ -536,12 +536,12 @@
 	add.s64 	%rd108, %rd108, 128;
 	add.s64 	%rd107, %rd107, 128;
 	setp.lt.u64 	%p22, %rd112, %rd4;
-	@%p22 bra 	$L__BB51_2;
-$L__BB51_23:
+	@%p22 bra 	$L__BB39_2;
+$L__BB39_23:
 	setp.ge.u64 	%p23, %rd3, %rd34;
-	@%p23 bra 	$L__BB51_32;
+	@%p23 bra 	$L__BB39_32;
 	setp.ge.u32 	%p24, %r3, %r54;
-	@%p24 bra 	$L__BB51_26;
+	@%p24 bra 	$L__BB39_26;
 	add.f32 	%r412, %r451, %r450;
 	cvt.u64.u32 	%rd87, %r3;
 	mad.lo.s64 	%rd88, %rd34, %rd87, %rd3;
@@ -550,10 +550,10 @@
 	ld.global.b32 	%r413, [%rd90];
 	add.f32 	%r414, %r413, %r412;
 	st.global.b32 	[%rd90], %r414;
-$L__BB51_26:
+$L__BB39_26:
 	add.s32 	%r51, %r3, 8;
 	setp.ge.u32 	%p25, %r51, %r54;
-	@%p25 bra 	$L__BB51_28;
+	@%p25 bra 	$L__BB39_28;
 	add.f32 	%r415, %r449, %r448;
 	cvt.u64.u32 	%rd91, %r51;
 	mad.lo.s64 	%rd92, %rd34, %rd91, %rd3;
@@ -562,10 +562,10 @@
 	ld.global.b32 	%r416, [%rd94];
 	add.f32 	%r417, %r416, %r415;
 	st.global.b32 	[%rd94], %r417;
-$L__BB51_28:
+$L__BB39_28:
 	add.s32 	%r52, %r51, 8;
 	setp.ge.u32 	%p26, %r52, %r54;
-	@%p26 bra 	$L__BB51_30;
+	@%p26 bra 	$L__BB39_30;
 	add.f32 	%r418, %r447, %r446;
 	cvt.u64.u32 	%rd95, %r52;
 	mad.lo.s64 	%rd96, %rd34, %rd95, %rd3;
@@ -574,10 +574,10 @@
 	ld.global.b32 	%r419, [%rd98];
 	add.f32 	%r420, %r419, %r418;
 	st.global.b32 	[%rd98], %r420;
-$L__BB51_30:
+$L__BB39_30:
 	add.s32 	%r53, %r51, 16;
 	setp.ge.u32 	%p27, %r53, %r54;
-	@%p27 bra 	$L__BB51_32;
+	@%p27 bra 	$L__BB39_32;
 	add.f32 	%r421, %r445, %r444;
 	cvt.u64.u32 	%rd99, %r53;
 	mad.lo.s64 	%rd100, %rd34, %rd99, %rd3;
@@ -586,7 +586,7 @@
 	ld.global.b32 	%r422, [%rd102];
 	add.f32 	%r423, %r422, %r421;
 	st.global.b32 	[%rd102], %r423;
-$L__BB51_32:
+$L__BB39_32:
 	ret;
 
 }--- before/nya_train_dx_8
+++ training/nya_train_dx_8
@@ -36,7 +36,7 @@
 	mov.b32 	%r430, %r425;
 	mov.b32 	%r431, %r425;
 	mov.b32 	%r432, %r425;
-	@%p1 bra 	$L__BB52_23;
+	@%p1 bra 	$L__BB40_23;
 	ld.param.b64 	%rd94, [nya_train_dx_8_param_4];
 	ld.param.b64 	%rd93, [nya_train_dx_8_param_1];
 	ld.param.b64 	%rd92, [nya_train_dx_8_param_0];
@@ -93,14 +93,14 @@
 	add.s64 	%rd96, %rd40, %rd54;
 	mov.b64 	%rd101, 0;
 	mov.b32 	%r425, 0f00000000;
-$L__BB52_2:
+$L__BB40_2:
 	setp.ge.u64 	%p2, %rd6, %rd35;
 	add.s64 	%rd26, %rd5, %rd101;
 	mov.b32 	%r417, 0f00000000;
-	@%p2 bra 	$L__BB52_5;
+	@%p2 bra 	$L__BB40_5;
 	add.s64 	%rd55, %rd7, %rd101;
 	setp.ge.u64 	%p3, %rd55, %rd4;
-	@%p3 bra 	$L__BB52_5;
+	@%p3 bra 	$L__BB40_5;
 	add.s64 	%rd56, %rd100, %rd17;
 	ld.global.b8 	%r77, [%rd56];
 	ld.global.b8 	%r78, [%rd56+1];
@@ -115,21 +115,21 @@
 	ld.global.s8 	%rs2, [%rd58+2];
 	cvt.rn.f32.s16 	%r81, %rs2;
 	mul.f32 	%r417, %r76, %r81;
-$L__BB52_5:
+$L__BB40_5:
 	setp.ge.u64 	%p4, %rd26, %rd4;
 	setp.ge.u32 	%p5, %r6, %r54;
 	st.shared.b32 	[%r5], %r417;
 	mov.b32 	%r418, 0f00000000;
 	or.pred 	%p6, %p5, %p4;
-	@%p6 bra 	$L__BB52_7;
+	@%p6 bra 	$L__BB40_7;
 	ld.global.b32 	%r418, [%rd96];
-$L__BB52_7:
+$L__BB40_7:
 	st.shared.b32 	[%r7], %r418;
 	mov.b32 	%r419, 0f00000000;
-	@%p2 bra 	$L__BB52_10;
+	@%p2 bra 	$L__BB40_10;
 	add.s64 	%rd60, %rd8, %rd101;
 	setp.ge.u64 	%p8, %rd60, %rd4;
-	@%p8 bra 	$L__BB52_10;
+	@%p8 bra 	$L__BB40_10;
 	add.s64 	%rd61, %rd100, %rd15;
 	ld.global.b8 	%r86, [%rd61];
 	ld.global.b8 	%r87, [%rd61+1];
@@ -144,20 +144,20 @@
 	ld.global.s8 	%rs4, [%rd63+2];
 	cvt.rn.f32.s16 	%r90, %rs4;
 	mul.f32 	%r419, %r85, %r90;
-$L__BB52_10:
+$L__BB40_10:
 	setp.ge.u32 	%p10, %r8, %r54;
 	st.shared.b32 	[%r5+32], %r419;
 	mov.b32 	%r420, 0f00000000;
 	or.pred 	%p11, %p10, %p4;
-	@%p11 bra 	$L__BB52_12;
+	@%p11 bra 	$L__BB40_12;
 	ld.global.b32 	%r420, [%rd97];
-$L__BB52_12:
+$L__BB40_12:
 	st.shared.b32 	[%r7+1056], %r420;
 	mov.b32 	%r421, 0f00000000;
-	@%p2 bra 	$L__BB52_15;
+	@%p2 bra 	$L__BB40_15;
 	add.s64 	%rd65, %rd9, %rd101;
 	setp.ge.u64 	%p13, %rd65, %rd4;
-	@%p13 bra 	$L__BB52_15;
+	@%p13 bra 	$L__BB40_15;
 	add.s64 	%rd66, %rd100, %rd13;
 	ld.global.b8 	%r95, [%rd66];
 	ld.global.b8 	%r96, [%rd66+1];
@@ -172,20 +172,20 @@
 	ld.global.s8 	%rs6, [%rd68+2];
 	cvt.rn.f32.s16 	%r99, %rs6;
 	mul.f32 	%r421, %r94, %r99;
-$L__BB52_15:
+$L__BB40_15:
 	setp.ge.u32 	%p15, %r9, %r54;
 	st.shared.b32 	[%r5+64], %r421;
 	mov.b32 	%r422, 0f00000000;
 	or.pred 	%p16, %p15, %p4;
-	@%p16 bra 	$L__BB52_17;
+	@%p16 bra 	$L__BB40_17;
 	ld.global.b32 	%r422, [%rd98];
-$L__BB52_17:
+$L__BB40_17:
 	st.shared.b32 	[%r7+2112], %r422;
 	mov.b32 	%r423, 0f00000000;
-	@%p2 bra 	$L__BB52_20;
+	@%p2 bra 	$L__BB40_20;
 	add.s64 	%rd70, %rd10, %rd101;
 	setp.ge.u64 	%p18, %rd70, %rd4;
-	@%p18 bra 	$L__BB52_20;
+	@%p18 bra 	$L__BB40_20;
 	add.s64 	%rd71, %rd100, %rd11;
 	ld.global.b8 	%r104, [%rd71];
 	ld.global.b8 	%r105, [%rd71+1];
@@ -200,14 +200,14 @@
 	ld.global.s8 	%rs8, [%rd73+2];
 	cvt.rn.f32.s16 	%r108, %rs8;
 	mul.f32 	%r423, %r103, %r108;
-$L__BB52_20:
+$L__BB40_20:
 	setp.ge.u32 	%p20, %r10, %r54;
 	st.shared.b32 	[%r5+96], %r423;
 	mov.b32 	%r424, 0f00000000;
 	or.pred 	%p21, %p20, %p4;
-	@%p21 bra 	$L__BB52_22;
+	@%p21 bra 	$L__BB40_22;
 	ld.global.b32 	%r424, [%rd99];
-$L__BB52_22:
+$L__BB40_22:
 	ld.param.b64 	%rd95, [nya_train_dx_8_param_4];
 	st.shared.b32 	[%r7+3168], %r424;
 	bar.sync 	0;
@@ -511,12 +511,12 @@
 	add.s64 	%rd97, %rd97, 128;
 	add.s64 	%rd96, %rd96, 128;
 	setp.lt.u64 	%p22, %rd101, %rd4;
-	@%p22 bra 	$L__BB52_2;
-$L__BB52_23:
+	@%p22 bra 	$L__BB40_2;
+$L__BB40_23:
 	setp.ge.u64 	%p23, %rd3, %rd35;
-	@%p23 bra 	$L__BB52_32;
+	@%p23 bra 	$L__BB40_32;
 	setp.ge.u32 	%p24, %r3, %r54;
-	@%p24 bra 	$L__BB52_26;
+	@%p24 bra 	$L__BB40_26;
 	add.f32 	%r393, %r432, %r431;
 	cvt.u64.u32 	%rd76, %r3;
 	mad.lo.s64 	%rd77, %rd35, %rd76, %rd3;
@@ -525,10 +525,10 @@
 	ld.global.b32 	%r394, [%rd79];
 	add.f32 	%r395, %r394, %r393;
 	st.global.b32 	[%rd79], %r395;
-$L__BB52_26:
+$L__BB40_26:
 	add.s32 	%r51, %r3, 8;
 	setp.ge.u32 	%p25, %r51, %r54;
-	@%p25 bra 	$L__BB52_28;
+	@%p25 bra 	$L__BB40_28;
 	add.f32 	%r396, %r430, %r429;
 	cvt.u64.u32 	%rd80, %r51;
 	mad.lo.s64 	%rd81, %rd35, %rd80, %rd3;
@@ -537,10 +537,10 @@
 	ld.global.b32 	%r397, [%rd83];
 	add.f32 	%r398, %r397, %r396;
 	st.global.b32 	[%rd83], %r398;
-$L__BB52_28:
+$L__BB40_28:
 	add.s32 	%r52, %r51, 8;
 	setp.ge.u32 	%p26, %r52, %r54;
-	@%p26 bra 	$L__BB52_30;
+	@%p26 bra 	$L__BB40_30;
 	add.f32 	%r399, %r428, %r427;
 	cvt.u64.u32 	%rd84, %r52;
 	mad.lo.s64 	%rd85, %rd35, %rd84, %rd3;
@@ -549,10 +549,10 @@
 	ld.global.b32 	%r400, [%rd87];
 	add.f32 	%r401, %r400, %r399;
 	st.global.b32 	[%rd87], %r401;
-$L__BB52_30:
+$L__BB40_30:
 	add.s32 	%r53, %r51, 16;
 	setp.ge.u32 	%p27, %r53, %r54;
-	@%p27 bra 	$L__BB52_32;
+	@%p27 bra 	$L__BB40_32;
 	add.f32 	%r402, %r426, %r425;
 	cvt.u64.u32 	%rd88, %r53;
 	mad.lo.s64 	%rd89, %rd35, %rd88, %rd3;
@@ -561,7 +561,7 @@
 	ld.global.b32 	%r403, [%rd91];
 	add.f32 	%r404, %r403, %r402;
 	st.global.b32 	[%rd91], %r404;
-$L__BB52_32:
+$L__BB40_32:
 	ret;
 
 }--- before/nya_train_dx_12
+++ training/nya_train_dx_12
@@ -37,7 +37,7 @@
 	mov.b32 	%r493, %r488;
 	mov.b32 	%r494, %r488;
 	mov.b32 	%r495, %r488;
-	@%p1 bra 	$L__BB53_35;
+	@%p1 bra 	$L__BB41_35;
 	ld.param.b64 	%rd134, [nya_train_dx_12_param_4];
 	ld.param.b64 	%rd133, [nya_train_dx_12_param_0];
 	cvta.to.global.u64 	%rd44, %rd38;
@@ -108,23 +108,23 @@
 	add.s64 	%rd23, %rd63, 4;
 	mov.b64 	%rd141, 0;
 	mov.b32 	%r488, 0f00000000;
-$L__BB53_2:
+$L__BB41_2:
 	setp.ge.u64 	%p2, %rd6, %rd39;
 	add.s64 	%rd30, %rd5, %rd141;
 	mov.b32 	%r480, 0f00000000;
-	@%p2 bra 	$L__BB53_8;
+	@%p2 bra 	$L__BB41_8;
 	add.s64 	%rd64, %rd7, %rd141;
 	setp.ge.u64 	%p3, %rd64, %rd4;
-	@%p3 bra 	$L__BB53_8;
+	@%p3 bra 	$L__BB41_8;
 	setp.gt.u32 	%p4, %r4, 127;
-	@%p4 bra 	$L__BB53_6;
+	@%p4 bra 	$L__BB41_6;
 	add.s64 	%rd69, %rd140, %rd21;
 	ld.global.b8 	%rs34, [%rd69+-4];
 	and.b16 	%rs77, %rs34, 63;
 	ld.global.b8 	%rs35, [%rd69];
 	and.b16 	%rs78, %rs35, 63;
-	bra.uni 	$L__BB53_7;
-$L__BB53_6:
+	bra.uni 	$L__BB41_7;
+$L__BB41_6:
 	add.s64 	%rd65, %rd140, %rd21;
 	ld.global.b8 	%rs25, [%rd65];
 	and.b16 	%rs26, %rs25, 15;
@@ -142,7 +142,7 @@
 	shr.u16 	%rs32, %rs31, 2;
 	and.b16 	%rs33, %rs32, 48;
 	or.b16 	%rs78, %rs33, %rs30;
-$L__BB53_7:
+$L__BB41_7:
 	add.s64 	%rd70, %rd140, %rd20;
 	shr.u64 	%rd71, %rd6, 1;
 	and.b64 	%rd72, %rd71, 96;
@@ -175,23 +175,23 @@
 	cvt.rn.f32.u16 	%r101, %rs78;
 	mul.f32 	%r102, %r85, %r101;
 	sub.f32 	%r480, %r96, %r102;
-$L__BB53_8:
+$L__BB41_8:
 	setp.ge.u64 	%p5, %rd30, %rd4;
 	setp.ge.u32 	%p6, %r9, %r57;
 	st.shared.b32 	[%r8], %r480;
 	mov.b32 	%r481, 0f00000000;
 	or.pred 	%p7, %p6, %p5;
-	@%p7 bra 	$L__BB53_10;
+	@%p7 bra 	$L__BB41_10;
 	ld.global.b32 	%r481, [%rd136];
-$L__BB53_10:
+$L__BB41_10:
 	st.shared.b32 	[%r10], %r481;
 	mov.b32 	%r482, 0f00000000;
-	@%p2 bra 	$L__BB53_16;
+	@%p2 bra 	$L__BB41_16;
 	add.s64 	%rd77, %rd8, %rd141;
 	setp.ge.u64 	%p9, %rd77, %rd4;
-	@%p9 bra 	$L__BB53_16;
+	@%p9 bra 	$L__BB41_16;
 	setp.lt.u32 	%p10, %r4, 128;
-	@%p10 bra 	$L__BB53_14;
+	@%p10 bra 	$L__BB41_14;
 	add.s64 	%rd78, %rd140, %rd23;
 	ld.global.b8 	%rs38, [%rd78+4];
 	and.b16 	%rs39, %rs38, 15;
@@ -209,14 +209,14 @@
 	shr.u16 	%rs45, %rs44, 2;
 	and.b16 	%rs46, %rs45, 48;
 	or.b16 	%rs80, %rs46, %rs43;
-	bra.uni 	$L__BB53_15;
-$L__BB53_14:
+	bra.uni 	$L__BB41_15;
+$L__BB41_14:
 	add.s64 	%rd82, %rd140, %rd23;
 	ld.global.b8 	%rs47, [%rd82];
 	and.b16 	%rs79, %rs47, 63;
 	ld.global.b8 	%rs48, [%rd82+4];
 	and.b16 	%rs80, %rs48, 63;
-$L__BB53_15:
+$L__BB41_15:
 	add.s64 	%rd83, %rd140, %rd22;
 	shr.u64 	%rd84, %rd6, 1;
 	and.b64 	%rd85, %rd84, 96;
@@ -249,22 +249,22 @@
 	cvt.rn.f32.u16 	%r125, %rs80;
 	mul.f32 	%r126, %r109, %r125;
 	sub.f32 	%r482, %r120, %r126;
-$L__BB53_16:
+$L__BB41_16:
 	setp.ge.u32 	%p12, %r11, %r57;
 	st.shared.b32 	[%r8+32], %r482;
 	mov.b32 	%r483, 0f00000000;
 	or.pred 	%p13, %p12, %p5;
-	@%p13 bra 	$L__BB53_18;
+	@%p13 bra 	$L__BB41_18;
 	ld.global.b32 	%r483, [%rd137];
-$L__BB53_18:
+$L__BB41_18:
 	st.shared.b32 	[%r10+1056], %r483;
 	mov.b32 	%r484, 0f00000000;
-	@%p2 bra 	$L__BB53_24;
+	@%p2 bra 	$L__BB41_24;
 	add.s64 	%rd90, %rd9, %rd141;
 	setp.ge.u64 	%p15, %rd90, %rd4;
-	@%p15 bra 	$L__BB53_24;
+	@%p15 bra 	$L__BB41_24;
 	setp.lt.u32 	%p16, %r4, 128;
-	@%p16 bra 	$L__BB53_22;
+	@%p16 bra 	$L__BB41_22;
 	add.s64 	%rd91, %rd140, %rd19;
 	ld.global.b8 	%rs51, [%rd91+4];
 	and.b16 	%rs52, %rs51, 15;
@@ -282,14 +282,14 @@
 	shr.u16 	%rs58, %rs57, 2;
 	and.b16 	%rs59, %rs58, 48;
 	or.b16 	%rs82, %rs59, %rs56;
-	bra.uni 	$L__BB53_23;
-$L__BB53_22:
+	bra.uni 	$L__BB41_23;
+$L__BB41_22:
 	add.s64 	%rd95, %rd140, %rd19;
 	ld.global.b8 	%rs60, [%rd95];
 	and.b16 	%rs81, %rs60, 63;
 	ld.global.b8 	%rs61, [%rd95+4];
 	and.b16 	%rs82, %rs61, 63;
-$L__BB53_23:
+$L__BB41_23:
 	add.s64 	%rd96, %rd140, %rd17;
 	shr.u64 	%rd97, %rd6, 1;
 	and.b64 	%rd98, %rd97, 96;
@@ -322,22 +322,22 @@
 	cvt.rn.f32.u16 	%r149, %rs82;
 	mul.f32 	%r150, %r133, %r149;
 	sub.f32 	%r484, %r144, %r150;
-$L__BB53_24:
+$L__BB41_24:
 	setp.ge.u32 	%p18, %r12, %r57;
 	st.shared.b32 	[%r8+64], %r484;
 	mov.b32 	%r485, 0f00000000;
 	or.pred 	%p19, %p18, %p5;
-	@%p19 bra 	$L__BB53_26;
+	@%p19 bra 	$L__BB41_26;
 	ld.global.b32 	%r485, [%rd138];
-$L__BB53_26:
+$L__BB41_26:
 	st.shared.b32 	[%r10+2112], %r485;
 	mov.b32 	%r486, 0f00000000;
-	@%p2 bra 	$L__BB53_32;
+	@%p2 bra 	$L__BB41_32;
 	add.s64 	%rd103, %rd10, %rd141;
 	setp.ge.u64 	%p21, %rd103, %rd4;
-	@%p21 bra 	$L__BB53_32;
+	@%p21 bra 	$L__BB41_32;
 	setp.lt.u32 	%p22, %r4, 128;
-	@%p22 bra 	$L__BB53_30;
+	@%p22 bra 	$L__BB41_30;
 	add.s64 	%rd104, %rd140, %rd13;
 	ld.global.b8 	%rs64, [%rd104+4];
 	and.b16 	%rs65, %rs64, 15;
@@ -355,14 +355,14 @@
 	shr.u16 	%rs71, %rs70, 2;
 	and.b16 	%rs72, %rs71, 48;
 	or.b16 	%rs84, %rs72, %rs69;
-	bra.uni 	$L__BB53_31;
-$L__BB53_30:
+	bra.uni 	$L__BB41_31;
+$L__BB41_30:
 	add.s64 	%rd108, %rd140, %rd13;
 	ld.global.b8 	%rs73, [%rd108];
 	and.b16 	%rs83, %rs73, 63;
 	ld.global.b8 	%rs74, [%rd108+4];
 	and.b16 	%rs84, %rs74, 63;
-$L__BB53_31:
+$L__BB41_31:
 	add.s64 	%rd109, %rd140, %rd11;
 	shr.u64 	%rd110, %rd6, 1;
 	and.b64 	%rd111, %rd110, 96;
@@ -395,14 +395,14 @@
 	cvt.rn.f32.u16 	%r173, %rs84;
 	mul.f32 	%r174, %r157, %r173;
 	sub.f32 	%r486, %r168, %r174;
-$L__BB53_32:
+$L__BB41_32:
 	setp.ge.u32 	%p24, %r13, %r57;
 	st.shared.b32 	[%r8+96], %r486;
 	mov.b32 	%r487, 0f00000000;
 	or.pred 	%p25, %p24, %p5;
-	@%p25 bra 	$L__BB53_34;
+	@%p25 bra 	$L__BB41_34;
 	ld.global.b32 	%r487, [%rd139];
-$L__BB53_34:
+$L__BB41_34:
 	ld.param.b64 	%rd135, [nya_train_dx_12_param_4];
 	st.shared.b32 	[%r10+3168], %r487;
 	bar.sync 	0;
@@ -703,12 +703,12 @@
 	add.s64 	%rd137, %rd137, 128;
 	add.s64 	%rd136, %rd136, 128;
 	setp.lt.u64 	%p26, %rd141, %rd4;
-	@%p26 bra 	$L__BB53_2;
-$L__BB53_35:
+	@%p26 bra 	$L__BB41_2;
+$L__BB41_35:
 	setp.ge.u64 	%p27, %rd3, %rd39;
-	@%p27 bra 	$L__BB53_44;
+	@%p27 bra 	$L__BB41_44;
 	setp.ge.u32 	%p28, %r3, %r57;
-	@%p28 bra 	$L__BB53_38;
+	@%p28 bra 	$L__BB41_38;
 	add.f32 	%r456, %r495, %r494;
 	cvt.u64.u32 	%rd117, %r3;
 	mad.lo.s64 	%rd118, %rd39, %rd117, %rd3;
@@ -717,10 +717,10 @@
 	ld.global.b32 	%r457, [%rd120];
 	add.f32 	%r458, %r457, %r456;
 	st.global.b32 	[%rd120], %r458;
-$L__BB53_38:
+$L__BB41_38:
 	add.s32 	%r54, %r3, 8;
 	setp.ge.u32 	%p29, %r54, %r57;
-	@%p29 bra 	$L__BB53_40;
+	@%p29 bra 	$L__BB41_40;
 	add.f32 	%r459, %r493, %r492;
 	cvt.u64.u32 	%rd121, %r54;
 	mad.lo.s64 	%rd122, %rd39, %rd121, %rd3;
@@ -729,10 +729,10 @@
 	ld.global.b32 	%r460, [%rd124];
 	add.f32 	%r461, %r460, %r459;
 	st.global.b32 	[%rd124], %r461;
-$L__BB53_40:
+$L__BB41_40:
 	add.s32 	%r55, %r54, 8;
 	setp.ge.u32 	%p30, %r55, %r57;
-	@%p30 bra 	$L__BB53_42;
+	@%p30 bra 	$L__BB41_42;
 	add.f32 	%r462, %r491, %r490;
 	cvt.u64.u32 	%rd125, %r55;
 	mad.lo.s64 	%rd126, %rd39, %rd125, %rd3;
@@ -741,10 +741,10 @@
 	ld.global.b32 	%r463, [%rd128];
 	add.f32 	%r464, %r463, %r462;
 	st.global.b32 	[%rd128], %r464;
-$L__BB53_42:
+$L__BB41_42:
 	add.s32 	%r56, %r54, 16;
 	setp.ge.u32 	%p31, %r56, %r57;
-	@%p31 bra 	$L__BB53_44;
+	@%p31 bra 	$L__BB41_44;
 	add.f32 	%r465, %r489, %r488;
 	cvt.u64.u32 	%rd129, %r56;
 	mad.lo.s64 	%rd130, %rd39, %rd129, %rd3;
@@ -753,7 +753,7 @@
 	ld.global.b32 	%r466, [%rd132];
 	add.f32 	%r467, %r466, %r465;
 	st.global.b32 	[%rd132], %r467;
-$L__BB53_44:
+$L__BB41_44:
 	ret;
 
 }--- before/nya_train_dx_14
+++ training/nya_train_dx_14
@@ -36,7 +36,7 @@
 	mov.b32 	%r500, %r495;
 	mov.b32 	%r501, %r495;
 	mov.b32 	%r502, %r495;
-	@%p1 bra 	$L__BB54_23;
+	@%p1 bra 	$L__BB42_23;
 	ld.param.b64 	%rd123, [nya_train_dx_14_param_4];
 	ld.param.b64 	%rd122, [nya_train_dx_14_param_1];
 	ld.param.b64 	%rd121, [nya_train_dx_14_param_0];
@@ -112,14 +112,14 @@
 	add.s64 	%rd125, %rd45, %rd62;
 	mov.b64 	%rd130, 0;
 	mov.b32 	%r495, 0f00000000;
-$L__BB54_2:
+$L__BB42_2:
 	setp.ge.u64 	%p2, %rd6, %rd40;
 	add.s64 	%rd31, %rd5, %rd130;
 	mov.b32 	%r487, 0f00000000;
-	@%p2 bra 	$L__BB54_5;
+	@%p2 bra 	$L__BB42_5;
 	add.s64 	%rd63, %rd7, %rd130;
 	setp.ge.u64 	%p3, %rd63, %rd4;
-	@%p3 bra 	$L__BB54_5;
+	@%p3 bra 	$L__BB42_5;
 	add.s64 	%rd64, %rd129, %rd23;
 	ld.global.b8 	%r88, [%rd64];
 	cvt.u32.u64 	%r89, %rd6;
@@ -156,21 +156,21 @@
 	mul.f32 	%r107, %r87, %r106;
 	cvt.rn.f32.s32 	%r108, %r100;
 	mul.f32 	%r487, %r107, %r108;
-$L__BB54_5:
+$L__BB42_5:
 	setp.ge.u64 	%p4, %rd31, %rd4;
 	setp.ge.u32 	%p5, %r9, %r57;
 	st.shared.b32 	[%r8], %r487;
 	mov.b32 	%r488, 0f00000000;
 	or.pred 	%p6, %p5, %p4;
-	@%p6 bra 	$L__BB54_7;
+	@%p6 bra 	$L__BB42_7;
 	ld.global.b32 	%r488, [%rd125];
-$L__BB54_7:
+$L__BB42_7:
 	st.shared.b32 	[%r10], %r488;
 	mov.b32 	%r489, 0f00000000;
-	@%p2 bra 	$L__BB54_10;
+	@%p2 bra 	$L__BB42_10;
 	add.s64 	%rd74, %rd8, %rd130;
 	setp.ge.u64 	%p8, %rd74, %rd4;
-	@%p8 bra 	$L__BB54_10;
+	@%p8 bra 	$L__BB42_10;
 	add.s64 	%rd75, %rd129, %rd20;
 	ld.global.b8 	%r113, [%rd75];
 	cvt.u32.u64 	%r114, %rd6;
@@ -207,20 +207,20 @@
 	mul.f32 	%r132, %r112, %r131;
 	cvt.rn.f32.s32 	%r133, %r125;
 	mul.f32 	%r489, %r132, %r133;
-$L__BB54_10:
+$L__BB42_10:
 	setp.ge.u32 	%p10, %r11, %r57;
 	st.shared.b32 	[%r8+32], %r489;
 	mov.b32 	%r490, 0f00000000;
 	or.pred 	%p11, %p10, %p4;
-	@%p11 bra 	$L__BB54_12;
+	@%p11 bra 	$L__BB42_12;
 	ld.global.b32 	%r490, [%rd126];
-$L__BB54_12:
+$L__BB42_12:
 	st.shared.b32 	[%r10+1056], %r490;
 	mov.b32 	%r491, 0f00000000;
-	@%p2 bra 	$L__BB54_15;
+	@%p2 bra 	$L__BB42_15;
 	add.s64 	%rd85, %rd9, %rd130;
 	setp.ge.u64 	%p13, %rd85, %rd4;
-	@%p13 bra 	$L__BB54_15;
+	@%p13 bra 	$L__BB42_15;
 	add.s64 	%rd86, %rd129, %rd17;
 	ld.global.b8 	%r138, [%rd86];
 	add.s64 	%rd87, %rd129, %rd15;
@@ -252,20 +252,20 @@
 	mul.f32 	%r155, %r137, %r154;
 	cvt.rn.f32.s32 	%r156, %r146;
 	mul.f32 	%r491, %r155, %r156;
-$L__BB54_15:
+$L__BB42_15:
 	setp.ge.u32 	%p15, %r12, %r57;
 	st.shared.b32 	[%r8+64], %r491;
 	mov.b32 	%r492, 0f00000000;
 	or.pred 	%p16, %p15, %p4;
-	@%p16 bra 	$L__BB54_17;
+	@%p16 bra 	$L__BB42_17;
 	ld.global.b32 	%r492, [%rd127];
-$L__BB54_17:
+$L__BB42_17:
 	st.shared.b32 	[%r10+2112], %r492;
 	mov.b32 	%r493, 0f00000000;
-	@%p2 bra 	$L__BB54_20;
+	@%p2 bra 	$L__BB42_20;
 	add.s64 	%rd93, %rd10, %rd130;
 	setp.ge.u64 	%p18, %rd93, %rd4;
-	@%p18 bra 	$L__BB54_20;
+	@%p18 bra 	$L__BB42_20;
 	add.s64 	%rd94, %rd129, %rd13;
 	ld.global.b8 	%r161, [%rd94];
 	cvt.u32.u64 	%r162, %rd6;
@@ -302,14 +302,14 @@
 	mul.f32 	%r180, %r160, %r179;
 	cvt.rn.f32.s32 	%r181, %r173;
 	mul.f32 	%r493, %r180, %r181;
-$L__BB54_20:
+$L__BB42_20:
 	setp.ge.u32 	%p20, %r13, %r57;
 	st.shared.b32 	[%r8+96], %r493;
 	mov.b32 	%r494, 0f00000000;
 	or.pred 	%p21, %p20, %p4;
-	@%p21 bra 	$L__BB54_22;
+	@%p21 bra 	$L__BB42_22;
 	ld.global.b32 	%r494, [%rd128];
-$L__BB54_22:
+$L__BB42_22:
 	ld.param.b64 	%rd124, [nya_train_dx_14_param_4];
 	st.shared.b32 	[%r10+3168], %r494;
 	bar.sync 	0;
@@ -610,12 +610,12 @@
 	add.s64 	%rd126, %rd126, 128;
 	add.s64 	%rd125, %rd125, 128;
 	setp.lt.u64 	%p22, %rd130, %rd4;
-	@%p22 bra 	$L__BB54_2;
-$L__BB54_23:
+	@%p22 bra 	$L__BB42_2;
+$L__BB42_23:
 	setp.ge.u64 	%p23, %rd3, %rd40;
-	@%p23 bra 	$L__BB54_32;
+	@%p23 bra 	$L__BB42_32;
 	setp.ge.u32 	%p24, %r3, %r57;
-	@%p24 bra 	$L__BB54_26;
+	@%p24 bra 	$L__BB42_26;
 	add.f32 	%r463, %r502, %r501;
 	cvt.u64.u32 	%rd105, %r3;
 	mad.lo.s64 	%rd106, %rd40, %rd105, %rd3;
@@ -624,10 +624,10 @@
 	ld.global.b32 	%r464, [%rd108];
 	add.f32 	%r465, %r464, %r463;
 	st.global.b32 	[%rd108], %r465;
-$L__BB54_26:
+$L__BB42_26:
 	add.s32 	%r54, %r3, 8;
 	setp.ge.u32 	%p25, %r54, %r57;
-	@%p25 bra 	$L__BB54_28;
+	@%p25 bra 	$L__BB42_28;
 	add.f32 	%r466, %r500, %r499;
 	cvt.u64.u32 	%rd109, %r54;
 	mad.lo.s64 	%rd110, %rd40, %rd109, %rd3;
@@ -636,10 +636,10 @@
 	ld.global.b32 	%r467, [%rd112];
 	add.f32 	%r468, %r467, %r466;
 	st.global.b32 	[%rd112], %r468;
-$L__BB54_28:
+$L__BB42_28:
 	add.s32 	%r55, %r54, 8;
 	setp.ge.u32 	%p26, %r55, %r57;
-	@%p26 bra 	$L__BB54_30;
+	@%p26 bra 	$L__BB42_30;
 	add.f32 	%r469, %r498, %r497;
 	cvt.u64.u32 	%rd113, %r55;
 	mad.lo.s64 	%rd114, %rd40, %rd113, %rd3;
@@ -648,10 +648,10 @@
 	ld.global.b32 	%r470, [%rd116];
 	add.f32 	%r471, %r470, %r469;
 	st.global.b32 	[%rd116], %r471;
-$L__BB54_30:
+$L__BB42_30:
 	add.s32 	%r56, %r54, 16;
 	setp.ge.u32 	%p27, %r56, %r57;
-	@%p27 bra 	$L__BB54_32;
+	@%p27 bra 	$L__BB42_32;
 	add.f32 	%r472, %r496, %r495;
 	cvt.u64.u32 	%rd117, %r56;
 	mad.lo.s64 	%rd118, %rd40, %rd117, %rd3;
@@ -660,7 +660,7 @@
 	ld.global.b32 	%r473, [%rd120];
 	add.f32 	%r474, %r473, %r472;
 	st.global.b32 	[%rd120], %r474;
-$L__BB54_32:
+$L__BB42_32:
 	ret;
 
 }--- before/nya_train_dx_30
+++ training/nya_train_dx_30
@@ -37,7 +37,7 @@
 	mov.b32 	%r419, %r414;
 	mov.b32 	%r420, %r414;
 	mov.b32 	%r421, %r414;
-	@%p1 bra 	$L__BB55_23;
+	@%p1 bra 	$L__BB43_23;
 	ld.param.b64 	%rd86, [nya_train_dx_30_param_4];
 	cvta.to.global.u64 	%rd40, %rd34;
 	and.b32 	%r60, %r2, 31;
@@ -95,89 +95,89 @@
 	add.s64 	%rd88, %rd40, %rd56;
 	mov.b64 	%rd93, 0;
 	mov.b32 	%r414, 0f00000000;
-$L__BB55_2:
+$L__BB43_2:
 	setp.ge.u64 	%p2, %rd6, %rd35;
 	add.s64 	%rd26, %rd5, %rd93;
 	mov.b32 	%r406, 0;
-	@%p2 bra 	$L__BB55_5;
+	@%p2 bra 	$L__BB43_5;
 	add.s64 	%rd57, %rd7, %rd93;
 	setp.ge.u64 	%p3, %rd57, %rd4;
-	@%p3 bra 	$L__BB55_5;
+	@%p3 bra 	$L__BB43_5;
 	add.s64 	%rd58, %rd92, %rd18;
 	ld.global.b8 	%r77, [%rd58];
 	ld.global.b8 	%r78, [%rd58+1];
 	shl.b32 	%r79, %r78, 24;
 	shl.b32 	%r80, %r77, 16;
 	or.b32 	%r406, %r79, %r80;
-$L__BB55_5:
+$L__BB43_5:
 	setp.ge.u64 	%p4, %rd26, %rd4;
 	setp.ge.u32 	%p5, %r7, %r55;
 	st.shared.b32 	[%r6], %r406;
 	mov.b32 	%r407, 0f00000000;
 	or.pred 	%p6, %p5, %p4;
-	@%p6 bra 	$L__BB55_7;
+	@%p6 bra 	$L__BB43_7;
 	ld.global.b32 	%r407, [%rd88];
-$L__BB55_7:
+$L__BB43_7:
 	st.shared.b32 	[%r8], %r407;
 	mov.b32 	%r408, 0;
-	@%p2 bra 	$L__BB55_10;
+	@%p2 bra 	$L__BB43_10;
 	add.s64 	%rd60, %rd8, %rd93;
 	setp.ge.u64 	%p8, %rd60, %rd4;
-	@%p8 bra 	$L__BB55_10;
+	@%p8 bra 	$L__BB43_10;
 	add.s64 	%rd61, %rd92, %rd16;
 	ld.global.b8 	%r84, [%rd61];
 	ld.global.b8 	%r85, [%rd61+1];
 	shl.b32 	%r86, %r85, 24;
 	shl.b32 	%r87, %r84, 16;
 	or.b32 	%r408, %r86, %r87;
-$L__BB55_10:
+$L__BB43_10:
 	setp.ge.u32 	%p10, %r9, %r55;
 	st.shared.b32 	[%r6+32], %r408;
 	mov.b32 	%r409, 0f00000000;
 	or.pred 	%p11, %p10, %p4;
-	@%p11 bra 	$L__BB55_12;
+	@%p11 bra 	$L__BB43_12;
 	ld.global.b32 	%r409, [%rd89];
-$L__BB55_12:
+$L__BB43_12:
 	st.shared.b32 	[%r8+1056], %r409;
 	mov.b32 	%r410, 0;
-	@%p2 bra 	$L__BB55_15;
+	@%p2 bra 	$L__BB43_15;
 	add.s64 	%rd63, %rd9, %rd93;
 	setp.ge.u64 	%p13, %rd63, %rd4;
-	@%p13 bra 	$L__BB55_15;
+	@%p13 bra 	$L__BB43_15;
 	add.s64 	%rd64, %rd92, %rd14;
 	ld.global.b8 	%r91, [%rd64];
 	ld.global.b8 	%r92, [%rd64+1];
 	shl.b32 	%r93, %r92, 24;
 	shl.b32 	%r94, %r91, 16;
 	or.b32 	%r410, %r93, %r94;
-$L__BB55_15:
+$L__BB43_15:
 	setp.ge.u32 	%p15, %r10, %r55;
 	st.shared.b32 	[%r6+64], %r410;
 	mov.b32 	%r411, 0f00000000;
 	or.pred 	%p16, %p15, %p4;
-	@%p16 bra 	$L__BB55_17;
+	@%p16 bra 	$L__BB43_17;
 	ld.global.b32 	%r411, [%rd90];
-$L__BB55_17:
+$L__BB43_17:
 	st.shared.b32 	[%r8+2112], %r411;
 	mov.b32 	%r412, 0;
-	@%p2 bra 	$L__BB55_20;
+	@%p2 bra 	$L__BB43_20;
 	add.s64 	%rd66, %rd10, %rd93;
 	setp.ge.u64 	%p18, %rd66, %rd4;
-	@%p18 bra 	$L__BB55_20;
+	@%p18 bra 	$L__BB43_20;
 	add.s64 	%rd67, %rd92, %rd11;
 	ld.global.b8 	%r98, [%rd67];
 	ld.global.b8 	%r99, [%rd67+1];
 	shl.b32 	%r100, %r99, 24;
 	shl.b32 	%r101, %r98, 16;
 	or.b32 	%r412, %r100, %r101;
-$L__BB55_20:
+$L__BB43_20:
 	setp.ge.u32 	%p20, %r11, %r55;
 	st.shared.b32 	[%r6+96], %r412;
 	mov.b32 	%r413, 0f00000000;
 	or.pred 	%p21, %p20, %p4;
-	@%p21 bra 	$L__BB55_22;
+	@%p21 bra 	$L__BB43_22;
 	ld.global.b32 	%r413, [%rd91];
-$L__BB55_22:
+$L__BB43_22:
 	ld.param.b64 	%rd87, [nya_train_dx_30_param_4];
 	st.shared.b32 	[%r8+3168], %r413;
 	bar.sync 	0;
@@ -481,12 +481,12 @@
 	add.s64 	%rd89, %rd89, 128;
 	add.s64 	%rd88, %rd88, 128;
 	setp.lt.u64 	%p22, %rd93, %rd4;
-	@%p22 bra 	$L__BB55_2;
-$L__BB55_23:
+	@%p22 bra 	$L__BB43_2;
+$L__BB43_23:
 	setp.ge.u64 	%p23, %rd3, %rd35;
-	@%p23 bra 	$L__BB55_32;
+	@%p23 bra 	$L__BB43_32;
 	setp.ge.u32 	%p24, %r4, %r55;
-	@%p24 bra 	$L__BB55_26;
+	@%p24 bra 	$L__BB43_26;
 	add.f32 	%r386, %r421, %r420;
 	cvt.u64.u32 	%rd70, %r4;
 	mad.lo.s64 	%rd71, %rd35, %rd70, %rd3;
@@ -495,10 +495,10 @@
 	ld.global.b32 	%r387, [%rd73];
 	add.f32 	%r388, %r387, %r386;
 	st.global.b32 	[%rd73], %r388;
-$L__BB55_26:
+$L__BB43_26:
 	add.s32 	%r52, %r4, 8;
 	setp.ge.u32 	%p25, %r52, %r55;
-	@%p25 bra 	$L__BB55_28;
+	@%p25 bra 	$L__BB43_28;
 	add.f32 	%r389, %r419, %r418;
 	cvt.u64.u32 	%rd74, %r52;
 	mad.lo.s64 	%rd75, %rd35, %rd74, %rd3;
@@ -507,10 +507,10 @@
 	ld.global.b32 	%r390, [%rd77];
 	add.f32 	%r391, %r390, %r389;
 	st.global.b32 	[%rd77], %r391;
-$L__BB55_28:
+$L__BB43_28:
 	add.s32 	%r53, %r52, 8;
 	setp.ge.u32 	%p26, %r53, %r55;
-	@%p26 bra 	$L__BB55_30;
+	@%p26 bra 	$L__BB43_30;
 	add.f32 	%r392, %r417, %r416;
 	cvt.u64.u32 	%rd78, %r53;
 	mad.lo.s64 	%rd79, %rd35, %rd78, %rd3;
@@ -519,10 +519,10 @@
 	ld.global.b32 	%r393, [%rd81];
 	add.f32 	%r394, %r393, %r392;
 	st.global.b32 	[%rd81], %r394;
-$L__BB55_30:
+$L__BB43_30:
 	add.s32 	%r54, %r52, 16;
 	setp.ge.u32 	%p27, %r54, %r55;
-	@%p27 bra 	$L__BB55_32;
+	@%p27 bra 	$L__BB43_32;
 	add.f32 	%r395, %r415, %r414;
 	cvt.u64.u32 	%rd82, %r54;
 	mad.lo.s64 	%rd83, %rd35, %rd82, %rd3;
@@ -531,7 +531,7 @@
 	ld.global.b32 	%r396, [%rd85];
 	add.f32 	%r397, %r396, %r395;
 	st.global.b32 	[%rd85], %r397;
-$L__BB55_32:
+$L__BB43_32:
 	ret;
 
 }--- before/nya_train_dw
+++ training/nya_train_dw
@@ -34,7 +34,7 @@
 	mov.b32 	%r417, %r412;
 	mov.b32 	%r418, %r412;
 	mov.b32 	%r419, %r412;
-	@%p1 bra 	$L__BB56_27;
+	@%p1 bra 	$L__BB44_27;
 	ld.param.b64 	%rd86, [nya_train_dw_param_1];
 	ld.param.b64 	%rd85, [nya_train_dw_param_0];
 	cvta.to.global.u64 	%rd23, %rd86;
@@ -72,13 +72,13 @@
 	cvta.to.global.u64 	%rd90, %rd85;
 	mov.b64 	%rd91, 0;
 	mov.b32 	%r412, 0f00000000;
-$L__BB56_2:
+$L__BB44_2:
 	setp.ge.u32 	%p2, %r7, %r55;
 	mov.b32 	%r404, 0f00000000;
-	@%p2 bra 	$L__BB56_5;
+	@%p2 bra 	$L__BB44_5;
 	add.s64 	%rd30, %rd2, %rd91;
 	setp.ge.u64 	%p3, %rd30, %rd1;
-	@%p3 bra 	$L__BB56_5;
+	@%p3 bra 	$L__BB44_5;
 	ld.param.b64 	%rd87, [nya_train_dw_param_1];
 	cvta.to.global.u64 	%rd31, %rd87;
 	cvt.u64.u32 	%rd32, %r55;
@@ -87,87 +87,87 @@
 	add.s64 	%rd35, %rd31, %rd34;
 	add.s64 	%rd36, %rd35, %rd89;
 	ld.global.b32 	%r404, [%rd36];
-$L__BB56_5:
+$L__BB44_5:
 	setp.ge.u32 	%p4, %r8, %r54;
 	st.shared.b32 	[%r9], %r404;
 	mov.b32 	%r405, 0f00000000;
-	@%p4 bra 	$L__BB56_8;
+	@%p4 bra 	$L__BB44_8;
 	add.s64 	%rd37, %rd2, %rd91;
 	setp.ge.u64 	%p5, %rd37, %rd1;
-	@%p5 bra 	$L__BB56_8;
+	@%p5 bra 	$L__BB44_8;
 	cvt.u64.u32 	%rd38, %r54;
 	cvt.u64.u32 	%rd39, %r8;
 	mad.lo.s64 	%rd40, %rd38, %rd2, %rd39;
 	shl.b64 	%rd41, %rd40, 2;
 	add.s64 	%rd42, %rd90, %rd41;
 	ld.global.b32 	%r405, [%rd42];
-$L__BB56_8:
+$L__BB44_8:
 	st.shared.b32 	[%r10], %r405;
 	mov.b32 	%r406, 0f00000000;
-	@%p2 bra 	$L__BB56_11;
+	@%p2 bra 	$L__BB44_11;
 	add.s64 	%rd43, %rd3, %rd91;
 	setp.ge.u64 	%p7, %rd43, %rd1;
-	@%p7 bra 	$L__BB56_11;
+	@%p7 bra 	$L__BB44_11;
 	add.s64 	%rd44, %rd9, %rd89;
 	ld.global.b32 	%r406, [%rd44];
-$L__BB56_11:
+$L__BB44_11:
 	st.shared.b32 	[%r9+32], %r406;
 	mov.b32 	%r407, 0f00000000;
-	@%p4 bra 	$L__BB56_14;
+	@%p4 bra 	$L__BB44_14;
 	add.s64 	%rd45, %rd3, %rd91;
 	setp.ge.u64 	%p9, %rd45, %rd1;
-	@%p9 bra 	$L__BB56_14;
+	@%p9 bra 	$L__BB44_14;
 	cvt.u64.u32 	%rd46, %r54;
 	cvt.u64.u32 	%rd47, %r8;
 	mad.lo.s64 	%rd48, %rd46, %rd3, %rd47;
 	shl.b64 	%rd49, %rd48, 2;
 	add.s64 	%rd50, %rd90, %rd49;
 	ld.global.b32 	%r407, [%rd50];
-$L__BB56_14:
+$L__BB44_14:
 	st.shared.b32 	[%r10+1056], %r407;
 	mov.b32 	%r408, 0f00000000;
-	@%p2 bra 	$L__BB56_17;
+	@%p2 bra 	$L__BB44_17;
 	add.s64 	%rd51, %rd4, %rd91;
 	setp.ge.u64 	%p11, %rd51, %rd1;
-	@%p11 bra 	$L__BB56_17;
+	@%p11 bra 	$L__BB44_17;
 	add.s64 	%rd52, %rd8, %rd89;
 	ld.global.b32 	%r408, [%rd52];
-$L__BB56_17:
+$L__BB44_17:
 	st.shared.b32 	[%r9+64], %r408;
 	mov.b32 	%r409, 0f00000000;
-	@%p4 bra 	$L__BB56_20;
+	@%p4 bra 	$L__BB44_20;
 	add.s64 	%rd53, %rd4, %rd91;
 	setp.ge.u64 	%p13, %rd53, %rd1;
-	@%p13 bra 	$L__BB56_20;
+	@%p13 bra 	$L__BB44_20;
 	cvt.u64.u32 	%rd54, %r54;
 	cvt.u64.u32 	%rd55, %r8;
 	mad.lo.s64 	%rd56, %rd54, %rd4, %rd55;
 	shl.b64 	%rd57, %rd56, 2;
 	add.s64 	%rd58, %rd90, %rd57;
 	ld.global.b32 	%r409, [%rd58];
-$L__BB56_20:
+$L__BB44_20:
 	st.shared.b32 	[%r10+2112], %r409;
 	mov.b32 	%r410, 0f00000000;
-	@%p2 bra 	$L__BB56_23;
+	@%p2 bra 	$L__BB44_23;
 	add.s64 	%rd59, %rd5, %rd91;
 	setp.ge.u64 	%p15, %rd59, %rd1;
-	@%p15 bra 	$L__BB56_23;
+	@%p15 bra 	$L__BB44_23;
 	add.s64 	%rd60, %rd6, %rd89;
 	ld.global.b32 	%r410, [%rd60];
-$L__BB56_23:
+$L__BB44_23:
 	st.shared.b32 	[%r9+96], %r410;
 	mov.b32 	%r411, 0f00000000;
-	@%p4 bra 	$L__BB56_26;
+	@%p4 bra 	$L__BB44_26;
 	add.s64 	%rd61, %rd5, %rd91;
 	setp.ge.u64 	%p17, %rd61, %rd1;
-	@%p17 bra 	$L__BB56_26;
+	@%p17 bra 	$L__BB44_26;
 	cvt.u64.u32 	%rd62, %r54;
 	cvt.u64.u32 	%rd63, %r8;
 	mad.lo.s64 	%rd64, %rd62, %rd5, %rd63;
 	shl.b64 	%rd65, %rd64, 2;
 	add.s64 	%rd66, %rd90, %rd65;
 	ld.global.b32 	%r411, [%rd66];
-$L__BB56_26:
+$L__BB44_26:
 	st.shared.b32 	[%r10+3168], %r411;
 	bar.sync 	0;
 	mov.u32 	%r89, %tid.x;
@@ -472,15 +472,15 @@
 	mul.wide.u32 	%rd68, %r55, 128;
 	add.s64 	%rd89, %rd89, %rd68;
 	setp.lt.u64 	%p18, %rd91, %rd1;
-	@%p18 bra 	$L__BB56_2;
-$L__BB56_27:
+	@%p18 bra 	$L__BB44_2;
+$L__BB44_27:
 	setp.ge.u32 	%p19, %r4, %r54;
-	@%p19 bra 	$L__BB56_36;
+	@%p19 bra 	$L__BB44_36;
 	ld.param.b64 	%rd88, [nya_train_dw_param_2];
 	cvta.to.global.u64 	%rd17, %rd88;
 	cvt.u64.u32 	%rd18, %r4;
 	setp.ge.u32 	%p20, %r6, %r55;
-	@%p20 bra 	$L__BB56_30;
+	@%p20 bra 	$L__BB44_30;
 	add.f32 	%r376, %r419, %r418;
 	mul.wide.u32 	%rd69, %r6, %r54;
 	add.s64 	%rd70, %rd69, %rd18;
@@ -489,10 +489,10 @@
 	ld.global.b32 	%r377, [%rd72];
 	add.f32 	%r378, %r377, %r376;
 	st.global.b32 	[%rd72], %r378;
-$L__BB56_30:
+$L__BB44_30:
 	add.s32 	%r51, %r6, 8;
 	setp.ge.u32 	%p21, %r51, %r55;
-	@%p21 bra 	$L__BB56_32;
+	@%p21 bra 	$L__BB44_32;
 	add.f32 	%r379, %r417, %r416;
 	mul.wide.u32 	%rd73, %r51, %r54;
 	add.s64 	%rd74, %rd73, %rd18;
@@ -501,10 +501,10 @@
 	ld.global.b32 	%r380, [%rd76];
 	add.f32 	%r381, %r380, %r379;
 	st.global.b32 	[%rd76], %r381;
-$L__BB56_32:
+$L__BB44_32:
 	add.s32 	%r52, %r51, 8;
 	setp.ge.u32 	%p22, %r52, %r55;
-	@%p22 bra 	$L__BB56_34;
+	@%p22 bra 	$L__BB44_34;
 	add.f32 	%r382, %r415, %r414;
 	mul.wide.u32 	%rd77, %r52, %r54;
 	add.s64 	%rd78, %rd77, %rd18;
@@ -513,10 +513,10 @@
 	ld.global.b32 	%r383, [%rd80];
 	add.f32 	%r384, %r383, %r382;
 	st.global.b32 	[%rd80], %r384;
-$L__BB56_34:
+$L__BB44_34:
 	add.s32 	%r53, %r51, 16;
 	setp.ge.u32 	%p23, %r53, %r55;
-	@%p23 bra 	$L__BB56_36;
+	@%p23 bra 	$L__BB44_36;
 	add.f32 	%r385, %r413, %r412;
 	mul.wide.u32 	%rd81, %r53, %r54;
 	add.s64 	%rd82, %rd81, %rd18;
@@ -525,7 +525,7 @@
 	ld.global.b32 	%r386, [%rd84];
 	add.f32 	%r387, %r386, %r385;
 	st.global.b32 	[%rd84], %r387;
-$L__BB56_36:
+$L__BB44_36:
 	ret;
 
 }