-- step=1 loss=5.5928645 graph_bytes=83520 tokens_per_second=23094.688 microbatches=1 cpu_threads=6
step=10 loss=2.1709392 graph_bytes=73614 tokens_per_second=40183.697 microbatches=1 cpu_threads=6
step=20 loss=0.2151729 graph_bytes=73614 tokens_per_second=46869.769 microbatches=1 cpu_threads=6
step=30 loss=0.0161402 graph_bytes=73614 tokens_per_second=42411.390 microbatches=1 cpu_threads=6
exported=C:\Users\Colin\fyodor\build-train-profile\installer-cuda-modules-verified/train-cli-97b731bfe5fc/first.gguf

-- step=31 loss=0.0128879 graph_bytes=83520 tokens_per_second=45248.869 microbatches=1 cpu_threads=6
step=40 loss=0.0033762 graph_bytes=73614 tokens_per_second=47425.474 microbatches=1 cpu_threads=6
exported=C:\Users\Colin\fyodor\build-train-profile\installer-cuda-modules-verified/train-cli-97b731bfe5fc/resumed.gguf

-- step=1 loss=5.5928645 graph_bytes=83520 tokens_per_second=41407.868 microbatches=1 cpu_threads=6
step=10 loss=2.1709392 graph_bytes=73614 tokens_per_second=47106.326 microbatches=1 cpu_threads=6
step=20 loss=0.2151729 graph_bytes=73614 tokens_per_second=44843.049 microbatches=1 cpu_threads=6
step=30 loss=0.0161402 graph_bytes=73614 tokens_per_second=46651.116 microbatches=1 cpu_threads=6
step=40 loss=0.0033762 graph_bytes=73614 tokens_per_second=46357.616 microbatches=1 cpu_threads=6
exported=C:\Users\Colin\fyodor\build-train-profile\installer-cuda-modules-verified/train-cli-97b731bfe5fc/continuous.gguf

-- step=1 loss=0.0128879 graph_bytes=83520 tokens_per_second=46498.111 microbatches=1 cpu_threads=6
step=4 loss=0.0118464 graph_bytes=73614 tokens_per_second=46697.799 microbatches=1 cpu_threads=6
exported=C:\Users\Colin\fyodor\build-train-profile\installer-cuda-modules-verified/train-cli-97b731bfe5fc/cpt.gguf

-- step=1 loss=0.0130233 graph_bytes=97518 tokens_per_second=27186.226 microbatches=1 cpu_threads=6
step=4 loss=0.0129508 graph_bytes=97518 tokens_per_second=40760.870 microbatches=1 cpu_threads=6
exported=C:\Users\Colin\fyodor\build-train-profile\installer-cuda-modules-verified/train-cli-97b731bfe5fc/sft.gguf

-- step=1 loss=0.6931472 graph_bytes=194700 tokens_per_second=39241.334 microbatches=1 cpu_threads=6
step=4 loss=0.6861237 graph_bytes=194700 tokens_per_second=41536.864 microbatches=1 cpu_threads=6
exported=C:\Users\Colin\fyodor\build-train-profile\installer-cuda-modules-verified/train-cli-97b731bfe5fc/dpo.gguf

-- step=5 loss=0.6826248 graph_bytes=194700 tokens_per_second=37842.952 microbatches=1 cpu_threads=6
step=6 loss=0.6784949 graph_bytes=194700 tokens_per_second=39986.671 microbatches=1 cpu_threads=6
exported=C:\Users\Colin\fyodor\build-train-profile\installer-cuda-modules-verified/train-cli-97b731bfe5fc/dpo-resumed.gguf

-- step=1 loss=0.6931472 graph_bytes=194700 tokens_per_second=37255.511 microbatches=1 cpu_threads=6
step=6 loss=0.6784949 graph_bytes=194700 tokens_per_second=40053.405 microbatches=1 cpu_threads=6
exported=C:\Users\Colin\fyodor\build-train-profile\installer-cuda-modules-verified/train-cli-97b731bfe5fc/dpo-continuous.gguf

-- step=1 loss=5.5952279 graph_bytes=83704 tokens_per_second=58929.029 microbatches=3 cpu_threads=6
step=2 loss=5.5550786 graph_bytes=83704 tokens_per_second=60765.088 microbatches=3 cpu_threads=6
exported=C:\Users\Colin\fyodor\build-train-profile\installer-cuda-modules-verified/train-cli-97b731bfe5fc/pretrain-acc-first.gguf

-- step=3 loss=5.5107813 graph_bytes=83704 tokens_per_second=58257.345 microbatches=3 cpu_threads=6
step=5 loss=5.4275731 graph_bytes=83704 tokens_per_second=61836.268 microbatches=3 cpu_threads=6
exported=C:\Users\Colin\fyodor\build-train-profile\installer-cuda-modules-verified/train-cli-97b731bfe5fc/pretrain-acc-resume.gguf

-- step=1 loss=5.5952279 graph_bytes=83704 tokens_per_second=55872.707 microbatches=3 cpu_threads=6
step=5 loss=5.4275731 graph_bytes=83704 tokens_per_second=58861.164 microbatches=3 cpu_threads=6
exported=C:\Users\Colin\fyodor\build-train-profile\installer-cuda-modules-verified/train-cli-97b731bfe5fc/pretrain-acc-full.gguf

-- step=1 loss=0.0129367 graph_bytes=239432 tokens_per_second=42244.467 microbatches=3 cpu_threads=6
step=2 loss=0.0129710 graph_bytes=239432 tokens_per_second=45900.271 microbatches=3 cpu_threads=6
exported=C:\Users\Colin\fyodor\build-train-profile\installer-cuda-modules-verified/train-cli-97b731bfe5fc/cpt-acc-first.gguf

-- step=3 loss=0.0128974 graph_bytes=239432 tokens_per_second=44230.769 microbatches=3 cpu_threads=6
step=5 loss=0.0128456 graph_bytes=239432 tokens_per_second=50201.899 microbatches=3 cpu_threads=6
exported=C:\Users\Colin\fyodor\build-train-profile\installer-cuda-modules-verified/train-cli-97b731bfe5fc/cpt-acc-resume.gguf

-- step=1 loss=0.0129367 graph_bytes=239432 tokens_per_second=42663.699 microbatches=3 cpu_threads=6
step=5 loss=0.0128456 graph_bytes=239432 tokens_per_second=48431.249 microbatches=3 cpu_threads=6
exported=C:\Users\Colin\fyodor\build-train-profile\installer-cuda-modules-verified/train-cli-97b731bfe5fc/cpt-acc-full.gguf

-- step=1 loss=0.0129669 graph_bytes=140053 tokens_per_second=37688.442 microbatches=2 cpu_threads=6
step=2 loss=2.7495343 graph_bytes=83617 tokens_per_second=37157.455 microbatches=2 cpu_threads=6
exported=C:\Users\Colin\fyodor\build-train-profile\installer-cuda-modules-verified/train-cli-97b731bfe5fc/sft-acc-first.gguf

-- step=3 loss=1.6530106 graph_bytes=140053 tokens_per_second=37293.554 microbatches=2 cpu_threads=6
step=5 loss=2.7402913 graph_bytes=83617 tokens_per_second=39486.673 microbatches=2 cpu_threads=6
exported=C:\Users\Colin\fyodor\build-train-profile\installer-cuda-modules-verified/train-cli-97b731bfe5fc/sft-acc-resume.gguf

-- step=1 loss=0.0129669 graph_bytes=140053 tokens_per_second=33305.579 microbatches=2 cpu_threads=6
step=5 loss=2.7402913 graph_bytes=83617 tokens_per_second=42553.191 microbatches=2 cpu_threads=6
exported=C:\Users\Colin\fyodor\build-train-profile\installer-cuda-modules-verified/train-cli-97b731bfe5fc/sft-acc-full.gguf

-- step=1 loss=0.6931472 graph_bytes=251336 tokens_per_second=42613.636 microbatches=2 cpu_threads=6
step=2 loss=0.6931368 graph_bytes=152645 tokens_per_second=39615.167 microbatches=2 cpu_threads=6
exported=C:\Users\Colin\fyodor\build-train-profile\installer-cuda-modules-verified/train-cli-97b731bfe5fc/dpo-acc-first.gguf

-- step=3 loss=0.6931969 graph_bytes=251336 tokens_per_second=43170.437 microbatches=2 cpu_threads=6
step=5 loss=0.6923668 graph_bytes=152645 tokens_per_second=18699.078 microbatches=2 cpu_threads=6
exported=C:\Users\Colin\fyodor\build-train-profile\installer-cuda-modules-verified/train-cli-97b731bfe5fc/dpo-acc-resume.gguf

-- step=1 loss=0.6931472 graph_bytes=251336 tokens_per_second=40509.259 microbatches=2 cpu_threads=6
step=5 loss=0.6923668 graph_bytes=152645 tokens_per_second=38209.607 microbatches=2 cpu_threads=6
exported=C:\Users\Colin\fyodor\build-train-profile\installer-cuda-modules-verified/train-cli-97b731bfe5fc/dpo-acc-full.gguf

-- step=1 loss=5.7443851 graph_bytes=2075912 tokens_per_second=20479.891 microbatches=3 cpu_threads=1
step=2 loss=5.2967681 graph_bytes=2075912 tokens_per_second=20481.754 microbatches=3 cpu_threads=1
exported=C:\Users\Colin\fyodor\build-train-profile\installer-cuda-modules-verified/train-cli-97b731bfe5fc/parallel-first.gguf

-- step=3 loss=4.9746747 graph_bytes=2075912 tokens_per_second=23450.238 microbatches=3 cpu_threads=3
step=5 loss=4.5643298 graph_bytes=2075912 tokens_per_second=24061.068 microbatches=3 cpu_threads=3
exported=C:\Users\Colin\fyodor\build-train-profile\installer-cuda-modules-verified/train-cli-97b731bfe5fc/parallel-resumed.gguf

-- step=1 loss=5.7443851 graph_bytes=2075912 tokens_per_second=23162.250 microbatches=3 cpu_threads=6
step=5 loss=4.5643298 graph_bytes=2075912 tokens_per_second=22546.661 microbatches=3 cpu_threads=6
exported=C:\Users\Colin\fyodor\build-train-profile\installer-cuda-modules-verified/train-cli-97b731bfe5fc/parallel-full.gguf

