-- Optional ROCm C loader enabled; HIP/rocBLAS are discovered at runtime
-- Optional MLX C loader enabled; MLX C/GPU are discovered at runtime
-- Configuring done (0.2s)
-- Generating done (1.0s)
-- Build files have been written to: C:/Users/Colin/fyodor/build-ort
[  2%] Built target nya-mock-vendor
[  5%] Built target nya-mock-missing-vendor
[  8%] Built target nya-make-test-models
[ 39%] Built target nya-engine
[ 43%] Built target nya-test-config
[ 47%] Built target nya-server
[ 49%] Building C object CMakeFiles/fyodor-train.dir/core/train_main.c.obj
[ 52%] Built target fyodor-bench
[ 54%] Built target nya-test-vendor
[ 57%] Built target nya-test-formats
[ 60%] Built target nya-test-execution
[ 63%] Built target nya-test-generation
[ 65%] Built target nya-test-architectures
[ 68%] Built target nya-test-training
[ 69%] Building C object CMakeFiles/nya-test-train-runner.dir/tests/test_train_runner.c.obj
[ 72%] Built target nya-test-pretraining
[ 75%] Built target nya-test-compute
[ 78%] Built target nya-test-inference
[ 80%] Built target nya-test-quant-kernels
[ 82%] Linking C executable fyodor-train.exe
[ 84%] Built target nya-test-attention
[ 87%] Built target nya-test-kv-precision
[ 87%] Built target fyodor-train
[ 91%] Built target nya-test-server
[ 95%] Built target nya-test-api
[ 98%] Built target fyodor-backend
[100%] Linking C executable nya-test-train-runner.exe
[100%] Built target nya-test-train-runner
