-- Optional ROCm C loader enabled; HIP/rocBLAS are discovered at runtime
-- Optional MLX C loader enabled; MLX C/GPU are discovered at runtime
-- Configuring done (0.4s)
-- Generating done (0.9s)
-- Build files have been written to: C:/Users/Colin/fyodor/build-sanitize
[  2%] Built target nya-mock-missing-vendor
[  5%] Built target nya-make-test-models
[  8%] Built target nya-mock-vendor
[ 12%] Built target nya-test-config
[ 43%] Built target nya-engine
[ 46%] Built target nya-test-vendor
[ 49%] Building C object CMakeFiles/fyodor-train.dir/core/train_main.c.obj
[ 52%] Built target nya-server
[ 54%] Built target fyodor-bench
[ 57%] Built target nya-test-formats
[ 60%] Built target nya-test-execution
[ 63%] Built target nya-test-generation
[ 65%] Built target nya-test-architectures
[ 68%] Built target nya-test-training
[ 69%] Building C object CMakeFiles/nya-test-train-runner.dir/tests/test_train_runner.c.obj
[ 72%] Built target nya-test-pretraining
[ 75%] Built target nya-test-compute
[ 78%] Built target nya-test-inference
[ 80%] Built target nya-test-quant-kernels
[ 83%] Built target nya-test-attention
[ 86%] Built target nya-test-kv-precision
[ 90%] Built target nya-test-server
[ 94%] Built target nya-test-api
[ 97%] Built target fyodor-backend
[ 98%] Linking C executable fyodor-train.exe
[100%] Linking C executable nya-test-train-runner.exe
[100%] Built target fyodor-train
[100%] Built target nya-test-train-runner
