-- Optional ROCm C loader enabled; HIP/rocBLAS are discovered at runtime
-- Optional MLX C loader enabled; MLX C/GPU are discovered at runtime
-- CUDA driver/NVRTC provider enabled (C host compiler; runtime CUDA compilation)
-- CUTLASS: this generator cannot compile CUDA C++; use a standalone CUDA/cutlass build. C/NVRTC build retained
-- Configuring done (0.4s)
-- Generating done (1.0s)
-- Build files have been written to: C:/Users/Colin/fyodor/build-cuda-c23
[  2%] Built target nya-mock-vendor
[  5%] Built target nya-mock-missing-vendor
[  8%] Built target nya-make-test-models
[  9%] Building C object backend/CMakeFiles/nya-engine.dir/__/CUDA/cuda.c.obj
[ 13%] Built target nya-test-config
[ 14%] Linking C static library libnya-engine.a
[ 45%] Built target nya-engine
[ 46%] Building C object backend/CMakeFiles/fyodor-train.dir/core/train_main.c.obj
[ 50%] Built target nya-server
[ 52%] Linking C executable ..\fyodor-bench.exe
[ 53%] Linking C executable ..\nya-test-vendor.exe
[ 54%] Linking C executable ..\nya-test-formats.exe
[ 56%] Built target fyodor-bench
[ 57%] Built target nya-test-vendor
[ 58%] Linking C executable ..\nya-test-execution.exe
[ 61%] Linking C executable ..\nya-test-generation.exe
[ 61%] Built target nya-test-formats
[ 62%] Linking C executable ..\nya-test-architectures.exe
[ 64%] Built target nya-test-execution
[ 65%] Built target nya-test-generation
[ 66%] Linking C executable ..\nya-test-training.exe
[ 68%] Building C object backend/CMakeFiles/nya-test-train-runner.dir/tests/test_train_runner.c.obj
[ 69%] Built target nya-test-architectures
[ 70%] Linking C executable ..\fyodor-train.exe
[ 72%] Linking C executable ..\nya-test-pretraining.exe
[ 73%] Built target nya-test-training
[ 73%] Built target fyodor-train
[ 74%] Linking C executable ..\nya-test-compute.exe
[ 76%] Built target nya-test-pretraining
[ 77%] Linking C executable ..\nya-test-inference.exe
[ 78%] Linking C executable ..\nya-test-quant-kernels.exe
[ 80%] Built target nya-test-compute
[ 81%] Built target nya-test-inference
[ 82%] Linking C executable ..\nya-test-attention.exe
[ 84%] Built target nya-test-quant-kernels
[ 85%] Linking C executable ..\nya-test-kv-precision.exe
[ 86%] Linking C executable ..\nya-test-train-runner.exe
[ 88%] Built target nya-test-attention
[ 89%] Linking C executable ..\nya-test-server.exe
[ 90%] Built target nya-test-kv-precision
[ 90%] Built target nya-test-train-runner
[ 92%] Linking C executable ..\nya-test-api.exe
[ 94%] Built target nya-test-server
[ 96%] Linking C executable ..\fyodor-backend.exe
[ 98%] Built target nya-test-api
[100%] Built target fyodor-backend
