[  2%] Built target nya-mock-vendor
[ 35%] Built target nya-engine
[ 38%] Built target nya-mock-missing-vendor
[ 40%] Built target nya-make-test-models
[ 45%] Built target nya-test-config
[ 49%] Built target nya-server
[ 50%] Building C object backend/CMakeFiles/fyodor-train.dir/core/train_main.c.obj
[ 53%] Built target fyodor-bench
[ 56%] Built target nya-test-vendor
[ 59%] Built target nya-test-formats
[ 61%] Built target nya-test-execution
[ 64%] Built target nya-test-generation
[ 67%] Built target nya-test-architectures
[ 70%] Built target nya-test-training
[ 73%] Built target nya-test-pretraining
[ 76%] Built target nya-test-compute
[ 78%] Built target nya-test-inference
[ 81%] Built target nya-test-quant-kernels
[ 84%] Built target nya-test-attention
[ 87%] Built target nya-test-kv-precision
[ 91%] Built target nya-test-server
[ 95%] Built target nya-test-api
[ 97%] Linking C executable ..\fyodor-train.exe
[100%] Built target fyodor-backend
[100%] Built target fyodor-train
