-- Optional ROCm C loader enabled; HIP/rocBLAS are discovered at runtime
-- Optional MLX C loader enabled; MLX C/GPU are discovered at runtime
-- Configuring done (0.2s)
-- Generating done (0.9s)
-- Build files have been written to: C:/Users/Colin/fyodor/build-cpu
[  2%] Built target nya-mock-vendor
[  5%] Built target nya-mock-missing-vendor
[  8%] Built target nya-make-test-models
[ 39%] Built target nya-engine
[ 43%] Built target nya-test-config
[ 47%] Built target nya-server
[ 50%] Built target fyodor-train
[ 53%] Built target fyodor-bench
[ 56%] Built target nya-test-vendor
[ 58%] Built target nya-test-execution
[ 61%] Built target nya-test-formats
[ 64%] Built target nya-test-generation
[ 67%] Built target nya-test-architectures
[ 69%] Built target nya-test-training
[ 71%] Building C object backend/CMakeFiles/nya-test-train-runner.dir/tests/test_train_runner.c.obj
[ 73%] Built target nya-test-pretraining
[ 76%] Built target nya-test-compute
[ 79%] Built target nya-test-inference
[ 82%] Built target nya-test-quant-kernels
[ 84%] Built target nya-test-attention
[ 87%] Built target nya-test-kv-precision
[ 91%] Built target nya-test-server
[ 95%] Built target nya-test-api
[ 98%] Built target fyodor-backend
[100%] Linking C executable ..\nya-test-train-runner.exe
[100%] Built target nya-test-train-runner
