-- Optional ROCm C loader enabled; HIP/rocBLAS are discovered at runtime
-- Optional MLX C loader enabled; MLX C/GPU are discovered at runtime
-- Configuring done (0.6s)
-- Generating done (1.0s)
-- Build files have been written to: C:/Users/Colin/fyodor/build-cpu
[  2%] Built target nya-mock-vendor
[  5%] Built target nya-make-test-models
[  7%] Built target nya-mock-missing-vendor
[  8%] Building C object backend/CMakeFiles/nya-engine.dir/core/training_device.c.obj
[ 12%] Built target nya-test-config
[ 13%] Linking C static library libnya-engine.a
[ 43%] Built target nya-engine
[ 45%] Linking C executable ..\fyodor-train.exe
[ 48%] Built target nya-server
[ 50%] Linking C executable ..\fyodor-bench.exe
[ 50%] Linking C executable ..\nya-test-vendor.exe
[ 51%] Linking C executable ..\nya-test-formats.exe
[ 54%] Built target fyodor-train
[ 54%] Built target fyodor-bench
[ 55%] Built target nya-test-vendor
[ 56%] Linking C executable ..\nya-test-execution.exe
[ 59%] Linking C executable ..\nya-test-generation.exe
[ 59%] Built target nya-test-formats
[ 60%] Linking C executable ..\nya-test-architectures.exe
[ 62%] Linking C executable ..\nya-test-training.exe
[ 63%] Built target nya-test-execution
[ 64%] Built target nya-test-generation
[ 65%] Built target nya-test-architectures
[ 67%] Built target nya-test-training
[ 69%] Linking C executable ..\nya-test-train-runner.exe
[ 69%] Linking C executable ..\nya-test-pretraining.exe
[ 70%] Linking C executable ..\nya-test-compute.exe
[ 72%] Linking C executable ..\nya-test-inference.exe
[ 74%] Built target nya-test-pretraining
[ 74%] Built target nya-test-train-runner
[ 75%] Built target nya-test-compute
[ 77%] Built target nya-test-inference
[ 78%] Linking C executable ..\nya-test-attention.exe
[ 79%] Linking C executable ..\nya-test-quant-kernels.exe
[ 81%] Linking C executable ..\nya-test-kv-precision.exe
[ 82%] Linking C executable ..\nya-test-server.exe
[ 83%] Built target nya-test-attention
[ 84%] Built target nya-test-quant-kernels
[ 86%] Built target nya-test-kv-precision
[ 88%] Built target nya-test-server
[ 89%] Building C object backend/CMakeFiles/nya-test-training-device.dir/tests/test_training_device.c.obj
[ 91%] Building C object backend/CMakeFiles/nya-bench-training-device.dir/benchmarks/training_device_bench.c.obj
[ 92%] Linking C executable ..\nya-test-api.exe
[ 93%] Linking C executable ..\fyodor-backend.exe
[ 96%] Built target nya-test-api
[ 97%] Linking C executable ..\nya-test-training-device.exe
[ 98%] Built target fyodor-backend
[ 98%] Built target nya-test-training-device
[100%] Linking C executable ..\nya-bench-training-device.exe
[100%] Built target nya-bench-training-device
