-- Optional ROCm C loader enabled; HIP/rocBLAS are discovered at runtime
-- Optional MLX C loader enabled; MLX C/GPU are discovered at runtime
-- CUDA driver/NVRTC provider enabled (C host compiler; runtime CUDA compilation)
-- CUTLASS: this generator cannot compile CUDA C++; use a standalone CUDA/cutlass build. C/NVRTC build retained
-- Configuring done (0.4s)
-- Generating done (0.5s)
-- Build files have been written to: C:/Users/Colin/fyodor/build-cuda
[  2%] Built target nya-mock-vendor
[  4%] Building C object backend/CMakeFiles/nya-engine.dir/__/CUDA/cuda.c.obj
[  6%] Built target nya-make-test-models
[  8%] Built target nya-mock-missing-vendor
[ 12%] Built target nya-test-config
[ 13%] Linking C static library libnya-engine.a
[ 44%] Built target nya-engine
[ 48%] Built target nya-server
[ 49%] Linking C executable ..\fyodor-train.exe
[ 50%] Linking C executable ..\nya-test-vendor.exe
[ 51%] Linking C executable ..\fyodor-bench.exe
[ 53%] Linking C executable ..\nya-test-formats.exe
[ 54%] Built target fyodor-train
[ 55%] Built target fyodor-bench
[ 56%] Built target nya-test-vendor
[ 58%] Linking C executable ..\nya-test-execution.exe
[ 59%] Built target nya-test-formats
[ 60%] Linking C executable ..\nya-test-generation.exe
[ 61%] Linking C executable ..\nya-test-architectures.exe
[ 62%] Linking C executable ..\nya-test-training.exe
[ 64%] Built target nya-test-execution
[ 66%] Built target nya-test-generation
[ 66%] Built target nya-test-architectures
[ 67%] Built target nya-test-training
[ 69%] Linking C executable ..\nya-test-train-runner.exe
[ 70%] Linking C executable ..\nya-test-pretraining.exe
[ 71%] Linking C executable ..\nya-test-compute.exe
[ 72%] Linking C executable ..\nya-test-inference.exe
[ 74%] Built target nya-test-train-runner
[ 75%] Built target nya-test-pretraining
[ 76%] Built target nya-test-compute
[ 77%] Built target nya-test-inference
[ 79%] Linking C executable ..\nya-test-quant-kernels.exe
[ 80%] Linking C executable ..\nya-test-attention.exe
[ 81%] Linking C executable ..\nya-test-kv-precision.exe
[ 82%] Linking C executable ..\nya-test-server.exe
[ 83%] Built target nya-test-attention
[ 85%] Built target nya-test-quant-kernels
[ 86%] Built target nya-test-kv-precision
[ 88%] Built target nya-test-server
[ 90%] Linking C executable ..\nya-test-api.exe
[ 91%] Building C object backend/CMakeFiles/nya-test-training-device.dir/tests/test_training_device.c.obj
[ 92%] Linking C executable ..\nya-bench-training-device.exe
[ 93%] Linking C executable ..\fyodor-backend.exe
[ 96%] Built target nya-test-api
[ 97%] Built target nya-bench-training-device
[ 98%] Linking C executable ..\nya-test-training-device.exe
[100%] Built target fyodor-backend
[100%] Built target nya-test-training-device
