[  2%] Built target nya-mock-vendor
[  7%] Built target nya-make-test-models
[  7%] Built target nya-mock-missing-vendor
[ 38%] Built target nya-engine
[ 42%] Built target nya-test-config
[ 45%] Built target nya-server
[ 50%] Built target fyodor-train
[ 50%] Built target fyodor-bench
[ 52%] Built target nya-test-vendor
[ 55%] Built target nya-test-execution
[ 57%] Built target nya-test-generation
[ 60%] Built target nya-test-formats
[ 62%] Built target nya-test-architectures
[ 64%] Built target nya-test-training
[ 67%] Built target nya-test-pretraining
[ 69%] Built target nya-test-train-runner
[ 71%] Built target nya-test-compute
[ 76%] Built target nya-test-quant-kernels
[ 76%] Built target nya-test-inference
[ 78%] Built target nya-test-attention
[ 81%] Built target nya-test-kv-precision
[ 83%] Built target nya-test-training-device
[ 87%] Built target nya-test-server
[ 90%] Built target nya-test-api
[ 92%] Built target nya-bench-training-device
[ 95%] Built target nya-test-training-norm
[ 97%] Built target nya-test-training-elementwise
[100%] Built target fyodor-backend
