-- Optional ROCm C loader enabled; HIP/rocBLAS are discovered at runtime
-- Optional MLX C loader enabled; MLX C/GPU are discovered at runtime
-- Configuring done (0.3s)
-- Generating done (0.3s)
-- Build files have been written to: C:/Users/Colin/fyodor/build-cpu
[  2%] Built target nya-mock-vendor
[  4%] Built target nya-mock-missing-vendor
[  7%] Built target nya-make-test-models
[  8%] Building C object backend/CMakeFiles/nya-engine.dir/core/training_device.c.obj
[ 12%] Built target nya-test-config
[ 13%] Linking C static library libnya-engine.a
[ 40%] Built target nya-engine
[ 42%] Linking C executable ..\nya-test-vendor.exe
[ 44%] Linking C executable ..\fyodor-train.exe
[ 48%] Built target nya-server
[ 48%] Linking C executable ..\fyodor-bench.exe
[ 49%] Built target nya-test-vendor
[ 50%] Linking C executable ..\nya-test-formats.exe
[ 51%] Built target fyodor-bench
[ 53%] Built target fyodor-train
[ 54%] Linking C executable ..\nya-test-execution.exe
[ 55%] Built target nya-test-formats
[ 56%] Linking C executable ..\nya-test-generation.exe
[ 57%] Linking C executable ..\nya-test-architectures.exe
[ 59%] Built target nya-test-execution
[ 60%] Linking C executable ..\nya-test-training.exe
[ 61%] Built target nya-test-generation
[ 62%] Built target nya-test-architectures
[ 63%] Linking C executable ..\nya-test-train-runner.exe
[ 65%] Linking C executable ..\nya-test-pretraining.exe
[ 66%] Linking C executable ..\nya-test-compute.exe
[ 67%] Built target nya-test-training
[ 68%] Linking C executable ..\nya-test-inference.exe
[ 69%] Built target nya-test-train-runner
[ 71%] Built target nya-test-compute
[ 72%] Built target nya-test-pretraining
[ 73%] Linking C executable ..\nya-test-quant-kernels.exe
[ 74%] Linking C executable ..\nya-test-attention.exe
[ 75%] Linking C executable ..\nya-test-kv-precision.exe
[ 77%] Built target nya-test-inference
[ 78%] Linking C executable ..\nya-test-server.exe
[ 79%] Built target nya-test-quant-kernels
[ 80%] Built target nya-test-kv-precision
[ 81%] Built target nya-test-attention
[ 83%] Building C object backend/CMakeFiles/nya-test-training-device.dir/tests/test_training_device.c.obj
[ 85%] Building C object backend/CMakeFiles/nya-bench-training-device.dir/benchmarks/training_device_bench.c.obj
[ 85%] Linking C executable ..\nya-test-api.exe
[ 87%] Built target nya-test-server
[ 89%] Building C object backend/CMakeFiles/nya-test-training-elementwise.dir/tests/test_training_elementwise.c.obj
[ 91%] Built target nya-test-api
[ 92%] Building C object backend/CMakeFiles/nya-test-training-norm.dir/tests/test_training_norm.c.obj
[ 93%] Linking C executable ..\nya-test-training-device.exe
[ 95%] Linking C executable ..\nya-test-training-elementwise.exe
[ 95%] Built target nya-test-training-device
[ 96%] Linking C executable ..\nya-test-training-norm.exe
[ 96%] Built target nya-test-training-elementwise
[ 97%] Linking C executable ..\fyodor-backend.exe
[ 97%] Built target nya-test-training-norm
[ 98%] Linking C executable ..\nya-bench-training-device.exe
[100%] Built target fyodor-backend
[100%] Built target nya-bench-training-device
