-- Optional ROCm C loader enabled; HIP/rocBLAS are discovered at runtime
-- Optional MLX C loader enabled; MLX C/GPU are discovered at runtime
-- CUDA driver/NVRTC provider enabled (C host compiler; runtime CUDA compilation)
-- CUTLASS: this generator cannot compile CUDA C++; use a standalone CUDA/cutlass build. C/NVRTC build retained
-- Configuring done (0.5s)
-- Generating done (0.3s)
-- Build files have been written to: C:/Users/Colin/fyodor/build-cuda-c23
[  2%] Built target nya-mock-vendor
[  4%] Built target nya-mock-missing-vendor
[  7%] Built target nya-make-test-models
[  8%] Building C object backend/CMakeFiles/nya-engine.dir/core/training_device.c.obj
[  9%] Building C object backend/CMakeFiles/nya-engine.dir/__/CUDA/cuda.c.obj
[ 12%] Built target nya-test-config
[ 14%] Linking C static library libnya-engine.a
[ 42%] Built target nya-engine
[ 43%] Linking C executable ..\nya-test-vendor.exe
[ 44%] Linking C executable ..\fyodor-train.exe
[ 45%] Linking C executable ..\fyodor-bench.exe
[ 49%] Built target nya-server
[ 50%] Linking C executable ..\nya-test-formats.exe
[ 51%] Built target nya-test-vendor
[ 52%] Built target fyodor-bench
[ 54%] Built target fyodor-train
[ 55%] Linking C executable ..\nya-test-execution.exe
[ 56%] Linking C executable ..\nya-test-generation.exe
[ 57%] Linking C executable ..\nya-test-architectures.exe
[ 58%] Built target nya-test-formats
[ 60%] Linking C executable ..\nya-test-training.exe
[ 61%] Built target nya-test-execution
[ 62%] Built target nya-test-generation
[ 63%] Built target nya-test-architectures
[ 64%] Linking C executable ..\nya-test-train-runner.exe
[ 65%] Linking C executable ..\nya-test-pretraining.exe
[ 67%] Linking C executable ..\nya-test-compute.exe
[ 68%] Built target nya-test-training
[ 69%] Linking C executable ..\nya-test-inference.exe
[ 70%] Built target nya-test-train-runner
[ 72%] Built target nya-test-compute
[ 72%] Built target nya-test-pretraining
[ 74%] Linking C executable ..\nya-test-quant-kernels.exe
[ 75%] Linking C executable ..\nya-test-attention.exe
[ 76%] Linking C executable ..\nya-test-kv-precision.exe
[ 77%] Built target nya-test-inference
[ 78%] Built target nya-test-quant-kernels
[ 81%] Built target nya-test-attention
[ 82%] Linking C executable ..\nya-test-server.exe
[ 81%] Built target nya-test-kv-precision
[ 83%] Building C object backend/CMakeFiles/nya-test-training-device.dir/tests/test_training_device.c.obj
[ 84%] Linking C executable ..\nya-test-api.exe
[ 85%] Building C object backend/CMakeFiles/nya-bench-training-device.dir/benchmarks/training_device_bench.c.obj
[ 88%] Built target nya-test-server
[ 89%] Building C object backend/CMakeFiles/nya-test-training-elementwise.dir/tests/test_training_elementwise.c.obj
[ 91%] Built target nya-test-api
[ 92%] Building C object backend/CMakeFiles/nya-test-training-norm.dir/tests/test_training_norm.c.obj
[ 94%] Linking C executable ..\nya-test-training-device.exe
[ 95%] Linking C executable ..\nya-test-training-elementwise.exe
[ 95%] Built target nya-test-training-device
[ 96%] Linking C executable ..\nya-test-training-norm.exe
[ 97%] Linking C executable ..\fyodor-backend.exe
[ 97%] Built target nya-test-training-elementwise
[ 97%] Built target nya-test-training-norm
[ 98%] Linking C executable ..\nya-bench-training-device.exe
[100%] Built target fyodor-backend
[100%] Built target nya-bench-training-device
