-- The C compiler identification is GNU 16.2.0
-- Detecting C compiler ABI info
-- Detecting C compiler ABI info - done
-- Check for working C compiler: C:/Users/Colin/fyodor/.tools/w64devkit/bin/gcc.exe - skipped
-- Detecting C compile features
-- Detecting C compile features - done
-- Performing Test CMAKE_HAVE_LIBC_PTHREAD
-- Performing Test CMAKE_HAVE_LIBC_PTHREAD - Success
-- Found Threads: TRUE
-- Optional ROCm C loader enabled; HIP/rocBLAS are discovered at runtime
-- Optional MLX C loader enabled; MLX C/GPU are discovered at runtime
-- CUDA directory absent: keeping CPU/Vulkan build
-- Configuring done (1.2s)
-- Generating done (0.4s)
-- Build files have been written to: C:/Users/Colin/fyodor/build-cpu/without-cuda-5b0c349d89e8/build
[  2%] Building C object backend/CMakeFiles/nya-engine.dir/core/cpu_backend.c.obj
[  2%] Building C object backend/CMakeFiles/nya-mock-vendor.dir/tests/mock_vendor.c.obj
[  3%] Building C object backend/CMakeFiles/nya-mock-missing-vendor.dir/tests/mock_vendor.c.obj
[  4%] Building C object backend/CMakeFiles/nya-make-test-models.dir/tests/make_test_models.c.obj
[  6%] Linking C executable ..\nya-make-test-models.exe
[  8%] Linking C shared library ..\libnya-mock-missing-vendor.dll
[  8%] Linking C shared library ..\libnya-mock-vendor.dll
[  8%] Built target nya-make-test-models
[  9%] Building C object backend/CMakeFiles/nya-engine.dir/core/cpu_kernels.c.obj
[  9%] Built target nya-mock-vendor
[  9%] Built target nya-mock-missing-vendor
[ 10%] Building C object backend/CMakeFiles/nya-engine.dir/core/llm_quant.c.obj
[ 12%] Building C object backend/CMakeFiles/nya-test-config.dir/tests/test_config.c.obj
[ 13%] Building C object backend/CMakeFiles/nya-test-config.dir/core/config.c.obj
[ 14%] Building C object backend/CMakeFiles/nya-engine.dir/core/thread.c.obj
[ 15%] Building C object backend/CMakeFiles/nya-engine.dir/core/vendor.c.obj
[ 16%] Linking C executable ..\nya-test-config.exe
[ 16%] Built target nya-test-config
[ 18%] Building C object backend/CMakeFiles/nya-engine.dir/core/compute.c.obj
[ 19%] Building C object backend/CMakeFiles/nya-engine.dir/core/execution.c.obj
[ 20%] Building C object backend/CMakeFiles/nya-engine.dir/core/generation.c.obj
[ 21%] Building C object backend/CMakeFiles/nya-engine.dir/core/file.c.obj
[ 22%] Building C object backend/CMakeFiles/nya-engine.dir/core/format.c.obj
[ 24%] Building C object backend/CMakeFiles/nya-engine.dir/core/format_gguf.c.obj
[ 25%] Building C object backend/CMakeFiles/nya-engine.dir/core/format_onnx.c.obj
[ 26%] Building C object backend/CMakeFiles/nya-engine.dir/core/format_safetensors.c.obj
[ 27%] Building C object backend/CMakeFiles/nya-engine.dir/core/llm_cpu.c.obj
[ 28%] Building C object backend/CMakeFiles/nya-engine.dir/core/llm_gguf.c.obj
[ 30%] Building C object backend/CMakeFiles/nya-engine.dir/core/multimodal.c.obj
[ 31%] Building C object backend/CMakeFiles/nya-engine.dir/core/model.c.obj
[ 32%] Building C object backend/CMakeFiles/nya-engine.dir/core/runtime.c.obj
[ 33%] Building C object backend/CMakeFiles/nya-engine.dir/core/training.c.obj
[ 34%] Building C object backend/CMakeFiles/nya-engine.dir/core/train_executor.c.obj
[ 36%] Building C object backend/CMakeFiles/nya-engine.dir/core/training_device.c.obj
[ 37%] Building C object backend/CMakeFiles/nya-engine.dir/core/pretraining.c.obj
[ 38%] Building C object backend/CMakeFiles/nya-engine.dir/__/rocm/rocm.c.obj
[ 39%] Building C object backend/CMakeFiles/nya-engine.dir/__/mlx/mlx.c.obj
[ 40%] Linking C static library libnya-engine.a
[ 40%] Built target nya-engine
[ 42%] Building C object backend/CMakeFiles/fyodor-train.dir/core/train_main.c.obj
[ 43%] Building C object backend/CMakeFiles/nya-server.dir/core/config.c.obj
[ 45%] Building C object backend/CMakeFiles/nya-test-vendor.dir/tests/test_vendor.c.obj
[ 45%] Building C object backend/CMakeFiles/fyodor-bench.dir/core/bench_main.c.obj
[ 46%] Linking C executable ..\nya-test-vendor.exe
[ 48%] Building C object backend/CMakeFiles/nya-server.dir/core/server.c.obj
[ 48%] Built target nya-test-vendor
[ 49%] Building C object backend/CMakeFiles/nya-test-formats.dir/tests/test_formats.c.obj
[ 50%] Linking C executable ..\fyodor-bench.exe
[ 50%] Built target fyodor-bench
[ 51%] Linking C executable ..\fyodor-train.exe
[ 53%] Building C object backend/CMakeFiles/nya-test-execution.dir/tests/test_execution.c.obj
[ 54%] Linking C executable ..\nya-test-execution.exe
[ 55%] Linking C executable ..\nya-test-formats.exe
[ 55%] Built target fyodor-train
[ 56%] Building C object backend/CMakeFiles/nya-test-generation.dir/tests/test_generation.c.obj
[ 56%] Built target nya-test-execution
[ 56%] Built target nya-test-formats
[ 57%] Building C object backend/CMakeFiles/nya-test-architectures.dir/tests/test_architectures.c.obj
[ 59%] Building C object backend/CMakeFiles/nya-test-training.dir/tests/test_training.c.obj
[ 60%] Linking C executable ..\nya-test-generation.exe
[ 60%] Built target nya-test-generation
[ 61%] Linking C static library libnya-server.a
[ 62%] Building C object backend/CMakeFiles/nya-test-train-runner.dir/tests/test_train_runner.c.obj
[ 62%] Built target nya-server
[ 63%] Linking C executable ..\nya-test-training.exe
[ 65%] Building C object backend/CMakeFiles/nya-test-pretraining.dir/tests/test_pretraining.c.obj
[ 65%] Built target nya-test-training
[ 66%] Building C object backend/CMakeFiles/nya-test-compute.dir/tests/test_compute.c.obj
[ 67%] Linking C executable ..\nya-test-compute.exe
[ 67%] Built target nya-test-compute
[ 68%] Building C object backend/CMakeFiles/nya-test-inference.dir/tests/test_inference.c.obj
[ 69%] Linking C executable ..\nya-test-train-runner.exe
[ 69%] Built target nya-test-train-runner
[ 71%] Linking C executable ..\nya-test-inference.exe
[ 72%] Building C object backend/CMakeFiles/nya-test-quant-kernels.dir/tests/test_quant_kernels.c.obj
[ 72%] Built target nya-test-inference
[ 73%] Building C object backend/CMakeFiles/nya-test-attention.dir/tests/test_attention.c.obj
[ 74%] Linking C executable ..\nya-test-quant-kernels.exe
[ 75%] Linking C executable ..\nya-test-attention.exe
[ 75%] Built target nya-test-quant-kernels
[ 77%] Building C object backend/CMakeFiles/nya-test-kv-precision.dir/tests/test_kv_precision.c.obj
[ 77%] Built target nya-test-attention
[ 78%] Linking C executable ..\nya-test-kv-precision.exe
[ 79%] Building C object backend/CMakeFiles/nya-test-server.dir/tests/test_server.c.obj
[ 79%] Built target nya-test-kv-precision
[ 80%] Building C object backend/CMakeFiles/nya-test-server.dir/core/config.c.obj
[ 81%] Linking C executable ..\nya-test-architectures.exe
[ 81%] Built target nya-test-architectures
[ 83%] Building C object backend/CMakeFiles/nya-test-api.dir/tests/test_api.c.obj
[ 84%] Building C object backend/CMakeFiles/nya-test-training-device.dir/tests/test_training_device.c.obj
[ 85%] Linking C executable ..\nya-test-pretraining.exe
[ 85%] Built target nya-test-pretraining
[ 86%] Building C object backend/CMakeFiles/nya-test-api.dir/core/config.c.obj
[ 87%] Linking C executable ..\nya-test-training-device.exe
[ 89%] Building C object backend/CMakeFiles/nya-bench-training-device.dir/benchmarks/training_device_bench.c.obj
[ 89%] Built target nya-test-training-device
[ 90%] Building C object backend/CMakeFiles/nya-test-training-elementwise.dir/tests/test_training_elementwise.c.obj
[ 91%] Linking C executable ..\nya-test-server.exe
[ 92%] Linking C executable ..\nya-test-training-elementwise.exe
[ 92%] Built target nya-test-server
[ 92%] Built target nya-test-training-elementwise
[ 93%] Linking C executable ..\nya-bench-training-device.exe
[ 95%] Building C object backend/CMakeFiles/nya-test-training-norm.dir/tests/test_training_norm.c.obj
[ 96%] Building C object backend/CMakeFiles/fyodor-backend.dir/core/main.c.obj
[ 97%] Linking C executable ..\nya-test-api.exe
[ 97%] Built target nya-bench-training-device
[ 98%] Linking C executable ..\fyodor-backend.exe
[ 98%] Built target nya-test-api
[ 98%] Built target fyodor-backend
[100%] Linking C executable ..\nya-test-training-norm.exe
[100%] Built target nya-test-training-norm
Internal ctest changing into directory: C:/Users/Colin/fyodor/build-cpu/without-cuda-5b0c349d89e8/build
Test project C:/Users/Colin/fyodor/build-cpu/without-cuda-5b0c349d89e8/build
      Start  1: vendor-rocm-failures
 1/54 Test  #1: vendor-rocm-failures .............   Passed    0.01 sec
      Start  2: vendor-rocm-quant
 2/54 Test  #2: vendor-rocm-quant ................   Passed    0.18 sec
      Start 46: train-export-decoder
 3/54 Test #46: train-export-decoder .............   Passed    0.15 sec
      Start  3: vendor-rocm-inference
 4/54 Test  #3: vendor-rocm-inference ............   Passed    0.01 sec
      Start  4: vendor-rocm-gemma
 5/54 Test  #4: vendor-rocm-gemma ................   Passed    0.15 sec
      Start  5: vendor-rocm-api
 6/54 Test  #5: vendor-rocm-api ..................   Passed    0.02 sec
      Start  6: vendor-rocm-missing-library
 7/54 Test  #6: vendor-rocm-missing-library ......   Passed    0.00 sec
      Start  7: vendor-rocm-missing-symbol
 8/54 Test  #7: vendor-rocm-missing-symbol .......   Passed    0.01 sec
      Start  8: vendor-rocm-api-fallback
 9/54 Test  #8: vendor-rocm-api-fallback .........   Passed    0.01 sec
      Start  9: vendor-rocm-invalid-budget
10/54 Test  #9: vendor-rocm-invalid-budget .......   Passed    0.00 sec
      Start 10: hardware-rocm-quant
11/54 Test #10: hardware-rocm-quant ..............***Skipped   0.00 sec
      Start 11: hardware-rocm-inference
12/54 Test #11: hardware-rocm-inference ..........***Skipped   0.00 sec
      Start 12: vendor-rocm-bench
13/54 Test #12: vendor-rocm-bench ................   Passed    0.02 sec
      Start 13: vendor-mlx-failures
14/54 Test #13: vendor-mlx-failures ..............   Passed    0.01 sec
      Start 14: vendor-mlx-quant
15/54 Test #14: vendor-mlx-quant .................   Passed    0.18 sec
      Start 15: vendor-mlx-inference
16/54 Test #15: vendor-mlx-inference .............   Passed    0.00 sec
      Start 16: vendor-mlx-gemma
17/54 Test #16: vendor-mlx-gemma .................   Passed    0.11 sec
      Start 17: vendor-mlx-api
18/54 Test #17: vendor-mlx-api ...................   Passed    0.01 sec
      Start 18: vendor-mlx-missing-library
19/54 Test #18: vendor-mlx-missing-library .......   Passed    0.00 sec
      Start 19: vendor-mlx-missing-symbol
20/54 Test #19: vendor-mlx-missing-symbol ........   Passed    0.00 sec
      Start 20: vendor-mlx-api-fallback
21/54 Test #20: vendor-mlx-api-fallback ..........   Passed    0.01 sec
      Start 21: vendor-mlx-invalid-budget
22/54 Test #21: vendor-mlx-invalid-budget ........   Passed    0.00 sec
      Start 22: hardware-mlx-quant
23/54 Test #22: hardware-mlx-quant ...............***Skipped   0.00 sec
      Start 23: hardware-mlx-inference
24/54 Test #23: hardware-mlx-inference ...........***Skipped   0.00 sec
      Start 24: vendor-mlx-bench
25/54 Test #24: vendor-mlx-bench .................   Passed    0.02 sec
      Start 25: kv-precision
26/54 Test #25: kv-precision .....................   Passed    0.01 sec
      Start 26: quant-kernels-cpu-dot
27/54 Test #26: quant-kernels-cpu-dot ............   Passed    0.15 sec
      Start 27: quant-kernels-scalar
28/54 Test #27: quant-kernels-scalar .............   Passed    0.16 sec
      Start 28: attention-scalar
29/54 Test #28: attention-scalar .................   Passed    0.01 sec
      Start 29: quant-kernels-avx2
30/54 Test #29: quant-kernels-avx2 ...............   Passed    0.15 sec
      Start 30: attention-avx2
31/54 Test #30: attention-avx2 ...................   Passed    0.00 sec
      Start 31: quant-kernels-avx512
32/54 Test #31: quant-kernels-avx512 .............   Passed    0.15 sec
      Start 32: attention-avx512
33/54 Test #32: attention-avx512 .................   Passed    0.00 sec
      Start 33: inference-session-parity
34/54 Test #33: inference-session-parity .........   Passed    0.00 sec
      Start 34: inference-cpu-optimized
35/54 Test #34: inference-cpu-optimized ..........   Passed    0.00 sec
      Start 35: generate-model-fixtures
36/54 Test #35: generate-model-fixtures ..........   Passed    0.01 sec
      Start 36: validate-server-config
37/54 Test #36: validate-server-config ...........   Passed    0.01 sec
      Start 37: inspect-model-formats
38/54 Test #37: inspect-model-formats ............   Passed    0.01 sec
      Start 38: generate-native-gguf
39/54 Test #38: generate-native-gguf .............   Passed    0.08 sec
      Start 39: validate-gemma-graphs
40/54 Test #39: validate-gemma-graphs ............   Passed    0.12 sec
      Start 40: training-device-interface
41/54 Test #40: training-device-interface ........   Passed    0.01 sec
      Start 41: training-elementwise-interface
42/54 Test #41: training-elementwise-interface ...   Passed    0.01 sec
      Start 42: training-norm-interface
43/54 Test #42: training-norm-interface ..........   Passed    0.01 sec
      Start 43: validate-training
44/54 Test #43: validate-training ................   Passed    0.15 sec
      Start 44: train-accumulation
45/54 Test #44: train-accumulation ...............   Passed    0.03 sec
      Start 45: validate-training-scalar
46/54 Test #45: validate-training-scalar .........   Passed    0.20 sec
      Start 47: compatible-rest-apis
47/54 Test #47: compatible-rest-apis .............   Passed    0.01 sec
      Start 48: benchmark-cli
48/54 Test #48: benchmark-cli ....................   Passed    0.03 sec
      Start 49: train-cli-workflows
49/54 Test #49: train-cli-workflows ..............   Passed    0.49 sec
      Start 50: train-stop-workflows
50/54 Test #50: train-stop-workflows .............   Passed    0.77 sec
      Start 51: train-unicode-paths
51/54 Test #51: train-unicode-paths ..............   Passed    0.29 sec
      Start 52: train-evaluation
52/54 Test #52: train-evaluation .................   Passed    0.38 sec
      Start 53: validate-http-protocol
53/54 Test #53: validate-http-protocol ...........   Passed    0.65 sec
      Start 54: validate-compute
54/54 Test #54: validate-compute .................   Passed    0.01 sec

100% tests passed, 0 tests failed out of 54

Total Test time (real) =   4.89 sec

The following tests did not run:
	 10 - hardware-rocm-quant (Skipped)
	 11 - hardware-rocm-inference (Skipped)
	 22 - hardware-mlx-quant (Skipped)
	 23 - hardware-mlx-inference (Skipped)
-- Verified CUDA-free source: C:/Users/Colin/fyodor/build-cpu/without-cuda-5b0c349d89e8/source (Vulkan=OFF)
Built target verify-without-cuda
