-- The C compiler identification is GNU 16.2.0
-- Detecting C compiler ABI info
-- Detecting C compiler ABI info - done
-- Check for working C compiler: C:/Users/Colin/fyodor/.tools/w64devkit/bin/gcc.exe - skipped
-- Detecting C compile features
-- Detecting C compile features - done
-- Performing Test CMAKE_HAVE_LIBC_PTHREAD
-- Performing Test CMAKE_HAVE_LIBC_PTHREAD - Success
-- Found Threads: TRUE
-- Found Vulkan: C:/Windows/System32/vulkan-1.dll (found suitable version "1.4.357", minimum required is "1.3")  missing components: glslc glslangValidator
-- Optional ROCm C loader enabled; HIP/rocBLAS are discovered at runtime
-- Optional MLX C loader enabled; MLX C/GPU are discovered at runtime
-- CUDA driver/NVRTC provider enabled (C host compiler; runtime CUDA compilation)
-- CUDA/cutlass directory absent: retaining native CUDA kernels
-- Configuring done (1.0s)
-- Generating done (0.3s)
-- Build files have been written to: C:/Users/Colin/fyodor/build-cuda/without-cutlass-3d106e83ddf7/build
[  1%] Building C object backend/CMakeFiles/nya-engine.dir/core/cpu_backend.c.obj
[  2%] Building C object backend/CMakeFiles/nya-mock-vendor.dir/tests/mock_vendor.c.obj
[  3%] Building C object backend/CMakeFiles/nya-mock-missing-vendor.dir/tests/mock_vendor.c.obj
[  4%] Building C object backend/CMakeFiles/nya-make-test-models.dir/tests/make_test_models.c.obj
[  5%] Linking C executable ..\nya-make-test-models.exe
[  7%] Linking C shared library ..\libnya-mock-vendor.dll
[  8%] Linking C shared library ..\libnya-mock-missing-vendor.dll
[  8%] Built target nya-make-test-models
[  8%] Built target nya-mock-vendor
[  9%] Building C object backend/CMakeFiles/nya-engine.dir/core/cpu_kernels.c.obj
[  9%] Built target nya-mock-missing-vendor
[ 10%] Building C object backend/CMakeFiles/nya-engine.dir/core/llm_quant.c.obj
[ 11%] Building C object backend/CMakeFiles/nya-test-config.dir/tests/test_config.c.obj
[ 12%] Building C object backend/CMakeFiles/nya-test-config.dir/core/config.c.obj
[ 14%] Building C object backend/CMakeFiles/nya-engine.dir/core/thread.c.obj
[ 15%] Building C object backend/CMakeFiles/nya-engine.dir/core/vendor.c.obj
[ 16%] Linking C executable ..\nya-test-config.exe
[ 16%] Built target nya-test-config
[ 17%] Building C object backend/CMakeFiles/nya-engine.dir/core/compute.c.obj
[ 18%] Building C object backend/CMakeFiles/nya-engine.dir/core/execution.c.obj
[ 20%] Building C object backend/CMakeFiles/nya-engine.dir/core/generation.c.obj
[ 21%] Building C object backend/CMakeFiles/nya-engine.dir/core/file.c.obj
[ 22%] Building C object backend/CMakeFiles/nya-engine.dir/core/format.c.obj
[ 23%] Building C object backend/CMakeFiles/nya-engine.dir/core/format_gguf.c.obj
[ 24%] Building C object backend/CMakeFiles/nya-engine.dir/core/format_onnx.c.obj
[ 25%] Building C object backend/CMakeFiles/nya-engine.dir/core/format_safetensors.c.obj
[ 27%] Building C object backend/CMakeFiles/nya-engine.dir/core/llm_cpu.c.obj
[ 28%] Building C object backend/CMakeFiles/nya-engine.dir/core/llm_gguf.c.obj
[ 29%] Building C object backend/CMakeFiles/nya-engine.dir/core/multimodal.c.obj
[ 30%] Building C object backend/CMakeFiles/nya-engine.dir/core/model.c.obj
[ 31%] Building C object backend/CMakeFiles/nya-engine.dir/core/runtime.c.obj
[ 32%] Building C object backend/CMakeFiles/nya-engine.dir/core/training.c.obj
[ 34%] Building C object backend/CMakeFiles/nya-engine.dir/core/train_executor.c.obj
[ 35%] Building C object backend/CMakeFiles/nya-engine.dir/core/training_device.c.obj
[ 36%] Building C object backend/CMakeFiles/nya-engine.dir/core/pretraining.c.obj
[ 37%] Building C object backend/CMakeFiles/nya-engine.dir/vulkan/vulkan.c.obj
[ 38%] Building C object backend/CMakeFiles/nya-engine.dir/__/rocm/rocm.c.obj
[ 40%] Building C object backend/CMakeFiles/nya-engine.dir/__/mlx/mlx.c.obj
[ 41%] Building C object backend/CMakeFiles/nya-engine.dir/__/CUDA/cuda.c.obj
[ 42%] Linking C static library libnya-engine.a
[ 42%] Built target nya-engine
[ 43%] Building C object backend/CMakeFiles/nya-server.dir/core/config.c.obj
[ 44%] Building C object backend/CMakeFiles/fyodor-train.dir/core/train_main.c.obj
[ 45%] Building C object backend/CMakeFiles/fyodor-bench.dir/core/bench_main.c.obj
[ 47%] Building C object backend/CMakeFiles/nya-test-vendor.dir/tests/test_vendor.c.obj
[ 48%] Linking C executable ..\nya-test-vendor.exe
[ 49%] Building C object backend/CMakeFiles/nya-server.dir/core/server.c.obj
[ 49%] Built target nya-test-vendor
[ 50%] Building C object backend/CMakeFiles/nya-test-formats.dir/tests/test_formats.c.obj
[ 51%] Linking C executable ..\fyodor-bench.exe
[ 51%] Built target fyodor-bench
[ 52%] Linking C executable ..\fyodor-train.exe
[ 54%] Building C object backend/CMakeFiles/nya-test-execution.dir/tests/test_execution.c.obj
[ 55%] Linking C executable ..\nya-test-execution.exe
[ 56%] Linking C executable ..\nya-test-formats.exe
[ 56%] Built target fyodor-train
[ 57%] Building C object backend/CMakeFiles/nya-test-generation.dir/tests/test_generation.c.obj
[ 57%] Built target nya-test-execution
[ 57%] Built target nya-test-formats
[ 58%] Building C object backend/CMakeFiles/nya-test-architectures.dir/tests/test_architectures.c.obj
[ 60%] Building C object backend/CMakeFiles/nya-test-training.dir/tests/test_training.c.obj
[ 61%] Linking C executable ..\nya-test-generation.exe
[ 61%] Built target nya-test-generation
[ 62%] Linking C static library libnya-server.a
[ 63%] Building C object backend/CMakeFiles/nya-test-train-runner.dir/tests/test_train_runner.c.obj
[ 63%] Built target nya-server
[ 64%] Linking C executable ..\nya-test-training.exe
[ 65%] Building C object backend/CMakeFiles/nya-test-pretraining.dir/tests/test_pretraining.c.obj
[ 65%] Built target nya-test-training
[ 67%] Building C object backend/CMakeFiles/nya-test-compute.dir/tests/test_compute.c.obj
[ 68%] Linking C executable ..\nya-test-compute.exe
[ 68%] Built target nya-test-compute
[ 69%] Building C object backend/CMakeFiles/nya-test-inference.dir/tests/test_inference.c.obj
[ 70%] Linking C executable ..\nya-test-train-runner.exe
[ 71%] Linking C executable ..\nya-test-inference.exe
[ 71%] Built target nya-test-train-runner
[ 71%] Built target nya-test-inference
[ 72%] Building C object backend/CMakeFiles/nya-test-quant-kernels.dir/tests/test_quant_kernels.c.obj
[ 74%] Building C object backend/CMakeFiles/nya-test-attention.dir/tests/test_attention.c.obj
[ 75%] Linking C executable ..\nya-test-attention.exe
[ 76%] Linking C executable ..\nya-test-quant-kernels.exe
[ 76%] Built target nya-test-attention
[ 76%] Built target nya-test-quant-kernels
[ 77%] Building C object backend/CMakeFiles/nya-test-server.dir/tests/test_server.c.obj
[ 78%] Building C object backend/CMakeFiles/nya-test-kv-precision.dir/tests/test_kv_precision.c.obj
[ 80%] Linking C executable ..\nya-test-kv-precision.exe
[ 80%] Built target nya-test-kv-precision
[ 81%] Linking C executable ..\nya-test-architectures.exe
[ 82%] Building C object backend/CMakeFiles/nya-test-server.dir/core/config.c.obj
[ 82%] Built target nya-test-architectures
[ 83%] Linking C executable ..\nya-test-pretraining.exe
[ 84%] Building C object backend/CMakeFiles/nya-test-api.dir/tests/test_api.c.obj
[ 85%] Building C object backend/CMakeFiles/nya-test-training-device.dir/tests/test_training_device.c.obj
[ 85%] Built target nya-test-pretraining
[ 87%] Building C object backend/CMakeFiles/nya-test-api.dir/core/config.c.obj
[ 88%] Linking C executable ..\nya-test-training-device.exe
[ 89%] Building C object backend/CMakeFiles/nya-bench-training-device.dir/benchmarks/training_device_bench.c.obj
[ 89%] Built target nya-test-training-device
[ 90%] Building C object backend/CMakeFiles/nya-test-training-elementwise.dir/tests/test_training_elementwise.c.obj
[ 91%] Linking C executable ..\nya-test-server.exe
[ 91%] Built target nya-test-server
[ 92%] Linking C executable ..\nya-test-training-elementwise.exe
[ 94%] Building C object backend/CMakeFiles/nya-test-training-norm.dir/tests/test_training_norm.c.obj
[ 95%] Linking C executable ..\nya-bench-training-device.exe
[ 95%] Built target nya-test-training-elementwise
[ 96%] Building C object backend/CMakeFiles/fyodor-backend.dir/core/main.c.obj
[ 96%] Built target nya-bench-training-device
[ 97%] Linking C executable ..\nya-test-api.exe
[ 98%] Linking C executable ..\fyodor-backend.exe
[100%] Linking C executable ..\nya-test-training-norm.exe
[100%] Built target nya-test-api
[100%] Built target fyodor-backend
[100%] Built target nya-test-training-norm
Test project C:/Users/Colin/fyodor/build-cuda/without-cutlass-3d106e83ddf7/build
      Start  1: vendor-rocm-failures
 1/90 Test  #1: vendor-rocm-failures ..................   Passed    0.01 sec
      Start  2: vendor-rocm-quant
 2/90 Test  #2: vendor-rocm-quant .....................   Passed    0.18 sec
      Start 58: train-export-decoder
 3/90 Test #58: train-export-decoder ..................   Passed    0.15 sec
      Start  3: vendor-rocm-inference
 4/90 Test  #3: vendor-rocm-inference .................   Passed    0.01 sec
      Start  4: vendor-rocm-gemma
 5/90 Test  #4: vendor-rocm-gemma .....................   Passed    0.12 sec
      Start  5: vendor-rocm-api
 6/90 Test  #5: vendor-rocm-api .......................   Passed    0.01 sec
      Start  6: vendor-rocm-missing-library
 7/90 Test  #6: vendor-rocm-missing-library ...........   Passed    0.00 sec
      Start  7: vendor-rocm-missing-symbol
 8/90 Test  #7: vendor-rocm-missing-symbol ............   Passed    0.00 sec
      Start  8: vendor-rocm-api-fallback
 9/90 Test  #8: vendor-rocm-api-fallback ..............   Passed    0.01 sec
      Start  9: vendor-rocm-invalid-budget
10/90 Test  #9: vendor-rocm-invalid-budget ............   Passed    0.00 sec
      Start 10: hardware-rocm-quant
11/90 Test #10: hardware-rocm-quant ...................***Skipped   0.00 sec
      Start 11: hardware-rocm-inference
12/90 Test #11: hardware-rocm-inference ...............***Skipped   0.00 sec
      Start 12: vendor-rocm-bench
13/90 Test #12: vendor-rocm-bench .....................   Passed    0.02 sec
      Start 13: vendor-mlx-failures
14/90 Test #13: vendor-mlx-failures ...................   Passed    0.01 sec
      Start 14: vendor-mlx-quant
15/90 Test #14: vendor-mlx-quant ......................   Passed    0.18 sec
      Start 15: vendor-mlx-inference
16/90 Test #15: vendor-mlx-inference ..................   Passed    0.01 sec
      Start 16: vendor-mlx-gemma
17/90 Test #16: vendor-mlx-gemma ......................   Passed    0.11 sec
      Start 17: vendor-mlx-api
18/90 Test #17: vendor-mlx-api ........................   Passed    0.01 sec
      Start 18: vendor-mlx-missing-library
19/90 Test #18: vendor-mlx-missing-library ............   Passed    0.00 sec
      Start 19: vendor-mlx-missing-symbol
20/90 Test #19: vendor-mlx-missing-symbol .............   Passed    0.00 sec
      Start 20: vendor-mlx-api-fallback
21/90 Test #20: vendor-mlx-api-fallback ...............   Passed    0.01 sec
      Start 21: vendor-mlx-invalid-budget
22/90 Test #21: vendor-mlx-invalid-budget .............   Passed    0.00 sec
      Start 22: hardware-mlx-quant
23/90 Test #22: hardware-mlx-quant ....................***Skipped   0.00 sec
      Start 23: hardware-mlx-inference
24/90 Test #23: hardware-mlx-inference ................***Skipped   0.00 sec
      Start 24: vendor-mlx-bench
25/90 Test #24: vendor-mlx-bench ......................   Passed    0.02 sec
      Start 25: kv-precision
26/90 Test #25: kv-precision ..........................   Passed    0.01 sec
      Start 26: quant-kernels-cpu-dot
27/90 Test #26: quant-kernels-cpu-dot .................   Passed    0.15 sec
      Start 27: quant-kernels-scalar
28/90 Test #27: quant-kernels-scalar ..................   Passed    0.16 sec
      Start 28: attention-scalar
29/90 Test #28: attention-scalar ......................   Passed    0.01 sec
      Start 29: quant-kernels-avx2
30/90 Test #29: quant-kernels-avx2 ....................   Passed    0.18 sec
      Start 30: attention-avx2
31/90 Test #30: attention-avx2 ........................   Passed    0.01 sec
      Start 31: quant-kernels-avx512
32/90 Test #31: quant-kernels-avx512 ..................   Passed    0.15 sec
      Start 32: attention-avx512
33/90 Test #32: attention-avx512 ......................   Passed    0.01 sec
      Start 33: inference-session-parity
34/90 Test #33: inference-session-parity ..............   Passed    0.01 sec
      Start 34: inference-cpu-optimized
35/90 Test #34: inference-cpu-optimized ...............   Passed    0.01 sec
      Start 35: generate-model-fixtures
36/90 Test #35: generate-model-fixtures ...............   Passed    0.01 sec
      Start 36: validate-server-config
37/90 Test #36: validate-server-config ................   Passed    0.01 sec
      Start 37: inspect-model-formats
38/90 Test #37: inspect-model-formats .................   Passed    0.01 sec
      Start 38: generate-native-gguf
39/90 Test #38: generate-native-gguf ..................   Passed    0.07 sec
      Start 39: validate-gemma-graphs
40/90 Test #39: validate-gemma-graphs .................   Passed    0.12 sec
      Start 40: training-device-interface
41/90 Test #40: training-device-interface .............   Passed    0.01 sec
      Start 41: training-elementwise-interface
42/90 Test #41: training-elementwise-interface ........   Passed    0.01 sec
      Start 42: training-norm-interface
43/90 Test #42: training-norm-interface ...............   Passed    0.01 sec
      Start 43: training-norm-cuda
44/90 Test #43: training-norm-cuda ....................   Passed    1.82 sec
      Start 44: training-norm-cuda-reference
45/90 Test #44: training-norm-cuda-reference ..........   Passed    2.19 sec
      Start 45: training-norm-cuda-failure-7
46/90 Test #45: training-norm-cuda-failure-7 ..........   Passed    0.14 sec
      Start 46: training-norm-cuda-failure-8
47/90 Test #46: training-norm-cuda-failure-8 ..........   Passed    0.15 sec
      Start 47: training-norm-cuda-failure-9
48/90 Test #47: training-norm-cuda-failure-9 ..........   Passed    0.15 sec
      Start 48: training-elementwise-cuda
49/90 Test #48: training-elementwise-cuda .............   Passed    0.20 sec
      Start 49: training-elementwise-cuda-reference
50/90 Test #49: training-elementwise-cuda-reference ...   Passed    0.21 sec
      Start 50: training-elementwise-cuda-failure
51/90 Test #50: training-elementwise-cuda-failure .....   Passed    0.15 sec
      Start 51: training-device-cuda
52/90 Test #51: training-device-cuda ..................   Passed    0.90 sec
      Start 52: training-device-cuda-failure
53/90 Test #52: training-device-cuda-failure ..........   Passed    0.14 sec
      Start 53: training-device-cuda-matrix-failure
54/90 Test #53: training-device-cuda-matrix-failure ...   Passed    0.15 sec
      Start 54: training-device-cuda-finite-failure
55/90 Test #54: training-device-cuda-finite-failure ...   Passed    0.14 sec
      Start 55: validate-training
56/90 Test #55: validate-training .....................   Passed    0.15 sec
      Start 56: train-accumulation
57/90 Test #56: train-accumulation ....................   Passed    0.03 sec
      Start 57: validate-training-scalar
58/90 Test #57: validate-training-scalar ..............   Passed    0.21 sec
      Start 59: compatible-rest-apis
59/90 Test #59: compatible-rest-apis ..................   Passed    0.01 sec
      Start 60: benchmark-cli
60/90 Test #60: benchmark-cli .........................   Passed    0.04 sec
      Start 61: train-cli-workflows
61/90 Test #61: train-cli-workflows ...................   Passed    0.54 sec
      Start 62: train-stop-workflows
62/90 Test #62: train-stop-workflows ..................   Passed    0.68 sec
      Start 63: train-unicode-paths
63/90 Test #63: train-unicode-paths ...................   Passed    0.32 sec
      Start 64: train-evaluation
64/90 Test #64: train-evaluation ......................   Passed    0.40 sec
      Start 65: validate-http-protocol
65/90 Test #65: validate-http-protocol ................   Passed    0.65 sec
      Start 66: validate-compute
66/90 Test #66: validate-compute ......................   Passed    0.01 sec
      Start 67: validate-vulkan-compute
67/90 Test #67: validate-vulkan-compute ...............   Passed    0.28 sec
      Start 68: generate-native-gguf-vulkan
68/90 Test #68: generate-native-gguf-vulkan ...........   Passed    0.79 sec
      Start 69: inference-vulkan-logits
69/90 Test #69: inference-vulkan-logits ...............   Passed    0.20 sec
      Start 70: inference-cuda-attention-shapes
70/90 Test #70: inference-cuda-attention-shapes .......   Passed   11.58 sec
      Start 71: inference-cuda-attention-unsplit
71/90 Test #71: inference-cuda-attention-unsplit ......   Passed   10.29 sec
      Start 72: inference-cuda-attention-no-graphs
72/90 Test #72: inference-cuda-attention-no-graphs ....   Passed   10.67 sec
      Start 73: inference-cuda-graph-reuse
73/90 Test #73: inference-cuda-graph-reuse ............   Passed    0.27 sec
      Start 74: inference-cuda-graph-reference
74/90 Test #74: inference-cuda-graph-reference ........   Passed    1.75 sec
      Start 75: inference-cuda-blas
75/90 Test #75: inference-cuda-blas ...................   Passed    0.25 sec
      Start 76: quant-kernels-cuda-chunks
76/90 Test #76: quant-kernels-cuda-chunks .............   Passed    3.03 sec
      Start 77: quant-kernels-cuda-legacy-layout
77/90 Test #77: quant-kernels-cuda-legacy-layout ......   Passed    3.10 sec
      Start 78: inference-cuda-blas-unavailable
78/90 Test #78: inference-cuda-blas-unavailable .......   Passed    0.13 sec
      Start 79: quant-kernels-cuda
79/90 Test #79: quant-kernels-cuda ....................   Passed    1.70 sec
      Start 80: quant-kernels-cuda-reference
80/90 Test #80: quant-kernels-cuda-reference ..........   Passed    0.84 sec
      Start 81: quant-kernels-cuda-long-32
81/90 Test #81: quant-kernels-cuda-long-32 ............   Passed    2.38 sec
      Start 82: quant-kernels-cuda-long-64
82/90 Test #82: quant-kernels-cuda-long-64 ............   Passed    2.37 sec
      Start 83: inference-cuda-resident
83/90 Test #83: inference-cuda-resident ...............   Passed    0.26 sec
      Start 84: inference-cuda-memory-fallback
84/90 Test #84: inference-cuda-memory-fallback ........   Passed    0.21 sec
      Start 85: inference-cuda-partial-allocation
85/90 Test #85: inference-cuda-partial-allocation .....   Passed    0.21 sec
      Start 86: inference-cuda-prefix-replay
86/90 Test #86: inference-cuda-prefix-replay ..........   Passed    0.21 sec
      Start 87: inference-cuda-without-graphs
87/90 Test #87: inference-cuda-without-graphs .........   Passed    0.22 sec
      Start 88: validate-cuda-compute
88/90 Test #88: validate-cuda-compute .................   Passed    0.60 sec
      Start 89: validate-cuda-gemma
89/90 Test #89: validate-cuda-gemma ...................   Passed    2.08 sec
      Start 90: generate-native-gguf-cuda
90/90 Test #90: generate-native-gguf-cuda .............   Passed    1.22 sec

100% tests passed out of 90

Total Test time (real) =  65.91 sec

The following tests did not run:
	 10 - hardware-rocm-quant (Skipped)
	 11 - hardware-rocm-inference (Skipped)
	 22 - hardware-mlx-quant (Skipped)
	 23 - hardware-mlx-inference (Skipped)
-- Verified CUDA source with CUTLASS physically absent: C:/Users/Colin/fyodor/build-cuda/without-cutlass-3d106e83ddf7/source
Built target verify-without-cutlass
