[  2%] Built target nya-mock-vendor
[ 31%] Built target nya-engine
[ 33%] Built target nya-mock-missing-vendor
[ 35%] Built target nya-make-test-models
[ 38%] Built target nya-test-config
[ 41%] Built target nya-server
[ 43%] Built target fyodor-bench
[ 45%] Built target nya-test-vendor
[ 47%] Built target nya-test-formats
[ 49%] Built target nya-test-execution
[ 51%] Built target fyodor-train
[ 53%] Built target nya-test-generation
[ 55%] Built target nya-test-architectures
[ 57%] Built target nya-test-training
[ 59%] Built target nya-test-train-runner
[ 61%] Built target nya-test-pretraining
[ 63%] Built target nya-test-compute
[ 65%] Built target nya-test-inference
[ 67%] Built target nya-test-quant-kernels
[ 69%] Built target nya-test-attention
[ 71%] Built target nya-test-kv-precision
[ 74%] Built target nya-test-server
[ 77%] Built target nya-test-api
[ 79%] Built target nya-test-training-device
[ 81%] Built target nya-bench-training-device
[ 82%] Building C object CMakeFiles/nya-test-training-session.dir/tests/test_training_session.c.obj
[ 84%] Built target nya-test-training-elementwise
[ 86%] Built target nya-test-training-norm
[ 88%] Built target nya-test-training-optimizer
[ 90%] Built target nya-test-training-attention
[ 92%] Built target nya-test-training-loss
[ 93%] Building C object CMakeFiles/nya-test-training-embedding.dir/tests/test_training_embedding.c.obj
[ 95%] Built target nya-test-training-rope
[ 96%] Linking C executable fyodor-backend.exe
[ 97%] Linking C executable nya-test-training-session.exe
[ 98%] Built target fyodor-backend
[ 98%] Built target nya-test-training-session
[100%] Linking C executable nya-test-training-embedding.exe
[100%] Built target nya-test-training-embedding
