-- Optional ROCm C loader enabled; HIP/rocBLAS are discovered at runtime
-- Optional MLX C loader enabled; MLX C/GPU are discovered at runtime
-- CUDA driver/NVRTC provider enabled (C host compiler; runtime CUDA compilation)
-- CUTLASS: this generator cannot compile CUDA C++; use a standalone CUDA/cutlass build. C/NVRTC build retained
-- Configuring done (0.5s)
-- Generating done (0.4s)
-- Build files have been written to: C:/Users/Colin/fyodor/build-cuda-c23
[  3%] Built target nya-mock-missing-vendor
[  4%] Built target nya-mock-vendor
[  6%] Built target nya-make-test-models
[  7%] Building C object backend/CMakeFiles/nya-engine.dir/core/training_device.c.obj
[  9%] Building C object backend/CMakeFiles/nya-engine.dir/core/training_indices.c.obj
[ 10%] Building C object backend/CMakeFiles/nya-engine.dir/__/CUDA/cuda.c.obj
[ 13%] Built target nya-test-config
[ 14%] Linking C static library libnya-engine.a
[ 42%] Built target nya-engine
[ 43%] Linking C executable ..\nya-test-vendor.exe
[ 44%] Linking C executable ..\fyodor-bench.exe
[ 45%] Linking C executable ..\fyodor-train.exe
[ 48%] Built target nya-server
[ 50%] Built target nya-test-vendor
[ 51%] Built target fyodor-bench
[ 52%] Linking C executable ..\nya-test-formats.exe
[ 53%] Built target fyodor-train
[ 54%] Linking C executable ..\nya-test-execution.exe
[ 55%] Linking C executable ..\nya-test-generation.exe
[ 56%] Linking C executable ..\nya-test-architectures.exe
[ 57%] Built target nya-test-formats
[ 59%] Built target nya-test-execution
[ 60%] Linking C executable ..\nya-test-training.exe
[ 61%] Built target nya-test-generation
[ 62%] Built target nya-test-architectures
[ 63%] Linking C executable ..\nya-test-pretraining.exe
[ 64%] Linking C executable ..\nya-test-compute.exe
[ 65%] Linking C executable ..\nya-test-train-runner.exe
[ 67%] Built target nya-test-training
[ 68%] Linking C executable ..\nya-test-inference.exe
[ 69%] Built target nya-test-compute
[ 71%] Built target nya-test-pretraining
[ 71%] Built target nya-test-train-runner
[ 72%] Linking C executable ..\nya-test-attention.exe
[ 73%] Linking C executable ..\nya-test-quant-kernels.exe
[ 75%] Linking C executable ..\nya-test-kv-precision.exe
[ 76%] Built target nya-test-inference
[ 78%] Built target nya-test-attention
[ 78%] Built target nya-test-quant-kernels
[ 79%] Built target nya-test-kv-precision
[ 80%] Linking C executable ..\nya-test-server.exe
[ 81%] Building C object backend/CMakeFiles/nya-test-training-device.dir/tests/test_training_device.c.obj
[ 82%] Building C object backend/CMakeFiles/nya-bench-training-device.dir/benchmarks/training_device_bench.c.obj
[ 84%] Linking C executable ..\nya-test-api.exe
[ 86%] Built target nya-test-server
[ 87%] Building C object backend/CMakeFiles/nya-test-training-elementwise.dir/tests/test_training_elementwise.c.obj
[ 89%] Built target nya-test-api
[ 90%] Building C object backend/CMakeFiles/nya-test-training-norm.dir/tests/test_training_norm.c.obj
[ 92%] Linking C executable ..\nya-test-training-device.exe
[ 93%] Linking C executable ..\nya-test-training-elementwise.exe
[ 93%] Built target nya-test-training-device
[ 94%] Linking C executable ..\nya-test-training-norm.exe
[ 94%] Built target nya-test-training-elementwise
[ 95%] Building C object backend/CMakeFiles/nya-test-training-embedding.dir/tests/test_training_embedding.c.obj
[ 96%] Linking C executable ..\fyodor-backend.exe
[ 96%] Built target nya-test-training-norm
[ 97%] Linking C executable ..\nya-bench-training-device.exe
[ 98%] Built target fyodor-backend
[ 98%] Built target nya-bench-training-device
[100%] Linking C executable ..\nya-test-training-embedding.exe
[100%] Built target nya-test-training-embedding
