-- Optional ROCm C loader enabled; HIP/rocBLAS are discovered at runtime
-- Optional MLX C loader enabled; MLX C/GPU are discovered at runtime
-- Configuring done (0.4s)
-- Generating done (0.3s)
-- Build files have been written to: C:/Users/Colin/fyodor/build-sanitize
[  2%] Built target nya-mock-vendor
[  4%] Built target nya-mock-missing-vendor
[  6%] Built target nya-make-test-models
[  8%] Building C object CMakeFiles/nya-engine.dir/core/training_device.c.obj
[  9%] Building C object CMakeFiles/nya-engine.dir/core/training_indices.c.obj
[ 12%] Built target nya-test-config
[ 13%] Linking C static library libnya-engine.a
[ 40%] Built target nya-engine
[ 41%] Linking C executable nya-test-vendor.exe
[ 43%] Linking C executable fyodor-bench.exe
[ 44%] Linking C executable fyodor-train.exe
[ 47%] Built target nya-server
[ 48%] Linking C executable nya-test-formats.exe
[ 50%] Built target fyodor-bench
[ 51%] Built target nya-test-vendor
[ 52%] Built target fyodor-train
[ 53%] Linking C executable nya-test-generation.exe
[ 54%] Linking C executable nya-test-execution.exe
[ 55%] Linking C executable nya-test-architectures.exe
[ 56%] Built target nya-test-formats
[ 58%] Linking C executable nya-test-training.exe
[ 59%] Built target nya-test-execution
[ 60%] Built target nya-test-generation
[ 61%] Built target nya-test-architectures
[ 63%] Linking C executable nya-test-pretraining.exe
[ 63%] Linking C executable nya-test-compute.exe
[ 65%] Linking C executable nya-test-train-runner.exe
[ 66%] Built target nya-test-training
[ 67%] Linking C executable nya-test-inference.exe
[ 68%] Built target nya-test-compute
[ 69%] Built target nya-test-pretraining
[ 70%] Built target nya-test-train-runner
[ 73%] Linking C executable nya-test-kv-precision.exe
[ 73%] Linking C executable nya-test-attention.exe
[ 74%] Linking C executable nya-test-quant-kernels.exe
[ 75%] Built target nya-test-inference
[ 76%] Linking C executable nya-test-server.exe
[ 77%] Built target nya-test-attention
[ 79%] Built target nya-test-kv-precision
[ 80%] Built target nya-test-quant-kernels
[ 81%] Building C object CMakeFiles/nya-test-training-device.dir/tests/test_training_device.c.obj
[ 82%] Linking C executable nya-test-api.exe
[ 83%] Building C object CMakeFiles/nya-bench-training-device.dir/benchmarks/training_device_bench.c.obj
[ 86%] Built target nya-test-server
[ 87%] Building C object CMakeFiles/nya-test-training-elementwise.dir/tests/test_training_elementwise.c.obj
[ 88%] Linking C executable nya-test-training-device.exe
[ 90%] Built target nya-test-api
[ 91%] Building C object CMakeFiles/nya-test-training-norm.dir/tests/test_training_norm.c.obj
[ 93%] Linking C executable nya-test-training-elementwise.exe
[ 93%] Built target nya-test-training-device
[ 94%] Linking C executable nya-test-training-norm.exe
[ 95%] Building C object CMakeFiles/nya-test-training-embedding.dir/tests/test_training_embedding.c.obj
[ 95%] Built target nya-test-training-elementwise
[ 96%] Linking C executable nya-test-training-embedding.exe
[ 97%] Linking C executable fyodor-backend.exe
[ 97%] Built target nya-test-training-norm
[ 98%] Linking C executable nya-bench-training-device.exe
[ 98%] Built target nya-test-training-embedding
[100%] Built target fyodor-backend
[100%] Built target nya-bench-training-device
