[ 92%] Built target nya-engine
[100%] Built target fyodor-bench
-- The C compiler identification is GNU 16.2.0
-- Detecting C compiler ABI info
-- Detecting C compiler ABI info - done
-- Check for working C compiler: C:/Users/Colin/fyodor/.tools/w64devkit/bin/gcc.exe - skipped
-- Detecting C compile features
-- Detecting C compile features - done
-- Performing Test CMAKE_HAVE_LIBC_PTHREAD
-- Performing Test CMAKE_HAVE_LIBC_PTHREAD - Success
-- Found Threads: TRUE
-- Optional ROCm C loader enabled; HIP/rocBLAS are discovered at runtime
-- Optional MLX C loader enabled; MLX C/GPU are discovered at runtime
-- Configuring done (1.3s)
-- Generating done (0.4s)
-- Build files have been written to: C:/Users/Colin/fyodor/build-cpu/without-optcpp-d047c027d1ac/build
[  1%] Building C object backend/CMakeFiles/nya-mock-missing-vendor.dir/tests/mock_vendor.c.obj
[  2%] Building C object backend/CMakeFiles/nya-engine.dir/core/cpu_backend.c.obj
[  3%] Building C object backend/CMakeFiles/nya-mock-vendor.dir/tests/mock_vendor.c.obj
[  4%] Building C object backend/CMakeFiles/nya-make-test-models.dir/tests/make_test_models.c.obj
[  5%] Linking C executable ..\nya-make-test-models.exe
[  6%] Linking C shared library ..\libnya-mock-vendor.dll
[  8%] Linking C shared library ..\libnya-mock-missing-vendor.dll
[  8%] Built target nya-make-test-models
[  9%] Building C object backend/CMakeFiles/nya-engine.dir/core/cpu_kernels.c.obj
[  9%] Built target nya-mock-vendor
[  9%] Built target nya-mock-missing-vendor
[ 10%] Building C object backend/CMakeFiles/nya-engine.dir/core/llm_quant.c.obj
[ 11%] Building C object backend/CMakeFiles/nya-engine.dir/core/thread.c.obj
[ 12%] Building C object backend/CMakeFiles/nya-engine.dir/core/vendor.c.obj
[ 13%] Building C object backend/CMakeFiles/nya-test-config.dir/tests/test_config.c.obj
[ 15%] Building C object backend/CMakeFiles/nya-test-config.dir/core/config.c.obj
[ 16%] Building C object backend/CMakeFiles/nya-engine.dir/core/compute.c.obj
[ 17%] Linking C executable ..\nya-test-config.exe
[ 18%] Building C object backend/CMakeFiles/nya-engine.dir/core/execution.c.obj
[ 19%] Building C object backend/CMakeFiles/nya-engine.dir/core/generation.c.obj
[ 19%] Built target nya-test-config
[ 20%] Building C object backend/CMakeFiles/nya-engine.dir/core/file.c.obj
[ 22%] Building C object backend/CMakeFiles/nya-engine.dir/core/format.c.obj
[ 23%] Building C object backend/CMakeFiles/nya-engine.dir/core/format_gguf.c.obj
[ 24%] Building C object backend/CMakeFiles/nya-engine.dir/core/format_onnx.c.obj
[ 25%] Building C object backend/CMakeFiles/nya-engine.dir/core/format_safetensors.c.obj
[ 26%] Building C object backend/CMakeFiles/nya-engine.dir/core/llm_cpu.c.obj
[ 27%] Building C object backend/CMakeFiles/nya-engine.dir/core/llm_gguf.c.obj
[ 29%] Building C object backend/CMakeFiles/nya-engine.dir/core/multimodal.c.obj
[ 30%] Building C object backend/CMakeFiles/nya-engine.dir/core/model.c.obj
[ 31%] Building C object backend/CMakeFiles/nya-engine.dir/core/runtime.c.obj
[ 32%] Building C object backend/CMakeFiles/nya-engine.dir/core/training.c.obj
[ 33%] Building C object backend/CMakeFiles/nya-engine.dir/core/train_executor.c.obj
[ 34%] Building C object backend/CMakeFiles/nya-engine.dir/core/training_device.c.obj
[ 36%] Building C object backend/CMakeFiles/nya-engine.dir/core/training_indices.c.obj
[ 37%] Building C object backend/CMakeFiles/nya-engine.dir/core/pretraining.c.obj
[ 38%] Building C object backend/CMakeFiles/nya-engine.dir/__/rocm/rocm.c.obj
[ 39%] Building C object backend/CMakeFiles/nya-engine.dir/__/mlx/mlx.c.obj
[ 40%] Linking C static library libnya-engine.a
[ 40%] Built target nya-engine
[ 41%] Building C object backend/CMakeFiles/nya-server.dir/core/config.c.obj
[ 43%] Building C object backend/CMakeFiles/fyodor-train.dir/core/train_main.c.obj
[ 45%] Building C object backend/CMakeFiles/nya-test-vendor.dir/tests/test_vendor.c.obj
[ 45%] Building C object backend/CMakeFiles/fyodor-bench.dir/core/bench_main.c.obj
[ 46%] Linking C executable ..\nya-test-vendor.exe
[ 47%] Building C object backend/CMakeFiles/nya-server.dir/core/server.c.obj
[ 47%] Built target nya-test-vendor
[ 48%] Building C object backend/CMakeFiles/nya-test-formats.dir/tests/test_formats.c.obj
[ 50%] Linking C executable ..\fyodor-bench.exe
[ 50%] Built target fyodor-bench
[ 51%] Linking C executable ..\fyodor-train.exe
[ 52%] Building C object backend/CMakeFiles/nya-test-execution.dir/tests/test_execution.c.obj
[ 53%] Linking C executable ..\nya-test-execution.exe
[ 54%] Linking C executable ..\nya-test-formats.exe
[ 54%] Built target fyodor-train
[ 55%] Building C object backend/CMakeFiles/nya-test-generation.dir/tests/test_generation.c.obj
[ 55%] Built target nya-test-execution
[ 55%] Built target nya-test-formats
[ 58%] Building C object backend/CMakeFiles/nya-test-training.dir/tests/test_training.c.obj
[ 58%] Building C object backend/CMakeFiles/nya-test-architectures.dir/tests/test_architectures.c.obj
[ 59%] Linking C executable ..\nya-test-generation.exe
[ 59%] Built target nya-test-generation
[ 60%] Linking C static library libnya-server.a
[ 61%] Building C object backend/CMakeFiles/nya-test-train-runner.dir/tests/test_train_runner.c.obj
[ 61%] Built target nya-server
[ 62%] Linking C executable ..\nya-test-training.exe
[ 63%] Building C object backend/CMakeFiles/nya-test-pretraining.dir/tests/test_pretraining.c.obj
[ 63%] Built target nya-test-training
[ 65%] Building C object backend/CMakeFiles/nya-test-compute.dir/tests/test_compute.c.obj
[ 66%] Linking C executable ..\nya-test-compute.exe
[ 66%] Built target nya-test-compute
[ 67%] Building C object backend/CMakeFiles/nya-test-inference.dir/tests/test_inference.c.obj
[ 68%] Linking C executable ..\nya-test-train-runner.exe
[ 69%] Linking C executable ..\nya-test-inference.exe
[ 69%] Built target nya-test-train-runner
[ 69%] Built target nya-test-inference
[ 70%] Building C object backend/CMakeFiles/nya-test-quant-kernels.dir/tests/test_quant_kernels.c.obj
[ 72%] Building C object backend/CMakeFiles/nya-test-attention.dir/tests/test_attention.c.obj
[ 73%] Linking C executable ..\nya-test-attention.exe
[ 74%] Linking C executable ..\nya-test-quant-kernels.exe
[ 74%] Built target nya-test-attention
[ 74%] Built target nya-test-quant-kernels
[ 75%] Building C object backend/CMakeFiles/nya-test-kv-precision.dir/tests/test_kv_precision.c.obj
[ 76%] Building C object backend/CMakeFiles/nya-test-server.dir/tests/test_server.c.obj
[ 77%] Linking C executable ..\nya-test-kv-precision.exe
[ 77%] Built target nya-test-kv-precision
[ 79%] Building C object backend/CMakeFiles/nya-test-server.dir/core/config.c.obj
[ 80%] Linking C executable ..\nya-test-architectures.exe
[ 80%] Built target nya-test-architectures
[ 81%] Building C object backend/CMakeFiles/nya-test-api.dir/tests/test_api.c.obj
[ 82%] Building C object backend/CMakeFiles/nya-test-training-device.dir/tests/test_training_device.c.obj
[ 83%] Linking C executable ..\nya-test-pretraining.exe
[ 83%] Built target nya-test-pretraining
[ 84%] Building C object backend/CMakeFiles/nya-test-api.dir/core/config.c.obj
[ 86%] Linking C executable ..\nya-test-training-device.exe
[ 87%] Building C object backend/CMakeFiles/nya-bench-training-device.dir/benchmarks/training_device_bench.c.obj
[ 87%] Built target nya-test-training-device
[ 88%] Building C object backend/CMakeFiles/nya-test-training-elementwise.dir/tests/test_training_elementwise.c.obj
[ 89%] Linking C executable ..\nya-test-server.exe
[ 89%] Built target nya-test-server
[ 90%] Linking C executable ..\nya-test-training-elementwise.exe
[ 91%] Building C object backend/CMakeFiles/nya-test-training-norm.dir/tests/test_training_norm.c.obj
[ 91%] Built target nya-test-training-elementwise
[ 93%] Linking C executable ..\nya-bench-training-device.exe
[ 94%] Building C object backend/CMakeFiles/nya-test-training-embedding.dir/tests/test_training_embedding.c.obj
[ 95%] Linking C executable ..\nya-test-api.exe
[ 95%] Built target nya-bench-training-device
[ 96%] Linking C executable ..\nya-test-training-norm.exe
[ 96%] Built target nya-test-api
[ 97%] Building C object backend/CMakeFiles/fyodor-backend.dir/core/main.c.obj
[ 98%] Linking C executable ..\nya-test-training-embedding.exe
[ 98%] Built target nya-test-training-norm
[100%] Linking C executable ..\fyodor-backend.exe
[100%] Built target nya-test-training-embedding
[100%] Built target fyodor-backend
Internal ctest changing into directory: C:/Users/Colin/fyodor/build-cpu/without-optcpp-d047c027d1ac/build
Test project C:/Users/Colin/fyodor/build-cpu/without-optcpp-d047c027d1ac/build
      Start  1: vendor-rocm-failures
 1/55 Test  #1: vendor-rocm-failures .............   Passed    0.01 sec
      Start  2: vendor-rocm-quant
 2/55 Test  #2: vendor-rocm-quant ................   Passed    0.18 sec
      Start 47: train-export-decoder
 3/55 Test #47: train-export-decoder .............   Passed    0.15 sec
      Start  3: vendor-rocm-inference
 4/55 Test  #3: vendor-rocm-inference ............   Passed    0.01 sec
      Start  4: vendor-rocm-gemma
 5/55 Test  #4: vendor-rocm-gemma ................   Passed    0.12 sec
      Start  5: vendor-rocm-api
 6/55 Test  #5: vendor-rocm-api ..................   Passed    0.01 sec
      Start  6: vendor-rocm-missing-library
 7/55 Test  #6: vendor-rocm-missing-library ......   Passed    0.00 sec
      Start  7: vendor-rocm-missing-symbol
 8/55 Test  #7: vendor-rocm-missing-symbol .......   Passed    0.00 sec
      Start  8: vendor-rocm-api-fallback
 9/55 Test  #8: vendor-rocm-api-fallback .........   Passed    0.01 sec
      Start  9: vendor-rocm-invalid-budget
10/55 Test  #9: vendor-rocm-invalid-budget .......   Passed    0.00 sec
      Start 10: hardware-rocm-quant
11/55 Test #10: hardware-rocm-quant ..............***Skipped   0.00 sec
      Start 11: hardware-rocm-inference
12/55 Test #11: hardware-rocm-inference ..........***Skipped   0.00 sec
      Start 12: vendor-rocm-bench
13/55 Test #12: vendor-rocm-bench ................   Passed    0.02 sec
      Start 13: vendor-mlx-failures
14/55 Test #13: vendor-mlx-failures ..............   Passed    0.01 sec
      Start 14: vendor-mlx-quant
15/55 Test #14: vendor-mlx-quant .................   Passed    0.18 sec
      Start 15: vendor-mlx-inference
16/55 Test #15: vendor-mlx-inference .............   Passed    0.00 sec
      Start 16: vendor-mlx-gemma
17/55 Test #16: vendor-mlx-gemma .................   Passed    0.11 sec
      Start 17: vendor-mlx-api
18/55 Test #17: vendor-mlx-api ...................   Passed    0.01 sec
      Start 18: vendor-mlx-missing-library
19/55 Test #18: vendor-mlx-missing-library .......   Passed    0.00 sec
      Start 19: vendor-mlx-missing-symbol
20/55 Test #19: vendor-mlx-missing-symbol ........   Passed    0.00 sec
      Start 20: vendor-mlx-api-fallback
21/55 Test #20: vendor-mlx-api-fallback ..........   Passed    0.01 sec
      Start 21: vendor-mlx-invalid-budget
22/55 Test #21: vendor-mlx-invalid-budget ........   Passed    0.00 sec
      Start 22: hardware-mlx-quant
23/55 Test #22: hardware-mlx-quant ...............***Skipped   0.00 sec
      Start 23: hardware-mlx-inference
24/55 Test #23: hardware-mlx-inference ...........***Skipped   0.00 sec
      Start 24: vendor-mlx-bench
25/55 Test #24: vendor-mlx-bench .................   Passed    0.02 sec
      Start 25: kv-precision
26/55 Test #25: kv-precision .....................   Passed    0.01 sec
      Start 26: quant-kernels-cpu-dot
27/55 Test #26: quant-kernels-cpu-dot ............   Passed    0.15 sec
      Start 27: quant-kernels-scalar
28/55 Test #27: quant-kernels-scalar .............   Passed    0.16 sec
      Start 28: attention-scalar
29/55 Test #28: attention-scalar .................   Passed    0.01 sec
      Start 29: quant-kernels-avx2
30/55 Test #29: quant-kernels-avx2 ...............   Passed    0.15 sec
      Start 30: attention-avx2
31/55 Test #30: attention-avx2 ...................   Passed    0.00 sec
      Start 31: quant-kernels-avx512
32/55 Test #31: quant-kernels-avx512 .............   Passed    0.16 sec
      Start 32: attention-avx512
33/55 Test #32: attention-avx512 .................   Passed    0.00 sec
      Start 33: inference-session-parity
34/55 Test #33: inference-session-parity .........   Passed    0.00 sec
      Start 34: inference-cpu-optimized
35/55 Test #34: inference-cpu-optimized ..........   Passed    0.00 sec
      Start 35: generate-model-fixtures
36/55 Test #35: generate-model-fixtures ..........   Passed    0.01 sec
      Start 36: validate-server-config
37/55 Test #36: validate-server-config ...........   Passed    0.01 sec
      Start 37: inspect-model-formats
38/55 Test #37: inspect-model-formats ............   Passed    0.01 sec
      Start 38: generate-native-gguf
39/55 Test #38: generate-native-gguf .............   Passed    0.07 sec
      Start 39: validate-gemma-graphs
40/55 Test #39: validate-gemma-graphs ............   Passed    0.12 sec
      Start 40: training-device-interface
41/55 Test #40: training-device-interface ........   Passed    0.01 sec
      Start 41: training-elementwise-interface
42/55 Test #41: training-elementwise-interface ...   Passed    0.01 sec
      Start 42: training-norm-interface
43/55 Test #42: training-norm-interface ..........   Passed    0.01 sec
      Start 43: training-embedding-interface
44/55 Test #43: training-embedding-interface .....   Passed    0.01 sec
      Start 44: validate-training
45/55 Test #44: validate-training ................   Passed    0.15 sec
      Start 45: train-accumulation
46/55 Test #45: train-accumulation ...............   Passed    0.03 sec
      Start 46: validate-training-scalar
47/55 Test #46: validate-training-scalar .........   Passed    0.20 sec
      Start 48: compatible-rest-apis
48/55 Test #48: compatible-rest-apis .............   Passed    0.01 sec
      Start 49: benchmark-cli
49/55 Test #49: benchmark-cli ....................   Passed    0.03 sec
      Start 50: train-cli-workflows
50/55 Test #50: train-cli-workflows ..............   Passed    0.49 sec
      Start 51: train-stop-workflows
51/55 Test #51: train-stop-workflows .............   Passed    0.64 sec
      Start 52: train-unicode-paths
52/55 Test #52: train-unicode-paths ..............   Passed    0.30 sec
      Start 53: train-evaluation
53/55 Test #53: train-evaluation .................   Passed    0.38 sec
      Start 54: validate-http-protocol
54/55 Test #54: validate-http-protocol ...........   Passed    0.65 sec
      Start 55: validate-compute
55/55 Test #55: validate-compute .................   Passed    0.01 sec

100% tests passed, 0 tests failed out of 55

Total Test time (real) =   4.73 sec

The following tests did not run:
	 10 - hardware-rocm-quant (Skipped)
	 11 - hardware-rocm-inference (Skipped)
	 22 - hardware-mlx-quant (Skipped)
	 23 - hardware-mlx-inference (Skipped)
-- CPU pp8 before=806464.65899999999, after=814711.45999999996; tg8 before=384986.97399999999, after=380230.19400000002 tokens/s
-- Verified without optcpp: C:/Users/Colin/fyodor/build-cpu/without-optcpp-d047c027d1ac; benchmark JSON retained
[100%] Built target verify-without-optcpp
