-- The C compiler identification is GNU 16.2.0
-- Detecting C compiler ABI info
-- Detecting C compiler ABI info - done
-- Check for working C compiler: C:/Users/Colin/fyodor/.tools/w64devkit/bin/gcc.exe - skipped
-- Detecting C compile features
-- Detecting C compile features - done
-- Performing Test CMAKE_HAVE_LIBC_PTHREAD
-- Performing Test CMAKE_HAVE_LIBC_PTHREAD - Success
-- Found Threads: TRUE
-- Found Vulkan: C:/Windows/System32/vulkan-1.dll (found suitable version "1.4.357", minimum required is "1.3")  missing components: glslc glslangValidator
-- Optional ROCm C loader enabled; HIP/rocBLAS are discovered at runtime
-- Optional MLX C loader enabled; MLX C/GPU are discovered at runtime
-- CUDA driver/NVRTC provider enabled (C host compiler; runtime CUDA compilation)
-- CUDA/cutlass directory absent: retaining native CUDA kernels
-- Configuring done (1.7s)
-- Generating done (0.4s)
-- Build files have been written to: C:/Users/Colin/fyodor/build-cuda/without-cutlass-fd198bd3b0c5/build
[  1%] Building C object backend/CMakeFiles/nya-engine.dir/core/cpu_backend.c.obj
[  3%] Building C object backend/CMakeFiles/nya-mock-vendor.dir/tests/mock_vendor.c.obj
[  3%] Building C object backend/CMakeFiles/nya-make-test-models.dir/tests/make_test_models.c.obj
[  4%] Building C object backend/CMakeFiles/nya-mock-missing-vendor.dir/tests/mock_vendor.c.obj
[  5%] Linking C executable ..\nya-make-test-models.exe
[  6%] Linking C shared library ..\libnya-mock-vendor.dll
[  7%] Linking C shared library ..\libnya-mock-missing-vendor.dll
[  7%] Built target nya-make-test-models
[  9%] Building C object backend/CMakeFiles/nya-engine.dir/core/cpu_kernels.c.obj
[  9%] Built target nya-mock-vendor
[  9%] Built target nya-mock-missing-vendor
[ 10%] Building C object backend/CMakeFiles/nya-engine.dir/core/llm_quant.c.obj
[ 11%] Building C object backend/CMakeFiles/nya-engine.dir/core/thread.c.obj
[ 12%] Building C object backend/CMakeFiles/nya-engine.dir/core/vendor.c.obj
[ 13%] Building C object backend/CMakeFiles/nya-test-config.dir/tests/test_config.c.obj
[ 14%] Building C object backend/CMakeFiles/nya-test-config.dir/core/config.c.obj
[ 15%] Building C object backend/CMakeFiles/nya-engine.dir/core/compute.c.obj
[ 17%] Linking C executable ..\nya-test-config.exe
[ 18%] Building C object backend/CMakeFiles/nya-engine.dir/core/execution.c.obj
[ 19%] Building C object backend/CMakeFiles/nya-engine.dir/core/generation.c.obj
[ 19%] Built target nya-test-config
[ 20%] Building C object backend/CMakeFiles/nya-engine.dir/core/file.c.obj
[ 21%] Building C object backend/CMakeFiles/nya-engine.dir/core/format.c.obj
[ 22%] Building C object backend/CMakeFiles/nya-engine.dir/core/format_gguf.c.obj
[ 23%] Building C object backend/CMakeFiles/nya-engine.dir/core/format_onnx.c.obj
[ 25%] Building C object backend/CMakeFiles/nya-engine.dir/core/format_safetensors.c.obj
[ 26%] Building C object backend/CMakeFiles/nya-engine.dir/core/llm_cpu.c.obj
[ 27%] Building C object backend/CMakeFiles/nya-engine.dir/core/llm_gguf.c.obj
[ 28%] Building C object backend/CMakeFiles/nya-engine.dir/core/multimodal.c.obj
[ 29%] Building C object backend/CMakeFiles/nya-engine.dir/core/model.c.obj
[ 30%] Building C object backend/CMakeFiles/nya-engine.dir/core/runtime.c.obj
[ 31%] Building C object backend/CMakeFiles/nya-engine.dir/core/training.c.obj
[ 32%] Building C object backend/CMakeFiles/nya-engine.dir/core/train_executor.c.obj
[ 34%] Building C object backend/CMakeFiles/nya-engine.dir/core/training_device.c.obj
[ 35%] Building C object backend/CMakeFiles/nya-engine.dir/core/training_indices.c.obj
[ 36%] Building C object backend/CMakeFiles/nya-engine.dir/core/pretraining.c.obj
[ 37%] Building C object backend/CMakeFiles/nya-engine.dir/vulkan/vulkan.c.obj
[ 38%] Building C object backend/CMakeFiles/nya-engine.dir/__/rocm/rocm.c.obj
[ 39%] Building C object backend/CMakeFiles/nya-engine.dir/__/mlx/mlx.c.obj
[ 40%] Building C object backend/CMakeFiles/nya-engine.dir/__/CUDA/cuda.c.obj
[ 42%] Linking C static library libnya-engine.a
[ 42%] Built target nya-engine
[ 43%] Building C object backend/CMakeFiles/nya-server.dir/core/config.c.obj
[ 44%] Building C object backend/CMakeFiles/fyodor-train.dir/core/train_main.c.obj
[ 46%] Building C object backend/CMakeFiles/fyodor-bench.dir/core/bench_main.c.obj
[ 46%] Building C object backend/CMakeFiles/nya-test-vendor.dir/tests/test_vendor.c.obj
[ 47%] Linking C executable ..\nya-test-vendor.exe
[ 48%] Building C object backend/CMakeFiles/nya-server.dir/core/server.c.obj
[ 48%] Built target nya-test-vendor
[ 50%] Building C object backend/CMakeFiles/nya-test-formats.dir/tests/test_formats.c.obj
[ 51%] Linking C executable ..\fyodor-bench.exe
[ 51%] Built target fyodor-bench
[ 52%] Linking C executable ..\fyodor-train.exe
[ 53%] Building C object backend/CMakeFiles/nya-test-execution.dir/tests/test_execution.c.obj
[ 54%] Linking C executable ..\nya-test-execution.exe
[ 55%] Linking C executable ..\nya-test-formats.exe
[ 55%] Built target fyodor-train
[ 56%] Building C object backend/CMakeFiles/nya-test-generation.dir/tests/test_generation.c.obj
[ 56%] Built target nya-test-execution
[ 56%] Built target nya-test-formats
[ 59%] Building C object backend/CMakeFiles/nya-test-architectures.dir/tests/test_architectures.c.obj
[ 59%] Building C object backend/CMakeFiles/nya-test-training.dir/tests/test_training.c.obj
[ 60%] Linking C executable ..\nya-test-generation.exe
[ 60%] Built target nya-test-generation
[ 61%] Linking C static library libnya-server.a
[ 62%] Building C object backend/CMakeFiles/nya-test-train-runner.dir/tests/test_train_runner.c.obj
[ 62%] Built target nya-server
[ 63%] Linking C executable ..\nya-test-training.exe
[ 64%] Building C object backend/CMakeFiles/nya-test-pretraining.dir/tests/test_pretraining.c.obj
[ 64%] Built target nya-test-training
[ 65%] Building C object backend/CMakeFiles/nya-test-compute.dir/tests/test_compute.c.obj
[ 67%] Linking C executable ..\nya-test-compute.exe
[ 67%] Built target nya-test-compute
[ 68%] Building C object backend/CMakeFiles/nya-test-inference.dir/tests/test_inference.c.obj
[ 69%] Linking C executable ..\nya-test-train-runner.exe
[ 70%] Linking C executable ..\nya-test-inference.exe
[ 70%] Built target nya-test-train-runner
[ 70%] Built target nya-test-inference
[ 71%] Building C object backend/CMakeFiles/nya-test-quant-kernels.dir/tests/test_quant_kernels.c.obj
[ 72%] Building C object backend/CMakeFiles/nya-test-attention.dir/tests/test_attention.c.obj
[ 75%] Linking C executable ..\nya-test-quant-kernels.exe
[ 75%] Linking C executable ..\nya-test-attention.exe
[ 75%] Built target nya-test-quant-kernels
[ 75%] Built target nya-test-attention
[ 77%] Building C object backend/CMakeFiles/nya-test-kv-precision.dir/tests/test_kv_precision.c.obj
[ 77%] Building C object backend/CMakeFiles/nya-test-server.dir/tests/test_server.c.obj
[ 78%] Linking C executable ..\nya-test-kv-precision.exe
[ 78%] Built target nya-test-kv-precision
[ 79%] Building C object backend/CMakeFiles/nya-test-server.dir/core/config.c.obj
[ 80%] Linking C executable ..\nya-test-architectures.exe
[ 80%] Built target nya-test-architectures
[ 81%] Linking C executable ..\nya-test-pretraining.exe
[ 82%] Building C object backend/CMakeFiles/nya-test-api.dir/tests/test_api.c.obj
[ 84%] Building C object backend/CMakeFiles/nya-test-training-device.dir/tests/test_training_device.c.obj
[ 84%] Built target nya-test-pretraining
[ 85%] Building C object backend/CMakeFiles/nya-test-api.dir/core/config.c.obj
[ 86%] Linking C executable ..\nya-test-training-device.exe
[ 87%] Building C object backend/CMakeFiles/nya-bench-training-device.dir/benchmarks/training_device_bench.c.obj
[ 87%] Built target nya-test-training-device
[ 88%] Building C object backend/CMakeFiles/nya-test-training-elementwise.dir/tests/test_training_elementwise.c.obj
[ 89%] Linking C executable ..\nya-test-server.exe
[ 90%] Linking C executable ..\nya-test-training-elementwise.exe
[ 90%] Built target nya-test-server
[ 92%] Building C object backend/CMakeFiles/nya-test-training-norm.dir/tests/test_training_norm.c.obj
[ 92%] Built target nya-test-training-elementwise
[ 93%] Linking C executable ..\nya-bench-training-device.exe
[ 94%] Building C object backend/CMakeFiles/nya-test-training-embedding.dir/tests/test_training_embedding.c.obj
[ 94%] Built target nya-bench-training-device
[ 95%] Linking C executable ..\nya-test-api.exe
[ 96%] Building C object backend/CMakeFiles/fyodor-backend.dir/core/main.c.obj
[ 97%] Linking C executable ..\nya-test-training-norm.exe
[ 97%] Built target nya-test-api
[ 98%] Linking C executable ..\nya-test-training-embedding.exe
[100%] Linking C executable ..\fyodor-backend.exe
[100%] Built target nya-test-training-norm
[100%] Built target nya-test-training-embedding
[100%] Built target fyodor-backend
Test project C:/Users/Colin/fyodor/build-cuda/without-cutlass-fd198bd3b0c5/build
      Start  1: vendor-rocm-failures
 1/96 Test  #1: vendor-rocm-failures ..................   Passed    0.01 sec
      Start  2: vendor-rocm-quant
 2/96 Test  #2: vendor-rocm-quant .....................   Passed    0.18 sec
      Start 64: train-export-decoder
 3/96 Test #64: train-export-decoder ..................   Passed    0.14 sec
      Start  3: vendor-rocm-inference
 4/96 Test  #3: vendor-rocm-inference .................   Passed    0.01 sec
      Start  4: vendor-rocm-gemma
 5/96 Test  #4: vendor-rocm-gemma .....................   Passed    0.12 sec
      Start  5: vendor-rocm-api
 6/96 Test  #5: vendor-rocm-api .......................   Passed    0.02 sec
      Start  6: vendor-rocm-missing-library
 7/96 Test  #6: vendor-rocm-missing-library ...........   Passed    0.00 sec
      Start  7: vendor-rocm-missing-symbol
 8/96 Test  #7: vendor-rocm-missing-symbol ............   Passed    0.00 sec
      Start  8: vendor-rocm-api-fallback
 9/96 Test  #8: vendor-rocm-api-fallback ..............   Passed    0.01 sec
      Start  9: vendor-rocm-invalid-budget
10/96 Test  #9: vendor-rocm-invalid-budget ............   Passed    0.00 sec
      Start 10: hardware-rocm-quant
11/96 Test #10: hardware-rocm-quant ...................***Skipped   0.00 sec
      Start 11: hardware-rocm-inference
12/96 Test #11: hardware-rocm-inference ...............***Skipped   0.01 sec
      Start 12: vendor-rocm-bench
13/96 Test #12: vendor-rocm-bench .....................   Passed    0.02 sec
      Start 13: vendor-mlx-failures
14/96 Test #13: vendor-mlx-failures ...................   Passed    0.01 sec
      Start 14: vendor-mlx-quant
15/96 Test #14: vendor-mlx-quant ......................   Passed    0.18 sec
      Start 15: vendor-mlx-inference
16/96 Test #15: vendor-mlx-inference ..................   Passed    0.01 sec
      Start 16: vendor-mlx-gemma
17/96 Test #16: vendor-mlx-gemma ......................   Passed    0.11 sec
      Start 17: vendor-mlx-api
18/96 Test #17: vendor-mlx-api ........................   Passed    0.01 sec
      Start 18: vendor-mlx-missing-library
19/96 Test #18: vendor-mlx-missing-library ............   Passed    0.00 sec
      Start 19: vendor-mlx-missing-symbol
20/96 Test #19: vendor-mlx-missing-symbol .............   Passed    0.00 sec
      Start 20: vendor-mlx-api-fallback
21/96 Test #20: vendor-mlx-api-fallback ...............   Passed    0.01 sec
      Start 21: vendor-mlx-invalid-budget
22/96 Test #21: vendor-mlx-invalid-budget .............   Passed    0.00 sec
      Start 22: hardware-mlx-quant
23/96 Test #22: hardware-mlx-quant ....................***Skipped   0.00 sec
      Start 23: hardware-mlx-inference
24/96 Test #23: hardware-mlx-inference ................***Skipped   0.00 sec
      Start 24: vendor-mlx-bench
25/96 Test #24: vendor-mlx-bench ......................   Passed    0.02 sec
      Start 25: kv-precision
26/96 Test #25: kv-precision ..........................   Passed    0.01 sec
      Start 26: quant-kernels-cpu-dot
27/96 Test #26: quant-kernels-cpu-dot .................   Passed    0.15 sec
      Start 27: quant-kernels-scalar
28/96 Test #27: quant-kernels-scalar ..................   Passed    0.16 sec
      Start 28: attention-scalar
29/96 Test #28: attention-scalar ......................   Passed    0.01 sec
      Start 29: quant-kernels-avx2
30/96 Test #29: quant-kernels-avx2 ....................   Passed    0.16 sec
      Start 30: attention-avx2
31/96 Test #30: attention-avx2 ........................   Passed    0.01 sec
      Start 31: quant-kernels-avx512
32/96 Test #31: quant-kernels-avx512 ..................   Passed    0.16 sec
      Start 32: attention-avx512
33/96 Test #32: attention-avx512 ......................   Passed    0.01 sec
      Start 33: inference-session-parity
34/96 Test #33: inference-session-parity ..............   Passed    0.01 sec
      Start 34: inference-cpu-optimized
35/96 Test #34: inference-cpu-optimized ...............   Passed    0.01 sec
      Start 35: generate-model-fixtures
36/96 Test #35: generate-model-fixtures ...............   Passed    0.01 sec
      Start 36: validate-server-config
37/96 Test #36: validate-server-config ................   Passed    0.01 sec
      Start 37: inspect-model-formats
38/96 Test #37: inspect-model-formats .................   Passed    0.01 sec
      Start 38: generate-native-gguf
39/96 Test #38: generate-native-gguf ..................   Passed    0.07 sec
      Start 39: validate-gemma-graphs
40/96 Test #39: validate-gemma-graphs .................   Passed    0.12 sec
      Start 40: training-device-interface
41/96 Test #40: training-device-interface .............   Passed    0.01 sec
      Start 41: training-elementwise-interface
42/96 Test #41: training-elementwise-interface ........   Passed    0.01 sec
      Start 42: training-norm-interface
43/96 Test #42: training-norm-interface ...............   Passed    0.01 sec
      Start 43: training-embedding-interface
44/96 Test #43: training-embedding-interface ..........   Passed    0.01 sec
      Start 44: training-embedding-cuda
45/96 Test #44: training-embedding-cuda ...............   Passed    2.15 sec
      Start 45: training-embedding-cuda-reference
46/96 Test #45: training-embedding-cuda-reference .....   Passed    2.37 sec
      Start 46: training-embedding-cuda-failure-4
47/96 Test #46: training-embedding-cuda-failure-4 .....   Passed    0.15 sec
      Start 47: training-embedding-cuda-failure-5
48/96 Test #47: training-embedding-cuda-failure-5 .....   Passed    0.14 sec
      Start 48: training-embedding-cuda-failure-6
49/96 Test #48: training-embedding-cuda-failure-6 .....   Passed    0.15 sec
      Start 49: training-norm-cuda
50/96 Test #49: training-norm-cuda ....................   Passed    0.21 sec
      Start 50: training-norm-cuda-reference
51/96 Test #50: training-norm-cuda-reference ..........   Passed    0.20 sec
      Start 51: training-norm-cuda-failure-7
52/96 Test #51: training-norm-cuda-failure-7 ..........   Passed    0.14 sec
      Start 52: training-norm-cuda-failure-8
53/96 Test #52: training-norm-cuda-failure-8 ..........   Passed    0.14 sec
      Start 53: training-norm-cuda-failure-9
54/96 Test #53: training-norm-cuda-failure-9 ..........   Passed    0.14 sec
      Start 54: training-elementwise-cuda
55/96 Test #54: training-elementwise-cuda .............   Passed    0.20 sec
      Start 55: training-elementwise-cuda-reference
56/96 Test #55: training-elementwise-cuda-reference ...   Passed    0.20 sec
      Start 56: training-elementwise-cuda-failure
57/96 Test #56: training-elementwise-cuda-failure .....   Passed    0.14 sec
      Start 57: training-device-cuda
58/96 Test #57: training-device-cuda ..................   Passed    0.86 sec
      Start 58: training-device-cuda-failure
59/96 Test #58: training-device-cuda-failure ..........   Passed    0.14 sec
      Start 59: training-device-cuda-matrix-failure
60/96 Test #59: training-device-cuda-matrix-failure ...   Passed    0.15 sec
      Start 60: training-device-cuda-finite-failure
61/96 Test #60: training-device-cuda-finite-failure ...   Passed    0.15 sec
      Start 61: validate-training
62/96 Test #61: validate-training .....................   Passed    0.15 sec
      Start 62: train-accumulation
63/96 Test #62: train-accumulation ....................   Passed    0.03 sec
      Start 63: validate-training-scalar
64/96 Test #63: validate-training-scalar ..............   Passed    0.21 sec
      Start 65: compatible-rest-apis
65/96 Test #65: compatible-rest-apis ..................   Passed    0.01 sec
      Start 66: benchmark-cli
66/96 Test #66: benchmark-cli .........................   Passed    0.04 sec
      Start 67: train-cli-workflows
67/96 Test #67: train-cli-workflows ...................   Passed    0.54 sec
      Start 68: train-stop-workflows
68/96 Test #68: train-stop-workflows ..................   Passed    0.71 sec
      Start 69: train-unicode-paths
69/96 Test #69: train-unicode-paths ...................   Passed    0.35 sec
      Start 70: train-evaluation
70/96 Test #70: train-evaluation ......................   Passed    0.42 sec
      Start 71: validate-http-protocol
71/96 Test #71: validate-http-protocol ................   Passed    0.65 sec
      Start 72: validate-compute
72/96 Test #72: validate-compute ......................   Passed    0.01 sec
      Start 73: validate-vulkan-compute
73/96 Test #73: validate-vulkan-compute ...............   Passed    0.30 sec
      Start 74: generate-native-gguf-vulkan
74/96 Test #74: generate-native-gguf-vulkan ...........   Passed    0.80 sec
      Start 75: inference-vulkan-logits
75/96 Test #75: inference-vulkan-logits ...............   Passed    0.22 sec
      Start 76: inference-cuda-attention-shapes
76/96 Test #76: inference-cuda-attention-shapes .......   Passed   11.84 sec
      Start 77: inference-cuda-attention-unsplit
77/96 Test #77: inference-cuda-attention-unsplit ......   Passed   10.43 sec
      Start 78: inference-cuda-attention-no-graphs
78/96 Test #78: inference-cuda-attention-no-graphs ....   Passed   11.28 sec
      Start 79: inference-cuda-graph-reuse
79/96 Test #79: inference-cuda-graph-reuse ............   Passed    0.30 sec
      Start 80: inference-cuda-graph-reference
80/96 Test #80: inference-cuda-graph-reference ........   Passed    1.80 sec
      Start 81: inference-cuda-blas
81/96 Test #81: inference-cuda-blas ...................   Passed    0.26 sec
      Start 82: quant-kernels-cuda-chunks
82/96 Test #82: quant-kernels-cuda-chunks .............   Passed    3.11 sec
      Start 83: quant-kernels-cuda-legacy-layout
83/96 Test #83: quant-kernels-cuda-legacy-layout ......   Passed    3.21 sec
      Start 84: inference-cuda-blas-unavailable
84/96 Test #84: inference-cuda-blas-unavailable .......   Passed    0.15 sec
      Start 85: quant-kernels-cuda
85/96 Test #85: quant-kernels-cuda ....................   Passed    1.74 sec
      Start 86: quant-kernels-cuda-reference
86/96 Test #86: quant-kernels-cuda-reference ..........   Passed    0.87 sec
      Start 87: quant-kernels-cuda-long-32
87/96 Test #87: quant-kernels-cuda-long-32 ............   Passed    2.45 sec
      Start 88: quant-kernels-cuda-long-64
88/96 Test #88: quant-kernels-cuda-long-64 ............   Passed    2.44 sec
      Start 89: inference-cuda-resident
89/96 Test #89: inference-cuda-resident ...............   Passed    0.26 sec
      Start 90: inference-cuda-memory-fallback
90/96 Test #90: inference-cuda-memory-fallback ........   Passed    0.21 sec
      Start 91: inference-cuda-partial-allocation
91/96 Test #91: inference-cuda-partial-allocation .....   Passed    0.23 sec
      Start 92: inference-cuda-prefix-replay
92/96 Test #92: inference-cuda-prefix-replay ..........   Passed    0.22 sec
      Start 93: inference-cuda-without-graphs
93/96 Test #93: inference-cuda-without-graphs .........   Passed    0.23 sec
      Start 94: validate-cuda-compute
94/96 Test #94: validate-cuda-compute .................   Passed    0.64 sec
      Start 95: validate-cuda-gemma
95/96 Test #95: validate-cuda-gemma ...................   Passed    2.19 sec
      Start 96: generate-native-gguf-cuda
96/96 Test #96: generate-native-gguf-cuda .............   Passed    1.26 sec

100% tests passed out of 96

Total Test time (real) =  69.10 sec

The following tests did not run:
	 10 - hardware-rocm-quant (Skipped)
	 11 - hardware-rocm-inference (Skipped)
	 22 - hardware-mlx-quant (Skipped)
	 23 - hardware-mlx-inference (Skipped)
-- Verified CUDA source with CUTLASS physically absent: C:/Users/Colin/fyodor/build-cuda/without-cutlass-fd198bd3b0c5/source
Built target verify-without-cutlass
