[  1%] Building C object CMakeFiles/nya-mock-vendor.dir/tests/mock_vendor.c.obj
[ 32%] Built target nya-engine
[ 33%] Building C object CMakeFiles/nya-mock-missing-vendor.dir/tests/mock_vendor.c.obj
[ 34%] Building C object CMakeFiles/nya-make-test-models.dir/tests/make_test_models.c.obj
[ 35%] Building C object CMakeFiles/nya-test-config.dir/tests/test_config.c.obj
[ 36%] Linking C executable nya-make-test-models.exe
[ 37%] Linking C shared library libnya-mock-missing-vendor.dll
[ 38%] Linking C shared library libnya-mock-vendor.dll
[ 40%] Building C object CMakeFiles/nya-test-config.dir/core/config.c.obj
[ 40%] Built target nya-mock-missing-vendor
[ 40%] Built target nya-mock-vendor
[ 40%] Built target nya-make-test-models
[ 41%] Linking C executable nya-test-config.exe
[ 42%] Building C object CMakeFiles/nya-test-formats.dir/tests/test_formats.c.obj
[ 43%] Building C object CMakeFiles/nya-test-execution.dir/tests/test_execution.c.obj
[ 44%] Building C object CMakeFiles/nya-test-generation.dir/tests/test_generation.c.obj
[ 45%] Linking C executable nya-test-execution.exe
[ 45%] Built target nya-test-config
[ 46%] Linking C executable nya-test-generation.exe
[ 46%] Built target nya-test-execution
[ 47%] Building C object CMakeFiles/nya-test-architectures.dir/tests/test_architectures.c.obj
[ 47%] Built target nya-test-generation
[ 48%] Building C object CMakeFiles/nya-test-training.dir/tests/test_training.c.obj
[ 50%] Linking C executable nya-test-formats.exe
[ 51%] Building C object CMakeFiles/nya-test-train-runner.dir/tests/test_train_runner.c.obj
[ 51%] Built target nya-test-formats
[ 52%] Building C object CMakeFiles/nya-test-pretraining.dir/tests/test_pretraining.c.obj
[ 53%] Linking C executable nya-test-training.exe
[ 53%] Built target nya-test-training
[ 54%] Building C object CMakeFiles/nya-test-compute.dir/tests/test_compute.c.obj
[ 55%] Linking C executable nya-test-train-runner.exe
[ 56%] Linking C executable nya-test-compute.exe
[ 56%] Built target nya-test-train-runner
[ 56%] Built target nya-test-compute
[ 57%] Building C object CMakeFiles/nya-test-inference.dir/tests/test_inference.c.obj
[ 58%] Building C object CMakeFiles/nya-test-quant-kernels.dir/tests/test_quant_kernels.c.obj
[ 60%] Linking C executable nya-test-inference.exe
[ 61%] Linking C executable nya-test-quant-kernels.exe
[ 61%] Built target nya-test-inference
[ 61%] Built target nya-test-quant-kernels
[ 62%] Linking C executable nya-test-architectures.exe
[ 63%] Building C object CMakeFiles/nya-test-attention.dir/tests/test_attention.c.obj
[ 64%] Building C object CMakeFiles/nya-test-kv-precision.dir/tests/test_kv_precision.c.obj
[ 64%] Built target nya-test-architectures
[ 65%] Linking C executable nya-test-attention.exe
[ 66%] Linking C executable nya-test-kv-precision.exe
[ 67%] Linking C executable nya-test-pretraining.exe
[ 68%] Building C object CMakeFiles/nya-test-server.dir/tests/test_server.c.obj
[ 68%] Built target nya-test-attention
[ 70%] Building C object CMakeFiles/nya-test-server.dir/core/config.c.obj
[ 70%] Built target nya-test-kv-precision
[ 70%] Built target nya-test-pretraining
[ 71%] Building C object CMakeFiles/nya-test-api.dir/tests/test_api.c.obj
[ 72%] Building C object CMakeFiles/nya-test-training-device.dir/tests/test_training_device.c.obj
[ 73%] Building C object CMakeFiles/nya-bench-training-device.dir/benchmarks/training_device_bench.c.obj
[ 74%] Linking C executable nya-test-training-device.exe
[ 74%] Built target nya-test-training-device
[ 75%] Building C object CMakeFiles/nya-test-api.dir/core/config.c.obj
[ 76%] Linking C executable nya-test-server.exe
[ 77%] Linking C executable nya-bench-training-device.exe
[ 78%] Building C object CMakeFiles/nya-test-training-elementwise.dir/tests/test_training_elementwise.c.obj
[ 78%] Built target nya-test-server
[ 78%] Built target nya-bench-training-device
[ 80%] Linking C executable nya-test-api.exe
[ 82%] Built target nya-test-training-rope
[ 83%] Building C object CMakeFiles/nya-test-training-norm.dir/tests/test_training_norm.c.obj
[ 84%] Linking C executable nya-test-training-elementwise.exe
[ 84%] Built target nya-test-api
[ 85%] Building C object CMakeFiles/nya-test-training-embedding.dir/tests/test_training_embedding.c.obj
[ 86%] Building C object CMakeFiles/nya-server.dir/core/config.c.obj
[ 86%] Built target nya-test-training-elementwise
[ 87%] Linking C executable nya-test-training-norm.exe
[ 88%] Building C object CMakeFiles/fyodor-train.dir/core/train_main.c.obj
[ 90%] Linking C executable nya-test-training-embedding.exe
[ 91%] Building C object CMakeFiles/nya-server.dir/core/server.c.obj
[ 91%] Built target nya-test-training-norm
[ 91%] Built target nya-test-training-embedding
[ 92%] Building C object CMakeFiles/fyodor-bench.dir/core/bench_main.c.obj
[ 93%] Building C object CMakeFiles/nya-test-vendor.dir/tests/test_vendor.c.obj
[ 94%] Linking C executable nya-test-vendor.exe
[ 95%] Linking C executable fyodor-train.exe
[ 95%] Built target nya-test-vendor
[ 96%] Linking C executable fyodor-bench.exe
[ 96%] Built target fyodor-train
[ 96%] Built target fyodor-bench
[ 97%] Linking C static library libnya-server.a
[ 97%] Built target nya-server
[ 98%] Building C object CMakeFiles/fyodor-backend.dir/core/main.c.obj
[100%] Linking C executable fyodor-backend.exe
[100%] Built target fyodor-backend
