[  2%] Built target nya-mock-vendor
[  4%] Built target nya-mock-missing-vendor
[  7%] Built target nya-make-test-models
[ 39%] Built target nya-engine
[ 43%] Built target nya-test-config
[ 46%] Built target nya-server
[ 51%] Built target fyodor-train
[ 51%] Built target fyodor-bench
[ 54%] Built target nya-test-vendor
[ 56%] Built target nya-test-formats
[ 59%] Built target nya-test-generation
[ 61%] Built target nya-test-execution
[ 63%] Built target nya-test-architectures
[ 66%] Built target nya-test-training
[ 68%] Built target nya-test-pretraining
[ 71%] Built target nya-test-train-runner
[ 73%] Built target nya-test-compute
[ 75%] Built target nya-test-inference
[ 80%] Built target nya-test-quant-kernels
[ 80%] Built target nya-test-attention
[ 83%] Built target nya-test-kv-precision
[ 85%] Built target nya-test-training-device
[ 92%] Built target nya-test-api
[ 92%] Built target nya-test-server
[ 95%] Built target nya-bench-training-device
[ 97%] Built target nya-test-training-elementwise
[100%] Built target fyodor-backend
