-- Optional ROCm C loader enabled; HIP/rocBLAS are discovered at runtime
-- Optional MLX C loader enabled; MLX C/GPU are discovered at runtime
-- Configuring done (0.3s)
-- Generating done (0.3s)
-- Build files have been written to: C:/Users/Colin/fyodor/build-ort
[  2%] Built target nya-mock-vendor
[  4%] Built target nya-mock-missing-vendor
[  7%] Built target nya-make-test-models
[  8%] Building C object CMakeFiles/nya-engine.dir/core/training_device.c.obj
[ 12%] Built target nya-test-config
[ 13%] Linking C static library libnya-engine.a
[ 41%] Built target nya-engine
[ 43%] Linking C executable nya-test-vendor.exe
[ 44%] Linking C executable fyodor-bench.exe
[ 48%] Linking C executable fyodor-train.exe
[ 49%] Built target nya-server
[ 51%] Linking C executable nya-test-formats.exe
[ 51%] Built target nya-test-vendor
[ 53%] Built target fyodor-bench
[ 54%] Built target fyodor-train
[ 55%] Linking C executable nya-test-execution.exe
[ 56%] Linking C executable nya-test-generation.exe
[ 58%] Built target nya-test-formats
[ 59%] Linking C executable nya-test-architectures.exe
[ 60%] Linking C executable nya-test-training.exe
[ 61%] Built target nya-test-generation
[ 62%] Built target nya-test-execution
[ 64%] Built target nya-test-architectures
[ 65%] Linking C executable nya-test-pretraining.exe
[ 66%] Built target nya-test-training
[ 67%] Linking C executable nya-test-train-runner.exe
[ 69%] Linking C executable nya-test-compute.exe
[ 70%] Linking C executable nya-test-inference.exe
[ 71%] Built target nya-test-pretraining
[ 72%] Built target nya-test-train-runner
[ 74%] Built target nya-test-compute
[ 75%] Built target nya-test-inference
[ 77%] Linking C executable nya-test-attention.exe
[ 79%] Linking C executable nya-test-kv-precision.exe
[ 79%] Linking C executable nya-test-quant-kernels.exe
[ 80%] Linking C executable nya-test-server.exe
[ 81%] Built target nya-test-quant-kernels
[ 82%] Built target nya-test-attention
[ 83%] Built target nya-test-kv-precision
[ 85%] Building C object CMakeFiles/nya-test-training-device.dir/tests/test_training_device.c.obj
[ 87%] Built target nya-test-server
[ 88%] Linking C executable nya-test-api.exe
[ 90%] Building C object CMakeFiles/nya-bench-training-device.dir/benchmarks/training_device_bench.c.obj
[ 91%] Building C object CMakeFiles/nya-test-training-elementwise.dir/tests/test_training_elementwise.c.obj
[ 93%] Built target nya-test-api
[ 95%] Linking C executable fyodor-backend.exe
[ 96%] Linking C executable nya-test-training-device.exe
[ 97%] Built target fyodor-backend
[ 98%] Linking C executable nya-test-training-elementwise.exe
[ 98%] Built target nya-test-training-device
[ 98%] Built target nya-test-training-elementwise
[100%] Linking C executable nya-bench-training-device.exe
[100%] Built target nya-bench-training-device
