-- Optional ROCm C loader enabled; HIP/rocBLAS are discovered at runtime
-- Optional MLX C loader enabled; MLX C/GPU are discovered at runtime
-- CUDA driver/NVRTC provider enabled (C host compiler; runtime CUDA compilation)
-- CUTLASS: this generator cannot compile CUDA C++; use a standalone CUDA/cutlass build. C/NVRTC build retained
-- Configuring done (0.5s)
-- Generating done (0.3s)
-- Build files have been written to: C:/Users/Colin/fyodor/build-cuda-c23
[  2%] Built target nya-mock-vendor
[  4%] Built target nya-mock-missing-vendor
[  7%] Built target nya-make-test-models
[  8%] Building C object backend/CMakeFiles/nya-engine.dir/core/training_device.c.obj
[  9%] Building C object backend/CMakeFiles/nya-engine.dir/__/CUDA/cuda.c.obj
[ 13%] Built target nya-test-config
[ 14%] Linking C static library libnya-engine.a
[ 43%] Built target nya-engine
[ 44%] Linking C executable ..\nya-test-vendor.exe
[ 45%] Linking C executable ..\fyodor-train.exe
[ 46%] Linking C executable ..\fyodor-bench.exe
[ 50%] Built target nya-server
[ 51%] Linking C executable ..\nya-test-formats.exe
[ 53%] Built target nya-test-vendor
[ 55%] Built target fyodor-bench
[ 55%] Built target fyodor-train
[ 56%] Linking C executable ..\nya-test-execution.exe
[ 60%] Linking C executable ..\nya-test-generation.exe
[ 60%] Linking C executable ..\nya-test-architectures.exe
[ 60%] Built target nya-test-formats
[ 62%] Linking C executable ..\nya-test-training.exe
[ 62%] Built target nya-test-execution
[ 63%] Built target nya-test-architectures
[ 65%] Built target nya-test-generation
[ 66%] Linking C executable ..\nya-test-train-runner.exe
[ 67%] Built target nya-test-training
[ 69%] Linking C executable ..\nya-test-pretraining.exe
[ 69%] Linking C executable ..\nya-test-compute.exe
[ 71%] Linking C executable ..\nya-test-inference.exe
[ 72%] Built target nya-test-train-runner
[ 73%] Built target nya-test-compute
[ 74%] Built target nya-test-pretraining
[ 75%] Linking C executable ..\nya-test-quant-kernels.exe
[ 77%] Built target nya-test-inference
[ 78%] Linking C executable ..\nya-test-attention.exe
[ 79%] Linking C executable ..\nya-test-kv-precision.exe
[ 81%] Linking C executable ..\nya-test-server.exe
[ 81%] Built target nya-test-quant-kernels
[ 83%] Built target nya-test-attention
[ 84%] Built target nya-test-kv-precision
[ 85%] Linking C executable ..\nya-test-api.exe
[ 86%] Building C object backend/CMakeFiles/nya-test-training-device.dir/tests/test_training_device.c.obj
[ 87%] Building C object backend/CMakeFiles/nya-bench-training-device.dir/benchmarks/training_device_bench.c.obj
[ 90%] Built target nya-test-server
[ 91%] Building C object backend/CMakeFiles/nya-test-training-elementwise.dir/tests/test_training_elementwise.c.obj
[ 93%] Built target nya-test-api
[ 95%] Linking C executable ..\fyodor-backend.exe
[ 96%] Built target fyodor-backend
[ 97%] Linking C executable ..\nya-test-training-device.exe
[ 98%] Linking C executable ..\nya-test-training-elementwise.exe
[ 98%] Built target nya-test-training-device
[ 98%] Built target nya-test-training-elementwise
[100%] Linking C executable ..\nya-bench-training-device.exe
[100%] Built target nya-bench-training-device
