-- The C compiler identification is GNU 16.2.0
-- Detecting C compiler ABI info
-- Detecting C compiler ABI info - done
-- Check for working C compiler: C:/Users/Colin/fyodor/.tools/w64devkit/bin/gcc.exe - skipped
-- Detecting C compile features
-- Detecting C compile features - done
-- Performing Test CMAKE_HAVE_LIBC_PTHREAD
-- Performing Test CMAKE_HAVE_LIBC_PTHREAD - Success
-- Found Threads: TRUE
-- Found Vulkan: C:/Windows/System32/vulkan-1.dll (found suitable version "1.4.357", minimum required is "1.3")  missing components: glslc glslangValidator
-- Optional ROCm C loader enabled; HIP/rocBLAS are discovered at runtime
-- Optional MLX C loader enabled; MLX C/GPU are discovered at runtime
-- CUDA driver/NVRTC provider enabled (C host compiler; runtime CUDA compilation)
-- CUDA/cutlass directory absent: retaining native CUDA kernels
-- Configuring done (1.0s)
-- Generating done (0.3s)
-- Build files have been written to: C:/Users/Colin/fyodor/build-cuda/without-cutlass-be2e203f68f7/build
[  1%] Building C object backend/CMakeFiles/nya-mock-vendor.dir/tests/mock_vendor.c.obj
[  2%] Building C object backend/CMakeFiles/nya-engine.dir/core/cpu_backend.c.obj
[  4%] Building C object backend/CMakeFiles/nya-make-test-models.dir/tests/make_test_models.c.obj
[  4%] Building C object backend/CMakeFiles/nya-mock-missing-vendor.dir/tests/mock_vendor.c.obj
[  6%] Linking C executable ..\nya-make-test-models.exe
[  7%] Linking C shared library ..\libnya-mock-vendor.dll
[  8%] Linking C shared library ..\libnya-mock-missing-vendor.dll
[  8%] Built target nya-make-test-models
[  9%] Building C object backend/CMakeFiles/nya-engine.dir/core/cpu_kernels.c.obj
[  9%] Built target nya-mock-vendor
[  9%] Built target nya-mock-missing-vendor
[ 10%] Building C object backend/CMakeFiles/nya-engine.dir/core/llm_quant.c.obj
[ 12%] Building C object backend/CMakeFiles/nya-test-config.dir/tests/test_config.c.obj
[ 13%] Building C object backend/CMakeFiles/nya-test-config.dir/core/config.c.obj
[ 14%] Building C object backend/CMakeFiles/nya-engine.dir/core/thread.c.obj
[ 15%] Building C object backend/CMakeFiles/nya-engine.dir/core/vendor.c.obj
[ 16%] Linking C executable ..\nya-test-config.exe
[ 16%] Built target nya-test-config
[ 18%] Building C object backend/CMakeFiles/nya-engine.dir/core/compute.c.obj
[ 19%] Building C object backend/CMakeFiles/nya-engine.dir/core/execution.c.obj
[ 20%] Building C object backend/CMakeFiles/nya-engine.dir/core/generation.c.obj
[ 21%] Building C object backend/CMakeFiles/nya-engine.dir/core/file.c.obj
[ 22%] Building C object backend/CMakeFiles/nya-engine.dir/core/format.c.obj
[ 24%] Building C object backend/CMakeFiles/nya-engine.dir/core/format_gguf.c.obj
[ 25%] Building C object backend/CMakeFiles/nya-engine.dir/core/format_onnx.c.obj
[ 26%] Building C object backend/CMakeFiles/nya-engine.dir/core/format_safetensors.c.obj
[ 27%] Building C object backend/CMakeFiles/nya-engine.dir/core/llm_cpu.c.obj
[ 28%] Building C object backend/CMakeFiles/nya-engine.dir/core/llm_gguf.c.obj
[ 30%] Building C object backend/CMakeFiles/nya-engine.dir/core/multimodal.c.obj
[ 31%] Building C object backend/CMakeFiles/nya-engine.dir/core/model.c.obj
[ 32%] Building C object backend/CMakeFiles/nya-engine.dir/core/runtime.c.obj
[ 33%] Building C object backend/CMakeFiles/nya-engine.dir/core/training.c.obj
[ 34%] Building C object backend/CMakeFiles/nya-engine.dir/core/train_executor.c.obj
[ 36%] Building C object backend/CMakeFiles/nya-engine.dir/core/training_device.c.obj
[ 37%] Building C object backend/CMakeFiles/nya-engine.dir/core/pretraining.c.obj
[ 38%] Building C object backend/CMakeFiles/nya-engine.dir/vulkan/vulkan.c.obj
[ 39%] Building C object backend/CMakeFiles/nya-engine.dir/__/rocm/rocm.c.obj
[ 40%] Building C object backend/CMakeFiles/nya-engine.dir/__/mlx/mlx.c.obj
[ 42%] Building C object backend/CMakeFiles/nya-engine.dir/__/CUDA/cuda.c.obj
[ 43%] Linking C static library libnya-engine.a
[ 43%] Built target nya-engine
[ 44%] Building C object backend/CMakeFiles/fyodor-train.dir/core/train_main.c.obj
[ 45%] Building C object backend/CMakeFiles/nya-server.dir/core/config.c.obj
[ 46%] Building C object backend/CMakeFiles/nya-test-vendor.dir/tests/test_vendor.c.obj
[ 48%] Building C object backend/CMakeFiles/fyodor-bench.dir/core/bench_main.c.obj
[ 49%] Linking C executable ..\nya-test-vendor.exe
[ 50%] Building C object backend/CMakeFiles/nya-server.dir/core/server.c.obj
[ 50%] Built target nya-test-vendor
[ 51%] Building C object backend/CMakeFiles/nya-test-formats.dir/tests/test_formats.c.obj
[ 53%] Linking C executable ..\fyodor-bench.exe
[ 53%] Built target fyodor-bench
[ 54%] Linking C executable ..\fyodor-train.exe
[ 55%] Building C object backend/CMakeFiles/nya-test-execution.dir/tests/test_execution.c.obj
[ 56%] Linking C executable ..\nya-test-formats.exe
[ 57%] Linking C executable ..\nya-test-execution.exe
[ 57%] Built target fyodor-train
[ 59%] Building C object backend/CMakeFiles/nya-test-generation.dir/tests/test_generation.c.obj
[ 59%] Built target nya-test-formats
[ 59%] Built target nya-test-execution
[ 60%] Building C object backend/CMakeFiles/nya-test-architectures.dir/tests/test_architectures.c.obj
[ 61%] Building C object backend/CMakeFiles/nya-test-training.dir/tests/test_training.c.obj
[ 62%] Linking C executable ..\nya-test-generation.exe
[ 63%] Linking C static library libnya-server.a
[ 63%] Built target nya-test-generation
[ 65%] Building C object backend/CMakeFiles/nya-test-train-runner.dir/tests/test_train_runner.c.obj
[ 65%] Built target nya-server
[ 66%] Building C object backend/CMakeFiles/nya-test-pretraining.dir/tests/test_pretraining.c.obj
[ 67%] Linking C executable ..\nya-test-training.exe
[ 67%] Built target nya-test-training
[ 68%] Building C object backend/CMakeFiles/nya-test-compute.dir/tests/test_compute.c.obj
[ 69%] Linking C executable ..\nya-test-compute.exe
[ 69%] Built target nya-test-compute
[ 71%] Building C object backend/CMakeFiles/nya-test-inference.dir/tests/test_inference.c.obj
[ 72%] Linking C executable ..\nya-test-train-runner.exe
[ 73%] Linking C executable ..\nya-test-inference.exe
[ 73%] Built target nya-test-train-runner
[ 73%] Built target nya-test-inference
[ 74%] Building C object backend/CMakeFiles/nya-test-quant-kernels.dir/tests/test_quant_kernels.c.obj
[ 75%] Building C object backend/CMakeFiles/nya-test-attention.dir/tests/test_attention.c.obj
[ 77%] Linking C executable ..\nya-test-attention.exe
[ 78%] Linking C executable ..\nya-test-quant-kernels.exe
[ 78%] Built target nya-test-attention
[ 78%] Built target nya-test-quant-kernels
[ 79%] Building C object backend/CMakeFiles/nya-test-kv-precision.dir/tests/test_kv_precision.c.obj
[ 80%] Building C object backend/CMakeFiles/nya-test-server.dir/tests/test_server.c.obj
[ 81%] Linking C executable ..\nya-test-kv-precision.exe
[ 81%] Built target nya-test-kv-precision
[ 83%] Linking C executable ..\nya-test-architectures.exe
[ 84%] Building C object backend/CMakeFiles/nya-test-server.dir/core/config.c.obj
[ 84%] Built target nya-test-architectures
[ 85%] Linking C executable ..\nya-test-pretraining.exe
[ 86%] Building C object backend/CMakeFiles/nya-test-api.dir/tests/test_api.c.obj
[ 87%] Building C object backend/CMakeFiles/nya-test-training-device.dir/tests/test_training_device.c.obj
[ 87%] Built target nya-test-pretraining
[ 89%] Building C object backend/CMakeFiles/nya-test-api.dir/core/config.c.obj
[ 90%] Building C object backend/CMakeFiles/nya-bench-training-device.dir/benchmarks/training_device_bench.c.obj
[ 91%] Linking C executable ..\nya-test-training-device.exe
[ 91%] Built target nya-test-training-device
[ 92%] Building C object backend/CMakeFiles/nya-test-training-elementwise.dir/tests/test_training_elementwise.c.obj
[ 93%] Linking C executable ..\nya-test-server.exe
[ 93%] Built target nya-test-server
[ 95%] Building C object backend/CMakeFiles/fyodor-backend.dir/core/main.c.obj
[ 96%] Linking C executable ..\nya-test-training-elementwise.exe
[ 97%] Linking C executable ..\nya-bench-training-device.exe
[ 98%] Linking C executable ..\fyodor-backend.exe
[ 98%] Built target nya-test-training-elementwise
[ 98%] Built target nya-bench-training-device
[ 98%] Built target fyodor-backend
[100%] Linking C executable ..\nya-test-api.exe
[100%] Built target nya-test-api
Test project C:/Users/Colin/fyodor/build-cuda/without-cutlass-be2e203f68f7/build
      Start  1: vendor-rocm-failures
 1/84 Test  #1: vendor-rocm-failures ..................   Passed    0.01 sec
      Start  2: vendor-rocm-quant
 2/84 Test  #2: vendor-rocm-quant .....................   Passed    0.18 sec
      Start 52: train-export-decoder
 3/84 Test #52: train-export-decoder ..................   Passed    0.14 sec
      Start  3: vendor-rocm-inference
 4/84 Test  #3: vendor-rocm-inference .................   Passed    0.01 sec
      Start  4: vendor-rocm-gemma
 5/84 Test  #4: vendor-rocm-gemma .....................   Passed    0.12 sec
      Start  5: vendor-rocm-api
 6/84 Test  #5: vendor-rocm-api .......................   Passed    0.01 sec
      Start  6: vendor-rocm-missing-library
 7/84 Test  #6: vendor-rocm-missing-library ...........   Passed    0.00 sec
      Start  7: vendor-rocm-missing-symbol
 8/84 Test  #7: vendor-rocm-missing-symbol ............   Passed    0.00 sec
      Start  8: vendor-rocm-api-fallback
 9/84 Test  #8: vendor-rocm-api-fallback ..............   Passed    0.01 sec
      Start  9: vendor-rocm-invalid-budget
10/84 Test  #9: vendor-rocm-invalid-budget ............   Passed    0.00 sec
      Start 10: hardware-rocm-quant
11/84 Test #10: hardware-rocm-quant ...................***Skipped   0.00 sec
      Start 11: hardware-rocm-inference
12/84 Test #11: hardware-rocm-inference ...............***Skipped   0.00 sec
      Start 12: vendor-rocm-bench
13/84 Test #12: vendor-rocm-bench .....................   Passed    0.02 sec
      Start 13: vendor-mlx-failures
14/84 Test #13: vendor-mlx-failures ...................   Passed    0.01 sec
      Start 14: vendor-mlx-quant
15/84 Test #14: vendor-mlx-quant ......................   Passed    0.18 sec
      Start 15: vendor-mlx-inference
16/84 Test #15: vendor-mlx-inference ..................   Passed    0.01 sec
      Start 16: vendor-mlx-gemma
17/84 Test #16: vendor-mlx-gemma ......................   Passed    0.11 sec
      Start 17: vendor-mlx-api
18/84 Test #17: vendor-mlx-api ........................   Passed    0.01 sec
      Start 18: vendor-mlx-missing-library
19/84 Test #18: vendor-mlx-missing-library ............   Passed    0.00 sec
      Start 19: vendor-mlx-missing-symbol
20/84 Test #19: vendor-mlx-missing-symbol .............   Passed    0.00 sec
      Start 20: vendor-mlx-api-fallback
21/84 Test #20: vendor-mlx-api-fallback ...............   Passed    0.01 sec
      Start 21: vendor-mlx-invalid-budget
22/84 Test #21: vendor-mlx-invalid-budget .............   Passed    0.00 sec
      Start 22: hardware-mlx-quant
23/84 Test #22: hardware-mlx-quant ....................***Skipped   0.00 sec
      Start 23: hardware-mlx-inference
24/84 Test #23: hardware-mlx-inference ................***Skipped   0.00 sec
      Start 24: vendor-mlx-bench
25/84 Test #24: vendor-mlx-bench ......................   Passed    0.02 sec
      Start 25: kv-precision
26/84 Test #25: kv-precision ..........................   Passed    0.01 sec
      Start 26: quant-kernels-cpu-dot
27/84 Test #26: quant-kernels-cpu-dot .................   Passed    0.15 sec
      Start 27: quant-kernels-scalar
28/84 Test #27: quant-kernels-scalar ..................   Passed    0.16 sec
      Start 28: attention-scalar
29/84 Test #28: attention-scalar ......................   Passed    0.01 sec
      Start 29: quant-kernels-avx2
30/84 Test #29: quant-kernels-avx2 ....................   Passed    0.15 sec
      Start 30: attention-avx2
31/84 Test #30: attention-avx2 ........................   Passed    0.01 sec
      Start 31: quant-kernels-avx512
32/84 Test #31: quant-kernels-avx512 ..................   Passed    0.15 sec
      Start 32: attention-avx512
33/84 Test #32: attention-avx512 ......................   Passed    0.01 sec
      Start 33: inference-session-parity
34/84 Test #33: inference-session-parity ..............   Passed    0.01 sec
      Start 34: inference-cpu-optimized
35/84 Test #34: inference-cpu-optimized ...............   Passed    0.01 sec
      Start 35: generate-model-fixtures
36/84 Test #35: generate-model-fixtures ...............   Passed    0.01 sec
      Start 36: validate-server-config
37/84 Test #36: validate-server-config ................   Passed    0.01 sec
      Start 37: inspect-model-formats
38/84 Test #37: inspect-model-formats .................   Passed    0.01 sec
      Start 38: generate-native-gguf
39/84 Test #38: generate-native-gguf ..................   Passed    0.07 sec
      Start 39: validate-gemma-graphs
40/84 Test #39: validate-gemma-graphs .................   Passed    0.12 sec
      Start 40: training-device-interface
41/84 Test #40: training-device-interface .............   Passed    0.01 sec
      Start 41: training-elementwise-interface
42/84 Test #41: training-elementwise-interface ........   Passed    0.01 sec
      Start 42: training-elementwise-cuda
43/84 Test #42: training-elementwise-cuda .............   Passed    1.73 sec
      Start 43: training-elementwise-cuda-reference
44/84 Test #43: training-elementwise-cuda-reference ...   Passed    1.99 sec
      Start 44: training-elementwise-cuda-failure
45/84 Test #44: training-elementwise-cuda-failure .....   Passed    0.13 sec
      Start 45: training-device-cuda
46/84 Test #45: training-device-cuda ..................   Passed    0.76 sec
      Start 46: training-device-cuda-failure
47/84 Test #46: training-device-cuda-failure ..........   Passed    0.13 sec
      Start 47: training-device-cuda-matrix-failure
48/84 Test #47: training-device-cuda-matrix-failure ...   Passed    0.13 sec
      Start 48: training-device-cuda-finite-failure
49/84 Test #48: training-device-cuda-finite-failure ...   Passed    0.14 sec
      Start 49: validate-training
50/84 Test #49: validate-training .....................   Passed    0.15 sec
      Start 50: train-accumulation
51/84 Test #50: train-accumulation ....................   Passed    0.03 sec
      Start 51: validate-training-scalar
52/84 Test #51: validate-training-scalar ..............   Passed    0.20 sec
      Start 53: compatible-rest-apis
53/84 Test #53: compatible-rest-apis ..................   Passed    0.01 sec
      Start 54: benchmark-cli
54/84 Test #54: benchmark-cli .........................   Passed    0.04 sec
      Start 55: train-cli-workflows
55/84 Test #55: train-cli-workflows ...................   Passed    0.66 sec
      Start 56: train-stop-workflows
56/84 Test #56: train-stop-workflows ..................   Passed    0.68 sec
      Start 57: train-unicode-paths
57/84 Test #57: train-unicode-paths ...................   Passed    0.32 sec
      Start 58: train-evaluation
58/84 Test #58: train-evaluation ......................   Passed    0.40 sec
      Start 59: validate-http-protocol
59/84 Test #59: validate-http-protocol ................   Passed    0.63 sec
      Start 60: validate-compute
60/84 Test #60: validate-compute ......................   Passed    0.01 sec
      Start 61: validate-vulkan-compute
61/84 Test #61: validate-vulkan-compute ...............   Passed    0.28 sec
      Start 62: generate-native-gguf-vulkan
62/84 Test #62: generate-native-gguf-vulkan ...........   Passed    0.71 sec
      Start 63: inference-vulkan-logits
63/84 Test #63: inference-vulkan-logits ...............   Passed    0.20 sec
      Start 64: inference-cuda-attention-shapes
64/84 Test #64: inference-cuda-attention-shapes .......   Passed   11.56 sec
      Start 65: inference-cuda-attention-unsplit
65/84 Test #65: inference-cuda-attention-unsplit ......   Passed   10.31 sec
      Start 66: inference-cuda-attention-no-graphs
66/84 Test #66: inference-cuda-attention-no-graphs ....   Passed   10.71 sec
      Start 67: inference-cuda-graph-reuse
67/84 Test #67: inference-cuda-graph-reuse ............   Passed    0.26 sec
      Start 68: inference-cuda-graph-reference
68/84 Test #68: inference-cuda-graph-reference ........   Passed    1.75 sec
      Start 69: inference-cuda-blas
69/84 Test #69: inference-cuda-blas ...................   Passed    0.26 sec
      Start 70: quant-kernels-cuda-chunks
70/84 Test #70: quant-kernels-cuda-chunks .............   Passed    3.07 sec
      Start 71: quant-kernels-cuda-legacy-layout
71/84 Test #71: quant-kernels-cuda-legacy-layout ......   Passed    3.06 sec
      Start 72: inference-cuda-blas-unavailable
72/84 Test #72: inference-cuda-blas-unavailable .......   Passed    0.14 sec
      Start 73: quant-kernels-cuda
73/84 Test #73: quant-kernels-cuda ....................   Passed    1.71 sec
      Start 74: quant-kernels-cuda-reference
74/84 Test #74: quant-kernels-cuda-reference ..........   Passed    0.83 sec
      Start 75: quant-kernels-cuda-long-32
75/84 Test #75: quant-kernels-cuda-long-32 ............   Passed    2.36 sec
      Start 76: quant-kernels-cuda-long-64
76/84 Test #76: quant-kernels-cuda-long-64 ............   Passed    2.35 sec
      Start 77: inference-cuda-resident
77/84 Test #77: inference-cuda-resident ...............   Passed    0.25 sec
      Start 78: inference-cuda-memory-fallback
78/84 Test #78: inference-cuda-memory-fallback ........   Passed    0.21 sec
      Start 79: inference-cuda-partial-allocation
79/84 Test #79: inference-cuda-partial-allocation .....   Passed    0.21 sec
      Start 80: inference-cuda-prefix-replay
80/84 Test #80: inference-cuda-prefix-replay ..........   Passed    0.21 sec
      Start 81: inference-cuda-without-graphs
81/84 Test #81: inference-cuda-without-graphs .........   Passed    0.22 sec
      Start 82: validate-cuda-compute
82/84 Test #82: validate-cuda-compute .................   Passed    0.60 sec
      Start 83: validate-cuda-gemma
83/84 Test #83: validate-cuda-gemma ...................   Passed    2.10 sec
      Start 84: generate-native-gguf-cuda
84/84 Test #84: generate-native-gguf-cuda .............   Passed    1.24 sec

100% tests passed out of 84

Total Test time (real) =  64.60 sec

The following tests did not run:
	 10 - hardware-rocm-quant (Skipped)
	 11 - hardware-rocm-inference (Skipped)
	 22 - hardware-mlx-quant (Skipped)
	 23 - hardware-mlx-inference (Skipped)
-- Verified CUDA source with CUTLASS physically absent: C:/Users/Colin/fyodor/build-cuda/without-cutlass-be2e203f68f7/source
Built target verify-without-cutlass
